 _________________________________________________

 KRAKEN- PERT                                                                    
 Frequency =   235.6    Hz
 NMedia    =   1


     C-Linear approximation to SSP
     Attenuation units: dB/wavelength
     THORP attenuation added
     VACUUM


   z (m)     alphaR (m/s)   betaR  rho (g/cm^3)  alphaI     betaI


       ( # mesh points = 20001  RMS rough =   0.00     )
      0.00      1512.55      0.00     1.00       0.0000    0.0000
     20.00      1512.26      0.00     1.00       0.0000    0.0000
     40.00      1511.97      0.00     1.00       0.0000    0.0000
     60.00      1511.68      0.00     1.00       0.0000    0.0000
     80.00      1511.39      0.00     1.00       0.0000    0.0000
    100.00      1511.10      0.00     1.00       0.0000    0.0000
    120.00      1510.81      0.00     1.00       0.0000    0.0000
    140.00      1510.53      0.00     1.00       0.0000    0.0000
    160.00      1510.25      0.00     1.00       0.0000    0.0000
    180.00      1509.97      0.00     1.00       0.0000    0.0000
    200.00      1509.69      0.00     1.00       0.0000    0.0000
    220.00      1509.41      0.00     1.00       0.0000    0.0000
    240.00      1509.14      0.00     1.00       0.0000    0.0000
    260.00      1508.87      0.00     1.00       0.0000    0.0000
    280.00      1508.59      0.00     1.00       0.0000    0.0000
    300.00      1508.33      0.00     1.00       0.0000    0.0000
    320.00      1508.06      0.00     1.00       0.0000    0.0000
    340.00      1507.80      0.00     1.00       0.0000    0.0000
    360.00      1507.54      0.00     1.00       0.0000    0.0000
    380.00      1507.28      0.00     1.00       0.0000    0.0000
    400.00      1507.02      0.00     1.00       0.0000    0.0000
    420.00      1506.77      0.00     1.00       0.0000    0.0000
    440.00      1506.52      0.00     1.00       0.0000    0.0000
    460.00      1506.27      0.00     1.00       0.0000    0.0000
    480.00      1506.02      0.00     1.00       0.0000    0.0000
    500.00      1505.78      0.00     1.00       0.0000    0.0000
    520.00      1505.54      0.00     1.00       0.0000    0.0000
    540.00      1505.30      0.00     1.00       0.0000    0.0000
    560.00      1505.07      0.00     1.00       0.0000    0.0000
    580.00      1504.84      0.00     1.00       0.0000    0.0000
    600.00      1504.62      0.00     1.00       0.0000    0.0000
    620.00      1504.39      0.00     1.00       0.0000    0.0000
    640.00      1504.17      0.00     1.00       0.0000    0.0000
    660.00      1503.96      0.00     1.00       0.0000    0.0000
    680.00      1503.75      0.00     1.00       0.0000    0.0000
    700.00      1503.54      0.00     1.00       0.0000    0.0000
    720.00      1503.34      0.00     1.00       0.0000    0.0000
    740.00      1503.14      0.00     1.00       0.0000    0.0000
    760.00      1502.95      0.00     1.00       0.0000    0.0000
    780.00      1502.76      0.00     1.00       0.0000    0.0000
    800.00      1502.57      0.00     1.00       0.0000    0.0000
    820.00      1502.39      0.00     1.00       0.0000    0.0000
    840.00      1502.22      0.00     1.00       0.0000    0.0000
    860.00      1502.05      0.00     1.00       0.0000    0.0000
    880.00      1501.88      0.00     1.00       0.0000    0.0000
    900.00      1501.72      0.00     1.00       0.0000    0.0000
    920.00      1501.57      0.00     1.00       0.0000    0.0000
    940.00      1501.42      0.00     1.00       0.0000    0.0000
    960.00      1501.28      0.00     1.00       0.0000    0.0000
    980.00      1501.14      0.00     1.00       0.0000    0.0000
   1000.00      1501.02      0.00     1.00       0.0000    0.0000
   1020.00      1500.89      0.00     1.00       0.0000    0.0000
   1040.00      1500.78      0.00     1.00       0.0000    0.0000
   1060.00      1500.67      0.00     1.00       0.0000    0.0000
   1080.00      1500.57      0.00     1.00       0.0000    0.0000
   1100.00      1500.47      0.00     1.00       0.0000    0.0000
   1120.00      1500.39      0.00     1.00       0.0000    0.0000
   1140.00      1500.31      0.00     1.00       0.0000    0.0000
   1160.00      1500.24      0.00     1.00       0.0000    0.0000
   1180.00      1500.18      0.00     1.00       0.0000    0.0000
   1200.00      1500.12      0.00     1.00       0.0000    0.0000
   1220.00      1500.08      0.00     1.00       0.0000    0.0000
   1240.00      1500.05      0.00     1.00       0.0000    0.0000
   1260.00      1500.02      0.00     1.00       0.0000    0.0000
   1280.00      1500.01      0.00     1.00       0.0000    0.0000
   1300.00      1500.00      0.00     1.00       0.0000    0.0000
   1320.00      1500.01      0.00     1.00       0.0000    0.0000
   1340.00      1500.02      0.00     1.00       0.0000    0.0000
   1360.00      1500.05      0.00     1.00       0.0000    0.0000
   1380.00      1500.09      0.00     1.00       0.0000    0.0000
   1400.00      1500.14      0.00     1.00       0.0000    0.0000
   1420.00      1500.20      0.00     1.00       0.0000    0.0000
   1440.00      1500.28      0.00     1.00       0.0000    0.0000
   1460.00      1500.36      0.00     1.00       0.0000    0.0000
   1480.00      1500.47      0.00     1.00       0.0000    0.0000
   1500.00      1500.58      0.00     1.00       0.0000    0.0000
   1520.00      1500.71      0.00     1.00       0.0000    0.0000
   1540.00      1500.86      0.00     1.00       0.0000    0.0000
   1560.00      1501.02      0.00     1.00       0.0000    0.0000
   1580.00      1501.19      0.00     1.00       0.0000    0.0000
   1600.00      1501.38      0.00     1.00       0.0000    0.0000
   1620.00      1501.59      0.00     1.00       0.0000    0.0000
   1640.00      1501.81      0.00     1.00       0.0000    0.0000
   1660.00      1502.06      0.00     1.00       0.0000    0.0000
   1680.00      1502.32      0.00     1.00       0.0000    0.0000
   1700.00      1502.60      0.00     1.00       0.0000    0.0000
   1720.00      1502.90      0.00     1.00       0.0000    0.0000
   1740.00      1503.22      0.00     1.00       0.0000    0.0000
   1760.00      1503.56      0.00     1.00       0.0000    0.0000
   1780.00      1503.92      0.00     1.00       0.0000    0.0000
   1800.00      1504.30      0.00     1.00       0.0000    0.0000
   1820.00      1504.70      0.00     1.00       0.0000    0.0000
   1840.00      1505.13      0.00     1.00       0.0000    0.0000
   1860.00      1505.59      0.00     1.00       0.0000    0.0000
   1880.00      1506.06      0.00     1.00       0.0000    0.0000
   1900.00      1506.57      0.00     1.00       0.0000    0.0000
   1920.00      1507.10      0.00     1.00       0.0000    0.0000
   1940.00      1507.65      0.00     1.00       0.0000    0.0000
   1960.00      1508.24      0.00     1.00       0.0000    0.0000
   1980.00      1508.85      0.00     1.00       0.0000    0.0000
   2000.00      1509.49      0.00     1.00       0.0000    0.0000
   2020.00      1510.17      0.00     1.00       0.0000    0.0000
   2040.00      1510.87      0.00     1.00       0.0000    0.0000
   2060.00      1511.61      0.00     1.00       0.0000    0.0000
   2080.00      1512.38      0.00     1.00       0.0000    0.0000
   2100.00      1513.19      0.00     1.00       0.0000    0.0000
   2120.00      1514.03      0.00     1.00       0.0000    0.0000
   2140.00      1514.91      0.00     1.00       0.0000    0.0000
   2160.00      1515.83      0.00     1.00       0.0000    0.0000
   2180.00      1516.79      0.00     1.00       0.0000    0.0000
   2200.00      1517.78      0.00     1.00       0.0000    0.0000
   2220.00      1518.82      0.00     1.00       0.0000    0.0000
   2240.00      1519.91      0.00     1.00       0.0000    0.0000
   2260.00      1521.03      0.00     1.00       0.0000    0.0000
   2280.00      1522.21      0.00     1.00       0.0000    0.0000
   2300.00      1523.43      0.00     1.00       0.0000    0.0000
   2320.00      1524.69      0.00     1.00       0.0000    0.0000
   2340.00      1526.01      0.00     1.00       0.0000    0.0000
   2360.00      1527.38      0.00     1.00       0.0000    0.0000
   2380.00      1528.81      0.00     1.00       0.0000    0.0000
   2400.00      1530.29      0.00     1.00       0.0000    0.0000
   2420.00      1531.82      0.00     1.00       0.0000    0.0000
   2440.00      1533.42      0.00     1.00       0.0000    0.0000
   2460.00      1535.07      0.00     1.00       0.0000    0.0000
   2480.00      1536.79      0.00     1.00       0.0000    0.0000
   2500.00      1538.57      0.00     1.00       0.0000    0.0000
   2520.00      1540.42      0.00     1.00       0.0000    0.0000
   2540.00      1542.34      0.00     1.00       0.0000    0.0000
   2560.00      1544.33      0.00     1.00       0.0000    0.0000
   2580.00      1546.39      0.00     1.00       0.0000    0.0000
   2600.00      1548.52      0.00     1.00       0.0000    0.0000
   2620.00      1550.73      0.00     1.00       0.0000    0.0000
   2640.00      1553.03      0.00     1.00       0.0000    0.0000
   2660.00      1555.40      0.00     1.00       0.0000    0.0000
   2680.00      1557.86      0.00     1.00       0.0000    0.0000
   2700.00      1560.41      0.00     1.00       0.0000    0.0000
   2720.00      1563.04      0.00     1.00       0.0000    0.0000
   2740.00      1565.77      0.00     1.00       0.0000    0.0000
   2760.00      1568.60      0.00     1.00       0.0000    0.0000
   2780.00      1571.52      0.00     1.00       0.0000    0.0000
   2800.00      1574.55      0.00     1.00       0.0000    0.0000
   2820.00      1577.68      0.00     1.00       0.0000    0.0000
   2840.00      1580.92      0.00     1.00       0.0000    0.0000
   2860.00      1584.27      0.00     1.00       0.0000    0.0000
   2880.00      1587.74      0.00     1.00       0.0000    0.0000
   2900.00      1591.33      0.00     1.00       0.0000    0.0000
   2920.00      1595.04      0.00     1.00       0.0000    0.0000
   2940.00      1598.87      0.00     1.00       0.0000    0.0000
   2960.00      1602.84      0.00     1.00       0.0000    0.0000
   2980.00      1606.94      0.00     1.00       0.0000    0.0000
   3000.00      1611.18      0.00     1.00       0.0000    0.0000
   3020.00      1611.42      0.00     1.00       0.0000    0.0000
   3040.00      1611.66      0.00     1.00       0.0000    0.0000
   3060.00      1611.90      0.00     1.00       0.0000    0.0000
   3080.00      1612.14      0.00     1.00       0.0000    0.0000
   3100.00      1612.38      0.00     1.00       0.0000    0.0000
   3120.00      1612.62      0.00     1.00       0.0000    0.0000
   3140.00      1612.86      0.00     1.00       0.0000    0.0000
   3160.00      1613.10      0.00     1.00       0.0000    0.0000
   3180.00      1613.34      0.00     1.00       0.0000    0.0000
   3200.00      1613.58      0.00     1.00       0.0000    0.0000
   3220.00      1613.82      0.00     1.00       0.0000    0.0000
   3240.00      1614.06      0.00     1.00       0.0000    0.0000
   3260.00      1614.30      0.00     1.00       0.0000    0.0000
   3280.00      1614.54      0.00     1.00       0.0000    0.0000
   3300.00      1614.78      0.00     1.00       0.0000    0.0000
   3320.00      1615.02      0.00     1.00       0.0000    0.0000
   3340.00      1615.26      0.00     1.00       0.0000    0.0000
   3360.00      1615.50      0.00     1.00       0.0000    0.0000
   3380.00      1615.74      0.00     1.00       0.0000    0.0000
   3400.00      1615.98      0.00     1.00       0.0000    0.0000
   3420.00      1616.22      0.00     1.00       0.0000    0.0000
   3440.00      1616.46      0.00     1.00       0.0000    0.0000
   3460.00      1616.70      0.00     1.00       0.0000    0.0000
   3480.00      1616.94      0.00     1.00       0.0000    0.0000
   3500.00      1617.18      0.00     1.00       0.0000    0.0000
   3520.00      1617.42      0.00     1.00       0.0000    0.0000
   3540.00      1617.66      0.00     1.00       0.0000    0.0000
   3560.00      1617.90      0.00     1.00       0.0000    0.0000
   3580.00      1618.14      0.00     1.00       0.0000    0.0000
   3600.00      1618.38      0.00     1.00       0.0000    0.0000
   3620.00      1618.62      0.00     1.00       0.0000    0.0000
   3640.00      1618.86      0.00     1.00       0.0000    0.0000
   3660.00      1619.10      0.00     1.00       0.0000    0.0000
   3680.00      1619.34      0.00     1.00       0.0000    0.0000
   3700.00      1619.58      0.00     1.00       0.0000    0.0000
   3720.00      1619.82      0.00     1.00       0.0000    0.0000
   3740.00      1620.06      0.00     1.00       0.0000    0.0000
   3760.00      1620.30      0.00     1.00       0.0000    0.0000
   3780.00      1620.54      0.00     1.00       0.0000    0.0000
   3800.00      1620.78      0.00     1.00       0.0000    0.0000
   3820.00      1621.02      0.00     1.00       0.0000    0.0000
   3840.00      1621.26      0.00     1.00       0.0000    0.0000
   3860.00      1621.50      0.00     1.00       0.0000    0.0000
   3880.00      1621.74      0.00     1.00       0.0000    0.0000
   3900.00      1621.98      0.00     1.00       0.0000    0.0000
   3920.00      1622.22      0.00     1.00       0.0000    0.0000
   3940.00      1622.46      0.00     1.00       0.0000    0.0000
   3960.00      1622.70      0.00     1.00       0.0000    0.0000
   3980.00      1622.94      0.00     1.00       0.0000    0.0000
   4000.00      1623.18      0.00     1.00       0.0000    0.0000
   4020.00      1623.42      0.00     1.00       0.0000    0.0000
   4040.00      1623.66      0.00     1.00       0.0000    0.0000
   4060.00      1623.90      0.00     1.00       0.0000    0.0000
   4080.00      1624.14      0.00     1.00       0.0000    0.0000
   4100.00      1624.38      0.00     1.00       0.0000    0.0000
   4120.00      1624.62      0.00     1.00       0.0000    0.0000
   4140.00      1624.86      0.00     1.00       0.0000    0.0000
   4160.00      1625.10      0.00     1.00       0.0000    0.0000
   4180.00      1625.34      0.00     1.00       0.0000    0.0000
   4200.00      1625.58      0.00     1.00       0.0000    0.0000
   4220.00      1625.82      0.00     1.00       0.0000    0.0000
   4240.00      1626.06      0.00     1.00       0.0000    0.0000
   4260.00      1626.30      0.00     1.00       0.0000    0.0000
   4280.00      1626.54      0.00     1.00       0.0000    0.0000
   4300.00      1626.78      0.00     1.00       0.0000    0.0000
   4320.00      1627.02      0.00     1.00       0.0000    0.0000
   4340.00      1627.26      0.00     1.00       0.0000    0.0000
   4360.00      1627.50      0.00     1.00       0.0000    0.0000
   4380.00      1627.74      0.00     1.00       0.0000    0.0000
   4400.00      1627.98      0.00     1.00       0.0000    0.0000
   4420.00      1628.22      0.00     1.00       0.0000    0.0000
   4440.00      1628.46      0.00     1.00       0.0000    0.0000
   4460.00      1628.70      0.00     1.00       0.0000    0.0000
   4480.00      1628.94      0.00     1.00       0.0000    0.0000
   4500.00      1629.18      0.00     1.00       0.0000    0.0000
   4520.00      1629.42      0.00     1.00       0.0000    0.0000
   4540.00      1629.66      0.00     1.00       0.0000    0.0000
   4560.00      1629.90      0.00     1.00       0.0000    0.0000
   4580.00      1630.14      0.00     1.00       0.0000    0.0000
   4600.00      1630.38      0.00     1.00       0.0000    0.0000
   4620.00      1630.62      0.00     1.00       0.0000    0.0000
   4640.00      1630.86      0.00     1.00       0.0000    0.0000
   4660.00      1631.10      0.00     1.00       0.0000    0.0000
   4680.00      1631.34      0.00     1.00       0.0000    0.0000
   4700.00      1631.58      0.00     1.00       0.0000    0.0000
   4720.00      1631.82      0.00     1.00       0.0000    0.0000
   4740.00      1632.06      0.00     1.00       0.0000    0.0000
   4760.00      1632.30      0.00     1.00       0.0000    0.0000
   4780.00      1632.54      0.00     1.00       0.0000    0.0000
   4800.00      1632.78      0.00     1.00       0.0000    0.0000
   4820.00      1633.02      0.00     1.00       0.0000    0.0000
   4840.00      1633.26      0.00     1.00       0.0000    0.0000
   4860.00      1633.50      0.00     1.00       0.0000    0.0000
   4880.00      1633.74      0.00     1.00       0.0000    0.0000
   4900.00      1633.98      0.00     1.00       0.0000    0.0000
   4920.00      1634.22      0.00     1.00       0.0000    0.0000
   4940.00      1634.46      0.00     1.00       0.0000    0.0000
   4960.00      1634.70      0.00     1.00       0.0000    0.0000
   4980.00      1634.94      0.00     1.00       0.0000    0.0000
   5000.00      1635.18      0.00     1.00       0.0000    0.0000

                                 ( RMS rough =   0.00     )
     Perfectly RIGID

 cLow =   1500.0    m/s      cHigh =   1800.0    m/s
 RMax =    60.000000000000000      km

 __________________________________________________________________________


 Number of source   depths =            1
 Source depths (m)
   200.000    

 Number of receiver depths =           51
 Receiver depths (m)
   150.000       152.000       154.000       156.000       158.000    
   160.000       162.000       164.000       166.000       168.000    
   170.000       172.000       174.000       176.000       178.000    
   180.000       182.000       184.000       186.000       188.000    
   190.000    
  ...    250.000000    

 Mesh multiplier   CPU seconds
                --- Number of modes =          752
        1            0.656    s
                --- Number of modes =          751
        2            0.578    s
        4            0.406    s

    I    k (1/m)            alpha (1/m)   Phase Speed (m/s) Group Speed (m/s)
    1  0.9867600129     -0.1116376826E-05   1500.101240       1500.000914    
   26  0.9835219037     -0.1118177293E-05   1505.040114       1500.094879    
   51  0.9803992890     -0.1119859733E-05   1509.833733       1500.348704    
   76  0.9771419440     -0.1122800880E-05   1514.866829       1497.468318    
  101  0.9729763261     -0.1126759827E-05   1521.352451       1493.318816    
  126  0.9681339172     -0.1131114396E-05   1528.961947       1489.233062    
  151  0.9627343414     -0.1135903861E-05   1537.537257       1484.948529    
  176  0.9568403523     -0.1141135895E-05   1547.008250       1480.376317    
  201  0.9504926453     -0.1146797909E-05   1557.339687       1475.515460    
  226  0.9437196202     -0.1152900512E-05   1568.516630       1470.325517    
  251  0.9365418520     -0.1159433982E-05   1580.537928       1464.831422    
  276  0.9289752980     -0.1166408414E-05   1593.411495       1459.016388    
  301  0.9210325748     -0.1173759908E-05   1607.152623       1453.050616    
  326  0.9153519714     -0.1147035217E-05   1617.126488       1530.189842    
  351  0.9118930351     -0.1142727603E-05   1623.260472       1547.645033    
  376  0.9089148436     -0.1141862658E-05   1628.579321       1555.075818    
  401  0.9062125345     -0.1141315270E-05   1633.435714       1561.221187    
  426  0.9033896530     -0.1150024737E-05   1638.539819       1542.295031    
  451  0.8997597666     -0.1158526339E-05   1645.150154       1525.787538    
  476  0.8955858497     -0.1166900798E-05   1652.817448       1510.922971    
  501  0.8909453864     -0.1174917148E-05   1661.426100       1498.115859    
  526  0.8858761985     -0.1183377451E-05   1670.933163       1485.209547    
  551  0.8803999628     -0.1192190501E-05   1681.326648       1472.431595    
  576  0.8745300791     -0.1201353396E-05   1692.611785       1459.793838    
  601  0.8682731062     -0.1211051364E-05   1704.809130       1446.869386    
  626  0.8616322081     -0.1221323991E-05   1717.948685       1433.611804    
  651  0.8546076753     -0.1232123746E-05   1732.069535       1420.187722    
  676  0.8471966191     -0.1243635951E-05   1747.221230       1406.234548    
  701  0.8393947780     -0.1255815033E-05   1763.460957       1391.937220    
  726  0.8311958131     -0.1268754253E-05   1780.855841       1377.175138    
  751  0.8225917126     -0.1282506236E-05   1799.483141       1361.934248    
 _________________________________________________

 KRAKEN- R                                                                       
 End of environmental file
