RECONSTRUCT P01_s0.1_seed410001 depth 150.0 unique states 516 total 516
RECONSTRUCT P01_s0.1_seed410001 depth 155.0 unique states 537 total 1053
RECONSTRUCT P01_s0.1_seed410001 depth 160.0 unique states 525 total 1578
RECONSTRUCT P01_s0.1_seed410001 depth 165.0 unique states 528 total 2106
RECONSTRUCT P01_s0.1_seed410001 depth 170.0 unique states 528 total 2634
RECONSTRUCT P01_s0.1_seed410001 depth 175.0 unique states 526 total 3160
RECONSTRUCT P01_s0.1_seed410001 depth 180.0 unique states 534 total 3694
RECONSTRUCT P01_s0.1_seed410001 depth 185.0 unique states 537 total 4231
RECONSTRUCT P01_s0.1_seed410001 depth 190.0 unique states 537 total 4768
RECONSTRUCT P01_s0.1_seed410001 depth 195.0 unique states 532 total 5300
RECONSTRUCT P01_s0.1_seed410001 depth 200.0 unique states 531 total 5831
RECONSTRUCT P01_s0.1_seed410001 depth 205.0 unique states 534 total 6365
RECONSTRUCT P01_s0.1_seed410001 depth 210.0 unique states 531 total 6896
RECONSTRUCT P01_s0.1_seed410001 depth 215.0 unique states 535 total 7431
RECONSTRUCT P01_s0.1_seed410001 depth 220.0 unique states 536 total 7967
RECONSTRUCT P01_s0.1_seed410001 depth 225.0 unique states 537 total 8504
RECONSTRUCT P01_s0.1_seed410001 depth 230.0 unique states 529 total 9033
RECONSTRUCT P01_s0.1_seed410001 depth 235.0 unique states 529 total 9562
RECONSTRUCT P01_s0.1_seed410001 depth 240.0 unique states 532 total 10094
RECONSTRUCT P01_s0.1_seed410001 depth 245.0 unique states 537 total 10631
RECONSTRUCT P01_s0.1_seed410001 depth 250.0 unique states 539 total 11170
RECONSTRUCT P02_s0.1_seed410001 depth 150.0 unique states 513 total 11683
RECONSTRUCT P02_s0.1_seed410001 depth 155.0 unique states 529 total 12212
RECONSTRUCT P02_s0.1_seed410001 depth 160.0 unique states 533 total 12745
RECONSTRUCT P02_s0.1_seed410001 depth 165.0 unique states 536 total 13281
RECONSTRUCT P02_s0.1_seed410001 depth 170.0 unique states 515 total 13796
RECONSTRUCT P02_s0.1_seed410001 depth 175.0 unique states 535 total 14331
RECONSTRUCT P02_s0.1_seed410001 depth 180.0 unique states 532 total 14863
RECONSTRUCT P02_s0.1_seed410001 depth 185.0 unique states 494 total 15357
RECONSTRUCT P02_s0.1_seed410001 depth 190.0 unique states 531 total 15888
RECONSTRUCT P02_s0.1_seed410001 depth 195.0 unique states 537 total 16425
RECONSTRUCT P02_s0.1_seed410001 depth 200.0 unique states 537 total 16962
RECONSTRUCT P02_s0.1_seed410001 depth 205.0 unique states 538 total 17500
RECONSTRUCT P02_s0.1_seed410001 depth 210.0 unique states 533 total 18033
RECONSTRUCT P02_s0.1_seed410001 depth 215.0 unique states 535 total 18568
RECONSTRUCT P02_s0.1_seed410001 depth 220.0 unique states 507 total 19075
RECONSTRUCT P02_s0.1_seed410001 depth 225.0 unique states 537 total 19612
RECONSTRUCT P02_s0.1_seed410001 depth 230.0 unique states 538 total 20150
RECONSTRUCT P02_s0.1_seed410001 depth 235.0 unique states 527 total 20677
RECONSTRUCT P02_s0.1_seed410001 depth 240.0 unique states 531 total 21208
RECONSTRUCT P02_s0.1_seed410001 depth 245.0 unique states 531 total 21739
RECONSTRUCT P02_s0.1_seed410001 depth 250.0 unique states 524 total 22263
RECONSTRUCT P03_s0.1_seed410001 depth 150.0 unique states 493 total 22756
RECONSTRUCT P03_s0.1_seed410001 depth 155.0 unique states 520 total 23276
RECONSTRUCT P03_s0.1_seed410001 depth 160.0 unique states 542 total 23818
RECONSTRUCT P03_s0.1_seed410001 depth 165.0 unique states 536 total 24354
RECONSTRUCT P03_s0.1_seed410001 depth 170.0 unique states 537 total 24891
RECONSTRUCT P03_s0.1_seed410001 depth 175.0 unique states 538 total 25429
RECONSTRUCT P03_s0.1_seed410001 depth 180.0 unique states 535 total 25964
RECONSTRUCT P03_s0.1_seed410001 depth 185.0 unique states 540 total 26504
RECONSTRUCT P03_s0.1_seed410001 depth 190.0 unique states 537 total 27041
RECONSTRUCT P03_s0.1_seed410001 depth 195.0 unique states 535 total 27576
RECONSTRUCT P03_s0.1_seed410001 depth 200.0 unique states 531 total 28107
RECONSTRUCT P03_s0.1_seed410001 depth 205.0 unique states 543 total 28650
RECONSTRUCT P03_s0.1_seed410001 depth 210.0 unique states 538 total 29188
RECONSTRUCT P03_s0.1_seed410001 depth 215.0 unique states 536 total 29724
RECONSTRUCT P03_s0.1_seed410001 depth 220.0 unique states 515 total 30239
RECONSTRUCT P03_s0.1_seed410001 depth 225.0 unique states 531 total 30770
RECONSTRUCT P03_s0.1_seed410001 depth 230.0 unique states 526 total 31296
RECONSTRUCT P03_s0.1_seed410001 depth 235.0 unique states 542 total 31838
RECONSTRUCT P03_s0.1_seed410001 depth 240.0 unique states 524 total 32362
RECONSTRUCT P03_s0.1_seed410001 depth 245.0 unique states 541 total 32903
RECONSTRUCT P03_s0.1_seed410001 depth 250.0 unique states 538 total 33441
RECONSTRUCT P04_s0.1_seed410001 depth 150.0 unique states 505 total 33946
RECONSTRUCT P04_s0.1_seed410001 depth 155.0 unique states 534 total 34480
RECONSTRUCT P04_s0.1_seed410001 depth 160.0 unique states 539 total 35019
RECONSTRUCT P04_s0.1_seed410001 depth 165.0 unique states 540 total 35559
RECONSTRUCT P04_s0.1_seed410001 depth 170.0 unique states 520 total 36079
RECONSTRUCT P04_s0.1_seed410001 depth 175.0 unique states 516 total 36595
RECONSTRUCT P04_s0.1_seed410001 depth 180.0 unique states 542 total 37137
RECONSTRUCT P04_s0.1_seed410001 depth 185.0 unique states 535 total 37672
RECONSTRUCT P04_s0.1_seed410001 depth 190.0 unique states 533 total 38205
RECONSTRUCT P04_s0.1_seed410001 depth 195.0 unique states 526 total 38731
RECONSTRUCT P04_s0.1_seed410001 depth 200.0 unique states 540 total 39271
RECONSTRUCT P04_s0.1_seed410001 depth 205.0 unique states 528 total 39799
RECONSTRUCT P04_s0.1_seed410001 depth 210.0 unique states 542 total 40341
RECONSTRUCT P04_s0.1_seed410001 depth 215.0 unique states 511 total 40852
RECONSTRUCT P04_s0.1_seed410001 depth 220.0 unique states 534 total 41386
RECONSTRUCT P04_s0.1_seed410001 depth 225.0 unique states 536 total 41922
RECONSTRUCT P04_s0.1_seed410001 depth 230.0 unique states 525 total 42447
RECONSTRUCT P04_s0.1_seed410001 depth 235.0 unique states 537 total 42984
RECONSTRUCT P04_s0.1_seed410001 depth 240.0 unique states 539 total 43523
RECONSTRUCT P04_s0.1_seed410001 depth 245.0 unique states 543 total 44066
RECONSTRUCT P04_s0.1_seed410001 depth 250.0 unique states 536 total 44602
RECONSTRUCT P05_s0.1_seed410001 depth 150.0 unique states 485 total 45087
RECONSTRUCT P05_s0.1_seed410001 depth 155.0 unique states 514 total 45601
RECONSTRUCT P05_s0.1_seed410001 depth 160.0 unique states 518 total 46119
RECONSTRUCT P05_s0.1_seed410001 depth 165.0 unique states 529 total 46648
RECONSTRUCT P05_s0.1_seed410001 depth 170.0 unique states 510 total 47158
RECONSTRUCT P05_s0.1_seed410001 depth 175.0 unique states 523 total 47681
RECONSTRUCT P05_s0.1_seed410001 depth 180.0 unique states 510 total 48191
RECONSTRUCT P05_s0.1_seed410001 depth 185.0 unique states 514 total 48705
RECONSTRUCT P05_s0.1_seed410001 depth 190.0 unique states 515 total 49220
RECONSTRUCT P05_s0.1_seed410001 depth 195.0 unique states 531 total 49751
RECONSTRUCT P05_s0.1_seed410001 depth 200.0 unique states 522 total 50273
RECONSTRUCT P05_s0.1_seed410001 depth 205.0 unique states 534 total 50807
RECONSTRUCT P05_s0.1_seed410001 depth 210.0 unique states 534 total 51341
RECONSTRUCT P05_s0.1_seed410001 depth 215.0 unique states 515 total 51856
RECONSTRUCT P05_s0.1_seed410001 depth 220.0 unique states 487 total 52343
RECONSTRUCT P05_s0.1_seed410001 depth 225.0 unique states 518 total 52861
RECONSTRUCT P05_s0.1_seed410001 depth 230.0 unique states 518 total 53379
RECONSTRUCT P05_s0.1_seed410001 depth 235.0 unique states 520 total 53899
RECONSTRUCT P05_s0.1_seed410001 depth 240.0 unique states 514 total 54413
RECONSTRUCT P05_s0.1_seed410001 depth 245.0 unique states 519 total 54932
RECONSTRUCT P05_s0.1_seed410001 depth 250.0 unique states 524 total 55456
RECONSTRUCT P06_s0.1_seed410001 depth 150.0 unique states 514 total 55970
RECONSTRUCT P06_s0.1_seed410001 depth 155.0 unique states 518 total 56488
RECONSTRUCT P06_s0.1_seed410001 depth 160.0 unique states 528 total 57016
RECONSTRUCT P06_s0.1_seed410001 depth 165.0 unique states 518 total 57534
RECONSTRUCT P06_s0.1_seed410001 depth 170.0 unique states 513 total 58047
RECONSTRUCT P06_s0.1_seed410001 depth 175.0 unique states 502 total 58549
RECONSTRUCT P06_s0.1_seed410001 depth 180.0 unique states 506 total 59055
RECONSTRUCT P06_s0.1_seed410001 depth 185.0 unique states 531 total 59586
RECONSTRUCT P06_s0.1_seed410001 depth 190.0 unique states 519 total 60105
RECONSTRUCT P06_s0.1_seed410001 depth 195.0 unique states 524 total 60629
RECONSTRUCT P06_s0.1_seed410001 depth 200.0 unique states 511 total 61140
RECONSTRUCT P06_s0.1_seed410001 depth 205.0 unique states 523 total 61663
RECONSTRUCT P06_s0.1_seed410001 depth 210.0 unique states 512 total 62175
RECONSTRUCT P06_s0.1_seed410001 depth 215.0 unique states 502 total 62677
RECONSTRUCT P06_s0.1_seed410001 depth 220.0 unique states 475 total 63152
RECONSTRUCT P06_s0.1_seed410001 depth 225.0 unique states 502 total 63654
RECONSTRUCT P06_s0.1_seed410001 depth 230.0 unique states 532 total 64186
RECONSTRUCT P06_s0.1_seed410001 depth 235.0 unique states 527 total 64713
RECONSTRUCT P06_s0.1_seed410001 depth 240.0 unique states 511 total 65224
RECONSTRUCT P06_s0.1_seed410001 depth 245.0 unique states 528 total 65752
RECONSTRUCT P06_s0.1_seed410001 depth 250.0 unique states 514 total 66266
RECONSTRUCT P07_s0.1_seed410001 depth 150.0 unique states 505 total 66771
RECONSTRUCT P07_s0.1_seed410001 depth 155.0 unique states 517 total 67288
RECONSTRUCT P07_s0.1_seed410001 depth 160.0 unique states 535 total 67823
RECONSTRUCT P07_s0.1_seed410001 depth 165.0 unique states 530 total 68353
RECONSTRUCT P07_s0.1_seed410001 depth 170.0 unique states 509 total 68862
RECONSTRUCT P07_s0.1_seed410001 depth 175.0 unique states 527 total 69389
RECONSTRUCT P07_s0.1_seed410001 depth 180.0 unique states 540 total 69929
RECONSTRUCT P07_s0.1_seed410001 depth 185.0 unique states 518 total 70447
RECONSTRUCT P07_s0.1_seed410001 depth 190.0 unique states 525 total 70972
RECONSTRUCT P07_s0.1_seed410001 depth 195.0 unique states 513 total 71485
RECONSTRUCT P07_s0.1_seed410001 depth 200.0 unique states 532 total 72017
RECONSTRUCT P07_s0.1_seed410001 depth 205.0 unique states 538 total 72555
RECONSTRUCT P07_s0.1_seed410001 depth 210.0 unique states 529 total 73084
RECONSTRUCT P07_s0.1_seed410001 depth 215.0 unique states 524 total 73608
RECONSTRUCT P07_s0.1_seed410001 depth 220.0 unique states 524 total 74132
RECONSTRUCT P07_s0.1_seed410001 depth 225.0 unique states 536 total 74668
RECONSTRUCT P07_s0.1_seed410001 depth 230.0 unique states 529 total 75197
RECONSTRUCT P07_s0.1_seed410001 depth 235.0 unique states 530 total 75727
RECONSTRUCT P07_s0.1_seed410001 depth 240.0 unique states 537 total 76264
RECONSTRUCT P07_s0.1_seed410001 depth 245.0 unique states 519 total 76783
RECONSTRUCT P07_s0.1_seed410001 depth 250.0 unique states 521 total 77304
RECONSTRUCT P08_s0.1_seed410001 depth 150.0 unique states 522 total 77826
RECONSTRUCT P08_s0.1_seed410001 depth 155.0 unique states 527 total 78353
RECONSTRUCT P08_s0.1_seed410001 depth 160.0 unique states 535 total 78888
RECONSTRUCT P08_s0.1_seed410001 depth 165.0 unique states 526 total 79414
RECONSTRUCT P08_s0.1_seed410001 depth 170.0 unique states 521 total 79935
RECONSTRUCT P08_s0.1_seed410001 depth 175.0 unique states 520 total 80455
RECONSTRUCT P08_s0.1_seed410001 depth 180.0 unique states 516 total 80971
RECONSTRUCT P08_s0.1_seed410001 depth 185.0 unique states 539 total 81510
RECONSTRUCT P08_s0.1_seed410001 depth 190.0 unique states 538 total 82048
RECONSTRUCT P08_s0.1_seed410001 depth 195.0 unique states 507 total 82555
RECONSTRUCT P08_s0.1_seed410001 depth 200.0 unique states 527 total 83082
RECONSTRUCT P08_s0.1_seed410001 depth 205.0 unique states 538 total 83620
RECONSTRUCT P08_s0.1_seed410001 depth 210.0 unique states 539 total 84159
RECONSTRUCT P08_s0.1_seed410001 depth 215.0 unique states 520 total 84679
RECONSTRUCT P08_s0.1_seed410001 depth 220.0 unique states 493 total 85172
RECONSTRUCT P08_s0.1_seed410001 depth 225.0 unique states 517 total 85689
RECONSTRUCT P08_s0.1_seed410001 depth 230.0 unique states 541 total 86230
RECONSTRUCT P08_s0.1_seed410001 depth 235.0 unique states 536 total 86766
RECONSTRUCT P08_s0.1_seed410001 depth 240.0 unique states 515 total 87281
RECONSTRUCT P08_s0.1_seed410001 depth 245.0 unique states 535 total 87816
RECONSTRUCT P08_s0.1_seed410001 depth 250.0 unique states 539 total 88355
RECONSTRUCT P09_s0.1_seed410001 depth 150.0 unique states 524 total 88879
RECONSTRUCT P09_s0.1_seed410001 depth 155.0 unique states 540 total 89419
RECONSTRUCT P09_s0.1_seed410001 depth 160.0 unique states 539 total 89958
RECONSTRUCT P09_s0.1_seed410001 depth 165.0 unique states 541 total 90499
RECONSTRUCT P09_s0.1_seed410001 depth 170.0 unique states 529 total 91028
RECONSTRUCT P09_s0.1_seed410001 depth 175.0 unique states 533 total 91561
RECONSTRUCT P09_s0.1_seed410001 depth 180.0 unique states 525 total 92086
RECONSTRUCT P09_s0.1_seed410001 depth 185.0 unique states 527 total 92613
RECONSTRUCT P09_s0.1_seed410001 depth 190.0 unique states 540 total 93153
RECONSTRUCT P09_s0.1_seed410001 depth 195.0 unique states 540 total 93693
RECONSTRUCT P09_s0.1_seed410001 depth 200.0 unique states 529 total 94222
RECONSTRUCT P09_s0.1_seed410001 depth 205.0 unique states 519 total 94741
RECONSTRUCT P09_s0.1_seed410001 depth 210.0 unique states 536 total 95277
RECONSTRUCT P09_s0.1_seed410001 depth 215.0 unique states 538 total 95815
RECONSTRUCT P09_s0.1_seed410001 depth 220.0 unique states 522 total 96337
RECONSTRUCT P09_s0.1_seed410001 depth 225.0 unique states 515 total 96852
RECONSTRUCT P09_s0.1_seed410001 depth 230.0 unique states 528 total 97380
RECONSTRUCT P09_s0.1_seed410001 depth 235.0 unique states 527 total 97907
RECONSTRUCT P09_s0.1_seed410001 depth 240.0 unique states 538 total 98445
RECONSTRUCT P09_s0.1_seed410001 depth 245.0 unique states 536 total 98981
RECONSTRUCT P09_s0.1_seed410001 depth 250.0 unique states 538 total 99519
RECONSTRUCT Q01_s0.1_seed420001 depth 150.0 unique states 540 total 100059
RECONSTRUCT Q01_s0.1_seed420001 depth 155.0 unique states 524 total 100583
RECONSTRUCT Q01_s0.1_seed420001 depth 160.0 unique states 538 total 101121
RECONSTRUCT Q01_s0.1_seed420001 depth 165.0 unique states 533 total 101654
RECONSTRUCT Q01_s0.1_seed420001 depth 170.0 unique states 537 total 102191
RECONSTRUCT Q01_s0.1_seed420001 depth 175.0 unique states 525 total 102716
RECONSTRUCT Q01_s0.1_seed420001 depth 180.0 unique states 538 total 103254
RECONSTRUCT Q01_s0.1_seed420001 depth 185.0 unique states 537 total 103791
RECONSTRUCT Q01_s0.1_seed420001 depth 190.0 unique states 539 total 104330
RECONSTRUCT Q01_s0.1_seed420001 depth 195.0 unique states 541 total 104871
RECONSTRUCT Q01_s0.1_seed420001 depth 200.0 unique states 536 total 105407
RECONSTRUCT Q01_s0.1_seed420001 depth 205.0 unique states 536 total 105943
RECONSTRUCT Q01_s0.1_seed420001 depth 210.0 unique states 529 total 106472
RECONSTRUCT Q01_s0.1_seed420001 depth 215.0 unique states 529 total 107001
RECONSTRUCT Q01_s0.1_seed420001 depth 220.0 unique states 522 total 107523
RECONSTRUCT Q01_s0.1_seed420001 depth 225.0 unique states 537 total 108060
RECONSTRUCT Q01_s0.1_seed420001 depth 230.0 unique states 542 total 108602
RECONSTRUCT Q01_s0.1_seed420001 depth 235.0 unique states 529 total 109131
RECONSTRUCT Q01_s0.1_seed420001 depth 240.0 unique states 513 total 109644
RECONSTRUCT Q01_s0.1_seed420001 depth 245.0 unique states 518 total 110162
RECONSTRUCT Q01_s0.1_seed420001 depth 250.0 unique states 537 total 110699
RECONSTRUCT Q01_s0.1_seed420002 depth 150.0 unique states 539 total 111238
RECONSTRUCT Q01_s0.1_seed420002 depth 155.0 unique states 507 total 111745
RECONSTRUCT Q01_s0.1_seed420002 depth 160.0 unique states 539 total 112284
RECONSTRUCT Q01_s0.1_seed420002 depth 165.0 unique states 526 total 112810
RECONSTRUCT Q01_s0.1_seed420002 depth 170.0 unique states 539 total 113349
RECONSTRUCT Q01_s0.1_seed420002 depth 175.0 unique states 531 total 113880
RECONSTRUCT Q01_s0.1_seed420002 depth 180.0 unique states 541 total 114421
RECONSTRUCT Q01_s0.1_seed420002 depth 185.0 unique states 537 total 114958
RECONSTRUCT Q01_s0.1_seed420002 depth 190.0 unique states 540 total 115498
RECONSTRUCT Q01_s0.1_seed420002 depth 195.0 unique states 540 total 116038
RECONSTRUCT Q01_s0.1_seed420002 depth 200.0 unique states 526 total 116564
RECONSTRUCT Q01_s0.1_seed420002 depth 205.0 unique states 536 total 117100
RECONSTRUCT Q01_s0.1_seed420002 depth 210.0 unique states 526 total 117626
RECONSTRUCT Q01_s0.1_seed420002 depth 215.0 unique states 540 total 118166
RECONSTRUCT Q01_s0.1_seed420002 depth 220.0 unique states 508 total 118674
RECONSTRUCT Q01_s0.1_seed420002 depth 225.0 unique states 531 total 119205
RECONSTRUCT Q01_s0.1_seed420002 depth 230.0 unique states 537 total 119742
RECONSTRUCT Q01_s0.1_seed420002 depth 235.0 unique states 524 total 120266
RECONSTRUCT Q01_s0.1_seed420002 depth 240.0 unique states 519 total 120785
RECONSTRUCT Q01_s0.1_seed420002 depth 245.0 unique states 528 total 121313
RECONSTRUCT Q01_s0.1_seed420002 depth 250.0 unique states 535 total 121848
RECONSTRUCT Q02_s0.1_seed420001 depth 150.0 unique states 538 total 122386
RECONSTRUCT Q02_s0.1_seed420001 depth 155.0 unique states 535 total 122921
RECONSTRUCT Q02_s0.1_seed420001 depth 160.0 unique states 539 total 123460
RECONSTRUCT Q02_s0.1_seed420001 depth 165.0 unique states 536 total 123996
RECONSTRUCT Q02_s0.1_seed420001 depth 170.0 unique states 524 total 124520
RECONSTRUCT Q02_s0.1_seed420001 depth 175.0 unique states 526 total 125046
RECONSTRUCT Q02_s0.1_seed420001 depth 180.0 unique states 537 total 125583
RECONSTRUCT Q02_s0.1_seed420001 depth 185.0 unique states 519 total 126102
RECONSTRUCT Q02_s0.1_seed420001 depth 190.0 unique states 528 total 126630
RECONSTRUCT Q02_s0.1_seed420001 depth 195.0 unique states 531 total 127161
RECONSTRUCT Q02_s0.1_seed420001 depth 200.0 unique states 533 total 127694
RECONSTRUCT Q02_s0.1_seed420001 depth 205.0 unique states 507 total 128201
RECONSTRUCT Q02_s0.1_seed420001 depth 210.0 unique states 519 total 128720
RECONSTRUCT Q02_s0.1_seed420001 depth 215.0 unique states 538 total 129258
RECONSTRUCT Q02_s0.1_seed420001 depth 220.0 unique states 495 total 129753
RECONSTRUCT Q02_s0.1_seed420001 depth 225.0 unique states 523 total 130276
RECONSTRUCT Q02_s0.1_seed420001 depth 230.0 unique states 536 total 130812
RECONSTRUCT Q02_s0.1_seed420001 depth 235.0 unique states 516 total 131328
RECONSTRUCT Q02_s0.1_seed420001 depth 240.0 unique states 530 total 131858
RECONSTRUCT Q02_s0.1_seed420001 depth 245.0 unique states 541 total 132399
RECONSTRUCT Q02_s0.1_seed420001 depth 250.0 unique states 529 total 132928
RECONSTRUCT Q02_s0.1_seed420002 depth 150.0 unique states 537 total 133465
RECONSTRUCT Q02_s0.1_seed420002 depth 155.0 unique states 516 total 133981
RECONSTRUCT Q02_s0.1_seed420002 depth 160.0 unique states 539 total 134520
RECONSTRUCT Q02_s0.1_seed420002 depth 165.0 unique states 529 total 135049
RECONSTRUCT Q02_s0.1_seed420002 depth 170.0 unique states 510 total 135559
RECONSTRUCT Q02_s0.1_seed420002 depth 175.0 unique states 528 total 136087
RECONSTRUCT Q02_s0.1_seed420002 depth 180.0 unique states 534 total 136621
RECONSTRUCT Q02_s0.1_seed420002 depth 185.0 unique states 520 total 137141
RECONSTRUCT Q02_s0.1_seed420002 depth 190.0 unique states 528 total 137669
RECONSTRUCT Q02_s0.1_seed420002 depth 195.0 unique states 530 total 138199
RECONSTRUCT Q02_s0.1_seed420002 depth 200.0 unique states 534 total 138733
RECONSTRUCT Q02_s0.1_seed420002 depth 205.0 unique states 510 total 139243
RECONSTRUCT Q02_s0.1_seed420002 depth 210.0 unique states 513 total 139756
RECONSTRUCT Q02_s0.1_seed420002 depth 215.0 unique states 525 total 140281
RECONSTRUCT Q02_s0.1_seed420002 depth 220.0 unique states 490 total 140771
RECONSTRUCT Q02_s0.1_seed420002 depth 225.0 unique states 519 total 141290
RECONSTRUCT Q02_s0.1_seed420002 depth 230.0 unique states 534 total 141824
RECONSTRUCT Q02_s0.1_seed420002 depth 235.0 unique states 531 total 142355
RECONSTRUCT Q02_s0.1_seed420002 depth 240.0 unique states 527 total 142882
RECONSTRUCT Q02_s0.1_seed420002 depth 245.0 unique states 540 total 143422
RECONSTRUCT Q02_s0.1_seed420002 depth 250.0 unique states 523 total 143945
RECONSTRUCT Q03_s0.1_seed420001 depth 150.0 unique states 494 total 144439
RECONSTRUCT Q03_s0.1_seed420001 depth 155.0 unique states 542 total 144981
RECONSTRUCT Q03_s0.1_seed420001 depth 160.0 unique states 534 total 145515
RECONSTRUCT Q03_s0.1_seed420001 depth 165.0 unique states 532 total 146047
RECONSTRUCT Q03_s0.1_seed420001 depth 170.0 unique states 495 total 146542
RECONSTRUCT Q03_s0.1_seed420001 depth 175.0 unique states 522 total 147064
RECONSTRUCT Q03_s0.1_seed420001 depth 180.0 unique states 540 total 147604
RECONSTRUCT Q03_s0.1_seed420001 depth 185.0 unique states 536 total 148140
RECONSTRUCT Q03_s0.1_seed420001 depth 190.0 unique states 540 total 148680
RECONSTRUCT Q03_s0.1_seed420001 depth 195.0 unique states 532 total 149212
RECONSTRUCT Q03_s0.1_seed420001 depth 200.0 unique states 517 total 149729
RECONSTRUCT Q03_s0.1_seed420001 depth 205.0 unique states 529 total 150258
RECONSTRUCT Q03_s0.1_seed420001 depth 210.0 unique states 530 total 150788
RECONSTRUCT Q03_s0.1_seed420001 depth 215.0 unique states 493 total 151281
RECONSTRUCT Q03_s0.1_seed420001 depth 220.0 unique states 530 total 151811
RECONSTRUCT Q03_s0.1_seed420001 depth 225.0 unique states 530 total 152341
RECONSTRUCT Q03_s0.1_seed420001 depth 230.0 unique states 532 total 152873
RECONSTRUCT Q03_s0.1_seed420001 depth 235.0 unique states 522 total 153395
RECONSTRUCT Q03_s0.1_seed420001 depth 240.0 unique states 522 total 153917
RECONSTRUCT Q03_s0.1_seed420001 depth 245.0 unique states 515 total 154432
RECONSTRUCT Q03_s0.1_seed420001 depth 250.0 unique states 538 total 154970
RECONSTRUCT Q03_s0.1_seed420002 depth 150.0 unique states 494 total 155464
RECONSTRUCT Q03_s0.1_seed420002 depth 155.0 unique states 539 total 156003
RECONSTRUCT Q03_s0.1_seed420002 depth 160.0 unique states 536 total 156539
RECONSTRUCT Q03_s0.1_seed420002 depth 165.0 unique states 529 total 157068
RECONSTRUCT Q03_s0.1_seed420002 depth 170.0 unique states 493 total 157561
RECONSTRUCT Q03_s0.1_seed420002 depth 175.0 unique states 522 total 158083
RECONSTRUCT Q03_s0.1_seed420002 depth 180.0 unique states 543 total 158626
RECONSTRUCT Q03_s0.1_seed420002 depth 185.0 unique states 536 total 159162
RECONSTRUCT Q03_s0.1_seed420002 depth 190.0 unique states 538 total 159700
RECONSTRUCT Q03_s0.1_seed420002 depth 195.0 unique states 525 total 160225
RECONSTRUCT Q03_s0.1_seed420002 depth 200.0 unique states 512 total 160737
RECONSTRUCT Q03_s0.1_seed420002 depth 205.0 unique states 528 total 161265
RECONSTRUCT Q03_s0.1_seed420002 depth 210.0 unique states 532 total 161797
RECONSTRUCT Q03_s0.1_seed420002 depth 215.0 unique states 494 total 162291
RECONSTRUCT Q03_s0.1_seed420002 depth 220.0 unique states 538 total 162829
RECONSTRUCT Q03_s0.1_seed420002 depth 225.0 unique states 533 total 163362
RECONSTRUCT Q03_s0.1_seed420002 depth 230.0 unique states 528 total 163890
RECONSTRUCT Q03_s0.1_seed420002 depth 235.0 unique states 539 total 164429
RECONSTRUCT Q03_s0.1_seed420002 depth 240.0 unique states 526 total 164955
RECONSTRUCT Q03_s0.1_seed420002 depth 245.0 unique states 511 total 165466
RECONSTRUCT Q03_s0.1_seed420002 depth 250.0 unique states 538 total 166004
RECONSTRUCT Q04_s0.1_seed420001 depth 150.0 unique states 525 total 166529
RECONSTRUCT Q04_s0.1_seed420001 depth 155.0 unique states 535 total 167064
RECONSTRUCT Q04_s0.1_seed420001 depth 160.0 unique states 533 total 167597
RECONSTRUCT Q04_s0.1_seed420001 depth 165.0 unique states 528 total 168125
RECONSTRUCT Q04_s0.1_seed420001 depth 170.0 unique states 536 total 168661
RECONSTRUCT Q04_s0.1_seed420001 depth 175.0 unique states 522 total 169183
RECONSTRUCT Q04_s0.1_seed420001 depth 180.0 unique states 540 total 169723
RECONSTRUCT Q04_s0.1_seed420001 depth 185.0 unique states 538 total 170261
RECONSTRUCT Q04_s0.1_seed420001 depth 190.0 unique states 542 total 170803
RECONSTRUCT Q04_s0.1_seed420001 depth 195.0 unique states 543 total 171346
RECONSTRUCT Q04_s0.1_seed420001 depth 200.0 unique states 528 total 171874
RECONSTRUCT Q04_s0.1_seed420001 depth 205.0 unique states 539 total 172413
RECONSTRUCT Q04_s0.1_seed420001 depth 210.0 unique states 531 total 172944
RECONSTRUCT Q04_s0.1_seed420001 depth 215.0 unique states 537 total 173481
RECONSTRUCT Q04_s0.1_seed420001 depth 220.0 unique states 516 total 173997
RECONSTRUCT Q04_s0.1_seed420001 depth 225.0 unique states 534 total 174531
RECONSTRUCT Q04_s0.1_seed420001 depth 230.0 unique states 534 total 175065
RECONSTRUCT Q04_s0.1_seed420001 depth 235.0 unique states 526 total 175591
RECONSTRUCT Q04_s0.1_seed420001 depth 240.0 unique states 522 total 176113
RECONSTRUCT Q04_s0.1_seed420001 depth 245.0 unique states 540 total 176653
RECONSTRUCT Q04_s0.1_seed420001 depth 250.0 unique states 537 total 177190
RECONSTRUCT Q04_s0.1_seed420002 depth 150.0 unique states 522 total 177712
RECONSTRUCT Q04_s0.1_seed420002 depth 155.0 unique states 539 total 178251
RECONSTRUCT Q04_s0.1_seed420002 depth 160.0 unique states 536 total 178787
RECONSTRUCT Q04_s0.1_seed420002 depth 165.0 unique states 531 total 179318
RECONSTRUCT Q04_s0.1_seed420002 depth 170.0 unique states 529 total 179847
RECONSTRUCT Q04_s0.1_seed420002 depth 175.0 unique states 525 total 180372
RECONSTRUCT Q04_s0.1_seed420002 depth 180.0 unique states 539 total 180911
RECONSTRUCT Q04_s0.1_seed420002 depth 185.0 unique states 523 total 181434
RECONSTRUCT Q04_s0.1_seed420002 depth 190.0 unique states 541 total 181975
RECONSTRUCT Q04_s0.1_seed420002 depth 195.0 unique states 543 total 182518
RECONSTRUCT Q04_s0.1_seed420002 depth 200.0 unique states 532 total 183050
RECONSTRUCT Q04_s0.1_seed420002 depth 205.0 unique states 538 total 183588
RECONSTRUCT Q04_s0.1_seed420002 depth 210.0 unique states 526 total 184114
RECONSTRUCT Q04_s0.1_seed420002 depth 215.0 unique states 539 total 184653
RECONSTRUCT Q04_s0.1_seed420002 depth 220.0 unique states 519 total 185172
RECONSTRUCT Q04_s0.1_seed420002 depth 225.0 unique states 535 total 185707
RECONSTRUCT Q04_s0.1_seed420002 depth 230.0 unique states 534 total 186241
RECONSTRUCT Q04_s0.1_seed420002 depth 235.0 unique states 522 total 186763
RECONSTRUCT Q04_s0.1_seed420002 depth 240.0 unique states 523 total 187286
RECONSTRUCT Q04_s0.1_seed420002 depth 245.0 unique states 539 total 187825
RECONSTRUCT Q04_s0.1_seed420002 depth 250.0 unique states 535 total 188360
RECONSTRUCT Q05_s0.1_seed420001 depth 150.0 unique states 518 total 188878
RECONSTRUCT Q05_s0.1_seed420001 depth 155.0 unique states 518 total 189396
RECONSTRUCT Q05_s0.1_seed420001 depth 160.0 unique states 534 total 189930
RECONSTRUCT Q05_s0.1_seed420001 depth 165.0 unique states 537 total 190467
RECONSTRUCT Q05_s0.1_seed420001 depth 170.0 unique states 519 total 190986
RECONSTRUCT Q05_s0.1_seed420001 depth 175.0 unique states 540 total 191526
RECONSTRUCT Q05_s0.1_seed420001 depth 180.0 unique states 541 total 192067
RECONSTRUCT Q05_s0.1_seed420001 depth 185.0 unique states 522 total 192589
RECONSTRUCT Q05_s0.1_seed420001 depth 190.0 unique states 526 total 193115
RECONSTRUCT Q05_s0.1_seed420001 depth 195.0 unique states 533 total 193648
RECONSTRUCT Q05_s0.1_seed420001 depth 200.0 unique states 533 total 194181
RECONSTRUCT Q05_s0.1_seed420001 depth 205.0 unique states 537 total 194718
RECONSTRUCT Q05_s0.1_seed420001 depth 210.0 unique states 522 total 195240
RECONSTRUCT Q05_s0.1_seed420001 depth 215.0 unique states 533 total 195773
RECONSTRUCT Q05_s0.1_seed420001 depth 220.0 unique states 509 total 196282
RECONSTRUCT Q05_s0.1_seed420001 depth 225.0 unique states 539 total 196821
RECONSTRUCT Q05_s0.1_seed420001 depth 230.0 unique states 539 total 197360
RECONSTRUCT Q05_s0.1_seed420001 depth 235.0 unique states 524 total 197884
RECONSTRUCT Q05_s0.1_seed420001 depth 240.0 unique states 525 total 198409
RECONSTRUCT Q05_s0.1_seed420001 depth 245.0 unique states 532 total 198941
RECONSTRUCT Q05_s0.1_seed420001 depth 250.0 unique states 520 total 199461
RECONSTRUCT Q05_s0.1_seed420002 depth 150.0 unique states 516 total 199977
RECONSTRUCT Q05_s0.1_seed420002 depth 155.0 unique states 522 total 200499
RECONSTRUCT Q05_s0.1_seed420002 depth 160.0 unique states 549 total 201048
RECONSTRUCT Q05_s0.1_seed420002 depth 165.0 unique states 543 total 201591
RECONSTRUCT Q05_s0.1_seed420002 depth 170.0 unique states 524 total 202115
RECONSTRUCT Q05_s0.1_seed420002 depth 175.0 unique states 533 total 202648
RECONSTRUCT Q05_s0.1_seed420002 depth 180.0 unique states 542 total 203190
RECONSTRUCT Q05_s0.1_seed420002 depth 185.0 unique states 524 total 203714
RECONSTRUCT Q05_s0.1_seed420002 depth 190.0 unique states 528 total 204242
RECONSTRUCT Q05_s0.1_seed420002 depth 195.0 unique states 535 total 204777
RECONSTRUCT Q05_s0.1_seed420002 depth 200.0 unique states 523 total 205300
RECONSTRUCT Q05_s0.1_seed420002 depth 205.0 unique states 533 total 205833
RECONSTRUCT Q05_s0.1_seed420002 depth 210.0 unique states 533 total 206366
RECONSTRUCT Q05_s0.1_seed420002 depth 215.0 unique states 536 total 206902
RECONSTRUCT Q05_s0.1_seed420002 depth 220.0 unique states 517 total 207419
RECONSTRUCT Q05_s0.1_seed420002 depth 225.0 unique states 541 total 207960
RECONSTRUCT Q05_s0.1_seed420002 depth 230.0 unique states 529 total 208489
RECONSTRUCT Q05_s0.1_seed420002 depth 235.0 unique states 523 total 209012
RECONSTRUCT Q05_s0.1_seed420002 depth 240.0 unique states 527 total 209539
RECONSTRUCT Q05_s0.1_seed420002 depth 245.0 unique states 533 total 210072
RECONSTRUCT Q05_s0.1_seed420002 depth 250.0 unique states 521 total 210593
RECONSTRUCT Q06_s0.1_seed420001 depth 150.0 unique states 511 total 211104
RECONSTRUCT Q06_s0.1_seed420001 depth 155.0 unique states 536 total 211640
RECONSTRUCT Q06_s0.1_seed420001 depth 160.0 unique states 538 total 212178
RECONSTRUCT Q06_s0.1_seed420001 depth 165.0 unique states 533 total 212711
RECONSTRUCT Q06_s0.1_seed420001 depth 170.0 unique states 526 total 213237
RECONSTRUCT Q06_s0.1_seed420001 depth 175.0 unique states 539 total 213776
RECONSTRUCT Q06_s0.1_seed420001 depth 180.0 unique states 533 total 214309
RECONSTRUCT Q06_s0.1_seed420001 depth 185.0 unique states 531 total 214840
RECONSTRUCT Q06_s0.1_seed420001 depth 190.0 unique states 538 total 215378
RECONSTRUCT Q06_s0.1_seed420001 depth 195.0 unique states 539 total 215917
RECONSTRUCT Q06_s0.1_seed420001 depth 200.0 unique states 541 total 216458
RECONSTRUCT Q06_s0.1_seed420001 depth 205.0 unique states 538 total 216996
RECONSTRUCT Q06_s0.1_seed420001 depth 210.0 unique states 529 total 217525
RECONSTRUCT Q06_s0.1_seed420001 depth 215.0 unique states 539 total 218064
RECONSTRUCT Q06_s0.1_seed420001 depth 220.0 unique states 540 total 218604
RECONSTRUCT Q06_s0.1_seed420001 depth 225.0 unique states 525 total 219129
RECONSTRUCT Q06_s0.1_seed420001 depth 230.0 unique states 523 total 219652
RECONSTRUCT Q06_s0.1_seed420001 depth 235.0 unique states 539 total 220191
RECONSTRUCT Q06_s0.1_seed420001 depth 240.0 unique states 535 total 220726
RECONSTRUCT Q06_s0.1_seed420001 depth 245.0 unique states 539 total 221265
RECONSTRUCT Q06_s0.1_seed420001 depth 250.0 unique states 541 total 221806
RECONSTRUCT Q06_s0.1_seed420002 depth 150.0 unique states 518 total 222324
RECONSTRUCT Q06_s0.1_seed420002 depth 155.0 unique states 521 total 222845
RECONSTRUCT Q06_s0.1_seed420002 depth 160.0 unique states 543 total 223388
RECONSTRUCT Q06_s0.1_seed420002 depth 165.0 unique states 529 total 223917
RECONSTRUCT Q06_s0.1_seed420002 depth 170.0 unique states 520 total 224437
RECONSTRUCT Q06_s0.1_seed420002 depth 175.0 unique states 531 total 224968
RECONSTRUCT Q06_s0.1_seed420002 depth 180.0 unique states 538 total 225506
RECONSTRUCT Q06_s0.1_seed420002 depth 185.0 unique states 529 total 226035
RECONSTRUCT Q06_s0.1_seed420002 depth 190.0 unique states 538 total 226573
RECONSTRUCT Q06_s0.1_seed420002 depth 195.0 unique states 540 total 227113
RECONSTRUCT Q06_s0.1_seed420002 depth 200.0 unique states 543 total 227656
RECONSTRUCT Q06_s0.1_seed420002 depth 205.0 unique states 539 total 228195
RECONSTRUCT Q06_s0.1_seed420002 depth 210.0 unique states 524 total 228719
RECONSTRUCT Q06_s0.1_seed420002 depth 215.0 unique states 527 total 229246
RECONSTRUCT Q06_s0.1_seed420002 depth 220.0 unique states 539 total 229785
RECONSTRUCT Q06_s0.1_seed420002 depth 225.0 unique states 523 total 230308
RECONSTRUCT Q06_s0.1_seed420002 depth 230.0 unique states 526 total 230834
RECONSTRUCT Q06_s0.1_seed420002 depth 235.0 unique states 535 total 231369
RECONSTRUCT Q06_s0.1_seed420002 depth 240.0 unique states 528 total 231897
RECONSTRUCT Q06_s0.1_seed420002 depth 245.0 unique states 536 total 232433
RECONSTRUCT Q06_s0.1_seed420002 depth 250.0 unique states 540 total 232973
RECONSTRUCTION COMPLETE {
  "reconstruction_valid": true,
  "integrity_checks_passed": 14479,
  "integrity_checks_failed": 0,
  "independent_modal_batch_calls": 14754,
  "independent_unique_case_depth_states_reconstructed": 232973,
  "maximum_J_delta": 1.1619603057511085e-09,
  "maximum_bearing_cost_delta": 4.336808689942018e-18,
  "optimizer_and_driver_totals": {
    "n_objective_requests": 296352,
    "n_exact_forward_evaluations": 279114,
    "n_unique_states_evaluated": 292946,
    "n_cache_hits": 3406,
    "n_blocked_requests": 2646,
    "n_validation_exact_forward_evaluations": 279114
  },
  "raw_convergence": {
    "SHGO": 0,
    "DIRECT": 0
  },
  "recovery_counts": {
    "SHGO": {
      "T1": 0,
      "T2": 0,
      "T3": 0
    },
    "DIRECT": {
      "T1": 0,
      "T2": 0,
      "T3": 0
    }
  },
  "dual_solver_agreement": "NOT_REACHED",
  "exact_alias_finding": false,
  "scientific_decision": "A1_SEARCH_TRACTABILITY_NOT_ESTABLISHED",
  "elapsed_seconds": 3418.7177387999836,
  "execution_invalid_cases": [],
  "hard_budget_enforcement_failures": 0,
  "fresh_confirmation": "NOT_REACHED",
  "R4_progress_percent": 0,
  "A2_depth_SSP_P5": "UNOPENED"
}
