 _________________________________________________

 KRAKEN- E2_ESTD                                                                 
 Frequency =   150.0    Hz
 NMedia    =   1


     C-Linear approximation to SSP
     Attenuation units: dB/wavelength
     THORP attenuation added
     VACUUM


   z (m)     alphaR (m/s)   betaR  rho (g/cm^3)  alphaI     betaI


       ( # mesh points = 80001  RMS rough =   0.00     )
      0.00      1512.53      0.00     1.00       0.0000    0.0000
     20.00      1512.24      0.00     1.00       0.0000    0.0000
     40.00      1511.95      0.00     1.00       0.0000    0.0000
     60.00      1511.66      0.00     1.00       0.0000    0.0000
     80.00      1511.37      0.00     1.00       0.0000    0.0000
    100.00      1511.08      0.00     1.00       0.0000    0.0000
    120.00      1510.79      0.00     1.00       0.0000    0.0000
    140.00      1510.51      0.00     1.00       0.0000    0.0000
    160.00      1510.23      0.00     1.00       0.0000    0.0000
    180.00      1509.95      0.00     1.00       0.0000    0.0000
    200.00      1509.67      0.00     1.00       0.0000    0.0000
    220.00      1509.39      0.00     1.00       0.0000    0.0000
    240.00      1509.12      0.00     1.00       0.0000    0.0000
    260.00      1508.85      0.00     1.00       0.0000    0.0000
    280.00      1508.57      0.00     1.00       0.0000    0.0000
    300.00      1508.31      0.00     1.00       0.0000    0.0000
    320.00      1508.04      0.00     1.00       0.0000    0.0000
    340.00      1507.78      0.00     1.00       0.0000    0.0000
    360.00      1507.52      0.00     1.00       0.0000    0.0000
    380.00      1507.26      0.00     1.00       0.0000    0.0000
    400.00      1507.00      0.00     1.00       0.0000    0.0000
    420.00      1506.75      0.00     1.00       0.0000    0.0000
    440.00      1506.50      0.00     1.00       0.0000    0.0000
    460.00      1506.25      0.00     1.00       0.0000    0.0000
    480.00      1506.00      0.00     1.00       0.0000    0.0000
    500.00      1505.76      0.00     1.00       0.0000    0.0000
    520.00      1505.52      0.00     1.00       0.0000    0.0000
    540.00      1505.28      0.00     1.00       0.0000    0.0000
    560.00      1505.05      0.00     1.00       0.0000    0.0000
    580.00      1504.82      0.00     1.00       0.0000    0.0000
    600.00      1504.60      0.00     1.00       0.0000    0.0000
    620.00      1504.37      0.00     1.00       0.0000    0.0000
    640.00      1504.15      0.00     1.00       0.0000    0.0000
    660.00      1503.94      0.00     1.00       0.0000    0.0000
    680.00      1503.73      0.00     1.00       0.0000    0.0000
    700.00      1503.52      0.00     1.00       0.0000    0.0000
    720.00      1503.32      0.00     1.00       0.0000    0.0000
    740.00      1503.12      0.00     1.00       0.0000    0.0000
    760.00      1502.93      0.00     1.00       0.0000    0.0000
    780.00      1502.74      0.00     1.00       0.0000    0.0000
    800.00      1502.55      0.00     1.00       0.0000    0.0000
    820.00      1502.37      0.00     1.00       0.0000    0.0000
    840.00      1502.20      0.00     1.00       0.0000    0.0000
    860.00      1502.03      0.00     1.00       0.0000    0.0000
    880.00      1501.86      0.00     1.00       0.0000    0.0000
    900.00      1501.70      0.00     1.00       0.0000    0.0000
    920.00      1501.55      0.00     1.00       0.0000    0.0000
    940.00      1501.40      0.00     1.00       0.0000    0.0000
    960.00      1501.26      0.00     1.00       0.0000    0.0000
    980.00      1501.12      0.00     1.00       0.0000    0.0000
   1000.00      1501.00      0.00     1.00       0.0000    0.0000
   1020.00      1500.87      0.00     1.00       0.0000    0.0000
   1040.00      1500.76      0.00     1.00       0.0000    0.0000
   1060.00      1500.65      0.00     1.00       0.0000    0.0000
   1080.00      1500.55      0.00     1.00       0.0000    0.0000
   1100.00      1500.45      0.00     1.00       0.0000    0.0000
   1120.00      1500.37      0.00     1.00       0.0000    0.0000
   1140.00      1500.29      0.00     1.00       0.0000    0.0000
   1160.00      1500.22      0.00     1.00       0.0000    0.0000
   1180.00      1500.16      0.00     1.00       0.0000    0.0000
   1200.00      1500.10      0.00     1.00       0.0000    0.0000
   1220.00      1500.06      0.00     1.00       0.0000    0.0000
   1240.00      1500.03      0.00     1.00       0.0000    0.0000
   1260.00      1500.00      0.00     1.00       0.0000    0.0000
   1280.00      1499.99      0.00     1.00       0.0000    0.0000
   1300.00      1499.98      0.00     1.00       0.0000    0.0000
   1320.00      1499.99      0.00     1.00       0.0000    0.0000
   1340.00      1500.00      0.00     1.00       0.0000    0.0000
   1360.00      1500.03      0.00     1.00       0.0000    0.0000
   1380.00      1500.07      0.00     1.00       0.0000    0.0000
   1400.00      1500.12      0.00     1.00       0.0000    0.0000
   1420.00      1500.18      0.00     1.00       0.0000    0.0000
   1440.00      1500.26      0.00     1.00       0.0000    0.0000
   1460.00      1500.34      0.00     1.00       0.0000    0.0000
   1480.00      1500.45      0.00     1.00       0.0000    0.0000
   1500.00      1500.56      0.00     1.00       0.0000    0.0000
   1520.00      1500.69      0.00     1.00       0.0000    0.0000
   1540.00      1500.84      0.00     1.00       0.0000    0.0000
   1560.00      1501.00      0.00     1.00       0.0000    0.0000
   1580.00      1501.17      0.00     1.00       0.0000    0.0000
   1600.00      1501.36      0.00     1.00       0.0000    0.0000
   1620.00      1501.57      0.00     1.00       0.0000    0.0000
   1640.00      1501.79      0.00     1.00       0.0000    0.0000
   1660.00      1502.04      0.00     1.00       0.0000    0.0000
   1680.00      1502.30      0.00     1.00       0.0000    0.0000
   1700.00      1502.58      0.00     1.00       0.0000    0.0000
   1720.00      1502.88      0.00     1.00       0.0000    0.0000
   1740.00      1503.20      0.00     1.00       0.0000    0.0000
   1760.00      1503.54      0.00     1.00       0.0000    0.0000
   1780.00      1503.90      0.00     1.00       0.0000    0.0000
   1800.00      1504.28      0.00     1.00       0.0000    0.0000
   1820.00      1504.68      0.00     1.00       0.0000    0.0000
   1840.00      1505.11      0.00     1.00       0.0000    0.0000
   1860.00      1505.57      0.00     1.00       0.0000    0.0000
   1880.00      1506.04      0.00     1.00       0.0000    0.0000
   1900.00      1506.55      0.00     1.00       0.0000    0.0000
   1920.00      1507.08      0.00     1.00       0.0000    0.0000
   1940.00      1507.63      0.00     1.00       0.0000    0.0000
   1960.00      1508.22      0.00     1.00       0.0000    0.0000
   1980.00      1508.83      0.00     1.00       0.0000    0.0000
   2000.00      1509.47      0.00     1.00       0.0000    0.0000
   2020.00      1510.15      0.00     1.00       0.0000    0.0000
   2040.00      1510.85      0.00     1.00       0.0000    0.0000
   2060.00      1511.59      0.00     1.00       0.0000    0.0000
   2080.00      1512.36      0.00     1.00       0.0000    0.0000
   2100.00      1513.17      0.00     1.00       0.0000    0.0000
   2120.00      1514.01      0.00     1.00       0.0000    0.0000
   2140.00      1514.89      0.00     1.00       0.0000    0.0000
   2160.00      1515.81      0.00     1.00       0.0000    0.0000
   2180.00      1516.77      0.00     1.00       0.0000    0.0000
   2200.00      1517.76      0.00     1.00       0.0000    0.0000
   2220.00      1518.80      0.00     1.00       0.0000    0.0000
   2240.00      1519.89      0.00     1.00       0.0000    0.0000
   2260.00      1521.01      0.00     1.00       0.0000    0.0000
   2280.00      1522.19      0.00     1.00       0.0000    0.0000
   2300.00      1523.41      0.00     1.00       0.0000    0.0000
   2320.00      1524.67      0.00     1.00       0.0000    0.0000
   2340.00      1525.99      0.00     1.00       0.0000    0.0000
   2360.00      1527.36      0.00     1.00       0.0000    0.0000
   2380.00      1528.79      0.00     1.00       0.0000    0.0000
   2400.00      1530.27      0.00     1.00       0.0000    0.0000
   2420.00      1531.80      0.00     1.00       0.0000    0.0000
   2440.00      1533.40      0.00     1.00       0.0000    0.0000
   2460.00      1535.05      0.00     1.00       0.0000    0.0000
   2480.00      1536.77      0.00     1.00       0.0000    0.0000
   2500.00      1538.55      0.00     1.00       0.0000    0.0000
   2520.00      1540.40      0.00     1.00       0.0000    0.0000
   2540.00      1542.32      0.00     1.00       0.0000    0.0000
   2560.00      1544.31      0.00     1.00       0.0000    0.0000
   2580.00      1546.37      0.00     1.00       0.0000    0.0000
   2600.00      1548.50      0.00     1.00       0.0000    0.0000
   2620.00      1550.71      0.00     1.00       0.0000    0.0000
   2640.00      1553.01      0.00     1.00       0.0000    0.0000
   2660.00      1555.38      0.00     1.00       0.0000    0.0000
   2680.00      1557.84      0.00     1.00       0.0000    0.0000
   2700.00      1560.39      0.00     1.00       0.0000    0.0000
   2720.00      1563.02      0.00     1.00       0.0000    0.0000
   2740.00      1565.75      0.00     1.00       0.0000    0.0000
   2760.00      1568.58      0.00     1.00       0.0000    0.0000
   2780.00      1571.50      0.00     1.00       0.0000    0.0000
   2800.00      1574.53      0.00     1.00       0.0000    0.0000
   2820.00      1577.66      0.00     1.00       0.0000    0.0000
   2840.00      1580.90      0.00     1.00       0.0000    0.0000
   2860.00      1584.25      0.00     1.00       0.0000    0.0000
   2880.00      1587.72      0.00     1.00       0.0000    0.0000
   2900.00      1591.31      0.00     1.00       0.0000    0.0000
   2920.00      1595.02      0.00     1.00       0.0000    0.0000
   2940.00      1598.85      0.00     1.00       0.0000    0.0000
   2960.00      1602.82      0.00     1.00       0.0000    0.0000
   2980.00      1606.92      0.00     1.00       0.0000    0.0000
   3000.00      1611.16      0.00     1.00       0.0000    0.0000
   3020.00      1611.40      0.00     1.00       0.0000    0.0000
   3040.00      1611.64      0.00     1.00       0.0000    0.0000
   3060.00      1611.88      0.00     1.00       0.0000    0.0000
   3080.00      1612.12      0.00     1.00       0.0000    0.0000
   3100.00      1612.36      0.00     1.00       0.0000    0.0000
   3120.00      1612.60      0.00     1.00       0.0000    0.0000
   3140.00      1612.84      0.00     1.00       0.0000    0.0000
   3160.00      1613.08      0.00     1.00       0.0000    0.0000
   3180.00      1613.32      0.00     1.00       0.0000    0.0000
   3200.00      1613.56      0.00     1.00       0.0000    0.0000
   3220.00      1613.80      0.00     1.00       0.0000    0.0000
   3240.00      1614.04      0.00     1.00       0.0000    0.0000
   3260.00      1614.28      0.00     1.00       0.0000    0.0000
   3280.00      1614.52      0.00     1.00       0.0000    0.0000
   3300.00      1614.76      0.00     1.00       0.0000    0.0000
   3320.00      1615.00      0.00     1.00       0.0000    0.0000
   3340.00      1615.24      0.00     1.00       0.0000    0.0000
   3360.00      1615.48      0.00     1.00       0.0000    0.0000
   3380.00      1615.72      0.00     1.00       0.0000    0.0000
   3400.00      1615.96      0.00     1.00       0.0000    0.0000
   3420.00      1616.20      0.00     1.00       0.0000    0.0000
   3440.00      1616.44      0.00     1.00       0.0000    0.0000
   3460.00      1616.68      0.00     1.00       0.0000    0.0000
   3480.00      1616.92      0.00     1.00       0.0000    0.0000
   3500.00      1617.16      0.00     1.00       0.0000    0.0000
   3520.00      1617.40      0.00     1.00       0.0000    0.0000
   3540.00      1617.64      0.00     1.00       0.0000    0.0000
   3560.00      1617.88      0.00     1.00       0.0000    0.0000
   3580.00      1618.12      0.00     1.00       0.0000    0.0000
   3600.00      1618.36      0.00     1.00       0.0000    0.0000
   3620.00      1618.60      0.00     1.00       0.0000    0.0000
   3640.00      1618.84      0.00     1.00       0.0000    0.0000
   3660.00      1619.08      0.00     1.00       0.0000    0.0000
   3680.00      1619.32      0.00     1.00       0.0000    0.0000
   3700.00      1619.56      0.00     1.00       0.0000    0.0000
   3720.00      1619.80      0.00     1.00       0.0000    0.0000
   3740.00      1620.04      0.00     1.00       0.0000    0.0000
   3760.00      1620.28      0.00     1.00       0.0000    0.0000
   3780.00      1620.52      0.00     1.00       0.0000    0.0000
   3800.00      1620.76      0.00     1.00       0.0000    0.0000
   3820.00      1621.00      0.00     1.00       0.0000    0.0000
   3840.00      1621.24      0.00     1.00       0.0000    0.0000
   3860.00      1621.48      0.00     1.00       0.0000    0.0000
   3880.00      1621.72      0.00     1.00       0.0000    0.0000
   3900.00      1621.96      0.00     1.00       0.0000    0.0000
   3920.00      1622.20      0.00     1.00       0.0000    0.0000
   3940.00      1622.44      0.00     1.00       0.0000    0.0000
   3960.00      1622.68      0.00     1.00       0.0000    0.0000
   3980.00      1622.92      0.00     1.00       0.0000    0.0000
   4000.00      1623.16      0.00     1.00       0.0000    0.0000
   4020.00      1623.40      0.00     1.00       0.0000    0.0000
   4040.00      1623.64      0.00     1.00       0.0000    0.0000
   4060.00      1623.88      0.00     1.00       0.0000    0.0000
   4080.00      1624.12      0.00     1.00       0.0000    0.0000
   4100.00      1624.36      0.00     1.00       0.0000    0.0000
   4120.00      1624.60      0.00     1.00       0.0000    0.0000
   4140.00      1624.84      0.00     1.00       0.0000    0.0000
   4160.00      1625.08      0.00     1.00       0.0000    0.0000
   4180.00      1625.32      0.00     1.00       0.0000    0.0000
   4200.00      1625.56      0.00     1.00       0.0000    0.0000
   4220.00      1625.80      0.00     1.00       0.0000    0.0000
   4240.00      1626.04      0.00     1.00       0.0000    0.0000
   4260.00      1626.28      0.00     1.00       0.0000    0.0000
   4280.00      1626.52      0.00     1.00       0.0000    0.0000
   4300.00      1626.76      0.00     1.00       0.0000    0.0000
   4320.00      1627.00      0.00     1.00       0.0000    0.0000
   4340.00      1627.24      0.00     1.00       0.0000    0.0000
   4360.00      1627.48      0.00     1.00       0.0000    0.0000
   4380.00      1627.72      0.00     1.00       0.0000    0.0000
   4400.00      1627.96      0.00     1.00       0.0000    0.0000
   4420.00      1628.20      0.00     1.00       0.0000    0.0000
   4440.00      1628.44      0.00     1.00       0.0000    0.0000
   4460.00      1628.68      0.00     1.00       0.0000    0.0000
   4480.00      1628.92      0.00     1.00       0.0000    0.0000
   4500.00      1629.16      0.00     1.00       0.0000    0.0000
   4520.00      1629.40      0.00     1.00       0.0000    0.0000
   4540.00      1629.64      0.00     1.00       0.0000    0.0000
   4560.00      1629.88      0.00     1.00       0.0000    0.0000
   4580.00      1630.12      0.00     1.00       0.0000    0.0000
   4600.00      1630.36      0.00     1.00       0.0000    0.0000
   4620.00      1630.60      0.00     1.00       0.0000    0.0000
   4640.00      1630.84      0.00     1.00       0.0000    0.0000
   4660.00      1631.08      0.00     1.00       0.0000    0.0000
   4680.00      1631.32      0.00     1.00       0.0000    0.0000
   4700.00      1631.56      0.00     1.00       0.0000    0.0000
   4720.00      1631.80      0.00     1.00       0.0000    0.0000
   4740.00      1632.04      0.00     1.00       0.0000    0.0000
   4760.00      1632.28      0.00     1.00       0.0000    0.0000
   4780.00      1632.52      0.00     1.00       0.0000    0.0000
   4800.00      1632.76      0.00     1.00       0.0000    0.0000
   4820.00      1633.00      0.00     1.00       0.0000    0.0000
   4840.00      1633.24      0.00     1.00       0.0000    0.0000
   4860.00      1633.48      0.00     1.00       0.0000    0.0000
   4880.00      1633.72      0.00     1.00       0.0000    0.0000
   4900.00      1633.96      0.00     1.00       0.0000    0.0000
   4920.00      1634.20      0.00     1.00       0.0000    0.0000
   4940.00      1634.44      0.00     1.00       0.0000    0.0000
   4960.00      1634.68      0.00     1.00       0.0000    0.0000
   4980.00      1634.92      0.00     1.00       0.0000    0.0000
   5000.00      1635.16      0.00     1.00       0.0000    0.0000

                                 ( RMS rough =   0.00     )
     Perfectly RIGID

 cLow =   1480.0    m/s      cHigh =   1800.0    m/s
 RMax =    65.000000000000000      km

 __________________________________________________________________________


 Number of source   depths =            1
 Source depths (m)
   200.000    

 Number of receiver depths =           13
 Receiver depths (m)
   180.000       190.000       195.000       198.000       199.000    
   199.500       200.000       200.500       201.000       202.000    
   205.000       210.000       220.000    

 Mesh multiplier   CPU seconds
                --- Number of modes =          478
        1             1.66    s
                --- Number of modes =          478
        2             1.98    s

    I    k (1/m)            alpha (1/m)   Phase Speed (m/s) Group Speed (m/s)
    1  0.6282605309     -0.6872138139E-06   1500.138477       1499.980957    
   16  0.6263164187     -0.6882594143E-06   1504.794969       1500.066849    
   31  0.6244378732     -0.6892400826E-06   1509.321962       1500.295881    
   46  0.6225253090     -0.6907875730E-06   1513.959003       1498.164315    
   61  0.6201147788     -0.6930543810E-06   1519.844113       1494.156085    
   76  0.6172984357     -0.6955180500E-06   1526.778203       1490.339078    
   91  0.6141538749     -0.6982212375E-06   1534.595538       1486.362733    
  106  0.6107201554     -0.7011640222E-06   1543.223664       1482.154976    
  121  0.6070221088     -0.7043455721E-06   1552.625155       1477.683104    
  136  0.6030770990     -0.7077624719E-06   1562.781604       1472.944223    
  151  0.5988978850     -0.7114154163E-06   1573.686967       1467.930329    
  166  0.5944942094     -0.7153020513E-06   1585.343946       1462.654164    
  181  0.5898734486     -0.7194382887E-06   1597.762704       1457.061540    
  196  0.5850629914     -0.7221587085E-06   1610.899698       1457.688650    
  211  0.5823144520     -0.7053637902E-06   1618.503186       1534.552656    
  226  0.5803123060     -0.7032817293E-06   1624.087214       1549.027573    
  241  0.5785494257     -0.7027221208E-06   1629.035920       1556.237443    
  256  0.5769374138     -0.7025441704E-06   1633.587584       1561.377449    
  271  0.5752563340     -0.7078828989E-06   1638.361441       1542.226479    
  286  0.5730987850     -0.7128784825E-06   1644.529391       1526.321069    
  301  0.5706276614     -0.7176176006E-06   1651.651085       1512.695946    
  316  0.5678893065     -0.7223471788E-06   1659.615325       1500.116188    
  331  0.5649050138     -0.7270502185E-06   1668.382778       1488.573990    
  346  0.5616883757     -0.7321410790E-06   1677.937157       1476.333619    
  361  0.5582469263     -0.7374001750E-06   1688.281210       1464.310986    
  376  0.5545855424     -0.7428636603E-06   1699.427273       1452.369707    
  391  0.5507064745     -0.7486571324E-06   1711.397704       1440.045517    
  406  0.5466109560     -0.7547918545E-06   1724.220464       1427.343467    
  421  0.5422975919     -0.7611959699E-06   1737.934688       1414.588029    
  436  0.5377652474     -0.7679901272E-06   1752.582192       1401.381104    
  451  0.5330106717     -0.7752180829E-06   1768.215621       1387.638810    
  466  0.5280303079     -0.7828506150E-06   1784.893371       1373.547093    
 _________________________________________________

 KRAKEN- R                                                                       
 End of environmental file
