 _________________________________________________

 KRAKEN- E2_ESTD                                                                 
 Frequency =   200.0    Hz
 NMedia    =   1


     C-Linear approximation to SSP
     Attenuation units: dB/wavelength
     THORP attenuation added
     VACUUM


   z (m)     alphaR (m/s)   betaR  rho (g/cm^3)  alphaI     betaI


       ( # mesh points = *****  RMS rough =   0.00     )
      0.00      1512.56      0.00     1.00       0.0000    0.0000
     20.00      1512.27      0.00     1.00       0.0000    0.0000
     40.00      1511.98      0.00     1.00       0.0000    0.0000
     60.00      1511.69      0.00     1.00       0.0000    0.0000
     80.00      1511.40      0.00     1.00       0.0000    0.0000
    100.00      1511.11      0.00     1.00       0.0000    0.0000
    120.00      1510.82      0.00     1.00       0.0000    0.0000
    140.00      1510.54      0.00     1.00       0.0000    0.0000
    160.00      1510.26      0.00     1.00       0.0000    0.0000
    180.00      1509.98      0.00     1.00       0.0000    0.0000
    200.00      1509.70      0.00     1.00       0.0000    0.0000
    220.00      1509.42      0.00     1.00       0.0000    0.0000
    240.00      1509.15      0.00     1.00       0.0000    0.0000
    260.00      1508.88      0.00     1.00       0.0000    0.0000
    280.00      1508.60      0.00     1.00       0.0000    0.0000
    300.00      1508.34      0.00     1.00       0.0000    0.0000
    320.00      1508.07      0.00     1.00       0.0000    0.0000
    340.00      1507.81      0.00     1.00       0.0000    0.0000
    360.00      1507.55      0.00     1.00       0.0000    0.0000
    380.00      1507.29      0.00     1.00       0.0000    0.0000
    400.00      1507.03      0.00     1.00       0.0000    0.0000
    420.00      1506.78      0.00     1.00       0.0000    0.0000
    440.00      1506.53      0.00     1.00       0.0000    0.0000
    460.00      1506.28      0.00     1.00       0.0000    0.0000
    480.00      1506.03      0.00     1.00       0.0000    0.0000
    500.00      1505.79      0.00     1.00       0.0000    0.0000
    520.00      1505.55      0.00     1.00       0.0000    0.0000
    540.00      1505.31      0.00     1.00       0.0000    0.0000
    560.00      1505.08      0.00     1.00       0.0000    0.0000
    580.00      1504.85      0.00     1.00       0.0000    0.0000
    600.00      1504.63      0.00     1.00       0.0000    0.0000
    620.00      1504.40      0.00     1.00       0.0000    0.0000
    640.00      1504.18      0.00     1.00       0.0000    0.0000
    660.00      1503.97      0.00     1.00       0.0000    0.0000
    680.00      1503.76      0.00     1.00       0.0000    0.0000
    700.00      1503.55      0.00     1.00       0.0000    0.0000
    720.00      1503.35      0.00     1.00       0.0000    0.0000
    740.00      1503.15      0.00     1.00       0.0000    0.0000
    760.00      1502.96      0.00     1.00       0.0000    0.0000
    780.00      1502.77      0.00     1.00       0.0000    0.0000
    800.00      1502.58      0.00     1.00       0.0000    0.0000
    820.00      1502.40      0.00     1.00       0.0000    0.0000
    840.00      1502.23      0.00     1.00       0.0000    0.0000
    860.00      1502.06      0.00     1.00       0.0000    0.0000
    880.00      1501.89      0.00     1.00       0.0000    0.0000
    900.00      1501.73      0.00     1.00       0.0000    0.0000
    920.00      1501.58      0.00     1.00       0.0000    0.0000
    940.00      1501.43      0.00     1.00       0.0000    0.0000
    960.00      1501.29      0.00     1.00       0.0000    0.0000
    980.00      1501.15      0.00     1.00       0.0000    0.0000
   1000.00      1501.03      0.00     1.00       0.0000    0.0000
   1020.00      1500.90      0.00     1.00       0.0000    0.0000
   1040.00      1500.79      0.00     1.00       0.0000    0.0000
   1060.00      1500.68      0.00     1.00       0.0000    0.0000
   1080.00      1500.58      0.00     1.00       0.0000    0.0000
   1100.00      1500.48      0.00     1.00       0.0000    0.0000
   1120.00      1500.40      0.00     1.00       0.0000    0.0000
   1140.00      1500.32      0.00     1.00       0.0000    0.0000
   1160.00      1500.25      0.00     1.00       0.0000    0.0000
   1180.00      1500.19      0.00     1.00       0.0000    0.0000
   1200.00      1500.13      0.00     1.00       0.0000    0.0000
   1220.00      1500.09      0.00     1.00       0.0000    0.0000
   1240.00      1500.06      0.00     1.00       0.0000    0.0000
   1260.00      1500.03      0.00     1.00       0.0000    0.0000
   1280.00      1500.02      0.00     1.00       0.0000    0.0000
   1300.00      1500.01      0.00     1.00       0.0000    0.0000
   1320.00      1500.02      0.00     1.00       0.0000    0.0000
   1340.00      1500.03      0.00     1.00       0.0000    0.0000
   1360.00      1500.06      0.00     1.00       0.0000    0.0000
   1380.00      1500.10      0.00     1.00       0.0000    0.0000
   1400.00      1500.15      0.00     1.00       0.0000    0.0000
   1420.00      1500.21      0.00     1.00       0.0000    0.0000
   1440.00      1500.29      0.00     1.00       0.0000    0.0000
   1460.00      1500.37      0.00     1.00       0.0000    0.0000
   1480.00      1500.48      0.00     1.00       0.0000    0.0000
   1500.00      1500.59      0.00     1.00       0.0000    0.0000
   1520.00      1500.72      0.00     1.00       0.0000    0.0000
   1540.00      1500.87      0.00     1.00       0.0000    0.0000
   1560.00      1501.03      0.00     1.00       0.0000    0.0000
   1580.00      1501.20      0.00     1.00       0.0000    0.0000
   1600.00      1501.39      0.00     1.00       0.0000    0.0000
   1620.00      1501.60      0.00     1.00       0.0000    0.0000
   1640.00      1501.82      0.00     1.00       0.0000    0.0000
   1660.00      1502.07      0.00     1.00       0.0000    0.0000
   1680.00      1502.33      0.00     1.00       0.0000    0.0000
   1700.00      1502.61      0.00     1.00       0.0000    0.0000
   1720.00      1502.91      0.00     1.00       0.0000    0.0000
   1740.00      1503.23      0.00     1.00       0.0000    0.0000
   1760.00      1503.57      0.00     1.00       0.0000    0.0000
   1780.00      1503.93      0.00     1.00       0.0000    0.0000
   1800.00      1504.31      0.00     1.00       0.0000    0.0000
   1820.00      1504.71      0.00     1.00       0.0000    0.0000
   1840.00      1505.14      0.00     1.00       0.0000    0.0000
   1860.00      1505.60      0.00     1.00       0.0000    0.0000
   1880.00      1506.07      0.00     1.00       0.0000    0.0000
   1900.00      1506.58      0.00     1.00       0.0000    0.0000
   1920.00      1507.11      0.00     1.00       0.0000    0.0000
   1940.00      1507.66      0.00     1.00       0.0000    0.0000
   1960.00      1508.25      0.00     1.00       0.0000    0.0000
   1980.00      1508.86      0.00     1.00       0.0000    0.0000
   2000.00      1509.50      0.00     1.00       0.0000    0.0000
   2020.00      1510.18      0.00     1.00       0.0000    0.0000
   2040.00      1510.88      0.00     1.00       0.0000    0.0000
   2060.00      1511.62      0.00     1.00       0.0000    0.0000
   2080.00      1512.39      0.00     1.00       0.0000    0.0000
   2100.00      1513.20      0.00     1.00       0.0000    0.0000
   2120.00      1514.04      0.00     1.00       0.0000    0.0000
   2140.00      1514.92      0.00     1.00       0.0000    0.0000
   2160.00      1515.84      0.00     1.00       0.0000    0.0000
   2180.00      1516.80      0.00     1.00       0.0000    0.0000
   2200.00      1517.79      0.00     1.00       0.0000    0.0000
   2220.00      1518.83      0.00     1.00       0.0000    0.0000
   2240.00      1519.92      0.00     1.00       0.0000    0.0000
   2260.00      1521.04      0.00     1.00       0.0000    0.0000
   2280.00      1522.22      0.00     1.00       0.0000    0.0000
   2300.00      1523.44      0.00     1.00       0.0000    0.0000
   2320.00      1524.70      0.00     1.00       0.0000    0.0000
   2340.00      1526.02      0.00     1.00       0.0000    0.0000
   2360.00      1527.39      0.00     1.00       0.0000    0.0000
   2380.00      1528.82      0.00     1.00       0.0000    0.0000
   2400.00      1530.30      0.00     1.00       0.0000    0.0000
   2420.00      1531.83      0.00     1.00       0.0000    0.0000
   2440.00      1533.43      0.00     1.00       0.0000    0.0000
   2460.00      1535.08      0.00     1.00       0.0000    0.0000
   2480.00      1536.80      0.00     1.00       0.0000    0.0000
   2500.00      1538.58      0.00     1.00       0.0000    0.0000
   2520.00      1540.43      0.00     1.00       0.0000    0.0000
   2540.00      1542.35      0.00     1.00       0.0000    0.0000
   2560.00      1544.34      0.00     1.00       0.0000    0.0000
   2580.00      1546.40      0.00     1.00       0.0000    0.0000
   2600.00      1548.53      0.00     1.00       0.0000    0.0000
   2620.00      1550.74      0.00     1.00       0.0000    0.0000
   2640.00      1553.04      0.00     1.00       0.0000    0.0000
   2660.00      1555.41      0.00     1.00       0.0000    0.0000
   2680.00      1557.87      0.00     1.00       0.0000    0.0000
   2700.00      1560.42      0.00     1.00       0.0000    0.0000
   2720.00      1563.05      0.00     1.00       0.0000    0.0000
   2740.00      1565.78      0.00     1.00       0.0000    0.0000
   2760.00      1568.61      0.00     1.00       0.0000    0.0000
   2780.00      1571.53      0.00     1.00       0.0000    0.0000
   2800.00      1574.56      0.00     1.00       0.0000    0.0000
   2820.00      1577.69      0.00     1.00       0.0000    0.0000
   2840.00      1580.93      0.00     1.00       0.0000    0.0000
   2860.00      1584.28      0.00     1.00       0.0000    0.0000
   2880.00      1587.75      0.00     1.00       0.0000    0.0000
   2900.00      1591.34      0.00     1.00       0.0000    0.0000
   2920.00      1595.05      0.00     1.00       0.0000    0.0000
   2940.00      1598.88      0.00     1.00       0.0000    0.0000
   2960.00      1602.85      0.00     1.00       0.0000    0.0000
   2980.00      1606.95      0.00     1.00       0.0000    0.0000
   3000.00      1611.19      0.00     1.00       0.0000    0.0000
   3020.00      1611.43      0.00     1.00       0.0000    0.0000
   3040.00      1611.67      0.00     1.00       0.0000    0.0000
   3060.00      1611.91      0.00     1.00       0.0000    0.0000
   3080.00      1612.15      0.00     1.00       0.0000    0.0000
   3100.00      1612.39      0.00     1.00       0.0000    0.0000
   3120.00      1612.63      0.00     1.00       0.0000    0.0000
   3140.00      1612.87      0.00     1.00       0.0000    0.0000
   3160.00      1613.11      0.00     1.00       0.0000    0.0000
   3180.00      1613.35      0.00     1.00       0.0000    0.0000
   3200.00      1613.59      0.00     1.00       0.0000    0.0000
   3220.00      1613.83      0.00     1.00       0.0000    0.0000
   3240.00      1614.07      0.00     1.00       0.0000    0.0000
   3260.00      1614.31      0.00     1.00       0.0000    0.0000
   3280.00      1614.55      0.00     1.00       0.0000    0.0000
   3300.00      1614.79      0.00     1.00       0.0000    0.0000
   3320.00      1615.03      0.00     1.00       0.0000    0.0000
   3340.00      1615.27      0.00     1.00       0.0000    0.0000
   3360.00      1615.51      0.00     1.00       0.0000    0.0000
   3380.00      1615.75      0.00     1.00       0.0000    0.0000
   3400.00      1615.99      0.00     1.00       0.0000    0.0000
   3420.00      1616.23      0.00     1.00       0.0000    0.0000
   3440.00      1616.47      0.00     1.00       0.0000    0.0000
   3460.00      1616.71      0.00     1.00       0.0000    0.0000
   3480.00      1616.95      0.00     1.00       0.0000    0.0000
   3500.00      1617.19      0.00     1.00       0.0000    0.0000
   3520.00      1617.43      0.00     1.00       0.0000    0.0000
   3540.00      1617.67      0.00     1.00       0.0000    0.0000
   3560.00      1617.91      0.00     1.00       0.0000    0.0000
   3580.00      1618.15      0.00     1.00       0.0000    0.0000
   3600.00      1618.39      0.00     1.00       0.0000    0.0000
   3620.00      1618.63      0.00     1.00       0.0000    0.0000
   3640.00      1618.87      0.00     1.00       0.0000    0.0000
   3660.00      1619.11      0.00     1.00       0.0000    0.0000
   3680.00      1619.35      0.00     1.00       0.0000    0.0000
   3700.00      1619.59      0.00     1.00       0.0000    0.0000
   3720.00      1619.83      0.00     1.00       0.0000    0.0000
   3740.00      1620.07      0.00     1.00       0.0000    0.0000
   3760.00      1620.31      0.00     1.00       0.0000    0.0000
   3780.00      1620.55      0.00     1.00       0.0000    0.0000
   3800.00      1620.79      0.00     1.00       0.0000    0.0000
   3820.00      1621.03      0.00     1.00       0.0000    0.0000
   3840.00      1621.27      0.00     1.00       0.0000    0.0000
   3860.00      1621.51      0.00     1.00       0.0000    0.0000
   3880.00      1621.75      0.00     1.00       0.0000    0.0000
   3900.00      1621.99      0.00     1.00       0.0000    0.0000
   3920.00      1622.23      0.00     1.00       0.0000    0.0000
   3940.00      1622.47      0.00     1.00       0.0000    0.0000
   3960.00      1622.71      0.00     1.00       0.0000    0.0000
   3980.00      1622.95      0.00     1.00       0.0000    0.0000
   4000.00      1623.19      0.00     1.00       0.0000    0.0000
   4020.00      1623.43      0.00     1.00       0.0000    0.0000
   4040.00      1623.67      0.00     1.00       0.0000    0.0000
   4060.00      1623.91      0.00     1.00       0.0000    0.0000
   4080.00      1624.15      0.00     1.00       0.0000    0.0000
   4100.00      1624.39      0.00     1.00       0.0000    0.0000
   4120.00      1624.63      0.00     1.00       0.0000    0.0000
   4140.00      1624.87      0.00     1.00       0.0000    0.0000
   4160.00      1625.11      0.00     1.00       0.0000    0.0000
   4180.00      1625.35      0.00     1.00       0.0000    0.0000
   4200.00      1625.59      0.00     1.00       0.0000    0.0000
   4220.00      1625.83      0.00     1.00       0.0000    0.0000
   4240.00      1626.07      0.00     1.00       0.0000    0.0000
   4260.00      1626.31      0.00     1.00       0.0000    0.0000
   4280.00      1626.55      0.00     1.00       0.0000    0.0000
   4300.00      1626.79      0.00     1.00       0.0000    0.0000
   4320.00      1627.03      0.00     1.00       0.0000    0.0000
   4340.00      1627.27      0.00     1.00       0.0000    0.0000
   4360.00      1627.51      0.00     1.00       0.0000    0.0000
   4380.00      1627.75      0.00     1.00       0.0000    0.0000
   4400.00      1627.99      0.00     1.00       0.0000    0.0000
   4420.00      1628.23      0.00     1.00       0.0000    0.0000
   4440.00      1628.47      0.00     1.00       0.0000    0.0000
   4460.00      1628.71      0.00     1.00       0.0000    0.0000
   4480.00      1628.95      0.00     1.00       0.0000    0.0000
   4500.00      1629.19      0.00     1.00       0.0000    0.0000
   4520.00      1629.43      0.00     1.00       0.0000    0.0000
   4540.00      1629.67      0.00     1.00       0.0000    0.0000
   4560.00      1629.91      0.00     1.00       0.0000    0.0000
   4580.00      1630.15      0.00     1.00       0.0000    0.0000
   4600.00      1630.39      0.00     1.00       0.0000    0.0000
   4620.00      1630.63      0.00     1.00       0.0000    0.0000
   4640.00      1630.87      0.00     1.00       0.0000    0.0000
   4660.00      1631.11      0.00     1.00       0.0000    0.0000
   4680.00      1631.35      0.00     1.00       0.0000    0.0000
   4700.00      1631.59      0.00     1.00       0.0000    0.0000
   4720.00      1631.83      0.00     1.00       0.0000    0.0000
   4740.00      1632.07      0.00     1.00       0.0000    0.0000
   4760.00      1632.31      0.00     1.00       0.0000    0.0000
   4780.00      1632.55      0.00     1.00       0.0000    0.0000
   4800.00      1632.79      0.00     1.00       0.0000    0.0000
   4820.00      1633.03      0.00     1.00       0.0000    0.0000
   4840.00      1633.27      0.00     1.00       0.0000    0.0000
   4860.00      1633.51      0.00     1.00       0.0000    0.0000
   4880.00      1633.75      0.00     1.00       0.0000    0.0000
   4900.00      1633.99      0.00     1.00       0.0000    0.0000
   4920.00      1634.23      0.00     1.00       0.0000    0.0000
   4940.00      1634.47      0.00     1.00       0.0000    0.0000
   4960.00      1634.71      0.00     1.00       0.0000    0.0000
   4980.00      1634.95      0.00     1.00       0.0000    0.0000
   5000.00      1635.19      0.00     1.00       0.0000    0.0000

                                 ( RMS rough =   0.00     )
     Perfectly RIGID

 cLow =   1480.0    m/s      cHigh =   1800.0    m/s
 RMax =    65.000000000000000      km

 __________________________________________________________________________


 Number of source   depths =            1
 Source depths (m)
   200.000    

 Number of receiver depths =           13
 Receiver depths (m)
   180.000       190.000       195.000       198.000       199.000    
   199.500       200.000       200.500       201.000       202.000    
   205.000       210.000       220.000    

 Mesh multiplier   CPU seconds
                --- Number of modes =          638
        1             4.80    s
                --- Number of modes =          638
        2             6.23    s

    I    k (1/m)            alpha (1/m)   Phase Speed (m/s) Group Speed (m/s)
    1  0.8376859481     -0.9178504019E-06   1500.129093       1500.010925    
   22  0.8349657812     -0.9193152091E-06   1505.016241       1500.103732    
   43  0.8323416647     -0.9206848606E-06   1509.761093       1500.353351    
   64  0.8296141996     -0.9230439756E-06   1514.724630       1497.595277    
   85  0.8261356255     -0.9262566062E-06   1521.102616       1493.475256    
  106  0.8220892413     -0.9297812672E-06   1528.589596       1489.446423    
  127  0.8175765305     -0.9336641237E-06   1537.026828       1485.200954    
  148  0.8126506451     -0.9378946538E-06   1546.343523       1480.702593    
  169  0.8073457468     -0.9424690919E-06   1556.504219       1475.928715    
  190  0.8016855983     -0.9473994843E-06   1567.493621       1470.827815    
  211  0.7956879708     -0.9526752523E-06   1579.308859       1465.430949    
  232  0.7893658941     -0.9583080019E-06   1591.957634       1459.710867    
  253  0.7827297388     -0.9642749441E-06   1605.454602       1453.749686    
  274  0.7775161372     -0.9416063168E-06   1616.219910       1534.045360    
  295  0.7745228995     -0.9397154133E-06   1622.465988       1546.183333    
  316  0.7719789146     -0.9382790414E-06   1627.812674       1556.071857    
  337  0.7696788504     -0.9382065943E-06   1632.677136       1560.955319    
  358  0.7674022979     -0.9441548184E-06   1637.520587       1545.755377    
  379  0.7644492692     -0.9514898584E-06   1643.846246       1527.781465    
  400  0.7610237560     -0.9581087101E-06   1651.245512       1513.469102    
  421  0.7572015397     -0.9645500032E-06   1659.580700       1500.827298    
  442  0.7530179016     -0.9713851930E-06   1668.801045       1487.975941    
  463  0.7484931442     -0.9785514750E-06   1678.889207       1475.107446    
  484  0.7436386749     -0.9859307362E-06   1689.848987       1462.583740    
  505  0.7384617628     -0.9937084612E-06   1701.695504       1449.863867    
  526  0.7329655503     -0.1001899520E-05   1714.455831       1436.943690    
  547  0.7271502140     -0.1010538876E-05   1728.167079       1423.771947    
  568  0.7210147956     -0.1019732375E-05   1742.872780       1410.111108    
  589  0.7145556025     -0.1029490889E-05   1758.627400       1396.009847    
  610  0.7077679783     -0.1039834487E-05   1775.492958       1381.497174    
  631  0.7006457740     -0.1050820528E-05   1793.541199       1366.512849    
 _________________________________________________

 KRAKEN- R                                                                       
 End of environmental file
