 _________________________________________________

 KRAKEN- E2_ESTD                                                                 
 Frequency =   250.0    Hz
 NMedia    =   1


     C-Linear approximation to SSP
     Attenuation units: dB/wavelength
     THORP attenuation added
     VACUUM


   z (m)     alphaR (m/s)   betaR  rho (g/cm^3)  alphaI     betaI


       ( # mesh points = 80001  RMS rough =   0.00     )
      0.00      1512.57      0.00     1.00       0.0000    0.0000
     20.00      1512.28      0.00     1.00       0.0000    0.0000
     40.00      1511.99      0.00     1.00       0.0000    0.0000
     60.00      1511.70      0.00     1.00       0.0000    0.0000
     80.00      1511.41      0.00     1.00       0.0000    0.0000
    100.00      1511.12      0.00     1.00       0.0000    0.0000
    120.00      1510.83      0.00     1.00       0.0000    0.0000
    140.00      1510.55      0.00     1.00       0.0000    0.0000
    160.00      1510.27      0.00     1.00       0.0000    0.0000
    180.00      1509.99      0.00     1.00       0.0000    0.0000
    200.00      1509.71      0.00     1.00       0.0000    0.0000
    220.00      1509.43      0.00     1.00       0.0000    0.0000
    240.00      1509.16      0.00     1.00       0.0000    0.0000
    260.00      1508.88      0.00     1.00       0.0000    0.0000
    280.00      1508.61      0.00     1.00       0.0000    0.0000
    300.00      1508.35      0.00     1.00       0.0000    0.0000
    320.00      1508.08      0.00     1.00       0.0000    0.0000
    340.00      1507.82      0.00     1.00       0.0000    0.0000
    360.00      1507.56      0.00     1.00       0.0000    0.0000
    380.00      1507.30      0.00     1.00       0.0000    0.0000
    400.00      1507.04      0.00     1.00       0.0000    0.0000
    420.00      1506.79      0.00     1.00       0.0000    0.0000
    440.00      1506.54      0.00     1.00       0.0000    0.0000
    460.00      1506.29      0.00     1.00       0.0000    0.0000
    480.00      1506.04      0.00     1.00       0.0000    0.0000
    500.00      1505.80      0.00     1.00       0.0000    0.0000
    520.00      1505.56      0.00     1.00       0.0000    0.0000
    540.00      1505.32      0.00     1.00       0.0000    0.0000
    560.00      1505.09      0.00     1.00       0.0000    0.0000
    580.00      1504.86      0.00     1.00       0.0000    0.0000
    600.00      1504.64      0.00     1.00       0.0000    0.0000
    620.00      1504.41      0.00     1.00       0.0000    0.0000
    640.00      1504.19      0.00     1.00       0.0000    0.0000
    660.00      1503.98      0.00     1.00       0.0000    0.0000
    680.00      1503.77      0.00     1.00       0.0000    0.0000
    700.00      1503.56      0.00     1.00       0.0000    0.0000
    720.00      1503.36      0.00     1.00       0.0000    0.0000
    740.00      1503.16      0.00     1.00       0.0000    0.0000
    760.00      1502.97      0.00     1.00       0.0000    0.0000
    780.00      1502.78      0.00     1.00       0.0000    0.0000
    800.00      1502.59      0.00     1.00       0.0000    0.0000
    820.00      1502.41      0.00     1.00       0.0000    0.0000
    840.00      1502.24      0.00     1.00       0.0000    0.0000
    860.00      1502.07      0.00     1.00       0.0000    0.0000
    880.00      1501.90      0.00     1.00       0.0000    0.0000
    900.00      1501.74      0.00     1.00       0.0000    0.0000
    920.00      1501.59      0.00     1.00       0.0000    0.0000
    940.00      1501.44      0.00     1.00       0.0000    0.0000
    960.00      1501.30      0.00     1.00       0.0000    0.0000
    980.00      1501.16      0.00     1.00       0.0000    0.0000
   1000.00      1501.04      0.00     1.00       0.0000    0.0000
   1020.00      1500.91      0.00     1.00       0.0000    0.0000
   1040.00      1500.80      0.00     1.00       0.0000    0.0000
   1060.00      1500.69      0.00     1.00       0.0000    0.0000
   1080.00      1500.59      0.00     1.00       0.0000    0.0000
   1100.00      1500.49      0.00     1.00       0.0000    0.0000
   1120.00      1500.41      0.00     1.00       0.0000    0.0000
   1140.00      1500.33      0.00     1.00       0.0000    0.0000
   1160.00      1500.26      0.00     1.00       0.0000    0.0000
   1180.00      1500.20      0.00     1.00       0.0000    0.0000
   1200.00      1500.14      0.00     1.00       0.0000    0.0000
   1220.00      1500.10      0.00     1.00       0.0000    0.0000
   1240.00      1500.07      0.00     1.00       0.0000    0.0000
   1260.00      1500.04      0.00     1.00       0.0000    0.0000
   1280.00      1500.03      0.00     1.00       0.0000    0.0000
   1300.00      1500.02      0.00     1.00       0.0000    0.0000
   1320.00      1500.03      0.00     1.00       0.0000    0.0000
   1340.00      1500.04      0.00     1.00       0.0000    0.0000
   1360.00      1500.07      0.00     1.00       0.0000    0.0000
   1380.00      1500.11      0.00     1.00       0.0000    0.0000
   1400.00      1500.16      0.00     1.00       0.0000    0.0000
   1420.00      1500.22      0.00     1.00       0.0000    0.0000
   1440.00      1500.30      0.00     1.00       0.0000    0.0000
   1460.00      1500.38      0.00     1.00       0.0000    0.0000
   1480.00      1500.49      0.00     1.00       0.0000    0.0000
   1500.00      1500.60      0.00     1.00       0.0000    0.0000
   1520.00      1500.73      0.00     1.00       0.0000    0.0000
   1540.00      1500.88      0.00     1.00       0.0000    0.0000
   1560.00      1501.04      0.00     1.00       0.0000    0.0000
   1580.00      1501.21      0.00     1.00       0.0000    0.0000
   1600.00      1501.40      0.00     1.00       0.0000    0.0000
   1620.00      1501.61      0.00     1.00       0.0000    0.0000
   1640.00      1501.83      0.00     1.00       0.0000    0.0000
   1660.00      1502.08      0.00     1.00       0.0000    0.0000
   1680.00      1502.34      0.00     1.00       0.0000    0.0000
   1700.00      1502.62      0.00     1.00       0.0000    0.0000
   1720.00      1502.92      0.00     1.00       0.0000    0.0000
   1740.00      1503.24      0.00     1.00       0.0000    0.0000
   1760.00      1503.58      0.00     1.00       0.0000    0.0000
   1780.00      1503.94      0.00     1.00       0.0000    0.0000
   1800.00      1504.32      0.00     1.00       0.0000    0.0000
   1820.00      1504.72      0.00     1.00       0.0000    0.0000
   1840.00      1505.15      0.00     1.00       0.0000    0.0000
   1860.00      1505.61      0.00     1.00       0.0000    0.0000
   1880.00      1506.08      0.00     1.00       0.0000    0.0000
   1900.00      1506.59      0.00     1.00       0.0000    0.0000
   1920.00      1507.12      0.00     1.00       0.0000    0.0000
   1940.00      1507.67      0.00     1.00       0.0000    0.0000
   1960.00      1508.26      0.00     1.00       0.0000    0.0000
   1980.00      1508.87      0.00     1.00       0.0000    0.0000
   2000.00      1509.51      0.00     1.00       0.0000    0.0000
   2020.00      1510.19      0.00     1.00       0.0000    0.0000
   2040.00      1510.89      0.00     1.00       0.0000    0.0000
   2060.00      1511.63      0.00     1.00       0.0000    0.0000
   2080.00      1512.40      0.00     1.00       0.0000    0.0000
   2100.00      1513.21      0.00     1.00       0.0000    0.0000
   2120.00      1514.05      0.00     1.00       0.0000    0.0000
   2140.00      1514.93      0.00     1.00       0.0000    0.0000
   2160.00      1515.85      0.00     1.00       0.0000    0.0000
   2180.00      1516.81      0.00     1.00       0.0000    0.0000
   2200.00      1517.80      0.00     1.00       0.0000    0.0000
   2220.00      1518.84      0.00     1.00       0.0000    0.0000
   2240.00      1519.93      0.00     1.00       0.0000    0.0000
   2260.00      1521.05      0.00     1.00       0.0000    0.0000
   2280.00      1522.23      0.00     1.00       0.0000    0.0000
   2300.00      1523.45      0.00     1.00       0.0000    0.0000
   2320.00      1524.71      0.00     1.00       0.0000    0.0000
   2340.00      1526.03      0.00     1.00       0.0000    0.0000
   2360.00      1527.40      0.00     1.00       0.0000    0.0000
   2380.00      1528.83      0.00     1.00       0.0000    0.0000
   2400.00      1530.31      0.00     1.00       0.0000    0.0000
   2420.00      1531.84      0.00     1.00       0.0000    0.0000
   2440.00      1533.44      0.00     1.00       0.0000    0.0000
   2460.00      1535.09      0.00     1.00       0.0000    0.0000
   2480.00      1536.81      0.00     1.00       0.0000    0.0000
   2500.00      1538.59      0.00     1.00       0.0000    0.0000
   2520.00      1540.44      0.00     1.00       0.0000    0.0000
   2540.00      1542.36      0.00     1.00       0.0000    0.0000
   2560.00      1544.35      0.00     1.00       0.0000    0.0000
   2580.00      1546.41      0.00     1.00       0.0000    0.0000
   2600.00      1548.54      0.00     1.00       0.0000    0.0000
   2620.00      1550.75      0.00     1.00       0.0000    0.0000
   2640.00      1553.05      0.00     1.00       0.0000    0.0000
   2660.00      1555.42      0.00     1.00       0.0000    0.0000
   2680.00      1557.88      0.00     1.00       0.0000    0.0000
   2700.00      1560.43      0.00     1.00       0.0000    0.0000
   2720.00      1563.06      0.00     1.00       0.0000    0.0000
   2740.00      1565.79      0.00     1.00       0.0000    0.0000
   2760.00      1568.62      0.00     1.00       0.0000    0.0000
   2780.00      1571.54      0.00     1.00       0.0000    0.0000
   2800.00      1574.57      0.00     1.00       0.0000    0.0000
   2820.00      1577.70      0.00     1.00       0.0000    0.0000
   2840.00      1580.94      0.00     1.00       0.0000    0.0000
   2860.00      1584.29      0.00     1.00       0.0000    0.0000
   2880.00      1587.76      0.00     1.00       0.0000    0.0000
   2900.00      1591.35      0.00     1.00       0.0000    0.0000
   2920.00      1595.06      0.00     1.00       0.0000    0.0000
   2940.00      1598.89      0.00     1.00       0.0000    0.0000
   2960.00      1602.86      0.00     1.00       0.0000    0.0000
   2980.00      1606.96      0.00     1.00       0.0000    0.0000
   3000.00      1611.20      0.00     1.00       0.0000    0.0000
   3020.00      1611.44      0.00     1.00       0.0000    0.0000
   3040.00      1611.68      0.00     1.00       0.0000    0.0000
   3060.00      1611.92      0.00     1.00       0.0000    0.0000
   3080.00      1612.16      0.00     1.00       0.0000    0.0000
   3100.00      1612.40      0.00     1.00       0.0000    0.0000
   3120.00      1612.64      0.00     1.00       0.0000    0.0000
   3140.00      1612.88      0.00     1.00       0.0000    0.0000
   3160.00      1613.12      0.00     1.00       0.0000    0.0000
   3180.00      1613.36      0.00     1.00       0.0000    0.0000
   3200.00      1613.60      0.00     1.00       0.0000    0.0000
   3220.00      1613.84      0.00     1.00       0.0000    0.0000
   3240.00      1614.08      0.00     1.00       0.0000    0.0000
   3260.00      1614.32      0.00     1.00       0.0000    0.0000
   3280.00      1614.56      0.00     1.00       0.0000    0.0000
   3300.00      1614.80      0.00     1.00       0.0000    0.0000
   3320.00      1615.04      0.00     1.00       0.0000    0.0000
   3340.00      1615.28      0.00     1.00       0.0000    0.0000
   3360.00      1615.52      0.00     1.00       0.0000    0.0000
   3380.00      1615.76      0.00     1.00       0.0000    0.0000
   3400.00      1616.00      0.00     1.00       0.0000    0.0000
   3420.00      1616.24      0.00     1.00       0.0000    0.0000
   3440.00      1616.48      0.00     1.00       0.0000    0.0000
   3460.00      1616.72      0.00     1.00       0.0000    0.0000
   3480.00      1616.96      0.00     1.00       0.0000    0.0000
   3500.00      1617.20      0.00     1.00       0.0000    0.0000
   3520.00      1617.44      0.00     1.00       0.0000    0.0000
   3540.00      1617.68      0.00     1.00       0.0000    0.0000
   3560.00      1617.92      0.00     1.00       0.0000    0.0000
   3580.00      1618.16      0.00     1.00       0.0000    0.0000
   3600.00      1618.40      0.00     1.00       0.0000    0.0000
   3620.00      1618.64      0.00     1.00       0.0000    0.0000
   3640.00      1618.88      0.00     1.00       0.0000    0.0000
   3660.00      1619.12      0.00     1.00       0.0000    0.0000
   3680.00      1619.36      0.00     1.00       0.0000    0.0000
   3700.00      1619.60      0.00     1.00       0.0000    0.0000
   3720.00      1619.84      0.00     1.00       0.0000    0.0000
   3740.00      1620.08      0.00     1.00       0.0000    0.0000
   3760.00      1620.32      0.00     1.00       0.0000    0.0000
   3780.00      1620.56      0.00     1.00       0.0000    0.0000
   3800.00      1620.80      0.00     1.00       0.0000    0.0000
   3820.00      1621.04      0.00     1.00       0.0000    0.0000
   3840.00      1621.28      0.00     1.00       0.0000    0.0000
   3860.00      1621.52      0.00     1.00       0.0000    0.0000
   3880.00      1621.76      0.00     1.00       0.0000    0.0000
   3900.00      1622.00      0.00     1.00       0.0000    0.0000
   3920.00      1622.24      0.00     1.00       0.0000    0.0000
   3940.00      1622.48      0.00     1.00       0.0000    0.0000
   3960.00      1622.72      0.00     1.00       0.0000    0.0000
   3980.00      1622.96      0.00     1.00       0.0000    0.0000
   4000.00      1623.20      0.00     1.00       0.0000    0.0000
   4020.00      1623.44      0.00     1.00       0.0000    0.0000
   4040.00      1623.68      0.00     1.00       0.0000    0.0000
   4060.00      1623.92      0.00     1.00       0.0000    0.0000
   4080.00      1624.16      0.00     1.00       0.0000    0.0000
   4100.00      1624.40      0.00     1.00       0.0000    0.0000
   4120.00      1624.64      0.00     1.00       0.0000    0.0000
   4140.00      1624.88      0.00     1.00       0.0000    0.0000
   4160.00      1625.12      0.00     1.00       0.0000    0.0000
   4180.00      1625.36      0.00     1.00       0.0000    0.0000
   4200.00      1625.60      0.00     1.00       0.0000    0.0000
   4220.00      1625.84      0.00     1.00       0.0000    0.0000
   4240.00      1626.08      0.00     1.00       0.0000    0.0000
   4260.00      1626.32      0.00     1.00       0.0000    0.0000
   4280.00      1626.56      0.00     1.00       0.0000    0.0000
   4300.00      1626.80      0.00     1.00       0.0000    0.0000
   4320.00      1627.04      0.00     1.00       0.0000    0.0000
   4340.00      1627.28      0.00     1.00       0.0000    0.0000
   4360.00      1627.52      0.00     1.00       0.0000    0.0000
   4380.00      1627.76      0.00     1.00       0.0000    0.0000
   4400.00      1628.00      0.00     1.00       0.0000    0.0000
   4420.00      1628.24      0.00     1.00       0.0000    0.0000
   4440.00      1628.48      0.00     1.00       0.0000    0.0000
   4460.00      1628.72      0.00     1.00       0.0000    0.0000
   4480.00      1628.96      0.00     1.00       0.0000    0.0000
   4500.00      1629.20      0.00     1.00       0.0000    0.0000
   4520.00      1629.44      0.00     1.00       0.0000    0.0000
   4540.00      1629.68      0.00     1.00       0.0000    0.0000
   4560.00      1629.92      0.00     1.00       0.0000    0.0000
   4580.00      1630.16      0.00     1.00       0.0000    0.0000
   4600.00      1630.40      0.00     1.00       0.0000    0.0000
   4620.00      1630.64      0.00     1.00       0.0000    0.0000
   4640.00      1630.88      0.00     1.00       0.0000    0.0000
   4660.00      1631.12      0.00     1.00       0.0000    0.0000
   4680.00      1631.36      0.00     1.00       0.0000    0.0000
   4700.00      1631.60      0.00     1.00       0.0000    0.0000
   4720.00      1631.84      0.00     1.00       0.0000    0.0000
   4740.00      1632.08      0.00     1.00       0.0000    0.0000
   4760.00      1632.32      0.00     1.00       0.0000    0.0000
   4780.00      1632.56      0.00     1.00       0.0000    0.0000
   4800.00      1632.80      0.00     1.00       0.0000    0.0000
   4820.00      1633.04      0.00     1.00       0.0000    0.0000
   4840.00      1633.28      0.00     1.00       0.0000    0.0000
   4860.00      1633.52      0.00     1.00       0.0000    0.0000
   4880.00      1633.76      0.00     1.00       0.0000    0.0000
   4900.00      1634.00      0.00     1.00       0.0000    0.0000
   4920.00      1634.24      0.00     1.00       0.0000    0.0000
   4940.00      1634.48      0.00     1.00       0.0000    0.0000
   4960.00      1634.72      0.00     1.00       0.0000    0.0000
   4980.00      1634.96      0.00     1.00       0.0000    0.0000
   5000.00      1635.20      0.00     1.00       0.0000    0.0000

                                 ( RMS rough =   0.00     )
     Perfectly RIGID

 cLow =   1490.0    m/s      cHigh =   1800.0    m/s
 RMax =    65.000000000000000      km

 __________________________________________________________________________


 Number of source   depths =            1
 Source depths (m)
   200.000    

 Number of receiver depths =           13
 Receiver depths (m)
   180.000       190.000       195.000       198.000       199.000    
   199.500       200.000       200.500       201.000       202.000    
   205.000       210.000       220.000    

 Mesh multiplier   CPU seconds
                --- Number of modes =          797
        1             2.64    s
                --- Number of modes =          797
        2             2.78    s

    I    k (1/m)            alpha (1/m)   Phase Speed (m/s) Group Speed (m/s)
    1   1.047116953     -0.1204296824E-05   1500.115457       1500.020910    
   27   1.043747963     -0.1206201752E-05   1504.957501       1500.111202    
   53   1.040496911     -0.1207983940E-05   1509.659770       1500.355792    
   79   1.037149306     -0.1210971593E-05   1514.532496       1497.774510    
  105   1.032875952     -0.1215138093E-05   1520.798624       1493.664140    
  131   1.027897327     -0.1219697306E-05   1528.164619       1489.677316    
  157   1.022342379     -0.1224707950E-05   1536.467977       1485.506451    
  183   1.016277434     -0.1230184428E-05   1545.637318       1481.046479    
  209   1.009745087     -0.1236101484E-05   1555.636514       1476.323456    
  235   1.002775029     -0.1242454154E-05   1566.449384       1471.333579    
  261  0.9953893319     -0.1249268257E-05   1578.072294       1466.013332    
  287  0.9876042832     -0.1256536582E-05   1590.511861       1460.387235    
  313  0.9794326841     -0.1264285014E-05   1603.781814       1454.410170    
  339  0.9724629878     -0.1241103412E-05   1615.276207       1519.225536    
  365  0.9686299043     -0.1232638687E-05   1621.668214       1546.334668    
  391  0.9654213792     -0.1232004573E-05   1627.057739       1553.063794    
  417  0.9625349860     -0.1230871401E-05   1631.936864       1560.622142    
  443  0.9597888417     -0.1236639073E-05   1636.606156       1550.388715    
  469  0.9562524800     -0.1246722028E-05   1642.658565       1530.919469    
  495  0.9521077336     -0.1255247569E-05   1649.809440       1516.706706    
  521  0.9474646848     -0.1264081287E-05   1657.894328       1502.866795    
  547  0.9423720688     -0.1272832714E-05   1666.853654       1490.256689    
  573  0.9368565858     -0.1281856037E-05   1676.666793       1477.984017    
  599  0.9309348637     -0.1291374987E-05   1687.332152       1465.527246    
  625  0.9246161833     -0.1301402538E-05   1698.863112       1452.883674    
  651  0.9179049747     -0.1311905151E-05   1711.284251       1440.163059    
  677  0.9108029981     -0.1323003774E-05   1724.627971       1427.140938    
  703  0.9033088358     -0.1334788246E-05   1738.936081       1413.683304    
  729  0.8954191362     -0.1347245131E-05   1754.258161       1399.888848    
  755  0.8871282730     -0.1360438216E-05   1770.652987       1385.700686    
  781  0.8784295469     -0.1374477508E-05   1788.187035       1370.982361    
 _________________________________________________

 KRAKEN- R                                                                       
 End of environmental file
