 _________________________________________________

 KRAKEN- E2_ESTD                                                                 
 Frequency =   250.0    Hz
 NMedia    =   1


     C-Linear approximation to SSP
     Attenuation units: dB/wavelength
     THORP attenuation added
     VACUUM


   z (m)     alphaR (m/s)   betaR  rho (g/cm^3)  alphaI     betaI


       ( # mesh points = *****  RMS rough =   0.00     )
      0.00      1512.54      0.00     1.00       0.0000    0.0000
     20.00      1512.25      0.00     1.00       0.0000    0.0000
     40.00      1511.96      0.00     1.00       0.0000    0.0000
     60.00      1511.67      0.00     1.00       0.0000    0.0000
     80.00      1511.38      0.00     1.00       0.0000    0.0000
    100.00      1511.09      0.00     1.00       0.0000    0.0000
    120.00      1510.80      0.00     1.00       0.0000    0.0000
    140.00      1510.52      0.00     1.00       0.0000    0.0000
    160.00      1510.24      0.00     1.00       0.0000    0.0000
    180.00      1509.96      0.00     1.00       0.0000    0.0000
    200.00      1509.68      0.00     1.00       0.0000    0.0000
    220.00      1509.40      0.00     1.00       0.0000    0.0000
    240.00      1509.13      0.00     1.00       0.0000    0.0000
    260.00      1508.86      0.00     1.00       0.0000    0.0000
    280.00      1508.58      0.00     1.00       0.0000    0.0000
    300.00      1508.32      0.00     1.00       0.0000    0.0000
    320.00      1508.05      0.00     1.00       0.0000    0.0000
    340.00      1507.79      0.00     1.00       0.0000    0.0000
    360.00      1507.53      0.00     1.00       0.0000    0.0000
    380.00      1507.27      0.00     1.00       0.0000    0.0000
    400.00      1507.01      0.00     1.00       0.0000    0.0000
    420.00      1506.76      0.00     1.00       0.0000    0.0000
    440.00      1506.51      0.00     1.00       0.0000    0.0000
    460.00      1506.26      0.00     1.00       0.0000    0.0000
    480.00      1506.01      0.00     1.00       0.0000    0.0000
    500.00      1505.77      0.00     1.00       0.0000    0.0000
    520.00      1505.53      0.00     1.00       0.0000    0.0000
    540.00      1505.29      0.00     1.00       0.0000    0.0000
    560.00      1505.06      0.00     1.00       0.0000    0.0000
    580.00      1504.83      0.00     1.00       0.0000    0.0000
    600.00      1504.61      0.00     1.00       0.0000    0.0000
    620.00      1504.38      0.00     1.00       0.0000    0.0000
    640.00      1504.16      0.00     1.00       0.0000    0.0000
    660.00      1503.95      0.00     1.00       0.0000    0.0000
    680.00      1503.74      0.00     1.00       0.0000    0.0000
    700.00      1503.53      0.00     1.00       0.0000    0.0000
    720.00      1503.33      0.00     1.00       0.0000    0.0000
    740.00      1503.13      0.00     1.00       0.0000    0.0000
    760.00      1502.94      0.00     1.00       0.0000    0.0000
    780.00      1502.75      0.00     1.00       0.0000    0.0000
    800.00      1502.56      0.00     1.00       0.0000    0.0000
    820.00      1502.38      0.00     1.00       0.0000    0.0000
    840.00      1502.21      0.00     1.00       0.0000    0.0000
    860.00      1502.04      0.00     1.00       0.0000    0.0000
    880.00      1501.87      0.00     1.00       0.0000    0.0000
    900.00      1501.71      0.00     1.00       0.0000    0.0000
    920.00      1501.56      0.00     1.00       0.0000    0.0000
    940.00      1501.41      0.00     1.00       0.0000    0.0000
    960.00      1501.27      0.00     1.00       0.0000    0.0000
    980.00      1501.13      0.00     1.00       0.0000    0.0000
   1000.00      1501.01      0.00     1.00       0.0000    0.0000
   1020.00      1500.88      0.00     1.00       0.0000    0.0000
   1040.00      1500.77      0.00     1.00       0.0000    0.0000
   1060.00      1500.66      0.00     1.00       0.0000    0.0000
   1080.00      1500.56      0.00     1.00       0.0000    0.0000
   1100.00      1500.46      0.00     1.00       0.0000    0.0000
   1120.00      1500.38      0.00     1.00       0.0000    0.0000
   1140.00      1500.30      0.00     1.00       0.0000    0.0000
   1160.00      1500.23      0.00     1.00       0.0000    0.0000
   1180.00      1500.17      0.00     1.00       0.0000    0.0000
   1200.00      1500.11      0.00     1.00       0.0000    0.0000
   1220.00      1500.07      0.00     1.00       0.0000    0.0000
   1240.00      1500.04      0.00     1.00       0.0000    0.0000
   1260.00      1500.01      0.00     1.00       0.0000    0.0000
   1280.00      1500.00      0.00     1.00       0.0000    0.0000
   1300.00      1499.99      0.00     1.00       0.0000    0.0000
   1320.00      1500.00      0.00     1.00       0.0000    0.0000
   1340.00      1500.01      0.00     1.00       0.0000    0.0000
   1360.00      1500.04      0.00     1.00       0.0000    0.0000
   1380.00      1500.08      0.00     1.00       0.0000    0.0000
   1400.00      1500.13      0.00     1.00       0.0000    0.0000
   1420.00      1500.19      0.00     1.00       0.0000    0.0000
   1440.00      1500.27      0.00     1.00       0.0000    0.0000
   1460.00      1500.35      0.00     1.00       0.0000    0.0000
   1480.00      1500.46      0.00     1.00       0.0000    0.0000
   1500.00      1500.57      0.00     1.00       0.0000    0.0000
   1520.00      1500.70      0.00     1.00       0.0000    0.0000
   1540.00      1500.85      0.00     1.00       0.0000    0.0000
   1560.00      1501.01      0.00     1.00       0.0000    0.0000
   1580.00      1501.18      0.00     1.00       0.0000    0.0000
   1600.00      1501.37      0.00     1.00       0.0000    0.0000
   1620.00      1501.58      0.00     1.00       0.0000    0.0000
   1640.00      1501.80      0.00     1.00       0.0000    0.0000
   1660.00      1502.05      0.00     1.00       0.0000    0.0000
   1680.00      1502.31      0.00     1.00       0.0000    0.0000
   1700.00      1502.59      0.00     1.00       0.0000    0.0000
   1720.00      1502.89      0.00     1.00       0.0000    0.0000
   1740.00      1503.21      0.00     1.00       0.0000    0.0000
   1760.00      1503.55      0.00     1.00       0.0000    0.0000
   1780.00      1503.91      0.00     1.00       0.0000    0.0000
   1800.00      1504.29      0.00     1.00       0.0000    0.0000
   1820.00      1504.69      0.00     1.00       0.0000    0.0000
   1840.00      1505.12      0.00     1.00       0.0000    0.0000
   1860.00      1505.58      0.00     1.00       0.0000    0.0000
   1880.00      1506.05      0.00     1.00       0.0000    0.0000
   1900.00      1506.56      0.00     1.00       0.0000    0.0000
   1920.00      1507.09      0.00     1.00       0.0000    0.0000
   1940.00      1507.64      0.00     1.00       0.0000    0.0000
   1960.00      1508.23      0.00     1.00       0.0000    0.0000
   1980.00      1508.84      0.00     1.00       0.0000    0.0000
   2000.00      1509.48      0.00     1.00       0.0000    0.0000
   2020.00      1510.16      0.00     1.00       0.0000    0.0000
   2040.00      1510.86      0.00     1.00       0.0000    0.0000
   2060.00      1511.60      0.00     1.00       0.0000    0.0000
   2080.00      1512.37      0.00     1.00       0.0000    0.0000
   2100.00      1513.18      0.00     1.00       0.0000    0.0000
   2120.00      1514.02      0.00     1.00       0.0000    0.0000
   2140.00      1514.90      0.00     1.00       0.0000    0.0000
   2160.00      1515.82      0.00     1.00       0.0000    0.0000
   2180.00      1516.78      0.00     1.00       0.0000    0.0000
   2200.00      1517.77      0.00     1.00       0.0000    0.0000
   2220.00      1518.81      0.00     1.00       0.0000    0.0000
   2240.00      1519.90      0.00     1.00       0.0000    0.0000
   2260.00      1521.02      0.00     1.00       0.0000    0.0000
   2280.00      1522.20      0.00     1.00       0.0000    0.0000
   2300.00      1523.42      0.00     1.00       0.0000    0.0000
   2320.00      1524.68      0.00     1.00       0.0000    0.0000
   2340.00      1526.00      0.00     1.00       0.0000    0.0000
   2360.00      1527.37      0.00     1.00       0.0000    0.0000
   2380.00      1528.80      0.00     1.00       0.0000    0.0000
   2400.00      1530.28      0.00     1.00       0.0000    0.0000
   2420.00      1531.81      0.00     1.00       0.0000    0.0000
   2440.00      1533.41      0.00     1.00       0.0000    0.0000
   2460.00      1535.06      0.00     1.00       0.0000    0.0000
   2480.00      1536.78      0.00     1.00       0.0000    0.0000
   2500.00      1538.56      0.00     1.00       0.0000    0.0000
   2520.00      1540.41      0.00     1.00       0.0000    0.0000
   2540.00      1542.33      0.00     1.00       0.0000    0.0000
   2560.00      1544.32      0.00     1.00       0.0000    0.0000
   2580.00      1546.38      0.00     1.00       0.0000    0.0000
   2600.00      1548.51      0.00     1.00       0.0000    0.0000
   2620.00      1550.72      0.00     1.00       0.0000    0.0000
   2640.00      1553.02      0.00     1.00       0.0000    0.0000
   2660.00      1555.39      0.00     1.00       0.0000    0.0000
   2680.00      1557.85      0.00     1.00       0.0000    0.0000
   2700.00      1560.40      0.00     1.00       0.0000    0.0000
   2720.00      1563.03      0.00     1.00       0.0000    0.0000
   2740.00      1565.76      0.00     1.00       0.0000    0.0000
   2760.00      1568.59      0.00     1.00       0.0000    0.0000
   2780.00      1571.51      0.00     1.00       0.0000    0.0000
   2800.00      1574.54      0.00     1.00       0.0000    0.0000
   2820.00      1577.67      0.00     1.00       0.0000    0.0000
   2840.00      1580.91      0.00     1.00       0.0000    0.0000
   2860.00      1584.26      0.00     1.00       0.0000    0.0000
   2880.00      1587.73      0.00     1.00       0.0000    0.0000
   2900.00      1591.32      0.00     1.00       0.0000    0.0000
   2920.00      1595.03      0.00     1.00       0.0000    0.0000
   2940.00      1598.86      0.00     1.00       0.0000    0.0000
   2960.00      1602.83      0.00     1.00       0.0000    0.0000
   2980.00      1606.93      0.00     1.00       0.0000    0.0000
   3000.00      1611.17      0.00     1.00       0.0000    0.0000
   3020.00      1611.41      0.00     1.00       0.0000    0.0000
   3040.00      1611.65      0.00     1.00       0.0000    0.0000
   3060.00      1611.89      0.00     1.00       0.0000    0.0000
   3080.00      1612.13      0.00     1.00       0.0000    0.0000
   3100.00      1612.37      0.00     1.00       0.0000    0.0000
   3120.00      1612.61      0.00     1.00       0.0000    0.0000
   3140.00      1612.85      0.00     1.00       0.0000    0.0000
   3160.00      1613.09      0.00     1.00       0.0000    0.0000
   3180.00      1613.33      0.00     1.00       0.0000    0.0000
   3200.00      1613.57      0.00     1.00       0.0000    0.0000
   3220.00      1613.81      0.00     1.00       0.0000    0.0000
   3240.00      1614.05      0.00     1.00       0.0000    0.0000
   3260.00      1614.29      0.00     1.00       0.0000    0.0000
   3280.00      1614.53      0.00     1.00       0.0000    0.0000
   3300.00      1614.77      0.00     1.00       0.0000    0.0000
   3320.00      1615.01      0.00     1.00       0.0000    0.0000
   3340.00      1615.25      0.00     1.00       0.0000    0.0000
   3360.00      1615.49      0.00     1.00       0.0000    0.0000
   3380.00      1615.73      0.00     1.00       0.0000    0.0000
   3400.00      1615.97      0.00     1.00       0.0000    0.0000
   3420.00      1616.21      0.00     1.00       0.0000    0.0000
   3440.00      1616.45      0.00     1.00       0.0000    0.0000
   3460.00      1616.69      0.00     1.00       0.0000    0.0000
   3480.00      1616.93      0.00     1.00       0.0000    0.0000
   3500.00      1617.17      0.00     1.00       0.0000    0.0000
   3520.00      1617.41      0.00     1.00       0.0000    0.0000
   3540.00      1617.65      0.00     1.00       0.0000    0.0000
   3560.00      1617.89      0.00     1.00       0.0000    0.0000
   3580.00      1618.13      0.00     1.00       0.0000    0.0000
   3600.00      1618.37      0.00     1.00       0.0000    0.0000
   3620.00      1618.61      0.00     1.00       0.0000    0.0000
   3640.00      1618.85      0.00     1.00       0.0000    0.0000
   3660.00      1619.09      0.00     1.00       0.0000    0.0000
   3680.00      1619.33      0.00     1.00       0.0000    0.0000
   3700.00      1619.57      0.00     1.00       0.0000    0.0000
   3720.00      1619.81      0.00     1.00       0.0000    0.0000
   3740.00      1620.05      0.00     1.00       0.0000    0.0000
   3760.00      1620.29      0.00     1.00       0.0000    0.0000
   3780.00      1620.53      0.00     1.00       0.0000    0.0000
   3800.00      1620.77      0.00     1.00       0.0000    0.0000
   3820.00      1621.01      0.00     1.00       0.0000    0.0000
   3840.00      1621.25      0.00     1.00       0.0000    0.0000
   3860.00      1621.49      0.00     1.00       0.0000    0.0000
   3880.00      1621.73      0.00     1.00       0.0000    0.0000
   3900.00      1621.97      0.00     1.00       0.0000    0.0000
   3920.00      1622.21      0.00     1.00       0.0000    0.0000
   3940.00      1622.45      0.00     1.00       0.0000    0.0000
   3960.00      1622.69      0.00     1.00       0.0000    0.0000
   3980.00      1622.93      0.00     1.00       0.0000    0.0000
   4000.00      1623.17      0.00     1.00       0.0000    0.0000
   4020.00      1623.41      0.00     1.00       0.0000    0.0000
   4040.00      1623.65      0.00     1.00       0.0000    0.0000
   4060.00      1623.89      0.00     1.00       0.0000    0.0000
   4080.00      1624.13      0.00     1.00       0.0000    0.0000
   4100.00      1624.37      0.00     1.00       0.0000    0.0000
   4120.00      1624.61      0.00     1.00       0.0000    0.0000
   4140.00      1624.85      0.00     1.00       0.0000    0.0000
   4160.00      1625.09      0.00     1.00       0.0000    0.0000
   4180.00      1625.33      0.00     1.00       0.0000    0.0000
   4200.00      1625.57      0.00     1.00       0.0000    0.0000
   4220.00      1625.81      0.00     1.00       0.0000    0.0000
   4240.00      1626.05      0.00     1.00       0.0000    0.0000
   4260.00      1626.29      0.00     1.00       0.0000    0.0000
   4280.00      1626.53      0.00     1.00       0.0000    0.0000
   4300.00      1626.77      0.00     1.00       0.0000    0.0000
   4320.00      1627.01      0.00     1.00       0.0000    0.0000
   4340.00      1627.25      0.00     1.00       0.0000    0.0000
   4360.00      1627.49      0.00     1.00       0.0000    0.0000
   4380.00      1627.73      0.00     1.00       0.0000    0.0000
   4400.00      1627.97      0.00     1.00       0.0000    0.0000
   4420.00      1628.21      0.00     1.00       0.0000    0.0000
   4440.00      1628.45      0.00     1.00       0.0000    0.0000
   4460.00      1628.69      0.00     1.00       0.0000    0.0000
   4480.00      1628.93      0.00     1.00       0.0000    0.0000
   4500.00      1629.17      0.00     1.00       0.0000    0.0000
   4520.00      1629.41      0.00     1.00       0.0000    0.0000
   4540.00      1629.65      0.00     1.00       0.0000    0.0000
   4560.00      1629.89      0.00     1.00       0.0000    0.0000
   4580.00      1630.13      0.00     1.00       0.0000    0.0000
   4600.00      1630.37      0.00     1.00       0.0000    0.0000
   4620.00      1630.61      0.00     1.00       0.0000    0.0000
   4640.00      1630.85      0.00     1.00       0.0000    0.0000
   4660.00      1631.09      0.00     1.00       0.0000    0.0000
   4680.00      1631.33      0.00     1.00       0.0000    0.0000
   4700.00      1631.57      0.00     1.00       0.0000    0.0000
   4720.00      1631.81      0.00     1.00       0.0000    0.0000
   4740.00      1632.05      0.00     1.00       0.0000    0.0000
   4760.00      1632.29      0.00     1.00       0.0000    0.0000
   4780.00      1632.53      0.00     1.00       0.0000    0.0000
   4800.00      1632.77      0.00     1.00       0.0000    0.0000
   4820.00      1633.01      0.00     1.00       0.0000    0.0000
   4840.00      1633.25      0.00     1.00       0.0000    0.0000
   4860.00      1633.49      0.00     1.00       0.0000    0.0000
   4880.00      1633.73      0.00     1.00       0.0000    0.0000
   4900.00      1633.97      0.00     1.00       0.0000    0.0000
   4920.00      1634.21      0.00     1.00       0.0000    0.0000
   4940.00      1634.45      0.00     1.00       0.0000    0.0000
   4960.00      1634.69      0.00     1.00       0.0000    0.0000
   4980.00      1634.93      0.00     1.00       0.0000    0.0000
   5000.00      1635.17      0.00     1.00       0.0000    0.0000

                                 ( RMS rough =   0.00     )
     Perfectly RIGID

 cLow =   1490.0    m/s      cHigh =   1800.0    m/s
 RMax =    65.000000000000000      km

 __________________________________________________________________________


 Number of source   depths =            1
 Source depths (m)
   200.000    

 Number of receiver depths =           13
 Receiver depths (m)
   180.000       190.000       195.000       198.000       199.000    
   199.500       200.000       200.500       201.000       202.000    
   205.000       210.000       220.000    

 Mesh multiplier   CPU seconds
                --- Number of modes =          797
        1             6.08    s
                --- Number of modes =          797
        2             7.42    s

    I    k (1/m)            alpha (1/m)   Phase Speed (m/s) Group Speed (m/s)
    1   1.047137896     -0.1204296824E-05   1500.085454       1499.990910    
   27   1.043768871     -0.1206201732E-05   1504.927356       1500.081200    
   53   1.040517781     -0.1207983900E-05   1509.629490       1500.325786    
   79   1.037170196     -0.1210971345E-05   1514.501990       1497.744923    
  105   1.032896886     -0.1215137757E-05   1520.767802       1493.634617    
  131   1.027918295     -0.1219696848E-05   1528.133447       1489.647897    
  157   1.022363379     -0.1224707315E-05   1536.436417       1485.477214    
  183   1.016298467     -0.1230183584E-05   1545.605330       1481.017437    
  209   1.009766154     -0.1236100385E-05   1555.604058       1476.294644    
  235   1.002796133     -0.1242452795E-05   1566.416419       1471.304926    
  261  0.9954104743     -0.1249266531E-05   1578.038776       1465.984988    
  287  0.9876254676     -0.1256534487E-05   1590.477745       1460.359100    
  313  0.9794539144     -0.1264282494E-05   1603.747051       1454.382249    
  339  0.9724828202     -0.1241088620E-05   1615.243266       1519.229290    
  365  0.9686491778     -0.1232643635E-05   1621.635947       1546.290070    
  391  0.9654404963     -0.1232001538E-05   1627.025521       1553.039545    
  417  0.9625539356     -0.1230868636E-05   1631.904737       1560.597337    
  443  0.9598079544     -0.1236632468E-05   1636.573566       1550.373138    
  469  0.9562719247     -0.1246719660E-05   1642.625164       1530.892269    
  495  0.9521274107     -0.1255243690E-05   1649.775344       1516.682452    
  521  0.9474845865     -0.1264077210E-05   1657.859504       1502.842140    
  547  0.9423921699     -0.1272828298E-05   1666.818101       1490.231918    
  573  0.9368768783     -0.1281851057E-05   1676.630476       1477.959553    
  599  0.9309553507     -0.1291369555E-05   1687.295020       1465.502679    
  625  0.9246368680     -0.1301397106E-05   1698.825108       1452.857843    
  651  0.9179258579     -0.1311898687E-05   1711.245318       1440.138116    
  677  0.9108240858     -0.1322996806E-05   1724.588042       1427.115515    
  703  0.9033301372     -0.1334780682E-05   1738.895075       1413.657389    
  729  0.8954406587     -0.1347237593E-05   1754.215996       1399.860928    
  755  0.8871500255     -0.1360429304E-05   1770.609572       1385.673418    
  781  0.8784515421     -0.1374468546E-05   1788.142261       1370.952772    
 _________________________________________________

 KRAKEN- R                                                                       
 End of environmental file
