 _________________________________________________

 KRAKEN- E2_ESTD                                                                 
 Frequency =   250.0    Hz
 NMedia    =   1


     C-Linear approximation to SSP
     Attenuation units: dB/wavelength
     THORP attenuation added
     VACUUM


   z (m)     alphaR (m/s)   betaR  rho (g/cm^3)  alphaI     betaI


       ( # mesh points = 80001  RMS rough =   0.00     )
      0.00      1512.53      0.00     1.00       0.0000    0.0000
     20.00      1512.24      0.00     1.00       0.0000    0.0000
     40.00      1511.95      0.00     1.00       0.0000    0.0000
     60.00      1511.66      0.00     1.00       0.0000    0.0000
     80.00      1511.37      0.00     1.00       0.0000    0.0000
    100.00      1511.08      0.00     1.00       0.0000    0.0000
    120.00      1510.79      0.00     1.00       0.0000    0.0000
    140.00      1510.51      0.00     1.00       0.0000    0.0000
    160.00      1510.23      0.00     1.00       0.0000    0.0000
    180.00      1509.95      0.00     1.00       0.0000    0.0000
    200.00      1509.67      0.00     1.00       0.0000    0.0000
    220.00      1509.39      0.00     1.00       0.0000    0.0000
    240.00      1509.12      0.00     1.00       0.0000    0.0000
    260.00      1508.85      0.00     1.00       0.0000    0.0000
    280.00      1508.57      0.00     1.00       0.0000    0.0000
    300.00      1508.31      0.00     1.00       0.0000    0.0000
    320.00      1508.04      0.00     1.00       0.0000    0.0000
    340.00      1507.78      0.00     1.00       0.0000    0.0000
    360.00      1507.52      0.00     1.00       0.0000    0.0000
    380.00      1507.26      0.00     1.00       0.0000    0.0000
    400.00      1507.00      0.00     1.00       0.0000    0.0000
    420.00      1506.75      0.00     1.00       0.0000    0.0000
    440.00      1506.50      0.00     1.00       0.0000    0.0000
    460.00      1506.25      0.00     1.00       0.0000    0.0000
    480.00      1506.00      0.00     1.00       0.0000    0.0000
    500.00      1505.76      0.00     1.00       0.0000    0.0000
    520.00      1505.52      0.00     1.00       0.0000    0.0000
    540.00      1505.28      0.00     1.00       0.0000    0.0000
    560.00      1505.05      0.00     1.00       0.0000    0.0000
    580.00      1504.82      0.00     1.00       0.0000    0.0000
    600.00      1504.60      0.00     1.00       0.0000    0.0000
    620.00      1504.37      0.00     1.00       0.0000    0.0000
    640.00      1504.15      0.00     1.00       0.0000    0.0000
    660.00      1503.94      0.00     1.00       0.0000    0.0000
    680.00      1503.73      0.00     1.00       0.0000    0.0000
    700.00      1503.52      0.00     1.00       0.0000    0.0000
    720.00      1503.32      0.00     1.00       0.0000    0.0000
    740.00      1503.12      0.00     1.00       0.0000    0.0000
    760.00      1502.93      0.00     1.00       0.0000    0.0000
    780.00      1502.74      0.00     1.00       0.0000    0.0000
    800.00      1502.55      0.00     1.00       0.0000    0.0000
    820.00      1502.37      0.00     1.00       0.0000    0.0000
    840.00      1502.20      0.00     1.00       0.0000    0.0000
    860.00      1502.03      0.00     1.00       0.0000    0.0000
    880.00      1501.86      0.00     1.00       0.0000    0.0000
    900.00      1501.70      0.00     1.00       0.0000    0.0000
    920.00      1501.55      0.00     1.00       0.0000    0.0000
    940.00      1501.40      0.00     1.00       0.0000    0.0000
    960.00      1501.26      0.00     1.00       0.0000    0.0000
    980.00      1501.12      0.00     1.00       0.0000    0.0000
   1000.00      1501.00      0.00     1.00       0.0000    0.0000
   1020.00      1500.87      0.00     1.00       0.0000    0.0000
   1040.00      1500.76      0.00     1.00       0.0000    0.0000
   1060.00      1500.65      0.00     1.00       0.0000    0.0000
   1080.00      1500.55      0.00     1.00       0.0000    0.0000
   1100.00      1500.45      0.00     1.00       0.0000    0.0000
   1120.00      1500.37      0.00     1.00       0.0000    0.0000
   1140.00      1500.29      0.00     1.00       0.0000    0.0000
   1160.00      1500.22      0.00     1.00       0.0000    0.0000
   1180.00      1500.16      0.00     1.00       0.0000    0.0000
   1200.00      1500.10      0.00     1.00       0.0000    0.0000
   1220.00      1500.06      0.00     1.00       0.0000    0.0000
   1240.00      1500.03      0.00     1.00       0.0000    0.0000
   1260.00      1500.00      0.00     1.00       0.0000    0.0000
   1280.00      1499.99      0.00     1.00       0.0000    0.0000
   1300.00      1499.98      0.00     1.00       0.0000    0.0000
   1320.00      1499.99      0.00     1.00       0.0000    0.0000
   1340.00      1500.00      0.00     1.00       0.0000    0.0000
   1360.00      1500.03      0.00     1.00       0.0000    0.0000
   1380.00      1500.07      0.00     1.00       0.0000    0.0000
   1400.00      1500.12      0.00     1.00       0.0000    0.0000
   1420.00      1500.18      0.00     1.00       0.0000    0.0000
   1440.00      1500.26      0.00     1.00       0.0000    0.0000
   1460.00      1500.34      0.00     1.00       0.0000    0.0000
   1480.00      1500.45      0.00     1.00       0.0000    0.0000
   1500.00      1500.56      0.00     1.00       0.0000    0.0000
   1520.00      1500.69      0.00     1.00       0.0000    0.0000
   1540.00      1500.84      0.00     1.00       0.0000    0.0000
   1560.00      1501.00      0.00     1.00       0.0000    0.0000
   1580.00      1501.17      0.00     1.00       0.0000    0.0000
   1600.00      1501.36      0.00     1.00       0.0000    0.0000
   1620.00      1501.57      0.00     1.00       0.0000    0.0000
   1640.00      1501.79      0.00     1.00       0.0000    0.0000
   1660.00      1502.04      0.00     1.00       0.0000    0.0000
   1680.00      1502.30      0.00     1.00       0.0000    0.0000
   1700.00      1502.58      0.00     1.00       0.0000    0.0000
   1720.00      1502.88      0.00     1.00       0.0000    0.0000
   1740.00      1503.20      0.00     1.00       0.0000    0.0000
   1760.00      1503.54      0.00     1.00       0.0000    0.0000
   1780.00      1503.90      0.00     1.00       0.0000    0.0000
   1800.00      1504.28      0.00     1.00       0.0000    0.0000
   1820.00      1504.68      0.00     1.00       0.0000    0.0000
   1840.00      1505.11      0.00     1.00       0.0000    0.0000
   1860.00      1505.57      0.00     1.00       0.0000    0.0000
   1880.00      1506.04      0.00     1.00       0.0000    0.0000
   1900.00      1506.55      0.00     1.00       0.0000    0.0000
   1920.00      1507.08      0.00     1.00       0.0000    0.0000
   1940.00      1507.63      0.00     1.00       0.0000    0.0000
   1960.00      1508.22      0.00     1.00       0.0000    0.0000
   1980.00      1508.83      0.00     1.00       0.0000    0.0000
   2000.00      1509.47      0.00     1.00       0.0000    0.0000
   2020.00      1510.15      0.00     1.00       0.0000    0.0000
   2040.00      1510.85      0.00     1.00       0.0000    0.0000
   2060.00      1511.59      0.00     1.00       0.0000    0.0000
   2080.00      1512.36      0.00     1.00       0.0000    0.0000
   2100.00      1513.17      0.00     1.00       0.0000    0.0000
   2120.00      1514.01      0.00     1.00       0.0000    0.0000
   2140.00      1514.89      0.00     1.00       0.0000    0.0000
   2160.00      1515.81      0.00     1.00       0.0000    0.0000
   2180.00      1516.77      0.00     1.00       0.0000    0.0000
   2200.00      1517.76      0.00     1.00       0.0000    0.0000
   2220.00      1518.80      0.00     1.00       0.0000    0.0000
   2240.00      1519.89      0.00     1.00       0.0000    0.0000
   2260.00      1521.01      0.00     1.00       0.0000    0.0000
   2280.00      1522.19      0.00     1.00       0.0000    0.0000
   2300.00      1523.41      0.00     1.00       0.0000    0.0000
   2320.00      1524.67      0.00     1.00       0.0000    0.0000
   2340.00      1525.99      0.00     1.00       0.0000    0.0000
   2360.00      1527.36      0.00     1.00       0.0000    0.0000
   2380.00      1528.79      0.00     1.00       0.0000    0.0000
   2400.00      1530.27      0.00     1.00       0.0000    0.0000
   2420.00      1531.80      0.00     1.00       0.0000    0.0000
   2440.00      1533.40      0.00     1.00       0.0000    0.0000
   2460.00      1535.05      0.00     1.00       0.0000    0.0000
   2480.00      1536.77      0.00     1.00       0.0000    0.0000
   2500.00      1538.55      0.00     1.00       0.0000    0.0000
   2520.00      1540.40      0.00     1.00       0.0000    0.0000
   2540.00      1542.32      0.00     1.00       0.0000    0.0000
   2560.00      1544.31      0.00     1.00       0.0000    0.0000
   2580.00      1546.37      0.00     1.00       0.0000    0.0000
   2600.00      1548.50      0.00     1.00       0.0000    0.0000
   2620.00      1550.71      0.00     1.00       0.0000    0.0000
   2640.00      1553.01      0.00     1.00       0.0000    0.0000
   2660.00      1555.38      0.00     1.00       0.0000    0.0000
   2680.00      1557.84      0.00     1.00       0.0000    0.0000
   2700.00      1560.39      0.00     1.00       0.0000    0.0000
   2720.00      1563.02      0.00     1.00       0.0000    0.0000
   2740.00      1565.75      0.00     1.00       0.0000    0.0000
   2760.00      1568.58      0.00     1.00       0.0000    0.0000
   2780.00      1571.50      0.00     1.00       0.0000    0.0000
   2800.00      1574.53      0.00     1.00       0.0000    0.0000
   2820.00      1577.66      0.00     1.00       0.0000    0.0000
   2840.00      1580.90      0.00     1.00       0.0000    0.0000
   2860.00      1584.25      0.00     1.00       0.0000    0.0000
   2880.00      1587.72      0.00     1.00       0.0000    0.0000
   2900.00      1591.31      0.00     1.00       0.0000    0.0000
   2920.00      1595.02      0.00     1.00       0.0000    0.0000
   2940.00      1598.85      0.00     1.00       0.0000    0.0000
   2960.00      1602.82      0.00     1.00       0.0000    0.0000
   2980.00      1606.92      0.00     1.00       0.0000    0.0000
   3000.00      1611.16      0.00     1.00       0.0000    0.0000
   3020.00      1611.40      0.00     1.00       0.0000    0.0000
   3040.00      1611.64      0.00     1.00       0.0000    0.0000
   3060.00      1611.88      0.00     1.00       0.0000    0.0000
   3080.00      1612.12      0.00     1.00       0.0000    0.0000
   3100.00      1612.36      0.00     1.00       0.0000    0.0000
   3120.00      1612.60      0.00     1.00       0.0000    0.0000
   3140.00      1612.84      0.00     1.00       0.0000    0.0000
   3160.00      1613.08      0.00     1.00       0.0000    0.0000
   3180.00      1613.32      0.00     1.00       0.0000    0.0000
   3200.00      1613.56      0.00     1.00       0.0000    0.0000
   3220.00      1613.80      0.00     1.00       0.0000    0.0000
   3240.00      1614.04      0.00     1.00       0.0000    0.0000
   3260.00      1614.28      0.00     1.00       0.0000    0.0000
   3280.00      1614.52      0.00     1.00       0.0000    0.0000
   3300.00      1614.76      0.00     1.00       0.0000    0.0000
   3320.00      1615.00      0.00     1.00       0.0000    0.0000
   3340.00      1615.24      0.00     1.00       0.0000    0.0000
   3360.00      1615.48      0.00     1.00       0.0000    0.0000
   3380.00      1615.72      0.00     1.00       0.0000    0.0000
   3400.00      1615.96      0.00     1.00       0.0000    0.0000
   3420.00      1616.20      0.00     1.00       0.0000    0.0000
   3440.00      1616.44      0.00     1.00       0.0000    0.0000
   3460.00      1616.68      0.00     1.00       0.0000    0.0000
   3480.00      1616.92      0.00     1.00       0.0000    0.0000
   3500.00      1617.16      0.00     1.00       0.0000    0.0000
   3520.00      1617.40      0.00     1.00       0.0000    0.0000
   3540.00      1617.64      0.00     1.00       0.0000    0.0000
   3560.00      1617.88      0.00     1.00       0.0000    0.0000
   3580.00      1618.12      0.00     1.00       0.0000    0.0000
   3600.00      1618.36      0.00     1.00       0.0000    0.0000
   3620.00      1618.60      0.00     1.00       0.0000    0.0000
   3640.00      1618.84      0.00     1.00       0.0000    0.0000
   3660.00      1619.08      0.00     1.00       0.0000    0.0000
   3680.00      1619.32      0.00     1.00       0.0000    0.0000
   3700.00      1619.56      0.00     1.00       0.0000    0.0000
   3720.00      1619.80      0.00     1.00       0.0000    0.0000
   3740.00      1620.04      0.00     1.00       0.0000    0.0000
   3760.00      1620.28      0.00     1.00       0.0000    0.0000
   3780.00      1620.52      0.00     1.00       0.0000    0.0000
   3800.00      1620.76      0.00     1.00       0.0000    0.0000
   3820.00      1621.00      0.00     1.00       0.0000    0.0000
   3840.00      1621.24      0.00     1.00       0.0000    0.0000
   3860.00      1621.48      0.00     1.00       0.0000    0.0000
   3880.00      1621.72      0.00     1.00       0.0000    0.0000
   3900.00      1621.96      0.00     1.00       0.0000    0.0000
   3920.00      1622.20      0.00     1.00       0.0000    0.0000
   3940.00      1622.44      0.00     1.00       0.0000    0.0000
   3960.00      1622.68      0.00     1.00       0.0000    0.0000
   3980.00      1622.92      0.00     1.00       0.0000    0.0000
   4000.00      1623.16      0.00     1.00       0.0000    0.0000
   4020.00      1623.40      0.00     1.00       0.0000    0.0000
   4040.00      1623.64      0.00     1.00       0.0000    0.0000
   4060.00      1623.88      0.00     1.00       0.0000    0.0000
   4080.00      1624.12      0.00     1.00       0.0000    0.0000
   4100.00      1624.36      0.00     1.00       0.0000    0.0000
   4120.00      1624.60      0.00     1.00       0.0000    0.0000
   4140.00      1624.84      0.00     1.00       0.0000    0.0000
   4160.00      1625.08      0.00     1.00       0.0000    0.0000
   4180.00      1625.32      0.00     1.00       0.0000    0.0000
   4200.00      1625.56      0.00     1.00       0.0000    0.0000
   4220.00      1625.80      0.00     1.00       0.0000    0.0000
   4240.00      1626.04      0.00     1.00       0.0000    0.0000
   4260.00      1626.28      0.00     1.00       0.0000    0.0000
   4280.00      1626.52      0.00     1.00       0.0000    0.0000
   4300.00      1626.76      0.00     1.00       0.0000    0.0000
   4320.00      1627.00      0.00     1.00       0.0000    0.0000
   4340.00      1627.24      0.00     1.00       0.0000    0.0000
   4360.00      1627.48      0.00     1.00       0.0000    0.0000
   4380.00      1627.72      0.00     1.00       0.0000    0.0000
   4400.00      1627.96      0.00     1.00       0.0000    0.0000
   4420.00      1628.20      0.00     1.00       0.0000    0.0000
   4440.00      1628.44      0.00     1.00       0.0000    0.0000
   4460.00      1628.68      0.00     1.00       0.0000    0.0000
   4480.00      1628.92      0.00     1.00       0.0000    0.0000
   4500.00      1629.16      0.00     1.00       0.0000    0.0000
   4520.00      1629.40      0.00     1.00       0.0000    0.0000
   4540.00      1629.64      0.00     1.00       0.0000    0.0000
   4560.00      1629.88      0.00     1.00       0.0000    0.0000
   4580.00      1630.12      0.00     1.00       0.0000    0.0000
   4600.00      1630.36      0.00     1.00       0.0000    0.0000
   4620.00      1630.60      0.00     1.00       0.0000    0.0000
   4640.00      1630.84      0.00     1.00       0.0000    0.0000
   4660.00      1631.08      0.00     1.00       0.0000    0.0000
   4680.00      1631.32      0.00     1.00       0.0000    0.0000
   4700.00      1631.56      0.00     1.00       0.0000    0.0000
   4720.00      1631.80      0.00     1.00       0.0000    0.0000
   4740.00      1632.04      0.00     1.00       0.0000    0.0000
   4760.00      1632.28      0.00     1.00       0.0000    0.0000
   4780.00      1632.52      0.00     1.00       0.0000    0.0000
   4800.00      1632.76      0.00     1.00       0.0000    0.0000
   4820.00      1633.00      0.00     1.00       0.0000    0.0000
   4840.00      1633.24      0.00     1.00       0.0000    0.0000
   4860.00      1633.48      0.00     1.00       0.0000    0.0000
   4880.00      1633.72      0.00     1.00       0.0000    0.0000
   4900.00      1633.96      0.00     1.00       0.0000    0.0000
   4920.00      1634.20      0.00     1.00       0.0000    0.0000
   4940.00      1634.44      0.00     1.00       0.0000    0.0000
   4960.00      1634.68      0.00     1.00       0.0000    0.0000
   4980.00      1634.92      0.00     1.00       0.0000    0.0000
   5000.00      1635.16      0.00     1.00       0.0000    0.0000

                                 ( RMS rough =   0.00     )
     Perfectly RIGID

 cLow =   1480.0    m/s      cHigh =   1800.0    m/s
 RMax =    65.000000000000000      km

 __________________________________________________________________________


 Number of source   depths =            1
 Source depths (m)
   200.000    

 Number of receiver depths =           13
 Receiver depths (m)
   180.000       190.000       195.000       198.000       199.000    
   199.500       200.000       200.500       201.000       202.000    
   205.000       210.000       220.000    

 Mesh multiplier   CPU seconds
                --- Number of modes =          797
        1             2.70    s
                --- Number of modes =          797
        2             2.92    s

    I    k (1/m)            alpha (1/m)   Phase Speed (m/s) Group Speed (m/s)
    1   1.047144877     -0.1204296824E-05   1500.075453       1499.980910    
   27   1.043775840     -0.1206201729E-05   1504.917307       1500.071195    
   53   1.040524737     -0.1207983900E-05   1509.619397       1500.315767    
   79   1.037177160     -0.1210971277E-05   1514.491822       1497.735067    
  105   1.032903864     -0.1215137683E-05   1520.757528       1493.624786    
  131   1.027925284     -0.1219696778E-05   1528.123057       1489.638094    
  157   1.022370379     -0.1224707247E-05   1536.425898       1485.467478    
  183   1.016305478     -0.1230183535E-05   1545.594667       1481.007770    
  209   1.009773177     -0.1236100367E-05   1555.593239       1476.285068    
  235   1.002803167     -0.1242452871E-05   1566.405430       1471.295353    
  261  0.9954175219     -0.1249266665E-05   1578.027604       1465.975576    
  287  0.9876325292     -0.1256534772E-05   1590.466373       1460.349712    
  313  0.9794609913     -0.1264283000E-05   1603.735463       1454.372822    
  339  0.9724894310     -0.1241061765E-05   1615.232286       1519.286426    
  365  0.9686556026     -0.1232661125E-05   1621.625191       1546.236643    
  391  0.9654468688     -0.1231998286E-05   1627.014782       1553.038833    
  417  0.9625602522     -0.1230866167E-05   1631.894028       1560.594642    
  443  0.9598143254     -0.1236620087E-05   1636.562703       1550.395666    
  469  0.9562784064     -0.1246724692E-05   1642.614030       1530.871176    
  495  0.9521339699     -0.1255242424E-05   1649.763979       1516.677297    
  521  0.9474912205     -0.1264076831E-05   1657.847896       1502.835223    
  547  0.9423988704     -0.1272825548E-05   1666.806250       1490.231035    
  573  0.9368836426     -0.1281852948E-05   1676.618371       1477.948350    
  599  0.9309621798     -0.1291370554E-05   1687.282642       1465.494209    
  625  0.9246437630     -0.1301394972E-05   1698.812440       1452.857149    
  651  0.9179328191     -0.1311899078E-05   1711.232341       1440.132613    
  677  0.9108311152     -0.1322996736E-05   1724.574732       1427.111975    
  703  0.9033372378     -0.1334780320E-05   1738.881407       1413.655554    
  729  0.8954478331     -0.1347235094E-05   1754.201941       1399.864752    
  755  0.8871572765     -0.1360428405E-05   1770.595100       1385.675279    
  781  0.8784588740     -0.1374465685E-05   1788.127337       1370.960086    
 _________________________________________________

 KRAKEN- R                                                                       
 End of environmental file
