 _________________________________________________

 KRAKEN- E2_ESTD                                                                 
 Frequency =   250.0    Hz
 NMedia    =   1


     C-Linear approximation to SSP
     Attenuation units: dB/wavelength
     THORP attenuation added
     VACUUM


   z (m)     alphaR (m/s)   betaR  rho (g/cm^3)  alphaI     betaI


       ( # mesh points = *****  RMS rough =   0.00     )
      0.00      1512.56      0.00     1.00       0.0000    0.0000
     20.00      1512.27      0.00     1.00       0.0000    0.0000
     40.00      1511.98      0.00     1.00       0.0000    0.0000
     60.00      1511.69      0.00     1.00       0.0000    0.0000
     80.00      1511.40      0.00     1.00       0.0000    0.0000
    100.00      1511.11      0.00     1.00       0.0000    0.0000
    120.00      1510.82      0.00     1.00       0.0000    0.0000
    140.00      1510.54      0.00     1.00       0.0000    0.0000
    160.00      1510.26      0.00     1.00       0.0000    0.0000
    180.00      1509.98      0.00     1.00       0.0000    0.0000
    200.00      1509.70      0.00     1.00       0.0000    0.0000
    220.00      1509.42      0.00     1.00       0.0000    0.0000
    240.00      1509.15      0.00     1.00       0.0000    0.0000
    260.00      1508.88      0.00     1.00       0.0000    0.0000
    280.00      1508.60      0.00     1.00       0.0000    0.0000
    300.00      1508.34      0.00     1.00       0.0000    0.0000
    320.00      1508.07      0.00     1.00       0.0000    0.0000
    340.00      1507.81      0.00     1.00       0.0000    0.0000
    360.00      1507.55      0.00     1.00       0.0000    0.0000
    380.00      1507.29      0.00     1.00       0.0000    0.0000
    400.00      1507.03      0.00     1.00       0.0000    0.0000
    420.00      1506.78      0.00     1.00       0.0000    0.0000
    440.00      1506.53      0.00     1.00       0.0000    0.0000
    460.00      1506.28      0.00     1.00       0.0000    0.0000
    480.00      1506.03      0.00     1.00       0.0000    0.0000
    500.00      1505.79      0.00     1.00       0.0000    0.0000
    520.00      1505.55      0.00     1.00       0.0000    0.0000
    540.00      1505.31      0.00     1.00       0.0000    0.0000
    560.00      1505.08      0.00     1.00       0.0000    0.0000
    580.00      1504.85      0.00     1.00       0.0000    0.0000
    600.00      1504.63      0.00     1.00       0.0000    0.0000
    620.00      1504.40      0.00     1.00       0.0000    0.0000
    640.00      1504.18      0.00     1.00       0.0000    0.0000
    660.00      1503.97      0.00     1.00       0.0000    0.0000
    680.00      1503.76      0.00     1.00       0.0000    0.0000
    700.00      1503.55      0.00     1.00       0.0000    0.0000
    720.00      1503.35      0.00     1.00       0.0000    0.0000
    740.00      1503.15      0.00     1.00       0.0000    0.0000
    760.00      1502.96      0.00     1.00       0.0000    0.0000
    780.00      1502.77      0.00     1.00       0.0000    0.0000
    800.00      1502.58      0.00     1.00       0.0000    0.0000
    820.00      1502.40      0.00     1.00       0.0000    0.0000
    840.00      1502.23      0.00     1.00       0.0000    0.0000
    860.00      1502.06      0.00     1.00       0.0000    0.0000
    880.00      1501.89      0.00     1.00       0.0000    0.0000
    900.00      1501.73      0.00     1.00       0.0000    0.0000
    920.00      1501.58      0.00     1.00       0.0000    0.0000
    940.00      1501.43      0.00     1.00       0.0000    0.0000
    960.00      1501.29      0.00     1.00       0.0000    0.0000
    980.00      1501.15      0.00     1.00       0.0000    0.0000
   1000.00      1501.03      0.00     1.00       0.0000    0.0000
   1020.00      1500.90      0.00     1.00       0.0000    0.0000
   1040.00      1500.79      0.00     1.00       0.0000    0.0000
   1060.00      1500.68      0.00     1.00       0.0000    0.0000
   1080.00      1500.58      0.00     1.00       0.0000    0.0000
   1100.00      1500.48      0.00     1.00       0.0000    0.0000
   1120.00      1500.40      0.00     1.00       0.0000    0.0000
   1140.00      1500.32      0.00     1.00       0.0000    0.0000
   1160.00      1500.25      0.00     1.00       0.0000    0.0000
   1180.00      1500.19      0.00     1.00       0.0000    0.0000
   1200.00      1500.13      0.00     1.00       0.0000    0.0000
   1220.00      1500.09      0.00     1.00       0.0000    0.0000
   1240.00      1500.06      0.00     1.00       0.0000    0.0000
   1260.00      1500.03      0.00     1.00       0.0000    0.0000
   1280.00      1500.02      0.00     1.00       0.0000    0.0000
   1300.00      1500.01      0.00     1.00       0.0000    0.0000
   1320.00      1500.02      0.00     1.00       0.0000    0.0000
   1340.00      1500.03      0.00     1.00       0.0000    0.0000
   1360.00      1500.06      0.00     1.00       0.0000    0.0000
   1380.00      1500.10      0.00     1.00       0.0000    0.0000
   1400.00      1500.15      0.00     1.00       0.0000    0.0000
   1420.00      1500.21      0.00     1.00       0.0000    0.0000
   1440.00      1500.29      0.00     1.00       0.0000    0.0000
   1460.00      1500.37      0.00     1.00       0.0000    0.0000
   1480.00      1500.48      0.00     1.00       0.0000    0.0000
   1500.00      1500.59      0.00     1.00       0.0000    0.0000
   1520.00      1500.72      0.00     1.00       0.0000    0.0000
   1540.00      1500.87      0.00     1.00       0.0000    0.0000
   1560.00      1501.03      0.00     1.00       0.0000    0.0000
   1580.00      1501.20      0.00     1.00       0.0000    0.0000
   1600.00      1501.39      0.00     1.00       0.0000    0.0000
   1620.00      1501.60      0.00     1.00       0.0000    0.0000
   1640.00      1501.82      0.00     1.00       0.0000    0.0000
   1660.00      1502.07      0.00     1.00       0.0000    0.0000
   1680.00      1502.33      0.00     1.00       0.0000    0.0000
   1700.00      1502.61      0.00     1.00       0.0000    0.0000
   1720.00      1502.91      0.00     1.00       0.0000    0.0000
   1740.00      1503.23      0.00     1.00       0.0000    0.0000
   1760.00      1503.57      0.00     1.00       0.0000    0.0000
   1780.00      1503.93      0.00     1.00       0.0000    0.0000
   1800.00      1504.31      0.00     1.00       0.0000    0.0000
   1820.00      1504.71      0.00     1.00       0.0000    0.0000
   1840.00      1505.14      0.00     1.00       0.0000    0.0000
   1860.00      1505.60      0.00     1.00       0.0000    0.0000
   1880.00      1506.07      0.00     1.00       0.0000    0.0000
   1900.00      1506.58      0.00     1.00       0.0000    0.0000
   1920.00      1507.11      0.00     1.00       0.0000    0.0000
   1940.00      1507.66      0.00     1.00       0.0000    0.0000
   1960.00      1508.25      0.00     1.00       0.0000    0.0000
   1980.00      1508.86      0.00     1.00       0.0000    0.0000
   2000.00      1509.50      0.00     1.00       0.0000    0.0000
   2020.00      1510.18      0.00     1.00       0.0000    0.0000
   2040.00      1510.88      0.00     1.00       0.0000    0.0000
   2060.00      1511.62      0.00     1.00       0.0000    0.0000
   2080.00      1512.39      0.00     1.00       0.0000    0.0000
   2100.00      1513.20      0.00     1.00       0.0000    0.0000
   2120.00      1514.04      0.00     1.00       0.0000    0.0000
   2140.00      1514.92      0.00     1.00       0.0000    0.0000
   2160.00      1515.84      0.00     1.00       0.0000    0.0000
   2180.00      1516.80      0.00     1.00       0.0000    0.0000
   2200.00      1517.79      0.00     1.00       0.0000    0.0000
   2220.00      1518.83      0.00     1.00       0.0000    0.0000
   2240.00      1519.92      0.00     1.00       0.0000    0.0000
   2260.00      1521.04      0.00     1.00       0.0000    0.0000
   2280.00      1522.22      0.00     1.00       0.0000    0.0000
   2300.00      1523.44      0.00     1.00       0.0000    0.0000
   2320.00      1524.70      0.00     1.00       0.0000    0.0000
   2340.00      1526.02      0.00     1.00       0.0000    0.0000
   2360.00      1527.39      0.00     1.00       0.0000    0.0000
   2380.00      1528.82      0.00     1.00       0.0000    0.0000
   2400.00      1530.30      0.00     1.00       0.0000    0.0000
   2420.00      1531.83      0.00     1.00       0.0000    0.0000
   2440.00      1533.43      0.00     1.00       0.0000    0.0000
   2460.00      1535.08      0.00     1.00       0.0000    0.0000
   2480.00      1536.80      0.00     1.00       0.0000    0.0000
   2500.00      1538.58      0.00     1.00       0.0000    0.0000
   2520.00      1540.43      0.00     1.00       0.0000    0.0000
   2540.00      1542.35      0.00     1.00       0.0000    0.0000
   2560.00      1544.34      0.00     1.00       0.0000    0.0000
   2580.00      1546.40      0.00     1.00       0.0000    0.0000
   2600.00      1548.53      0.00     1.00       0.0000    0.0000
   2620.00      1550.74      0.00     1.00       0.0000    0.0000
   2640.00      1553.04      0.00     1.00       0.0000    0.0000
   2660.00      1555.41      0.00     1.00       0.0000    0.0000
   2680.00      1557.87      0.00     1.00       0.0000    0.0000
   2700.00      1560.42      0.00     1.00       0.0000    0.0000
   2720.00      1563.05      0.00     1.00       0.0000    0.0000
   2740.00      1565.78      0.00     1.00       0.0000    0.0000
   2760.00      1568.61      0.00     1.00       0.0000    0.0000
   2780.00      1571.53      0.00     1.00       0.0000    0.0000
   2800.00      1574.56      0.00     1.00       0.0000    0.0000
   2820.00      1577.69      0.00     1.00       0.0000    0.0000
   2840.00      1580.93      0.00     1.00       0.0000    0.0000
   2860.00      1584.28      0.00     1.00       0.0000    0.0000
   2880.00      1587.75      0.00     1.00       0.0000    0.0000
   2900.00      1591.34      0.00     1.00       0.0000    0.0000
   2920.00      1595.05      0.00     1.00       0.0000    0.0000
   2940.00      1598.88      0.00     1.00       0.0000    0.0000
   2960.00      1602.85      0.00     1.00       0.0000    0.0000
   2980.00      1606.95      0.00     1.00       0.0000    0.0000
   3000.00      1611.19      0.00     1.00       0.0000    0.0000
   3020.00      1611.43      0.00     1.00       0.0000    0.0000
   3040.00      1611.67      0.00     1.00       0.0000    0.0000
   3060.00      1611.91      0.00     1.00       0.0000    0.0000
   3080.00      1612.15      0.00     1.00       0.0000    0.0000
   3100.00      1612.39      0.00     1.00       0.0000    0.0000
   3120.00      1612.63      0.00     1.00       0.0000    0.0000
   3140.00      1612.87      0.00     1.00       0.0000    0.0000
   3160.00      1613.11      0.00     1.00       0.0000    0.0000
   3180.00      1613.35      0.00     1.00       0.0000    0.0000
   3200.00      1613.59      0.00     1.00       0.0000    0.0000
   3220.00      1613.83      0.00     1.00       0.0000    0.0000
   3240.00      1614.07      0.00     1.00       0.0000    0.0000
   3260.00      1614.31      0.00     1.00       0.0000    0.0000
   3280.00      1614.55      0.00     1.00       0.0000    0.0000
   3300.00      1614.79      0.00     1.00       0.0000    0.0000
   3320.00      1615.03      0.00     1.00       0.0000    0.0000
   3340.00      1615.27      0.00     1.00       0.0000    0.0000
   3360.00      1615.51      0.00     1.00       0.0000    0.0000
   3380.00      1615.75      0.00     1.00       0.0000    0.0000
   3400.00      1615.99      0.00     1.00       0.0000    0.0000
   3420.00      1616.23      0.00     1.00       0.0000    0.0000
   3440.00      1616.47      0.00     1.00       0.0000    0.0000
   3460.00      1616.71      0.00     1.00       0.0000    0.0000
   3480.00      1616.95      0.00     1.00       0.0000    0.0000
   3500.00      1617.19      0.00     1.00       0.0000    0.0000
   3520.00      1617.43      0.00     1.00       0.0000    0.0000
   3540.00      1617.67      0.00     1.00       0.0000    0.0000
   3560.00      1617.91      0.00     1.00       0.0000    0.0000
   3580.00      1618.15      0.00     1.00       0.0000    0.0000
   3600.00      1618.39      0.00     1.00       0.0000    0.0000
   3620.00      1618.63      0.00     1.00       0.0000    0.0000
   3640.00      1618.87      0.00     1.00       0.0000    0.0000
   3660.00      1619.11      0.00     1.00       0.0000    0.0000
   3680.00      1619.35      0.00     1.00       0.0000    0.0000
   3700.00      1619.59      0.00     1.00       0.0000    0.0000
   3720.00      1619.83      0.00     1.00       0.0000    0.0000
   3740.00      1620.07      0.00     1.00       0.0000    0.0000
   3760.00      1620.31      0.00     1.00       0.0000    0.0000
   3780.00      1620.55      0.00     1.00       0.0000    0.0000
   3800.00      1620.79      0.00     1.00       0.0000    0.0000
   3820.00      1621.03      0.00     1.00       0.0000    0.0000
   3840.00      1621.27      0.00     1.00       0.0000    0.0000
   3860.00      1621.51      0.00     1.00       0.0000    0.0000
   3880.00      1621.75      0.00     1.00       0.0000    0.0000
   3900.00      1621.99      0.00     1.00       0.0000    0.0000
   3920.00      1622.23      0.00     1.00       0.0000    0.0000
   3940.00      1622.47      0.00     1.00       0.0000    0.0000
   3960.00      1622.71      0.00     1.00       0.0000    0.0000
   3980.00      1622.95      0.00     1.00       0.0000    0.0000
   4000.00      1623.19      0.00     1.00       0.0000    0.0000
   4020.00      1623.43      0.00     1.00       0.0000    0.0000
   4040.00      1623.67      0.00     1.00       0.0000    0.0000
   4060.00      1623.91      0.00     1.00       0.0000    0.0000
   4080.00      1624.15      0.00     1.00       0.0000    0.0000
   4100.00      1624.39      0.00     1.00       0.0000    0.0000
   4120.00      1624.63      0.00     1.00       0.0000    0.0000
   4140.00      1624.87      0.00     1.00       0.0000    0.0000
   4160.00      1625.11      0.00     1.00       0.0000    0.0000
   4180.00      1625.35      0.00     1.00       0.0000    0.0000
   4200.00      1625.59      0.00     1.00       0.0000    0.0000
   4220.00      1625.83      0.00     1.00       0.0000    0.0000
   4240.00      1626.07      0.00     1.00       0.0000    0.0000
   4260.00      1626.31      0.00     1.00       0.0000    0.0000
   4280.00      1626.55      0.00     1.00       0.0000    0.0000
   4300.00      1626.79      0.00     1.00       0.0000    0.0000
   4320.00      1627.03      0.00     1.00       0.0000    0.0000
   4340.00      1627.27      0.00     1.00       0.0000    0.0000
   4360.00      1627.51      0.00     1.00       0.0000    0.0000
   4380.00      1627.75      0.00     1.00       0.0000    0.0000
   4400.00      1627.99      0.00     1.00       0.0000    0.0000
   4420.00      1628.23      0.00     1.00       0.0000    0.0000
   4440.00      1628.47      0.00     1.00       0.0000    0.0000
   4460.00      1628.71      0.00     1.00       0.0000    0.0000
   4480.00      1628.95      0.00     1.00       0.0000    0.0000
   4500.00      1629.19      0.00     1.00       0.0000    0.0000
   4520.00      1629.43      0.00     1.00       0.0000    0.0000
   4540.00      1629.67      0.00     1.00       0.0000    0.0000
   4560.00      1629.91      0.00     1.00       0.0000    0.0000
   4580.00      1630.15      0.00     1.00       0.0000    0.0000
   4600.00      1630.39      0.00     1.00       0.0000    0.0000
   4620.00      1630.63      0.00     1.00       0.0000    0.0000
   4640.00      1630.87      0.00     1.00       0.0000    0.0000
   4660.00      1631.11      0.00     1.00       0.0000    0.0000
   4680.00      1631.35      0.00     1.00       0.0000    0.0000
   4700.00      1631.59      0.00     1.00       0.0000    0.0000
   4720.00      1631.83      0.00     1.00       0.0000    0.0000
   4740.00      1632.07      0.00     1.00       0.0000    0.0000
   4760.00      1632.31      0.00     1.00       0.0000    0.0000
   4780.00      1632.55      0.00     1.00       0.0000    0.0000
   4800.00      1632.79      0.00     1.00       0.0000    0.0000
   4820.00      1633.03      0.00     1.00       0.0000    0.0000
   4840.00      1633.27      0.00     1.00       0.0000    0.0000
   4860.00      1633.51      0.00     1.00       0.0000    0.0000
   4880.00      1633.75      0.00     1.00       0.0000    0.0000
   4900.00      1633.99      0.00     1.00       0.0000    0.0000
   4920.00      1634.23      0.00     1.00       0.0000    0.0000
   4940.00      1634.47      0.00     1.00       0.0000    0.0000
   4960.00      1634.71      0.00     1.00       0.0000    0.0000
   4980.00      1634.95      0.00     1.00       0.0000    0.0000
   5000.00      1635.19      0.00     1.00       0.0000    0.0000

                                 ( RMS rough =   0.00     )
     Perfectly RIGID

 cLow =   1490.0    m/s      cHigh =   1800.0    m/s
 RMax =    65.000000000000000      km

 __________________________________________________________________________


 Number of source   depths =            1
 Source depths (m)
   200.000    

 Number of receiver depths =           13
 Receiver depths (m)
   180.000       190.000       195.000       198.000       199.000    
   199.500       200.000       200.500       201.000       202.000    
   205.000       210.000       220.000    

 Mesh multiplier   CPU seconds
                --- Number of modes =          797
        1             5.86    s
                --- Number of modes =          797
        2             7.52    s

    I    k (1/m)            alpha (1/m)   Phase Speed (m/s) Group Speed (m/s)
    1   1.047123934     -0.1204296824E-05   1500.105456       1500.010910    
   27   1.043754932     -0.1206201744E-05   1504.947453       1500.101204    
   53   1.040503867     -0.1207983920E-05   1509.649677       1500.345799    
   79   1.037156269     -0.1210971503E-05   1514.522327       1497.764644    
  105   1.032882930     -0.1215137962E-05   1520.788350       1493.654295    
  131   1.027904316     -0.1219697112E-05   1528.154228       1489.667507    
  157   1.022349379     -0.1224707666E-05   1536.457457       1485.496700    
  183   1.016284445     -0.1230184030E-05   1545.626655       1481.036792    
  209   1.009752109     -0.1236100943E-05   1555.625695       1476.313838    
  235   1.002782064     -0.1242453436E-05   1566.438395       1471.324039    
  261  0.9953963793     -0.1249267327E-05   1578.061122       1466.003866    
  287  0.9876113446     -0.1256535392E-05   1590.500489       1460.377861    
  313  0.9794397608     -0.1264283501E-05   1603.770226       1454.400924    
  339  0.9724695986     -0.1241108583E-05   1615.265227       1519.200957    
  365  0.9686363287     -0.1232632789E-05   1621.657458       1546.338139    
  391  0.9654277515     -0.1232004415E-05   1627.047000       1553.052707    
  417  0.9625413025     -0.1230871450E-05   1631.926155       1560.610578    
  443  0.9597952126     -0.1236641959E-05   1636.595293       1550.369667    
  469  0.9562589615     -0.1246718296E-05   1642.647431       1530.916496    
  495  0.9521142926     -0.1255246353E-05   1649.798075       1516.696938    
  521  0.9474713186     -0.1264079372E-05   1657.882720       1502.858085    
  547  0.9423787691     -0.1272831838E-05   1666.841803       1490.244847    
  573  0.9368633499     -0.1281852609E-05   1676.654687       1477.977370    
  599  0.9309416926     -0.1291371776E-05   1687.319774       1465.519187    
  625  0.9246230781     -0.1301400872E-05   1698.850444       1452.871143    
  651  0.9179119357     -0.1311901720E-05   1711.271273       1440.153346    
  677  0.9108100272     -0.1323000330E-05   1724.614661       1427.129984    
  703  0.9033159362     -0.1334784637E-05   1738.922412       1413.671280    
  729  0.8954263103     -0.1347242604E-05   1754.244106       1399.872990    
  755  0.8871355237     -0.1360434215E-05   1770.638515       1385.686110    
  781  0.8784368785     -0.1374474460E-05   1788.172110       1370.963903    
 _________________________________________________

 KRAKEN- R                                                                       
 End of environmental file
