
 __________________________________________________________________________
 Running FIELD
 Sums modes, producing pressure

 Point source
 Range-independent calculation

 Number of profiles   =            1
   0.00000    

 Number of receiver ranges =            5
 Receiver ranges (km)
   5.00000       6.25000       7.50000       8.75000       10.0000    

 __________________________________________________________________________


 Number of source   depths =            1
 Source depths (m)
   4.00000    

 Number of receiver depths =            2
 Receiver depths (m)
   18.0000       70.0000    
 Nrr, Nrd =            0           2

 *** WARNING ***
 Generated by program or subroutine: FIELD
 Nrr being set to Nrd

