 _________________________________________________

 KRAKEN- PERT                                                                    
 Frequency =   201.0    Hz
 NMedia    =   1


     C-Linear approximation to SSP
     Attenuation units: dB/wavelength
     THORP attenuation added
     VACUUM


   z (m)     alphaR (m/s)   betaR  rho (g/cm^3)  alphaI     betaI


       ( # mesh points = 20001  RMS rough =   0.00     )
      0.00      1512.55      0.00     1.00       0.0000    0.0000
     20.00      1512.55      0.00     1.00       0.0000    0.0000
     40.00      1512.55      0.00     1.00       0.0000    0.0000
     60.00      1512.40      0.00     1.00       0.0000    0.0000
     80.00      1512.11      0.00     1.00       0.0000    0.0000
    100.00      1511.82      0.00     1.00       0.0000    0.0000
    120.00      1511.53      0.00     1.00       0.0000    0.0000
    140.00      1511.24      0.00     1.00       0.0000    0.0000
    160.00      1510.96      0.00     1.00       0.0000    0.0000
    180.00      1510.67      0.00     1.00       0.0000    0.0000
    200.00      1510.39      0.00     1.00       0.0000    0.0000
    220.00      1510.11      0.00     1.00       0.0000    0.0000
    240.00      1509.83      0.00     1.00       0.0000    0.0000
    260.00      1509.55      0.00     1.00       0.0000    0.0000
    280.00      1509.27      0.00     1.00       0.0000    0.0000
    300.00      1509.00      0.00     1.00       0.0000    0.0000
    320.00      1508.73      0.00     1.00       0.0000    0.0000
    340.00      1508.46      0.00     1.00       0.0000    0.0000
    360.00      1508.19      0.00     1.00       0.0000    0.0000
    380.00      1507.93      0.00     1.00       0.0000    0.0000
    400.00      1507.67      0.00     1.00       0.0000    0.0000
    420.00      1507.41      0.00     1.00       0.0000    0.0000
    440.00      1507.15      0.00     1.00       0.0000    0.0000
    460.00      1506.89      0.00     1.00       0.0000    0.0000
    480.00      1506.64      0.00     1.00       0.0000    0.0000
    500.00      1506.39      0.00     1.00       0.0000    0.0000
    520.00      1506.14      0.00     1.00       0.0000    0.0000
    540.00      1505.90      0.00     1.00       0.0000    0.0000
    560.00      1505.66      0.00     1.00       0.0000    0.0000
    580.00      1505.42      0.00     1.00       0.0000    0.0000
    600.00      1505.19      0.00     1.00       0.0000    0.0000
    620.00      1504.96      0.00     1.00       0.0000    0.0000
    640.00      1504.73      0.00     1.00       0.0000    0.0000
    660.00      1504.51      0.00     1.00       0.0000    0.0000
    680.00      1504.28      0.00     1.00       0.0000    0.0000
    700.00      1504.07      0.00     1.00       0.0000    0.0000
    720.00      1503.85      0.00     1.00       0.0000    0.0000
    740.00      1503.65      0.00     1.00       0.0000    0.0000
    760.00      1503.44      0.00     1.00       0.0000    0.0000
    780.00      1503.24      0.00     1.00       0.0000    0.0000
    800.00      1503.04      0.00     1.00       0.0000    0.0000
    820.00      1502.85      0.00     1.00       0.0000    0.0000
    840.00      1502.66      0.00     1.00       0.0000    0.0000
    860.00      1502.48      0.00     1.00       0.0000    0.0000
    880.00      1502.30      0.00     1.00       0.0000    0.0000
    900.00      1502.13      0.00     1.00       0.0000    0.0000
    920.00      1501.96      0.00     1.00       0.0000    0.0000
    940.00      1501.80      0.00     1.00       0.0000    0.0000
    960.00      1501.65      0.00     1.00       0.0000    0.0000
    980.00      1501.50      0.00     1.00       0.0000    0.0000
   1000.00      1501.35      0.00     1.00       0.0000    0.0000
   1020.00      1501.21      0.00     1.00       0.0000    0.0000
   1040.00      1501.08      0.00     1.00       0.0000    0.0000
   1060.00      1500.95      0.00     1.00       0.0000    0.0000
   1080.00      1500.84      0.00     1.00       0.0000    0.0000
   1100.00      1500.72      0.00     1.00       0.0000    0.0000
   1120.00      1500.62      0.00     1.00       0.0000    0.0000
   1140.00      1500.52      0.00     1.00       0.0000    0.0000
   1160.00      1500.43      0.00     1.00       0.0000    0.0000
   1180.00      1500.35      0.00     1.00       0.0000    0.0000
   1200.00      1500.27      0.00     1.00       0.0000    0.0000
   1220.00      1500.21      0.00     1.00       0.0000    0.0000
   1240.00      1500.15      0.00     1.00       0.0000    0.0000
   1260.00      1500.10      0.00     1.00       0.0000    0.0000
   1280.00      1500.06      0.00     1.00       0.0000    0.0000
   1300.00      1500.03      0.00     1.00       0.0000    0.0000
   1320.00      1500.01      0.00     1.00       0.0000    0.0000
   1340.00      1500.00      0.00     1.00       0.0000    0.0000
   1360.00      1500.00      0.00     1.00       0.0000    0.0000
   1380.00      1500.01      0.00     1.00       0.0000    0.0000
   1400.00      1500.04      0.00     1.00       0.0000    0.0000
   1420.00      1500.07      0.00     1.00       0.0000    0.0000
   1440.00      1500.11      0.00     1.00       0.0000    0.0000
   1460.00      1500.17      0.00     1.00       0.0000    0.0000
   1480.00      1500.24      0.00     1.00       0.0000    0.0000
   1500.00      1500.32      0.00     1.00       0.0000    0.0000
   1520.00      1500.42      0.00     1.00       0.0000    0.0000
   1540.00      1500.52      0.00     1.00       0.0000    0.0000
   1560.00      1500.65      0.00     1.00       0.0000    0.0000
   1580.00      1500.78      0.00     1.00       0.0000    0.0000
   1600.00      1500.94      0.00     1.00       0.0000    0.0000
   1620.00      1501.10      0.00     1.00       0.0000    0.0000
   1640.00      1501.29      0.00     1.00       0.0000    0.0000
   1660.00      1501.49      0.00     1.00       0.0000    0.0000
   1680.00      1501.70      0.00     1.00       0.0000    0.0000
   1700.00      1501.94      0.00     1.00       0.0000    0.0000
   1720.00      1502.19      0.00     1.00       0.0000    0.0000
   1740.00      1502.46      0.00     1.00       0.0000    0.0000
   1760.00      1502.75      0.00     1.00       0.0000    0.0000
   1780.00      1503.06      0.00     1.00       0.0000    0.0000
   1800.00      1503.39      0.00     1.00       0.0000    0.0000
   1820.00      1503.74      0.00     1.00       0.0000    0.0000
   1840.00      1504.11      0.00     1.00       0.0000    0.0000
   1860.00      1504.50      0.00     1.00       0.0000    0.0000
   1880.00      1504.92      0.00     1.00       0.0000    0.0000
   1900.00      1505.36      0.00     1.00       0.0000    0.0000
   1920.00      1505.82      0.00     1.00       0.0000    0.0000
   1940.00      1506.31      0.00     1.00       0.0000    0.0000
   1960.00      1506.83      0.00     1.00       0.0000    0.0000
   1980.00      1507.37      0.00     1.00       0.0000    0.0000
   2000.00      1507.94      0.00     1.00       0.0000    0.0000
   2020.00      1508.54      0.00     1.00       0.0000    0.0000
   2040.00      1509.17      0.00     1.00       0.0000    0.0000
   2060.00      1509.83      0.00     1.00       0.0000    0.0000
   2080.00      1510.52      0.00     1.00       0.0000    0.0000
   2100.00      1511.24      0.00     1.00       0.0000    0.0000
   2120.00      1512.00      0.00     1.00       0.0000    0.0000
   2140.00      1512.79      0.00     1.00       0.0000    0.0000
   2160.00      1513.61      0.00     1.00       0.0000    0.0000
   2180.00      1514.47      0.00     1.00       0.0000    0.0000
   2200.00      1515.37      0.00     1.00       0.0000    0.0000
   2220.00      1516.31      0.00     1.00       0.0000    0.0000
   2240.00      1517.29      0.00     1.00       0.0000    0.0000
   2260.00      1518.30      0.00     1.00       0.0000    0.0000
   2280.00      1519.36      0.00     1.00       0.0000    0.0000
   2300.00      1520.47      0.00     1.00       0.0000    0.0000
   2320.00      1521.62      0.00     1.00       0.0000    0.0000
   2340.00      1522.82      0.00     1.00       0.0000    0.0000
   2360.00      1524.06      0.00     1.00       0.0000    0.0000
   2380.00      1525.35      0.00     1.00       0.0000    0.0000
   2400.00      1526.70      0.00     1.00       0.0000    0.0000
   2420.00      1528.10      0.00     1.00       0.0000    0.0000
   2440.00      1529.55      0.00     1.00       0.0000    0.0000
   2460.00      1531.06      0.00     1.00       0.0000    0.0000
   2480.00      1532.62      0.00     1.00       0.0000    0.0000
   2500.00      1534.25      0.00     1.00       0.0000    0.0000
   2520.00      1535.93      0.00     1.00       0.0000    0.0000
   2540.00      1537.68      0.00     1.00       0.0000    0.0000
   2560.00      1539.50      0.00     1.00       0.0000    0.0000
   2580.00      1541.38      0.00     1.00       0.0000    0.0000
   2600.00      1543.33      0.00     1.00       0.0000    0.0000
   2620.00      1545.36      0.00     1.00       0.0000    0.0000
   2640.00      1547.45      0.00     1.00       0.0000    0.0000
   2660.00      1549.63      0.00     1.00       0.0000    0.0000
   2680.00      1551.88      0.00     1.00       0.0000    0.0000
   2700.00      1554.21      0.00     1.00       0.0000    0.0000
   2720.00      1556.63      0.00     1.00       0.0000    0.0000
   2740.00      1559.13      0.00     1.00       0.0000    0.0000
   2760.00      1561.72      0.00     1.00       0.0000    0.0000
   2780.00      1564.41      0.00     1.00       0.0000    0.0000
   2800.00      1567.19      0.00     1.00       0.0000    0.0000
   2820.00      1570.06      0.00     1.00       0.0000    0.0000
   2840.00      1573.04      0.00     1.00       0.0000    0.0000
   2860.00      1576.12      0.00     1.00       0.0000    0.0000
   2880.00      1579.30      0.00     1.00       0.0000    0.0000
   2900.00      1582.60      0.00     1.00       0.0000    0.0000
   2920.00      1586.01      0.00     1.00       0.0000    0.0000
   2940.00      1589.54      0.00     1.00       0.0000    0.0000
   2960.00      1593.18      0.00     1.00       0.0000    0.0000
   2980.00      1596.96      0.00     1.00       0.0000    0.0000
   3000.00      1600.86      0.00     1.00       0.0000    0.0000
   3020.00      1604.89      0.00     1.00       0.0000    0.0000
   3040.00      1609.06      0.00     1.00       0.0000    0.0000
   3060.00      1611.30      0.00     1.00       0.0000    0.0000
   3080.00      1611.54      0.00     1.00       0.0000    0.0000
   3100.00      1611.78      0.00     1.00       0.0000    0.0000
   3120.00      1612.02      0.00     1.00       0.0000    0.0000
   3140.00      1612.26      0.00     1.00       0.0000    0.0000
   3160.00      1612.50      0.00     1.00       0.0000    0.0000
   3180.00      1612.74      0.00     1.00       0.0000    0.0000
   3200.00      1612.98      0.00     1.00       0.0000    0.0000
   3220.00      1613.22      0.00     1.00       0.0000    0.0000
   3240.00      1613.46      0.00     1.00       0.0000    0.0000
   3260.00      1613.70      0.00     1.00       0.0000    0.0000
   3280.00      1613.94      0.00     1.00       0.0000    0.0000
   3300.00      1614.18      0.00     1.00       0.0000    0.0000
   3320.00      1614.42      0.00     1.00       0.0000    0.0000
   3340.00      1614.66      0.00     1.00       0.0000    0.0000
   3360.00      1614.90      0.00     1.00       0.0000    0.0000
   3380.00      1615.14      0.00     1.00       0.0000    0.0000
   3400.00      1615.38      0.00     1.00       0.0000    0.0000
   3420.00      1615.62      0.00     1.00       0.0000    0.0000
   3440.00      1615.86      0.00     1.00       0.0000    0.0000
   3460.00      1616.10      0.00     1.00       0.0000    0.0000
   3480.00      1616.34      0.00     1.00       0.0000    0.0000
   3500.00      1616.58      0.00     1.00       0.0000    0.0000
   3520.00      1616.82      0.00     1.00       0.0000    0.0000
   3540.00      1617.06      0.00     1.00       0.0000    0.0000
   3560.00      1617.30      0.00     1.00       0.0000    0.0000
   3580.00      1617.54      0.00     1.00       0.0000    0.0000
   3600.00      1617.78      0.00     1.00       0.0000    0.0000
   3620.00      1618.02      0.00     1.00       0.0000    0.0000
   3640.00      1618.26      0.00     1.00       0.0000    0.0000
   3660.00      1618.50      0.00     1.00       0.0000    0.0000
   3680.00      1618.74      0.00     1.00       0.0000    0.0000
   3700.00      1618.98      0.00     1.00       0.0000    0.0000
   3720.00      1619.22      0.00     1.00       0.0000    0.0000
   3740.00      1619.46      0.00     1.00       0.0000    0.0000
   3760.00      1619.70      0.00     1.00       0.0000    0.0000
   3780.00      1619.94      0.00     1.00       0.0000    0.0000
   3800.00      1620.18      0.00     1.00       0.0000    0.0000
   3820.00      1620.42      0.00     1.00       0.0000    0.0000
   3840.00      1620.66      0.00     1.00       0.0000    0.0000
   3860.00      1620.90      0.00     1.00       0.0000    0.0000
   3880.00      1621.14      0.00     1.00       0.0000    0.0000
   3900.00      1621.38      0.00     1.00       0.0000    0.0000
   3920.00      1621.62      0.00     1.00       0.0000    0.0000
   3940.00      1621.86      0.00     1.00       0.0000    0.0000
   3960.00      1622.10      0.00     1.00       0.0000    0.0000
   3980.00      1622.34      0.00     1.00       0.0000    0.0000
   4000.00      1622.58      0.00     1.00       0.0000    0.0000
   4020.00      1622.82      0.00     1.00       0.0000    0.0000
   4040.00      1623.06      0.00     1.00       0.0000    0.0000
   4060.00      1623.30      0.00     1.00       0.0000    0.0000
   4080.00      1623.54      0.00     1.00       0.0000    0.0000
   4100.00      1623.78      0.00     1.00       0.0000    0.0000
   4120.00      1624.02      0.00     1.00       0.0000    0.0000
   4140.00      1624.26      0.00     1.00       0.0000    0.0000
   4160.00      1624.50      0.00     1.00       0.0000    0.0000
   4180.00      1624.74      0.00     1.00       0.0000    0.0000
   4200.00      1624.98      0.00     1.00       0.0000    0.0000
   4220.00      1625.22      0.00     1.00       0.0000    0.0000
   4240.00      1625.46      0.00     1.00       0.0000    0.0000
   4260.00      1625.70      0.00     1.00       0.0000    0.0000
   4280.00      1625.94      0.00     1.00       0.0000    0.0000
   4300.00      1626.18      0.00     1.00       0.0000    0.0000
   4320.00      1626.42      0.00     1.00       0.0000    0.0000
   4340.00      1626.66      0.00     1.00       0.0000    0.0000
   4360.00      1626.90      0.00     1.00       0.0000    0.0000
   4380.00      1627.14      0.00     1.00       0.0000    0.0000
   4400.00      1627.38      0.00     1.00       0.0000    0.0000
   4420.00      1627.62      0.00     1.00       0.0000    0.0000
   4440.00      1627.86      0.00     1.00       0.0000    0.0000
   4460.00      1628.10      0.00     1.00       0.0000    0.0000
   4480.00      1628.34      0.00     1.00       0.0000    0.0000
   4500.00      1628.58      0.00     1.00       0.0000    0.0000
   4520.00      1628.82      0.00     1.00       0.0000    0.0000
   4540.00      1629.06      0.00     1.00       0.0000    0.0000
   4560.00      1629.30      0.00     1.00       0.0000    0.0000
   4580.00      1629.54      0.00     1.00       0.0000    0.0000
   4600.00      1629.78      0.00     1.00       0.0000    0.0000
   4620.00      1630.02      0.00     1.00       0.0000    0.0000
   4640.00      1630.26      0.00     1.00       0.0000    0.0000
   4660.00      1630.50      0.00     1.00       0.0000    0.0000
   4680.00      1630.74      0.00     1.00       0.0000    0.0000
   4700.00      1630.98      0.00     1.00       0.0000    0.0000
   4720.00      1631.22      0.00     1.00       0.0000    0.0000
   4740.00      1631.46      0.00     1.00       0.0000    0.0000
   4760.00      1631.70      0.00     1.00       0.0000    0.0000
   4780.00      1631.94      0.00     1.00       0.0000    0.0000
   4800.00      1632.18      0.00     1.00       0.0000    0.0000
   4820.00      1632.42      0.00     1.00       0.0000    0.0000
   4840.00      1632.66      0.00     1.00       0.0000    0.0000
   4860.00      1632.90      0.00     1.00       0.0000    0.0000
   4880.00      1633.14      0.00     1.00       0.0000    0.0000
   4900.00      1633.38      0.00     1.00       0.0000    0.0000
   4920.00      1633.62      0.00     1.00       0.0000    0.0000
   4940.00      1633.86      0.00     1.00       0.0000    0.0000
   4960.00      1634.10      0.00     1.00       0.0000    0.0000
   4980.00      1634.34      0.00     1.00       0.0000    0.0000
   5000.00      1634.58      0.00     1.00       0.0000    0.0000

                                 ( RMS rough =   0.00     )
     Perfectly RIGID

 cLow =   1500.0    m/s      cHigh =   1800.0    m/s
 RMax =    60.000000000000000      km

 __________________________________________________________________________


 Number of source   depths =            1
 Source depths (m)
   200.000    

 Number of receiver depths =            1
 Receiver depths (m)
   200.000    

 Mesh multiplier   CPU seconds
                --- Number of modes =          643
        1            0.625    s
                --- Number of modes =          643
        2            0.531    s
        4            0.344    s

    I    k (1/m)            alpha (1/m)   Phase Speed (m/s) Group Speed (m/s)
    1  0.8418795872     -0.9230531252E-06   1500.119810       1500.002237    
   22  0.8391591541     -0.9245191812E-06   1504.982983       1500.094131    
   43  0.8365343320     -0.9258904846E-06   1509.705219       1500.341324    
   64  0.8339114950     -0.9279414131E-06   1514.453577       1498.408411    
   85  0.8305901554     -0.9311343479E-06   1520.509530       1494.091182    
  106  0.8266902510     -0.9345818173E-06   1527.682521       1490.066074    
  127  0.8223256104     -0.9383680837E-06   1535.790970       1485.879843    
  148  0.8175512157     -0.9424995439E-06   1544.759793       1481.438132    
  169  0.8124020004     -0.9469711436E-06   1554.550883       1476.720324    
  190  0.8069024608     -0.9517810385E-06   1565.146109       1471.715490    
  211  0.8010700523     -0.9569281964E-06   1576.541581       1466.424020    
  232  0.7949184138     -0.9624224856E-06   1588.741970       1460.821412    
  253  0.7884578021     -0.9682748159E-06   1601.760098       1454.888615    
  274  0.7824406571     -0.9519647561E-06   1614.077995       1515.877602    
  295  0.7792297964     -0.9459805980E-06   1620.728895       1541.461755    
  316  0.7765959355     -0.9443200773E-06   1626.225672       1552.164384    
  337  0.7742412505     -0.9436882760E-06   1631.171480       1558.985484    
  358  0.7720228398     -0.9479700954E-06   1635.858658       1549.243869    
  379  0.7691635821     -0.9558778832E-06   1641.939733       1529.255483    
  400  0.7658022647     -0.9626183422E-06   1649.146660       1514.476607    
  421  0.7620336112     -0.9692626313E-06   1657.302550       1501.141362    
  442  0.7578989099     -0.9760838440E-06   1666.343928       1488.292609    
  463  0.7534202929     -0.9830754807E-06   1676.249311       1475.913854    
  484  0.7486113639     -0.9904541141E-06   1687.017200       1463.345396    
  505  0.7434798763     -0.9981931294E-06   1698.660969       1450.691574    
  526  0.7380296769     -0.1006333730E-05   1711.205235       1437.865702    
  547  0.7322621668     -0.1014928210E-05   1724.683186       1424.763651    
  568  0.7261759762     -0.1024062259E-05   1739.138016       1411.205948    
  589  0.7197683767     -0.1033708678E-05   1754.620358       1397.339272    
  610  0.7130349082     -0.1043934351E-05   1771.189927       1383.059243    
  631  0.7059696688     -0.1054814808E-05   1788.915732       1368.256846    
 _________________________________________________

 KRAKEN- R                                                                       
 End of environmental file
