 _________________________________________________

 KRAKEN- PERT                                                                    
 Frequency =   283.0    Hz
 NMedia    =   1


     C-Linear approximation to SSP
     Attenuation units: dB/wavelength
     THORP attenuation added
     VACUUM


   z (m)     alphaR (m/s)   betaR  rho (g/cm^3)  alphaI     betaI


       ( # mesh points = 20001  RMS rough =   0.00     )
      0.00      1512.55      0.00     1.00       0.0000    0.0000
     20.00      1512.55      0.00     1.00       0.0000    0.0000
     40.00      1512.55      0.00     1.00       0.0000    0.0000
     60.00      1512.40      0.00     1.00       0.0000    0.0000
     80.00      1512.11      0.00     1.00       0.0000    0.0000
    100.00      1511.82      0.00     1.00       0.0000    0.0000
    120.00      1511.53      0.00     1.00       0.0000    0.0000
    140.00      1511.24      0.00     1.00       0.0000    0.0000
    160.00      1510.96      0.00     1.00       0.0000    0.0000
    180.00      1510.67      0.00     1.00       0.0000    0.0000
    200.00      1510.39      0.00     1.00       0.0000    0.0000
    220.00      1510.11      0.00     1.00       0.0000    0.0000
    240.00      1509.83      0.00     1.00       0.0000    0.0000
    260.00      1509.55      0.00     1.00       0.0000    0.0000
    280.00      1509.27      0.00     1.00       0.0000    0.0000
    300.00      1509.00      0.00     1.00       0.0000    0.0000
    320.00      1508.73      0.00     1.00       0.0000    0.0000
    340.00      1508.46      0.00     1.00       0.0000    0.0000
    360.00      1508.19      0.00     1.00       0.0000    0.0000
    380.00      1507.93      0.00     1.00       0.0000    0.0000
    400.00      1507.67      0.00     1.00       0.0000    0.0000
    420.00      1507.41      0.00     1.00       0.0000    0.0000
    440.00      1507.15      0.00     1.00       0.0000    0.0000
    460.00      1506.89      0.00     1.00       0.0000    0.0000
    480.00      1506.64      0.00     1.00       0.0000    0.0000
    500.00      1506.39      0.00     1.00       0.0000    0.0000
    520.00      1506.14      0.00     1.00       0.0000    0.0000
    540.00      1505.90      0.00     1.00       0.0000    0.0000
    560.00      1505.66      0.00     1.00       0.0000    0.0000
    580.00      1505.42      0.00     1.00       0.0000    0.0000
    600.00      1505.19      0.00     1.00       0.0000    0.0000
    620.00      1504.96      0.00     1.00       0.0000    0.0000
    640.00      1504.73      0.00     1.00       0.0000    0.0000
    660.00      1504.51      0.00     1.00       0.0000    0.0000
    680.00      1504.28      0.00     1.00       0.0000    0.0000
    700.00      1504.07      0.00     1.00       0.0000    0.0000
    720.00      1503.85      0.00     1.00       0.0000    0.0000
    740.00      1503.65      0.00     1.00       0.0000    0.0000
    760.00      1503.44      0.00     1.00       0.0000    0.0000
    780.00      1503.24      0.00     1.00       0.0000    0.0000
    800.00      1503.04      0.00     1.00       0.0000    0.0000
    820.00      1502.85      0.00     1.00       0.0000    0.0000
    840.00      1502.66      0.00     1.00       0.0000    0.0000
    860.00      1502.48      0.00     1.00       0.0000    0.0000
    880.00      1502.30      0.00     1.00       0.0000    0.0000
    900.00      1502.13      0.00     1.00       0.0000    0.0000
    920.00      1501.96      0.00     1.00       0.0000    0.0000
    940.00      1501.80      0.00     1.00       0.0000    0.0000
    960.00      1501.65      0.00     1.00       0.0000    0.0000
    980.00      1501.50      0.00     1.00       0.0000    0.0000
   1000.00      1501.35      0.00     1.00       0.0000    0.0000
   1020.00      1501.21      0.00     1.00       0.0000    0.0000
   1040.00      1501.08      0.00     1.00       0.0000    0.0000
   1060.00      1500.95      0.00     1.00       0.0000    0.0000
   1080.00      1500.84      0.00     1.00       0.0000    0.0000
   1100.00      1500.72      0.00     1.00       0.0000    0.0000
   1120.00      1500.62      0.00     1.00       0.0000    0.0000
   1140.00      1500.52      0.00     1.00       0.0000    0.0000
   1160.00      1500.43      0.00     1.00       0.0000    0.0000
   1180.00      1500.35      0.00     1.00       0.0000    0.0000
   1200.00      1500.27      0.00     1.00       0.0000    0.0000
   1220.00      1500.21      0.00     1.00       0.0000    0.0000
   1240.00      1500.15      0.00     1.00       0.0000    0.0000
   1260.00      1500.10      0.00     1.00       0.0000    0.0000
   1280.00      1500.06      0.00     1.00       0.0000    0.0000
   1300.00      1500.03      0.00     1.00       0.0000    0.0000
   1320.00      1500.01      0.00     1.00       0.0000    0.0000
   1340.00      1500.00      0.00     1.00       0.0000    0.0000
   1360.00      1500.00      0.00     1.00       0.0000    0.0000
   1380.00      1500.01      0.00     1.00       0.0000    0.0000
   1400.00      1500.04      0.00     1.00       0.0000    0.0000
   1420.00      1500.07      0.00     1.00       0.0000    0.0000
   1440.00      1500.11      0.00     1.00       0.0000    0.0000
   1460.00      1500.17      0.00     1.00       0.0000    0.0000
   1480.00      1500.24      0.00     1.00       0.0000    0.0000
   1500.00      1500.32      0.00     1.00       0.0000    0.0000
   1520.00      1500.42      0.00     1.00       0.0000    0.0000
   1540.00      1500.52      0.00     1.00       0.0000    0.0000
   1560.00      1500.65      0.00     1.00       0.0000    0.0000
   1580.00      1500.78      0.00     1.00       0.0000    0.0000
   1600.00      1500.94      0.00     1.00       0.0000    0.0000
   1620.00      1501.10      0.00     1.00       0.0000    0.0000
   1640.00      1501.29      0.00     1.00       0.0000    0.0000
   1660.00      1501.49      0.00     1.00       0.0000    0.0000
   1680.00      1501.70      0.00     1.00       0.0000    0.0000
   1700.00      1501.94      0.00     1.00       0.0000    0.0000
   1720.00      1502.19      0.00     1.00       0.0000    0.0000
   1740.00      1502.46      0.00     1.00       0.0000    0.0000
   1760.00      1502.75      0.00     1.00       0.0000    0.0000
   1780.00      1503.06      0.00     1.00       0.0000    0.0000
   1800.00      1503.39      0.00     1.00       0.0000    0.0000
   1820.00      1503.74      0.00     1.00       0.0000    0.0000
   1840.00      1504.11      0.00     1.00       0.0000    0.0000
   1860.00      1504.50      0.00     1.00       0.0000    0.0000
   1880.00      1504.92      0.00     1.00       0.0000    0.0000
   1900.00      1505.36      0.00     1.00       0.0000    0.0000
   1920.00      1505.82      0.00     1.00       0.0000    0.0000
   1940.00      1506.31      0.00     1.00       0.0000    0.0000
   1960.00      1506.83      0.00     1.00       0.0000    0.0000
   1980.00      1507.37      0.00     1.00       0.0000    0.0000
   2000.00      1507.94      0.00     1.00       0.0000    0.0000
   2020.00      1508.54      0.00     1.00       0.0000    0.0000
   2040.00      1509.17      0.00     1.00       0.0000    0.0000
   2060.00      1509.83      0.00     1.00       0.0000    0.0000
   2080.00      1510.52      0.00     1.00       0.0000    0.0000
   2100.00      1511.24      0.00     1.00       0.0000    0.0000
   2120.00      1512.00      0.00     1.00       0.0000    0.0000
   2140.00      1512.79      0.00     1.00       0.0000    0.0000
   2160.00      1513.61      0.00     1.00       0.0000    0.0000
   2180.00      1514.47      0.00     1.00       0.0000    0.0000
   2200.00      1515.37      0.00     1.00       0.0000    0.0000
   2220.00      1516.31      0.00     1.00       0.0000    0.0000
   2240.00      1517.29      0.00     1.00       0.0000    0.0000
   2260.00      1518.30      0.00     1.00       0.0000    0.0000
   2280.00      1519.36      0.00     1.00       0.0000    0.0000
   2300.00      1520.47      0.00     1.00       0.0000    0.0000
   2320.00      1521.62      0.00     1.00       0.0000    0.0000
   2340.00      1522.82      0.00     1.00       0.0000    0.0000
   2360.00      1524.06      0.00     1.00       0.0000    0.0000
   2380.00      1525.35      0.00     1.00       0.0000    0.0000
   2400.00      1526.70      0.00     1.00       0.0000    0.0000
   2420.00      1528.10      0.00     1.00       0.0000    0.0000
   2440.00      1529.55      0.00     1.00       0.0000    0.0000
   2460.00      1531.06      0.00     1.00       0.0000    0.0000
   2480.00      1532.62      0.00     1.00       0.0000    0.0000
   2500.00      1534.25      0.00     1.00       0.0000    0.0000
   2520.00      1535.93      0.00     1.00       0.0000    0.0000
   2540.00      1537.68      0.00     1.00       0.0000    0.0000
   2560.00      1539.50      0.00     1.00       0.0000    0.0000
   2580.00      1541.38      0.00     1.00       0.0000    0.0000
   2600.00      1543.33      0.00     1.00       0.0000    0.0000
   2620.00      1545.36      0.00     1.00       0.0000    0.0000
   2640.00      1547.45      0.00     1.00       0.0000    0.0000
   2660.00      1549.63      0.00     1.00       0.0000    0.0000
   2680.00      1551.88      0.00     1.00       0.0000    0.0000
   2700.00      1554.21      0.00     1.00       0.0000    0.0000
   2720.00      1556.63      0.00     1.00       0.0000    0.0000
   2740.00      1559.13      0.00     1.00       0.0000    0.0000
   2760.00      1561.72      0.00     1.00       0.0000    0.0000
   2780.00      1564.41      0.00     1.00       0.0000    0.0000
   2800.00      1567.19      0.00     1.00       0.0000    0.0000
   2820.00      1570.06      0.00     1.00       0.0000    0.0000
   2840.00      1573.04      0.00     1.00       0.0000    0.0000
   2860.00      1576.12      0.00     1.00       0.0000    0.0000
   2880.00      1579.30      0.00     1.00       0.0000    0.0000
   2900.00      1582.60      0.00     1.00       0.0000    0.0000
   2920.00      1586.01      0.00     1.00       0.0000    0.0000
   2940.00      1589.54      0.00     1.00       0.0000    0.0000
   2960.00      1593.18      0.00     1.00       0.0000    0.0000
   2980.00      1596.96      0.00     1.00       0.0000    0.0000
   3000.00      1600.86      0.00     1.00       0.0000    0.0000
   3020.00      1604.89      0.00     1.00       0.0000    0.0000
   3040.00      1609.06      0.00     1.00       0.0000    0.0000
   3060.00      1611.30      0.00     1.00       0.0000    0.0000
   3080.00      1611.54      0.00     1.00       0.0000    0.0000
   3100.00      1611.78      0.00     1.00       0.0000    0.0000
   3120.00      1612.02      0.00     1.00       0.0000    0.0000
   3140.00      1612.26      0.00     1.00       0.0000    0.0000
   3160.00      1612.50      0.00     1.00       0.0000    0.0000
   3180.00      1612.74      0.00     1.00       0.0000    0.0000
   3200.00      1612.98      0.00     1.00       0.0000    0.0000
   3220.00      1613.22      0.00     1.00       0.0000    0.0000
   3240.00      1613.46      0.00     1.00       0.0000    0.0000
   3260.00      1613.70      0.00     1.00       0.0000    0.0000
   3280.00      1613.94      0.00     1.00       0.0000    0.0000
   3300.00      1614.18      0.00     1.00       0.0000    0.0000
   3320.00      1614.42      0.00     1.00       0.0000    0.0000
   3340.00      1614.66      0.00     1.00       0.0000    0.0000
   3360.00      1614.90      0.00     1.00       0.0000    0.0000
   3380.00      1615.14      0.00     1.00       0.0000    0.0000
   3400.00      1615.38      0.00     1.00       0.0000    0.0000
   3420.00      1615.62      0.00     1.00       0.0000    0.0000
   3440.00      1615.86      0.00     1.00       0.0000    0.0000
   3460.00      1616.10      0.00     1.00       0.0000    0.0000
   3480.00      1616.34      0.00     1.00       0.0000    0.0000
   3500.00      1616.58      0.00     1.00       0.0000    0.0000
   3520.00      1616.82      0.00     1.00       0.0000    0.0000
   3540.00      1617.06      0.00     1.00       0.0000    0.0000
   3560.00      1617.30      0.00     1.00       0.0000    0.0000
   3580.00      1617.54      0.00     1.00       0.0000    0.0000
   3600.00      1617.78      0.00     1.00       0.0000    0.0000
   3620.00      1618.02      0.00     1.00       0.0000    0.0000
   3640.00      1618.26      0.00     1.00       0.0000    0.0000
   3660.00      1618.50      0.00     1.00       0.0000    0.0000
   3680.00      1618.74      0.00     1.00       0.0000    0.0000
   3700.00      1618.98      0.00     1.00       0.0000    0.0000
   3720.00      1619.22      0.00     1.00       0.0000    0.0000
   3740.00      1619.46      0.00     1.00       0.0000    0.0000
   3760.00      1619.70      0.00     1.00       0.0000    0.0000
   3780.00      1619.94      0.00     1.00       0.0000    0.0000
   3800.00      1620.18      0.00     1.00       0.0000    0.0000
   3820.00      1620.42      0.00     1.00       0.0000    0.0000
   3840.00      1620.66      0.00     1.00       0.0000    0.0000
   3860.00      1620.90      0.00     1.00       0.0000    0.0000
   3880.00      1621.14      0.00     1.00       0.0000    0.0000
   3900.00      1621.38      0.00     1.00       0.0000    0.0000
   3920.00      1621.62      0.00     1.00       0.0000    0.0000
   3940.00      1621.86      0.00     1.00       0.0000    0.0000
   3960.00      1622.10      0.00     1.00       0.0000    0.0000
   3980.00      1622.34      0.00     1.00       0.0000    0.0000
   4000.00      1622.58      0.00     1.00       0.0000    0.0000
   4020.00      1622.82      0.00     1.00       0.0000    0.0000
   4040.00      1623.06      0.00     1.00       0.0000    0.0000
   4060.00      1623.30      0.00     1.00       0.0000    0.0000
   4080.00      1623.54      0.00     1.00       0.0000    0.0000
   4100.00      1623.78      0.00     1.00       0.0000    0.0000
   4120.00      1624.02      0.00     1.00       0.0000    0.0000
   4140.00      1624.26      0.00     1.00       0.0000    0.0000
   4160.00      1624.50      0.00     1.00       0.0000    0.0000
   4180.00      1624.74      0.00     1.00       0.0000    0.0000
   4200.00      1624.98      0.00     1.00       0.0000    0.0000
   4220.00      1625.22      0.00     1.00       0.0000    0.0000
   4240.00      1625.46      0.00     1.00       0.0000    0.0000
   4260.00      1625.70      0.00     1.00       0.0000    0.0000
   4280.00      1625.94      0.00     1.00       0.0000    0.0000
   4300.00      1626.18      0.00     1.00       0.0000    0.0000
   4320.00      1626.42      0.00     1.00       0.0000    0.0000
   4340.00      1626.66      0.00     1.00       0.0000    0.0000
   4360.00      1626.90      0.00     1.00       0.0000    0.0000
   4380.00      1627.14      0.00     1.00       0.0000    0.0000
   4400.00      1627.38      0.00     1.00       0.0000    0.0000
   4420.00      1627.62      0.00     1.00       0.0000    0.0000
   4440.00      1627.86      0.00     1.00       0.0000    0.0000
   4460.00      1628.10      0.00     1.00       0.0000    0.0000
   4480.00      1628.34      0.00     1.00       0.0000    0.0000
   4500.00      1628.58      0.00     1.00       0.0000    0.0000
   4520.00      1628.82      0.00     1.00       0.0000    0.0000
   4540.00      1629.06      0.00     1.00       0.0000    0.0000
   4560.00      1629.30      0.00     1.00       0.0000    0.0000
   4580.00      1629.54      0.00     1.00       0.0000    0.0000
   4600.00      1629.78      0.00     1.00       0.0000    0.0000
   4620.00      1630.02      0.00     1.00       0.0000    0.0000
   4640.00      1630.26      0.00     1.00       0.0000    0.0000
   4660.00      1630.50      0.00     1.00       0.0000    0.0000
   4680.00      1630.74      0.00     1.00       0.0000    0.0000
   4700.00      1630.98      0.00     1.00       0.0000    0.0000
   4720.00      1631.22      0.00     1.00       0.0000    0.0000
   4740.00      1631.46      0.00     1.00       0.0000    0.0000
   4760.00      1631.70      0.00     1.00       0.0000    0.0000
   4780.00      1631.94      0.00     1.00       0.0000    0.0000
   4800.00      1632.18      0.00     1.00       0.0000    0.0000
   4820.00      1632.42      0.00     1.00       0.0000    0.0000
   4840.00      1632.66      0.00     1.00       0.0000    0.0000
   4860.00      1632.90      0.00     1.00       0.0000    0.0000
   4880.00      1633.14      0.00     1.00       0.0000    0.0000
   4900.00      1633.38      0.00     1.00       0.0000    0.0000
   4920.00      1633.62      0.00     1.00       0.0000    0.0000
   4940.00      1633.86      0.00     1.00       0.0000    0.0000
   4960.00      1634.10      0.00     1.00       0.0000    0.0000
   4980.00      1634.34      0.00     1.00       0.0000    0.0000
   5000.00      1634.58      0.00     1.00       0.0000    0.0000

                                 ( RMS rough =   0.00     )
     Perfectly RIGID

 cLow =   1500.0    m/s      cHigh =   1800.0    m/s
 RMax =    60.000000000000000      km

 __________________________________________________________________________


 Number of source   depths =            1
 Source depths (m)
   200.000    

 Number of receiver depths =            1
 Receiver depths (m)
   200.000    

 Mesh multiplier   CPU seconds
                --- Number of modes =          906
        1            0.828    s
                --- Number of modes =          905
        2            0.750    s
        4            0.484    s

    I    k (1/m)            alpha (1/m)   Phase Speed (m/s) Group Speed (m/s)
    1   1.185359874     -0.1420739430E-05   1500.085738       1500.002220    
   31   1.181473585     -0.1423029016E-05   1505.020057       1500.095428    
   61   1.177725798     -0.1425168700E-05   1509.809368       1500.348172    
   91   1.173975148     -0.1428460360E-05   1514.632951       1498.206879    
  121   1.169189864     -0.1433439949E-05   1520.832071       1493.895922    
  151   1.163579131     -0.1438854635E-05   1528.165464       1489.803858    
  181   1.157300686     -0.1444808754E-05   1536.455878       1485.535194    
  211   1.150433051     -0.1451300196E-05   1545.627918       1481.019889    
  241   1.143026042     -0.1458342876E-05   1555.643858       1476.193767    
  271   1.135114143     -0.1465898498E-05   1566.486907       1471.118591    
  301   1.126722628     -0.1474015813E-05   1578.153662       1465.694922    
  331   1.117870409     -0.1482672607E-05   1590.650783       1459.974889    
  361   1.108572314     -0.1491916919E-05   1603.992288       1453.879948    
  391   1.100724146     -0.1460970999E-05   1615.428760       1526.081375    
  421   1.096359919     -0.1455321393E-05   1621.859220       1544.096184    
  451   1.092695904     -0.1453111374E-05   1627.297618       1554.019357    
  481   1.089396592     -0.1452833523E-05   1632.226000       1559.316360    
  511   1.086084679     -0.1462236257E-05   1637.203319       1543.873969    
  541   1.081796814     -0.1473895041E-05   1643.692622       1525.469098    
  571   1.076833440     -0.1484350831E-05   1651.268781       1510.943700    
  601   1.071299806     -0.1494824445E-05   1659.798156       1497.520457    
  631   1.065246358     -0.1505574176E-05   1669.230248       1484.595960    
  661   1.058701419     -0.1516747979E-05   1679.549503       1471.850445    
  691   1.051682112     -0.1528343241E-05   1690.759424       1459.289843    
  721   1.044197439     -0.1540687289E-05   1702.878570       1446.311541    
  751   1.036252013     -0.1553641728E-05   1715.935332       1433.223160    
  781   1.027846140     -0.1567359915E-05   1729.968497       1419.791692    
  811   1.018977268     -0.1581882723E-05   1745.025622       1406.009308    
  841   1.009640219     -0.1597317554E-05   1761.163441       1391.762348    
  871  0.9998276580     -0.1613706890E-05   1778.447943       1377.066299    
  901  0.9895301845     -0.1631137913E-05   1796.955232       1361.871696    
 _________________________________________________

 KRAKEN- R                                                                       
 End of environmental file
