 _________________________________________________

 KRAKEN- YANG2014                                                                
 Frequency =   350.0    Hz
 NMedia    =   1


     C-Linear approximation to SSP
     Attenuation units: dB/wavelength
     VACUUM


   z (m)     alphaR (m/s)   betaR  rho (g/cm^3)  alphaI     betaI


       ( # mesh points =  2001  RMS rough =   0.00     )
      0.00      1533.00      0.00     1.00       0.0000    0.0000
     10.00      1533.00      0.00     1.00       0.0000    0.0000
     40.00      1478.00      0.00     1.00       0.0000    0.0000
     88.00      1478.00      0.00     1.00       0.0000    0.0000

                                 ( RMS rough =   0.00     )
     ACOUSTO-ELASTIC half-space
      0.00      1650.00      0.00     1.76       0.8000    0.0000

 cLow =   1400.0    m/s      cHigh =   1800.0    m/s
 RMax =    60.000000000000000      km

 __________________________________________________________________________


 Number of source   depths =            1
 Source depths (m)
   4.00000    

 Number of receiver depths =            2
 Receiver depths (m)
   18.0000       70.0000    

 Mesh multiplier   CPU seconds
                --- Number of modes =           23
        1            0.156E-01s
                --- Number of modes =           23
        2             0.00    s

    I    k (1/m)            alpha (1/m)   Phase Speed (m/s) Group Speed (m/s)
    1   1.486930196     -0.5130316728E-05   1478.963076       1477.645171    
    2   1.484048728     -0.1957157082E-04   1481.834670       1476.575437    
    3   1.479351233     -0.4049027239E-04   1486.540051       1474.851040    
    4   1.473087605     -0.6277585209E-04   1492.860880       1472.868934    
    5   1.465836743     -0.7843391877E-04   1500.245418       1471.751606    
    6   1.458384696     -0.8693439431E-04   1507.911365       1471.719816    
    7   1.450674893     -0.9895696570E-04   1515.925358       1471.010874    
    8   1.442839303     -0.1020019106E-03   1524.157855       1472.220506    
    9   1.435157951     -0.1077942533E-03   1532.315559       1473.039026    
   10   1.427585124     -0.1104891785E-03   1540.443943       1472.646562    
   11   1.419586975     -0.1312469687E-03   1549.123017       1463.795584    
   12   1.410490985     -0.1581949814E-03   1559.113019       1452.268952    
   13   1.400068182     -0.1908073321E-03   1570.719831       1440.967148    
   14   1.388579083     -0.2271363753E-03   1583.715961       1430.303400    
   15   1.375969669     -0.2756226479E-03   1598.229167       1419.615278    
   16   1.362395052     -0.3453093060E-03   1614.153585       1408.956158    
   17   1.347735799     -0.4680485981E-03   1631.710651       1397.566467    
   18   1.332036724     -0.7099866695E-03   1650.941613       1378.412320    
   19   1.315035323     -0.1093880046E-02   1672.285769       1348.687975    
   20   1.296725671     -0.1484113697E-02   1695.898298       1323.328862    
   21   1.277047892     -0.1856427193E-02   1722.030060       1300.370669    
   22   1.256029039     -0.2201868916E-02   1750.847145       1277.618223    
   23   1.233579744     -0.2548529629E-02   1782.709929       1253.926194    
 _________________________________________________

 KRAKEN- R                                                                       
 End of environmental file
