 _________________________________________________

 KRAKEN- YANG2014                                                                
 Frequency =   350.0    Hz
 NMedia    =   1


     C-Linear approximation to SSP
     Attenuation units: dB/wavelength
     VACUUM


   z (m)     alphaR (m/s)   betaR  rho (g/cm^3)  alphaI     betaI


       ( # mesh points =  2001  RMS rough =   0.00     )
      0.00      1533.00      0.00     1.00       0.0000    0.0000
     10.00      1533.00      0.00     1.00       0.0000    0.0000
     40.00      1478.00      0.00     1.00       0.0000    0.0000
     88.00      1478.00      0.00     1.00       0.0000    0.0000

                                 ( RMS rough =   0.00     )
     ACOUSTO-ELASTIC half-space
      0.00      1650.00      0.00     1.76       0.1697    0.0000

 cLow =   1400.0    m/s      cHigh =   1800.0    m/s
 RMax =    60.000000000000000      km

 __________________________________________________________________________


 Number of source   depths =            1
 Source depths (m)
   4.00000    

 Number of receiver depths =            2
 Receiver depths (m)
   18.0000       70.0000    

 Mesh multiplier   CPU seconds
                --- Number of modes =           23
        1             0.00    s
                --- Number of modes =           23
        2             0.00    s

    I    k (1/m)            alpha (1/m)   Phase Speed (m/s) Group Speed (m/s)
    1   1.486930451     -0.1097815184E-05   1478.962823       1477.650442    
    2   1.484049710     -0.4187866441E-05   1481.833689       1476.595643    
    3   1.479353304     -0.8663762756E-05   1486.537970       1474.893309    
    4   1.473090902     -0.1343289280E-04   1492.857538       1472.935755    
    5   1.465841003     -0.1678635996E-04   1500.241059       1471.837517    
    6   1.458389594     -0.1860926128E-04   1507.906300       1471.820390    
    7   1.450680705     -0.2118982848E-04   1515.919285       1471.133144    
    8   1.442845575     -0.2185302990E-04   1524.151230       1472.356282    
    9   1.435164913     -0.2310791521E-04   1532.308125       1473.197265    
   10   1.427592653     -0.2370260983E-04   1540.435819       1472.832707    
   11   1.419596494     -0.2818373155E-04   1549.112629       1464.050989    
   12   1.410503417     -0.3402453282E-04   1559.099277       1452.628238    
   13   1.400084870     -0.4115352705E-04   1570.701108       1441.498937    
   14   1.388601993     -0.4921999424E-04   1583.689833       1431.148525    
   15   1.376003582     -0.6029580292E-04   1598.189776       1421.147965    
   16   1.362451925     -0.7727741071E-04   1614.086206       1412.377405    
   17   1.347859781     -0.1137756929E-03   1631.560559       1408.680309    
   18   1.332434043     -0.3361936471E-03   1650.449318       1406.692525    
   19   1.315418135     -0.9977793295E-03   1671.799102       1340.894114    
   20   1.297028191     -0.1449379553E-02   1695.502744       1319.040451    
   21   1.277303726     -0.1840793585E-02   1721.685151       1297.935585    
   22   1.256253937     -0.2194094051E-02   1750.533704       1276.115303    
   23   1.233783987     -0.2544786360E-02   1782.414815       1252.931737    
 _________________________________________________

 KRAKEN- R                                                                       
 End of environmental file
