 _________________________________________________

 KRAKEN- YANG2014                                                                
 Frequency =   350.0    Hz
 NMedia    =   1


     C-Linear approximation to SSP
     Attenuation units: dB/wavelength
     VACUUM


   z (m)     alphaR (m/s)   betaR  rho (g/cm^3)  alphaI     betaI


       ( # mesh points =  2001  RMS rough =   0.00     )
      0.00      1533.00      0.00     1.00       0.0000    0.0000
     10.00      1533.00      0.00     1.00       0.0000    0.0000
     40.00      1478.00      0.00     1.00       0.0000    0.0000
     88.00      1478.00      0.00     1.00       0.0000    0.0000

                                 ( RMS rough =   0.00     )
     ACOUSTO-ELASTIC half-space
      0.00      1650.00      0.00     1.76       0.8000    0.0000

 cLow =   0.0000    m/s      cHigh =   1400.0    m/s
 RMax =    60.000000000000000      km

 __________________________________________________________________________


 Number of source   depths =            1
 Source depths (m)
   4.00000    

 Number of receiver depths =            2
 Receiver depths (m)
   18.0000       70.0000    

 Mesh multiplier   CPU seconds
                --- Number of modes =            0

 *** FATAL ERROR ***
 Generated by program or subroutine: KRAKEN
 No modes for given phase speed interval

