 _________________________________________________

 KRAKEN- YANG2014                                                                
 Frequency =   350.0    Hz
 NMedia    =   1


     C-Linear approximation to SSP
     Attenuation units: dB/wavelength
     VACUUM


   z (m)     alphaR (m/s)   betaR  rho (g/cm^3)  alphaI     betaI


       ( # mesh points =  2001  RMS rough =   0.00     )
      0.00      1533.00      0.00     1.00       0.0000    0.0000
     10.00      1533.00      0.00     1.00       0.0000    0.0000
     40.00      1478.00      0.00     1.00       0.0000    0.0000
     88.00      1478.00      0.00     1.00       0.0000    0.0000

                                 ( RMS rough =   0.00     )
     Perfectly RIGID

 cLow =   1400.0    m/s      cHigh =   1800.0    m/s
 RMax =    60.000000000000000      km

 __________________________________________________________________________


 Number of source   depths =            1
 Source depths (m)
   4.00000    

 Number of receiver depths =            2
 Receiver depths (m)
   18.0000       70.0000    

 Mesh multiplier   CPU seconds
                --- Number of modes =           23
        1             0.00    s
                --- Number of modes =           23
        2             0.00    s

    I    k (1/m)            alpha (1/m)   Phase Speed (m/s) Group Speed (m/s)
    1   1.487632940       0.000000000       1478.264429       1477.785347    
    2   1.485516738       0.000000000       1480.370299       1476.103717    
    3   1.481363734       0.000000000       1484.520518       1472.965464    
    4   1.475392095       0.000000000       1490.529104       1469.036881    
    5   1.468123334       0.000000000       1497.908797       1465.952268    
    6   1.460463349       0.000000000       1505.765180       1465.152606    
    7   1.452675984       0.000000000       1513.837140       1463.629835    
    8   1.444629780       0.000000000       1522.268811       1464.004729    
    9   1.436805207       0.000000000       1530.558803       1464.688617    
   10   1.429063985       0.000000000       1538.849821       1465.056591    
   11   1.421118686       0.000000000       1547.453340       1456.081974    
   12   1.412079498       0.000000000       1557.359101       1442.717624    
   13   1.401680511       0.000000000       1568.913058       1428.602464    
   14   1.390127174       0.000000000       1581.952284       1415.446969    
   15   1.377407129       0.000000000       1596.561257       1401.492963    
   16   1.363653705       0.000000000       1612.663720       1387.020121    
   17   1.348752137       0.000000000       1630.481092       1371.274684    
   18   1.332756690       0.000000000       1650.049761       1354.611643    
   19   1.315536428       0.000000000       1671.648774       1336.610991    
   20   1.297112369       0.000000000       1695.392712       1317.600204    
   21   1.277372579       0.000000000       1721.592348       1297.210744    
   22   1.256313177       0.000000000       1750.451160       1275.687528    
   23   1.233836682       0.000000000       1782.338692       1252.654530    
 _________________________________________________

 KRAKEN- R                                                                       
 End of environmental file
