 _________________________________________________

 KRAKEN- YANG2014                                                                
 Frequency =   350.0    Hz
 NMedia    =   1


     C-Linear approximation to SSP
     Attenuation units: dB/wavelength
     VACUUM


   z (m)     alphaR (m/s)   betaR  rho (g/cm^3)  alphaI     betaI


       ( # mesh points =  2001  RMS rough =   0.00     )
      0.00      1533.00      0.00     1.00       0.0000    0.0000
     10.00      1533.00      0.00     1.00       0.0000    0.0000
     40.00      1478.00      0.00     1.00       0.0000    0.0000
     88.00      1478.00      0.00     1.00       0.0000    0.0000

                                 ( RMS rough =   0.00     )
     Perfectly RIGID

 cLow =   1500.0    m/s      cHigh =   1800.0    m/s
 RMax =    60.000000000000000      km

 __________________________________________________________________________


 Number of source   depths =            1
 Source depths (m)
   4.00000    

 Number of receiver depths =            2
 Receiver depths (m)
   18.0000       70.0000    

 Mesh multiplier   CPU seconds
                --- Number of modes =           23
        1             0.00    s
                --- Number of modes =           23
        2             0.00    s
        4             0.00    s

    I    k (1/m)            alpha (1/m)   Phase Speed (m/s) Group Speed (m/s)
    1   1.460463349       0.000000000       1505.765180       1465.152606    
    2   1.452675982       0.000000000       1513.837143       1463.629835    
    3   1.444629780       0.000000000       1522.268811       1464.004729    
    4   1.436805206       0.000000000       1530.558804       1464.688617    
    5   1.429063986       0.000000000       1538.849820       1465.056591    
    6   1.421118687       0.000000000       1547.453340       1456.081974    
    7   1.412079497       0.000000000       1557.359102       1442.717624    
    8   1.401680511       0.000000000       1568.913059       1428.602464    
    9   1.390127172       0.000000000       1581.952286       1415.446969    
   10   1.377407130       0.000000000       1596.561257       1401.492963    
   11   1.363653704       0.000000000       1612.663721       1387.020121    
   12   1.348752138       0.000000000       1630.481090       1371.274684    
   13   1.332756688       0.000000000       1650.049763       1354.611643    
   14   1.315536428       0.000000000       1671.648774       1336.610991    
   15   1.297112367       0.000000000       1695.392715       1317.600204    
   16   1.277372578       0.000000000       1721.592349       1297.210744    
   17   1.256313175       0.000000000       1750.451162       1275.687528    
   18   1.233836682       0.000000000       1782.338692       1252.654530    
 _________________________________________________

 KRAKEN- R                                                                       
 End of environmental file
