 _________________________________________________

 KRAKEN- PERT                                                                    
 Frequency =   235.0    Hz
 NMedia    =   1


     C-Linear approximation to SSP
     Attenuation units: dB/wavelength
     THORP attenuation added
     VACUUM


   z (m)     alphaR (m/s)   betaR  rho (g/cm^3)  alphaI     betaI


       ( # mesh points = 20001  RMS rough =   0.00     )
      0.00      1512.55      0.00     1.00       0.0000    0.0000
     20.00      1512.55      0.00     1.00       0.0000    0.0000
     40.00      1512.55      0.00     1.00       0.0000    0.0000
     60.00      1512.40      0.00     1.00       0.0000    0.0000
     80.00      1512.11      0.00     1.00       0.0000    0.0000
    100.00      1511.82      0.00     1.00       0.0000    0.0000
    120.00      1511.53      0.00     1.00       0.0000    0.0000
    140.00      1511.24      0.00     1.00       0.0000    0.0000
    160.00      1510.96      0.00     1.00       0.0000    0.0000
    180.00      1510.67      0.00     1.00       0.0000    0.0000
    200.00      1510.39      0.00     1.00       0.0000    0.0000
    220.00      1510.11      0.00     1.00       0.0000    0.0000
    240.00      1509.83      0.00     1.00       0.0000    0.0000
    260.00      1509.55      0.00     1.00       0.0000    0.0000
    280.00      1509.27      0.00     1.00       0.0000    0.0000
    300.00      1509.00      0.00     1.00       0.0000    0.0000
    320.00      1508.73      0.00     1.00       0.0000    0.0000
    340.00      1508.46      0.00     1.00       0.0000    0.0000
    360.00      1508.19      0.00     1.00       0.0000    0.0000
    380.00      1507.93      0.00     1.00       0.0000    0.0000
    400.00      1507.67      0.00     1.00       0.0000    0.0000
    420.00      1507.41      0.00     1.00       0.0000    0.0000
    440.00      1507.15      0.00     1.00       0.0000    0.0000
    460.00      1506.89      0.00     1.00       0.0000    0.0000
    480.00      1506.64      0.00     1.00       0.0000    0.0000
    500.00      1506.39      0.00     1.00       0.0000    0.0000
    520.00      1506.14      0.00     1.00       0.0000    0.0000
    540.00      1505.90      0.00     1.00       0.0000    0.0000
    560.00      1505.66      0.00     1.00       0.0000    0.0000
    580.00      1505.42      0.00     1.00       0.0000    0.0000
    600.00      1505.19      0.00     1.00       0.0000    0.0000
    620.00      1504.96      0.00     1.00       0.0000    0.0000
    640.00      1504.73      0.00     1.00       0.0000    0.0000
    660.00      1504.51      0.00     1.00       0.0000    0.0000
    680.00      1504.28      0.00     1.00       0.0000    0.0000
    700.00      1504.07      0.00     1.00       0.0000    0.0000
    720.00      1503.85      0.00     1.00       0.0000    0.0000
    740.00      1503.65      0.00     1.00       0.0000    0.0000
    760.00      1503.44      0.00     1.00       0.0000    0.0000
    780.00      1503.24      0.00     1.00       0.0000    0.0000
    800.00      1503.04      0.00     1.00       0.0000    0.0000
    820.00      1502.85      0.00     1.00       0.0000    0.0000
    840.00      1502.66      0.00     1.00       0.0000    0.0000
    860.00      1502.48      0.00     1.00       0.0000    0.0000
    880.00      1502.30      0.00     1.00       0.0000    0.0000
    900.00      1502.13      0.00     1.00       0.0000    0.0000
    920.00      1501.96      0.00     1.00       0.0000    0.0000
    940.00      1501.80      0.00     1.00       0.0000    0.0000
    960.00      1501.65      0.00     1.00       0.0000    0.0000
    980.00      1501.50      0.00     1.00       0.0000    0.0000
   1000.00      1501.35      0.00     1.00       0.0000    0.0000
   1020.00      1501.21      0.00     1.00       0.0000    0.0000
   1040.00      1501.08      0.00     1.00       0.0000    0.0000
   1060.00      1500.95      0.00     1.00       0.0000    0.0000
   1080.00      1500.84      0.00     1.00       0.0000    0.0000
   1100.00      1500.72      0.00     1.00       0.0000    0.0000
   1120.00      1500.62      0.00     1.00       0.0000    0.0000
   1140.00      1500.52      0.00     1.00       0.0000    0.0000
   1160.00      1500.43      0.00     1.00       0.0000    0.0000
   1180.00      1500.35      0.00     1.00       0.0000    0.0000
   1200.00      1500.27      0.00     1.00       0.0000    0.0000
   1220.00      1500.21      0.00     1.00       0.0000    0.0000
   1240.00      1500.15      0.00     1.00       0.0000    0.0000
   1260.00      1500.10      0.00     1.00       0.0000    0.0000
   1280.00      1500.06      0.00     1.00       0.0000    0.0000
   1300.00      1500.03      0.00     1.00       0.0000    0.0000
   1320.00      1500.01      0.00     1.00       0.0000    0.0000
   1340.00      1500.00      0.00     1.00       0.0000    0.0000
   1360.00      1500.00      0.00     1.00       0.0000    0.0000
   1380.00      1500.01      0.00     1.00       0.0000    0.0000
   1400.00      1500.04      0.00     1.00       0.0000    0.0000
   1420.00      1500.07      0.00     1.00       0.0000    0.0000
   1440.00      1500.11      0.00     1.00       0.0000    0.0000
   1460.00      1500.17      0.00     1.00       0.0000    0.0000
   1480.00      1500.24      0.00     1.00       0.0000    0.0000
   1500.00      1500.32      0.00     1.00       0.0000    0.0000
   1520.00      1500.42      0.00     1.00       0.0000    0.0000
   1540.00      1500.52      0.00     1.00       0.0000    0.0000
   1560.00      1500.65      0.00     1.00       0.0000    0.0000
   1580.00      1500.78      0.00     1.00       0.0000    0.0000
   1600.00      1500.94      0.00     1.00       0.0000    0.0000
   1620.00      1501.10      0.00     1.00       0.0000    0.0000
   1640.00      1501.29      0.00     1.00       0.0000    0.0000
   1660.00      1501.49      0.00     1.00       0.0000    0.0000
   1680.00      1501.70      0.00     1.00       0.0000    0.0000
   1700.00      1501.94      0.00     1.00       0.0000    0.0000
   1720.00      1502.19      0.00     1.00       0.0000    0.0000
   1740.00      1502.46      0.00     1.00       0.0000    0.0000
   1760.00      1502.75      0.00     1.00       0.0000    0.0000
   1780.00      1503.06      0.00     1.00       0.0000    0.0000
   1800.00      1503.39      0.00     1.00       0.0000    0.0000
   1820.00      1503.74      0.00     1.00       0.0000    0.0000
   1840.00      1504.11      0.00     1.00       0.0000    0.0000
   1860.00      1504.50      0.00     1.00       0.0000    0.0000
   1880.00      1504.92      0.00     1.00       0.0000    0.0000
   1900.00      1505.36      0.00     1.00       0.0000    0.0000
   1920.00      1505.82      0.00     1.00       0.0000    0.0000
   1940.00      1506.31      0.00     1.00       0.0000    0.0000
   1960.00      1506.83      0.00     1.00       0.0000    0.0000
   1980.00      1507.37      0.00     1.00       0.0000    0.0000
   2000.00      1507.94      0.00     1.00       0.0000    0.0000
   2020.00      1508.54      0.00     1.00       0.0000    0.0000
   2040.00      1509.17      0.00     1.00       0.0000    0.0000
   2060.00      1509.83      0.00     1.00       0.0000    0.0000
   2080.00      1510.52      0.00     1.00       0.0000    0.0000
   2100.00      1511.24      0.00     1.00       0.0000    0.0000
   2120.00      1512.00      0.00     1.00       0.0000    0.0000
   2140.00      1512.79      0.00     1.00       0.0000    0.0000
   2160.00      1513.61      0.00     1.00       0.0000    0.0000
   2180.00      1514.47      0.00     1.00       0.0000    0.0000
   2200.00      1515.37      0.00     1.00       0.0000    0.0000
   2220.00      1516.31      0.00     1.00       0.0000    0.0000
   2240.00      1517.29      0.00     1.00       0.0000    0.0000
   2260.00      1518.30      0.00     1.00       0.0000    0.0000
   2280.00      1519.36      0.00     1.00       0.0000    0.0000
   2300.00      1520.47      0.00     1.00       0.0000    0.0000
   2320.00      1521.62      0.00     1.00       0.0000    0.0000
   2340.00      1522.82      0.00     1.00       0.0000    0.0000
   2360.00      1524.06      0.00     1.00       0.0000    0.0000
   2380.00      1525.35      0.00     1.00       0.0000    0.0000
   2400.00      1526.70      0.00     1.00       0.0000    0.0000
   2420.00      1528.10      0.00     1.00       0.0000    0.0000
   2440.00      1529.55      0.00     1.00       0.0000    0.0000
   2460.00      1531.06      0.00     1.00       0.0000    0.0000
   2480.00      1532.62      0.00     1.00       0.0000    0.0000
   2500.00      1534.25      0.00     1.00       0.0000    0.0000
   2520.00      1535.93      0.00     1.00       0.0000    0.0000
   2540.00      1537.68      0.00     1.00       0.0000    0.0000
   2560.00      1539.50      0.00     1.00       0.0000    0.0000
   2580.00      1541.38      0.00     1.00       0.0000    0.0000
   2600.00      1543.33      0.00     1.00       0.0000    0.0000
   2620.00      1545.36      0.00     1.00       0.0000    0.0000
   2640.00      1547.45      0.00     1.00       0.0000    0.0000
   2660.00      1549.63      0.00     1.00       0.0000    0.0000
   2680.00      1551.88      0.00     1.00       0.0000    0.0000
   2700.00      1554.21      0.00     1.00       0.0000    0.0000
   2720.00      1556.63      0.00     1.00       0.0000    0.0000
   2740.00      1559.13      0.00     1.00       0.0000    0.0000
   2760.00      1561.72      0.00     1.00       0.0000    0.0000
   2780.00      1564.41      0.00     1.00       0.0000    0.0000
   2800.00      1567.19      0.00     1.00       0.0000    0.0000
   2820.00      1570.06      0.00     1.00       0.0000    0.0000
   2840.00      1573.04      0.00     1.00       0.0000    0.0000
   2860.00      1576.12      0.00     1.00       0.0000    0.0000
   2880.00      1579.30      0.00     1.00       0.0000    0.0000
   2900.00      1582.60      0.00     1.00       0.0000    0.0000
   2920.00      1586.01      0.00     1.00       0.0000    0.0000
   2940.00      1589.54      0.00     1.00       0.0000    0.0000
   2960.00      1593.18      0.00     1.00       0.0000    0.0000
   2980.00      1596.96      0.00     1.00       0.0000    0.0000
   3000.00      1600.86      0.00     1.00       0.0000    0.0000
   3020.00      1604.89      0.00     1.00       0.0000    0.0000
   3040.00      1609.06      0.00     1.00       0.0000    0.0000
   3060.00      1611.30      0.00     1.00       0.0000    0.0000
   3080.00      1611.54      0.00     1.00       0.0000    0.0000
   3100.00      1611.78      0.00     1.00       0.0000    0.0000
   3120.00      1612.02      0.00     1.00       0.0000    0.0000
   3140.00      1612.26      0.00     1.00       0.0000    0.0000
   3160.00      1612.50      0.00     1.00       0.0000    0.0000
   3180.00      1612.74      0.00     1.00       0.0000    0.0000
   3200.00      1612.98      0.00     1.00       0.0000    0.0000
   3220.00      1613.22      0.00     1.00       0.0000    0.0000
   3240.00      1613.46      0.00     1.00       0.0000    0.0000
   3260.00      1613.70      0.00     1.00       0.0000    0.0000
   3280.00      1613.94      0.00     1.00       0.0000    0.0000
   3300.00      1614.18      0.00     1.00       0.0000    0.0000
   3320.00      1614.42      0.00     1.00       0.0000    0.0000
   3340.00      1614.66      0.00     1.00       0.0000    0.0000
   3360.00      1614.90      0.00     1.00       0.0000    0.0000
   3380.00      1615.14      0.00     1.00       0.0000    0.0000
   3400.00      1615.38      0.00     1.00       0.0000    0.0000
   3420.00      1615.62      0.00     1.00       0.0000    0.0000
   3440.00      1615.86      0.00     1.00       0.0000    0.0000
   3460.00      1616.10      0.00     1.00       0.0000    0.0000
   3480.00      1616.34      0.00     1.00       0.0000    0.0000
   3500.00      1616.58      0.00     1.00       0.0000    0.0000
   3520.00      1616.82      0.00     1.00       0.0000    0.0000
   3540.00      1617.06      0.00     1.00       0.0000    0.0000
   3560.00      1617.30      0.00     1.00       0.0000    0.0000
   3580.00      1617.54      0.00     1.00       0.0000    0.0000
   3600.00      1617.78      0.00     1.00       0.0000    0.0000
   3620.00      1618.02      0.00     1.00       0.0000    0.0000
   3640.00      1618.26      0.00     1.00       0.0000    0.0000
   3660.00      1618.50      0.00     1.00       0.0000    0.0000
   3680.00      1618.74      0.00     1.00       0.0000    0.0000
   3700.00      1618.98      0.00     1.00       0.0000    0.0000
   3720.00      1619.22      0.00     1.00       0.0000    0.0000
   3740.00      1619.46      0.00     1.00       0.0000    0.0000
   3760.00      1619.70      0.00     1.00       0.0000    0.0000
   3780.00      1619.94      0.00     1.00       0.0000    0.0000
   3800.00      1620.18      0.00     1.00       0.0000    0.0000
   3820.00      1620.42      0.00     1.00       0.0000    0.0000
   3840.00      1620.66      0.00     1.00       0.0000    0.0000
   3860.00      1620.90      0.00     1.00       0.0000    0.0000
   3880.00      1621.14      0.00     1.00       0.0000    0.0000
   3900.00      1621.38      0.00     1.00       0.0000    0.0000
   3920.00      1621.62      0.00     1.00       0.0000    0.0000
   3940.00      1621.86      0.00     1.00       0.0000    0.0000
   3960.00      1622.10      0.00     1.00       0.0000    0.0000
   3980.00      1622.34      0.00     1.00       0.0000    0.0000
   4000.00      1622.58      0.00     1.00       0.0000    0.0000
   4020.00      1622.82      0.00     1.00       0.0000    0.0000
   4040.00      1623.06      0.00     1.00       0.0000    0.0000
   4060.00      1623.30      0.00     1.00       0.0000    0.0000
   4080.00      1623.54      0.00     1.00       0.0000    0.0000
   4100.00      1623.78      0.00     1.00       0.0000    0.0000
   4120.00      1624.02      0.00     1.00       0.0000    0.0000
   4140.00      1624.26      0.00     1.00       0.0000    0.0000
   4160.00      1624.50      0.00     1.00       0.0000    0.0000
   4180.00      1624.74      0.00     1.00       0.0000    0.0000
   4200.00      1624.98      0.00     1.00       0.0000    0.0000
   4220.00      1625.22      0.00     1.00       0.0000    0.0000
   4240.00      1625.46      0.00     1.00       0.0000    0.0000
   4260.00      1625.70      0.00     1.00       0.0000    0.0000
   4280.00      1625.94      0.00     1.00       0.0000    0.0000
   4300.00      1626.18      0.00     1.00       0.0000    0.0000
   4320.00      1626.42      0.00     1.00       0.0000    0.0000
   4340.00      1626.66      0.00     1.00       0.0000    0.0000
   4360.00      1626.90      0.00     1.00       0.0000    0.0000
   4380.00      1627.14      0.00     1.00       0.0000    0.0000
   4400.00      1627.38      0.00     1.00       0.0000    0.0000
   4420.00      1627.62      0.00     1.00       0.0000    0.0000
   4440.00      1627.86      0.00     1.00       0.0000    0.0000
   4460.00      1628.10      0.00     1.00       0.0000    0.0000
   4480.00      1628.34      0.00     1.00       0.0000    0.0000
   4500.00      1628.58      0.00     1.00       0.0000    0.0000
   4520.00      1628.82      0.00     1.00       0.0000    0.0000
   4540.00      1629.06      0.00     1.00       0.0000    0.0000
   4560.00      1629.30      0.00     1.00       0.0000    0.0000
   4580.00      1629.54      0.00     1.00       0.0000    0.0000
   4600.00      1629.78      0.00     1.00       0.0000    0.0000
   4620.00      1630.02      0.00     1.00       0.0000    0.0000
   4640.00      1630.26      0.00     1.00       0.0000    0.0000
   4660.00      1630.50      0.00     1.00       0.0000    0.0000
   4680.00      1630.74      0.00     1.00       0.0000    0.0000
   4700.00      1630.98      0.00     1.00       0.0000    0.0000
   4720.00      1631.22      0.00     1.00       0.0000    0.0000
   4740.00      1631.46      0.00     1.00       0.0000    0.0000
   4760.00      1631.70      0.00     1.00       0.0000    0.0000
   4780.00      1631.94      0.00     1.00       0.0000    0.0000
   4800.00      1632.18      0.00     1.00       0.0000    0.0000
   4820.00      1632.42      0.00     1.00       0.0000    0.0000
   4840.00      1632.66      0.00     1.00       0.0000    0.0000
   4860.00      1632.90      0.00     1.00       0.0000    0.0000
   4880.00      1633.14      0.00     1.00       0.0000    0.0000
   4900.00      1633.38      0.00     1.00       0.0000    0.0000
   4920.00      1633.62      0.00     1.00       0.0000    0.0000
   4940.00      1633.86      0.00     1.00       0.0000    0.0000
   4960.00      1634.10      0.00     1.00       0.0000    0.0000
   4980.00      1634.34      0.00     1.00       0.0000    0.0000
   5000.00      1634.58      0.00     1.00       0.0000    0.0000

                                 ( RMS rough =   0.00     )
     Perfectly RIGID

 cLow =   1500.0    m/s      cHigh =   1800.0    m/s
 RMax =    60.000000000000000      km

 __________________________________________________________________________


 Number of source   depths =            1
 Source depths (m)
   200.000    

 Number of receiver depths =           51
 Receiver depths (m)
   150.000       152.000       154.000       156.000       158.000    
   160.000       162.000       164.000       166.000       168.000    
   170.000       172.000       174.000       176.000       178.000    
   180.000       182.000       184.000       186.000       188.000    
   190.000    
  ...    250.000000    

 Mesh multiplier   CPU seconds
                --- Number of modes =          752
        1            0.641    s
                --- Number of modes =          752
        2            0.594    s
        4            0.391    s

    I    k (1/m)            alpha (1/m)   Phase Speed (m/s) Group Speed (m/s)
    1  0.9842982422     -0.1112882105E-05   1500.102798       1500.002227    
   26  0.9810602873     -0.1114681265E-05   1505.053834       1500.096648    
   51  0.9779380924     -0.1116362212E-05   1509.858915       1500.351663    
   76  0.9747998516     -0.1118981273E-05   1514.719709       1498.138014    
  101  0.9707981186     -0.1122901321E-05   1520.963544       1493.818898    
  126  0.9661097112     -0.1127165844E-05   1528.344587       1489.711473    
  151  0.9608650030     -0.1131850747E-05   1536.686780       1485.436662    
  176  0.9551288487     -0.1136974437E-05   1545.915558       1480.872925    
  201  0.9489425998     -0.1142517125E-05   1555.993532       1476.036141    
  226  0.9423350203     -0.1148481003E-05   1566.904037       1470.905275    
  251  0.9353268512     -0.1154883052E-05   1578.644455       1465.436172    
  276  0.9279341568     -0.1161707477E-05   1591.221248       1459.676209    
  301  0.9201690579     -0.1168942826E-05   1604.649205       1453.667199    
  326  0.9138162644     -0.1143918544E-05   1615.804626       1527.681822    
  351  0.9102272753     -0.1140006221E-05   1622.175678       1544.269061    
  376  0.9071953879     -0.1138667324E-05   1627.597061       1553.091040    
  401  0.9044604733     -0.1138088971E-05   1632.518602       1559.379623    
  426  0.9016656815     -0.1146279463E-05   1637.578736       1541.775778    
  451  0.8980507470     -0.1155147253E-05   1644.170502       1524.214673    
  476  0.8938799042     -0.1163260111E-05   1651.842200       1509.998749    
  501  0.8892361922     -0.1171483807E-05   1660.468344       1496.625233    
  526  0.8841597246     -0.1179960715E-05   1670.002044       1483.658883    
  551  0.8786737793     -0.1188732370E-05   1680.428598       1470.970394    
  576  0.8727917952     -0.1197937279E-05   1691.753469       1458.219198    
  601  0.8665211331     -0.1207693886E-05   1703.996003       1445.147456    
  626  0.8598654505     -0.1217911969E-05   1717.185574       1432.015485    
  651  0.8528244364     -0.1228788139E-05   1731.362851       1418.412911    
  676  0.8453959028     -0.1240280369E-05   1746.576417       1404.507679    
  701  0.8375753467     -0.1252468301E-05   1762.884441       1390.194885    
  726  0.8293563659     -0.1265440856E-05   1780.354752       1375.367490    
  751  0.8207309410     -0.1279237890E-05   1799.065289       1360.042276    
 _________________________________________________

 KRAKEN- R                                                                       
 End of environmental file
