 _________________________________________________

 KRAKEN- PERT                                                                    
 Frequency =   283.0    Hz
 NMedia    =   1


     C-Linear approximation to SSP
     Attenuation units: dB/wavelength
     THORP attenuation added
     VACUUM


   z (m)     alphaR (m/s)   betaR  rho (g/cm^3)  alphaI     betaI


       ( # mesh points = 20001  RMS rough =   0.00     )
      0.00      1514.55      0.00     1.00       0.0000    0.0000
     20.00      1514.55      0.00     1.00       0.0000    0.0000
     40.00      1514.55      0.00     1.00       0.0000    0.0000
     60.00      1514.55      0.00     1.00       0.0000    0.0000
     80.00      1514.55      0.00     1.00       0.0000    0.0000
    100.00      1514.55      0.00     1.00       0.0000    0.0000
    120.00      1514.55      0.00     1.00       0.0000    0.0000
    140.00      1514.55      0.00     1.00       0.0000    0.0000
    160.00      1514.40      0.00     1.00       0.0000    0.0000
    180.00      1514.11      0.00     1.00       0.0000    0.0000
    200.00      1513.82      0.00     1.00       0.0000    0.0000
    220.00      1513.53      0.00     1.00       0.0000    0.0000
    240.00      1513.24      0.00     1.00       0.0000    0.0000
    260.00      1512.96      0.00     1.00       0.0000    0.0000
    280.00      1512.67      0.00     1.00       0.0000    0.0000
    300.00      1512.39      0.00     1.00       0.0000    0.0000
    320.00      1512.11      0.00     1.00       0.0000    0.0000
    340.00      1511.83      0.00     1.00       0.0000    0.0000
    360.00      1511.55      0.00     1.00       0.0000    0.0000
    380.00      1511.27      0.00     1.00       0.0000    0.0000
    400.00      1511.00      0.00     1.00       0.0000    0.0000
    420.00      1510.73      0.00     1.00       0.0000    0.0000
    440.00      1510.46      0.00     1.00       0.0000    0.0000
    460.00      1510.19      0.00     1.00       0.0000    0.0000
    480.00      1509.93      0.00     1.00       0.0000    0.0000
    500.00      1509.67      0.00     1.00       0.0000    0.0000
    520.00      1509.41      0.00     1.00       0.0000    0.0000
    540.00      1509.15      0.00     1.00       0.0000    0.0000
    560.00      1508.89      0.00     1.00       0.0000    0.0000
    580.00      1508.64      0.00     1.00       0.0000    0.0000
    600.00      1508.39      0.00     1.00       0.0000    0.0000
    620.00      1508.14      0.00     1.00       0.0000    0.0000
    640.00      1507.90      0.00     1.00       0.0000    0.0000
    660.00      1507.66      0.00     1.00       0.0000    0.0000
    680.00      1507.42      0.00     1.00       0.0000    0.0000
    700.00      1507.19      0.00     1.00       0.0000    0.0000
    720.00      1506.96      0.00     1.00       0.0000    0.0000
    740.00      1506.73      0.00     1.00       0.0000    0.0000
    760.00      1506.51      0.00     1.00       0.0000    0.0000
    780.00      1506.28      0.00     1.00       0.0000    0.0000
    800.00      1506.07      0.00     1.00       0.0000    0.0000
    820.00      1505.85      0.00     1.00       0.0000    0.0000
    840.00      1505.65      0.00     1.00       0.0000    0.0000
    860.00      1505.44      0.00     1.00       0.0000    0.0000
    880.00      1505.24      0.00     1.00       0.0000    0.0000
    900.00      1505.04      0.00     1.00       0.0000    0.0000
    920.00      1504.85      0.00     1.00       0.0000    0.0000
    940.00      1504.66      0.00     1.00       0.0000    0.0000
    960.00      1504.48      0.00     1.00       0.0000    0.0000
    980.00      1504.30      0.00     1.00       0.0000    0.0000
   1000.00      1504.13      0.00     1.00       0.0000    0.0000
   1020.00      1503.96      0.00     1.00       0.0000    0.0000
   1040.00      1503.80      0.00     1.00       0.0000    0.0000
   1060.00      1503.65      0.00     1.00       0.0000    0.0000
   1080.00      1503.50      0.00     1.00       0.0000    0.0000
   1100.00      1503.35      0.00     1.00       0.0000    0.0000
   1120.00      1503.21      0.00     1.00       0.0000    0.0000
   1140.00      1503.08      0.00     1.00       0.0000    0.0000
   1160.00      1502.95      0.00     1.00       0.0000    0.0000
   1180.00      1502.84      0.00     1.00       0.0000    0.0000
   1200.00      1502.72      0.00     1.00       0.0000    0.0000
   1220.00      1502.62      0.00     1.00       0.0000    0.0000
   1240.00      1502.52      0.00     1.00       0.0000    0.0000
   1260.00      1502.43      0.00     1.00       0.0000    0.0000
   1280.00      1502.35      0.00     1.00       0.0000    0.0000
   1300.00      1502.27      0.00     1.00       0.0000    0.0000
   1320.00      1502.21      0.00     1.00       0.0000    0.0000
   1340.00      1502.15      0.00     1.00       0.0000    0.0000
   1360.00      1502.10      0.00     1.00       0.0000    0.0000
   1380.00      1502.06      0.00     1.00       0.0000    0.0000
   1400.00      1502.03      0.00     1.00       0.0000    0.0000
   1420.00      1502.01      0.00     1.00       0.0000    0.0000
   1440.00      1502.00      0.00     1.00       0.0000    0.0000
   1460.00      1502.00      0.00     1.00       0.0000    0.0000
   1480.00      1502.01      0.00     1.00       0.0000    0.0000
   1500.00      1502.04      0.00     1.00       0.0000    0.0000
   1520.00      1502.07      0.00     1.00       0.0000    0.0000
   1540.00      1502.11      0.00     1.00       0.0000    0.0000
   1560.00      1502.17      0.00     1.00       0.0000    0.0000
   1580.00      1502.24      0.00     1.00       0.0000    0.0000
   1600.00      1502.32      0.00     1.00       0.0000    0.0000
   1620.00      1502.42      0.00     1.00       0.0000    0.0000
   1640.00      1502.52      0.00     1.00       0.0000    0.0000
   1660.00      1502.65      0.00     1.00       0.0000    0.0000
   1680.00      1502.78      0.00     1.00       0.0000    0.0000
   1700.00      1502.94      0.00     1.00       0.0000    0.0000
   1720.00      1503.10      0.00     1.00       0.0000    0.0000
   1740.00      1503.29      0.00     1.00       0.0000    0.0000
   1760.00      1503.49      0.00     1.00       0.0000    0.0000
   1780.00      1503.70      0.00     1.00       0.0000    0.0000
   1800.00      1503.94      0.00     1.00       0.0000    0.0000
   1820.00      1504.19      0.00     1.00       0.0000    0.0000
   1840.00      1504.46      0.00     1.00       0.0000    0.0000
   1860.00      1504.75      0.00     1.00       0.0000    0.0000
   1880.00      1505.06      0.00     1.00       0.0000    0.0000
   1900.00      1505.39      0.00     1.00       0.0000    0.0000
   1920.00      1505.74      0.00     1.00       0.0000    0.0000
   1940.00      1506.11      0.00     1.00       0.0000    0.0000
   1960.00      1506.50      0.00     1.00       0.0000    0.0000
   1980.00      1506.92      0.00     1.00       0.0000    0.0000
   2000.00      1507.36      0.00     1.00       0.0000    0.0000
   2020.00      1507.82      0.00     1.00       0.0000    0.0000
   2040.00      1508.31      0.00     1.00       0.0000    0.0000
   2060.00      1508.83      0.00     1.00       0.0000    0.0000
   2080.00      1509.37      0.00     1.00       0.0000    0.0000
   2100.00      1509.94      0.00     1.00       0.0000    0.0000
   2120.00      1510.54      0.00     1.00       0.0000    0.0000
   2140.00      1511.17      0.00     1.00       0.0000    0.0000
   2160.00      1511.83      0.00     1.00       0.0000    0.0000
   2180.00      1512.52      0.00     1.00       0.0000    0.0000
   2200.00      1513.24      0.00     1.00       0.0000    0.0000
   2220.00      1514.00      0.00     1.00       0.0000    0.0000
   2240.00      1514.79      0.00     1.00       0.0000    0.0000
   2260.00      1515.61      0.00     1.00       0.0000    0.0000
   2280.00      1516.47      0.00     1.00       0.0000    0.0000
   2300.00      1517.37      0.00     1.00       0.0000    0.0000
   2320.00      1518.31      0.00     1.00       0.0000    0.0000
   2340.00      1519.29      0.00     1.00       0.0000    0.0000
   2360.00      1520.30      0.00     1.00       0.0000    0.0000
   2380.00      1521.36      0.00     1.00       0.0000    0.0000
   2400.00      1522.47      0.00     1.00       0.0000    0.0000
   2420.00      1523.62      0.00     1.00       0.0000    0.0000
   2440.00      1524.82      0.00     1.00       0.0000    0.0000
   2460.00      1526.06      0.00     1.00       0.0000    0.0000
   2480.00      1527.35      0.00     1.00       0.0000    0.0000
   2500.00      1528.70      0.00     1.00       0.0000    0.0000
   2520.00      1530.10      0.00     1.00       0.0000    0.0000
   2540.00      1531.55      0.00     1.00       0.0000    0.0000
   2560.00      1533.06      0.00     1.00       0.0000    0.0000
   2580.00      1534.62      0.00     1.00       0.0000    0.0000
   2600.00      1536.25      0.00     1.00       0.0000    0.0000
   2620.00      1537.93      0.00     1.00       0.0000    0.0000
   2640.00      1539.68      0.00     1.00       0.0000    0.0000
   2660.00      1541.50      0.00     1.00       0.0000    0.0000
   2680.00      1543.38      0.00     1.00       0.0000    0.0000
   2700.00      1545.33      0.00     1.00       0.0000    0.0000
   2720.00      1547.36      0.00     1.00       0.0000    0.0000
   2740.00      1549.45      0.00     1.00       0.0000    0.0000
   2760.00      1551.63      0.00     1.00       0.0000    0.0000
   2780.00      1553.88      0.00     1.00       0.0000    0.0000
   2800.00      1556.21      0.00     1.00       0.0000    0.0000
   2820.00      1558.63      0.00     1.00       0.0000    0.0000
   2840.00      1561.13      0.00     1.00       0.0000    0.0000
   2860.00      1563.72      0.00     1.00       0.0000    0.0000
   2880.00      1566.41      0.00     1.00       0.0000    0.0000
   2900.00      1569.19      0.00     1.00       0.0000    0.0000
   2920.00      1572.06      0.00     1.00       0.0000    0.0000
   2940.00      1575.04      0.00     1.00       0.0000    0.0000
   2960.00      1578.12      0.00     1.00       0.0000    0.0000
   2980.00      1581.30      0.00     1.00       0.0000    0.0000
   3000.00      1584.60      0.00     1.00       0.0000    0.0000
   3020.00      1588.01      0.00     1.00       0.0000    0.0000
   3040.00      1591.54      0.00     1.00       0.0000    0.0000
   3060.00      1595.18      0.00     1.00       0.0000    0.0000
   3080.00      1598.96      0.00     1.00       0.0000    0.0000
   3100.00      1602.86      0.00     1.00       0.0000    0.0000
   3120.00      1606.89      0.00     1.00       0.0000    0.0000
   3140.00      1611.06      0.00     1.00       0.0000    0.0000
   3160.00      1613.30      0.00     1.00       0.0000    0.0000
   3180.00      1613.54      0.00     1.00       0.0000    0.0000
   3200.00      1613.78      0.00     1.00       0.0000    0.0000
   3220.00      1614.02      0.00     1.00       0.0000    0.0000
   3240.00      1614.26      0.00     1.00       0.0000    0.0000
   3260.00      1614.50      0.00     1.00       0.0000    0.0000
   3280.00      1614.74      0.00     1.00       0.0000    0.0000
   3300.00      1614.98      0.00     1.00       0.0000    0.0000
   3320.00      1615.22      0.00     1.00       0.0000    0.0000
   3340.00      1615.46      0.00     1.00       0.0000    0.0000
   3360.00      1615.70      0.00     1.00       0.0000    0.0000
   3380.00      1615.94      0.00     1.00       0.0000    0.0000
   3400.00      1616.18      0.00     1.00       0.0000    0.0000
   3420.00      1616.42      0.00     1.00       0.0000    0.0000
   3440.00      1616.66      0.00     1.00       0.0000    0.0000
   3460.00      1616.90      0.00     1.00       0.0000    0.0000
   3480.00      1617.14      0.00     1.00       0.0000    0.0000
   3500.00      1617.38      0.00     1.00       0.0000    0.0000
   3520.00      1617.62      0.00     1.00       0.0000    0.0000
   3540.00      1617.86      0.00     1.00       0.0000    0.0000
   3560.00      1618.10      0.00     1.00       0.0000    0.0000
   3580.00      1618.34      0.00     1.00       0.0000    0.0000
   3600.00      1618.58      0.00     1.00       0.0000    0.0000
   3620.00      1618.82      0.00     1.00       0.0000    0.0000
   3640.00      1619.06      0.00     1.00       0.0000    0.0000
   3660.00      1619.30      0.00     1.00       0.0000    0.0000
   3680.00      1619.54      0.00     1.00       0.0000    0.0000
   3700.00      1619.78      0.00     1.00       0.0000    0.0000
   3720.00      1620.02      0.00     1.00       0.0000    0.0000
   3740.00      1620.26      0.00     1.00       0.0000    0.0000
   3760.00      1620.50      0.00     1.00       0.0000    0.0000
   3780.00      1620.74      0.00     1.00       0.0000    0.0000
   3800.00      1620.98      0.00     1.00       0.0000    0.0000
   3820.00      1621.22      0.00     1.00       0.0000    0.0000
   3840.00      1621.46      0.00     1.00       0.0000    0.0000
   3860.00      1621.70      0.00     1.00       0.0000    0.0000
   3880.00      1621.94      0.00     1.00       0.0000    0.0000
   3900.00      1622.18      0.00     1.00       0.0000    0.0000
   3920.00      1622.42      0.00     1.00       0.0000    0.0000
   3940.00      1622.66      0.00     1.00       0.0000    0.0000
   3960.00      1622.90      0.00     1.00       0.0000    0.0000
   3980.00      1623.14      0.00     1.00       0.0000    0.0000
   4000.00      1623.38      0.00     1.00       0.0000    0.0000
   4020.00      1623.62      0.00     1.00       0.0000    0.0000
   4040.00      1623.86      0.00     1.00       0.0000    0.0000
   4060.00      1624.10      0.00     1.00       0.0000    0.0000
   4080.00      1624.34      0.00     1.00       0.0000    0.0000
   4100.00      1624.58      0.00     1.00       0.0000    0.0000
   4120.00      1624.82      0.00     1.00       0.0000    0.0000
   4140.00      1625.06      0.00     1.00       0.0000    0.0000
   4160.00      1625.30      0.00     1.00       0.0000    0.0000
   4180.00      1625.54      0.00     1.00       0.0000    0.0000
   4200.00      1625.78      0.00     1.00       0.0000    0.0000
   4220.00      1626.02      0.00     1.00       0.0000    0.0000
   4240.00      1626.26      0.00     1.00       0.0000    0.0000
   4260.00      1626.50      0.00     1.00       0.0000    0.0000
   4280.00      1626.74      0.00     1.00       0.0000    0.0000
   4300.00      1626.98      0.00     1.00       0.0000    0.0000
   4320.00      1627.22      0.00     1.00       0.0000    0.0000
   4340.00      1627.46      0.00     1.00       0.0000    0.0000
   4360.00      1627.70      0.00     1.00       0.0000    0.0000
   4380.00      1627.94      0.00     1.00       0.0000    0.0000
   4400.00      1628.18      0.00     1.00       0.0000    0.0000
   4420.00      1628.42      0.00     1.00       0.0000    0.0000
   4440.00      1628.66      0.00     1.00       0.0000    0.0000
   4460.00      1628.90      0.00     1.00       0.0000    0.0000
   4480.00      1629.14      0.00     1.00       0.0000    0.0000
   4500.00      1629.38      0.00     1.00       0.0000    0.0000
   4520.00      1629.62      0.00     1.00       0.0000    0.0000
   4540.00      1629.86      0.00     1.00       0.0000    0.0000
   4560.00      1630.10      0.00     1.00       0.0000    0.0000
   4580.00      1630.34      0.00     1.00       0.0000    0.0000
   4600.00      1630.58      0.00     1.00       0.0000    0.0000
   4620.00      1630.82      0.00     1.00       0.0000    0.0000
   4640.00      1631.06      0.00     1.00       0.0000    0.0000
   4660.00      1631.30      0.00     1.00       0.0000    0.0000
   4680.00      1631.54      0.00     1.00       0.0000    0.0000
   4700.00      1631.78      0.00     1.00       0.0000    0.0000
   4720.00      1632.02      0.00     1.00       0.0000    0.0000
   4740.00      1632.26      0.00     1.00       0.0000    0.0000
   4760.00      1632.50      0.00     1.00       0.0000    0.0000
   4780.00      1632.74      0.00     1.00       0.0000    0.0000
   4800.00      1632.98      0.00     1.00       0.0000    0.0000
   4820.00      1633.22      0.00     1.00       0.0000    0.0000
   4840.00      1633.46      0.00     1.00       0.0000    0.0000
   4860.00      1633.70      0.00     1.00       0.0000    0.0000
   4880.00      1633.94      0.00     1.00       0.0000    0.0000
   4900.00      1634.18      0.00     1.00       0.0000    0.0000
   4920.00      1634.42      0.00     1.00       0.0000    0.0000
   4940.00      1634.66      0.00     1.00       0.0000    0.0000
   4960.00      1634.90      0.00     1.00       0.0000    0.0000
   4980.00      1635.14      0.00     1.00       0.0000    0.0000
   5000.00      1635.38      0.00     1.00       0.0000    0.0000

                                 ( RMS rough =   0.00     )
     Perfectly RIGID

 cLow =   1500.0    m/s      cHigh =   1800.0    m/s
 RMax =    60.000000000000000      km

 __________________________________________________________________________


 Number of source   depths =            1
 Source depths (m)
   200.000    

 Number of receiver depths =           51
 Receiver depths (m)
   150.000       152.000       154.000       156.000       158.000    
   160.000       162.000       164.000       166.000       168.000    
   170.000       172.000       174.000       176.000       178.000    
   180.000       182.000       184.000       186.000       188.000    
   190.000    
  ...    250.000000    

 Mesh multiplier   CPU seconds
                --- Number of modes =          907
        1            0.766    s
                --- Number of modes =          906
        2            0.688    s
        4            0.453    s

    I    k (1/m)            alpha (1/m)   Phase Speed (m/s) Group Speed (m/s)
    1   1.183781457     -0.1420739456E-05   1502.085905       1502.002220    
   31   1.179897902     -0.1423030400E-05   1507.029921       1502.095791    
   61   1.176153006     -0.1425171078E-05   1511.828336       1502.349466    
   91   1.172656052     -0.1427676869E-05   1516.336729       1501.538321    
  121   1.168253734     -0.1432565258E-05   1522.050724       1496.921065    
  151   1.163005562     -0.1437764136E-05   1528.919121       1492.805671    
  181   1.157093749     -0.1443466615E-05   1536.730662       1488.575020    
  211   1.150601244     -0.1449694766E-05   1545.401981       1484.101215    
  241   1.143579479     -0.1456434259E-05   1554.891002       1479.373153    
  271   1.136063366     -0.1463692211E-05   1565.178048       1474.358463    
  301   1.128078780     -0.1471466740E-05   1576.256440       1469.055864    
  331   1.119644959     -0.1479787102E-05   1588.129726       1463.412875    
  361   1.110776743     -0.1488607336E-05   1600.809031       1457.531377    
  391   1.101652121     -0.1473859439E-05   1614.068006       1498.333915    
  421   1.096708914     -0.1457170446E-05   1621.343110       1539.675932    
  451   1.092861419     -0.1454186370E-05   1627.051163       1551.468869    
  481   1.089458656     -0.1453492034E-05   1632.133016       1557.799982    
  511   1.086219771     -0.1460768804E-05   1636.999702       1546.794057    
  541   1.082025007     -0.1473188907E-05   1643.345976       1526.611368    
  571   1.077109404     -0.1483871718E-05   1650.845713       1511.536045    
  601   1.071604803     -0.1494458871E-05   1659.325749       1497.834450    
  631   1.065569944     -0.1505255098E-05   1668.723345       1484.785977    
  661   1.059037122     -0.1516574280E-05   1679.017104       1471.735803    
  691   1.052025944     -0.1528262829E-05   1690.206836       1458.984267    
  721   1.044547060     -0.1540586315E-05   1702.308599       1446.037941    
  751   1.036605578     -0.1553554218E-05   1715.350062       1432.919082    
  781   1.028202612     -0.1567284912E-05   1729.368728       1419.460806    
  811   1.019335966     -0.1581814787E-05   1744.411560       1405.662577    
  841   1.010000716     -0.1597252334E-05   1760.534834       1391.407991    
  871   1.000189878     -0.1613621450E-05   1777.803876       1376.743344    
  901  0.9898940124     -0.1631073012E-05   1796.294775       1361.510746    
 _________________________________________________

 KRAKEN- R                                                                       
 End of environmental file
