 _________________________________________________

 KRAKEN- PERT                                                                    
 Frequency =   283.0    Hz
 NMedia    =   1


     C-Linear approximation to SSP
     Attenuation units: dB/wavelength
     THORP attenuation added
     VACUUM


   z (m)     alphaR (m/s)   betaR  rho (g/cm^3)  alphaI     betaI


       ( # mesh points = 20001  RMS rough =   0.00     )
      0.00      1512.55      0.00     1.00       0.0000    0.0000
     20.00      1512.55      0.00     1.00       0.0000    0.0000
     40.00      1512.55      0.00     1.00       0.0000    0.0000
     60.00      1512.40      0.00     1.00       0.0000    0.0000
     80.00      1512.11      0.00     1.00       0.0000    0.0000
    100.00      1511.82      0.00     1.00       0.0000    0.0000
    120.00      1511.53      0.00     1.00       0.0000    0.0000
    140.00      1511.24      0.00     1.00       0.0000    0.0000
    160.00      1510.96      0.00     1.00       0.0000    0.0000
    180.00      1510.67      0.00     1.00       0.0000    0.0000
    200.00      1510.39      0.00     1.00       0.0000    0.0000
    220.00      1510.11      0.00     1.00       0.0000    0.0000
    240.00      1509.83      0.00     1.00       0.0000    0.0000
    260.00      1509.55      0.00     1.00       0.0000    0.0000
    280.00      1509.27      0.00     1.00       0.0000    0.0000
    300.00      1509.00      0.00     1.00       0.0000    0.0000
    320.00      1508.73      0.00     1.00       0.0000    0.0000
    340.00      1508.46      0.00     1.00       0.0000    0.0000
    360.00      1508.19      0.00     1.00       0.0000    0.0000
    380.00      1507.93      0.00     1.00       0.0000    0.0000
    400.00      1507.67      0.00     1.00       0.0000    0.0000
    420.00      1507.41      0.00     1.00       0.0000    0.0000
    440.00      1507.15      0.00     1.00       0.0000    0.0000
    460.00      1506.89      0.00     1.00       0.0000    0.0000
    480.00      1506.64      0.00     1.00       0.0000    0.0000
    500.00      1506.39      0.00     1.00       0.0000    0.0000
    520.00      1506.14      0.00     1.00       0.0000    0.0000
    540.00      1505.90      0.00     1.00       0.0000    0.0000
    560.00      1505.66      0.00     1.00       0.0000    0.0000
    580.00      1505.42      0.00     1.00       0.0000    0.0000
    600.00      1505.19      0.00     1.00       0.0000    0.0000
    620.00      1504.96      0.00     1.00       0.0000    0.0000
    640.00      1504.73      0.00     1.00       0.0000    0.0000
    660.00      1504.51      0.00     1.00       0.0000    0.0000
    680.00      1504.28      0.00     1.00       0.0000    0.0000
    700.00      1504.07      0.00     1.00       0.0000    0.0000
    720.00      1503.85      0.00     1.00       0.0000    0.0000
    740.00      1503.65      0.00     1.00       0.0000    0.0000
    760.00      1503.44      0.00     1.00       0.0000    0.0000
    780.00      1503.24      0.00     1.00       0.0000    0.0000
    800.00      1503.04      0.00     1.00       0.0000    0.0000
    820.00      1502.85      0.00     1.00       0.0000    0.0000
    840.00      1502.66      0.00     1.00       0.0000    0.0000
    860.00      1502.48      0.00     1.00       0.0000    0.0000
    880.00      1502.30      0.00     1.00       0.0000    0.0000
    900.00      1502.13      0.00     1.00       0.0000    0.0000
    920.00      1501.96      0.00     1.00       0.0000    0.0000
    940.00      1501.80      0.00     1.00       0.0000    0.0000
    960.00      1501.65      0.00     1.00       0.0000    0.0000
    980.00      1501.50      0.00     1.00       0.0000    0.0000
   1000.00      1501.35      0.00     1.00       0.0000    0.0000
   1020.00      1501.21      0.00     1.00       0.0000    0.0000
   1040.00      1501.08      0.00     1.00       0.0000    0.0000
   1060.00      1500.95      0.00     1.00       0.0000    0.0000
   1080.00      1500.84      0.00     1.00       0.0000    0.0000
   1100.00      1500.72      0.00     1.00       0.0000    0.0000
   1120.00      1500.62      0.00     1.00       0.0000    0.0000
   1140.00      1500.52      0.00     1.00       0.0000    0.0000
   1160.00      1500.43      0.00     1.00       0.0000    0.0000
   1180.00      1500.35      0.00     1.00       0.0000    0.0000
   1200.00      1500.27      0.00     1.00       0.0000    0.0000
   1220.00      1500.21      0.00     1.00       0.0000    0.0000
   1240.00      1500.15      0.00     1.00       0.0000    0.0000
   1260.00      1500.10      0.00     1.00       0.0000    0.0000
   1280.00      1500.06      0.00     1.00       0.0000    0.0000
   1300.00      1500.03      0.00     1.00       0.0000    0.0000
   1320.00      1500.01      0.00     1.00       0.0000    0.0000
   1340.00      1500.00      0.00     1.00       0.0000    0.0000
   1360.00      1500.00      0.00     1.00       0.0000    0.0000
   1380.00      1500.01      0.00     1.00       0.0000    0.0000
   1400.00      1500.04      0.00     1.00       0.0000    0.0000
   1420.00      1500.07      0.00     1.00       0.0000    0.0000
   1440.00      1500.11      0.00     1.00       0.0000    0.0000
   1460.00      1500.17      0.00     1.00       0.0000    0.0000
   1480.00      1500.24      0.00     1.00       0.0000    0.0000
   1500.00      1500.32      0.00     1.00       0.0000    0.0000
   1520.00      1500.32      0.00     1.00       0.0000    0.0000
   1540.00      1500.32      0.00     1.00       0.0000    0.0000
   1560.00      1500.32      0.00     1.00       0.0000    0.0000
   1580.00      1500.32      0.00     1.00       0.0000    0.0000
   1600.00      1500.32      0.00     1.00       0.0000    0.0000
   1620.00      1500.32      0.00     1.00       0.0000    0.0000
   1640.00      1500.32      0.00     1.00       0.0000    0.0000
   1660.00      1500.32      0.00     1.00       0.0000    0.0000
   1680.00      1500.32      0.00     1.00       0.0000    0.0000
   1700.00      1500.32      0.00     1.00       0.0000    0.0000
   1720.00      1500.32      0.00     1.00       0.0000    0.0000
   1740.00      1500.32      0.00     1.00       0.0000    0.0000
   1760.00      1500.32      0.00     1.00       0.0000    0.0000
   1780.00      1500.32      0.00     1.00       0.0000    0.0000
   1800.00      1500.32      0.00     1.00       0.0000    0.0000
   1820.00      1500.32      0.00     1.00       0.0000    0.0000
   1840.00      1500.32      0.00     1.00       0.0000    0.0000
   1860.00      1500.32      0.00     1.00       0.0000    0.0000
   1880.00      1500.32      0.00     1.00       0.0000    0.0000
   1900.00      1500.32      0.00     1.00       0.0000    0.0000
   1920.00      1500.32      0.00     1.00       0.0000    0.0000
   1940.00      1500.32      0.00     1.00       0.0000    0.0000
   1960.00      1500.32      0.00     1.00       0.0000    0.0000
   1980.00      1500.32      0.00     1.00       0.0000    0.0000
   2000.00      1500.32      0.00     1.00       0.0000    0.0000
   2020.00      1500.32      0.00     1.00       0.0000    0.0000
   2040.00      1500.32      0.00     1.00       0.0000    0.0000
   2060.00      1500.32      0.00     1.00       0.0000    0.0000
   2080.00      1500.32      0.00     1.00       0.0000    0.0000
   2100.00      1500.32      0.00     1.00       0.0000    0.0000
   2120.00      1500.32      0.00     1.00       0.0000    0.0000
   2140.00      1500.32      0.00     1.00       0.0000    0.0000
   2160.00      1500.32      0.00     1.00       0.0000    0.0000
   2180.00      1500.32      0.00     1.00       0.0000    0.0000
   2200.00      1500.32      0.00     1.00       0.0000    0.0000
   2220.00      1500.32      0.00     1.00       0.0000    0.0000
   2240.00      1500.32      0.00     1.00       0.0000    0.0000
   2260.00      1500.32      0.00     1.00       0.0000    0.0000
   2280.00      1500.32      0.00     1.00       0.0000    0.0000
   2300.00      1500.32      0.00     1.00       0.0000    0.0000
   2320.00      1500.32      0.00     1.00       0.0000    0.0000
   2340.00      1500.32      0.00     1.00       0.0000    0.0000
   2360.00      1500.32      0.00     1.00       0.0000    0.0000
   2380.00      1500.32      0.00     1.00       0.0000    0.0000
   2400.00      1500.32      0.00     1.00       0.0000    0.0000
   2420.00      1500.32      0.00     1.00       0.0000    0.0000
   2440.00      1500.32      0.00     1.00       0.0000    0.0000
   2460.00      1500.32      0.00     1.00       0.0000    0.0000
   2480.00      1500.32      0.00     1.00       0.0000    0.0000
   2500.00      1500.32      0.00     1.00       0.0000    0.0000
   2520.00      1500.32      0.00     1.00       0.0000    0.0000
   2540.00      1500.32      0.00     1.00       0.0000    0.0000
   2560.00      1500.32      0.00     1.00       0.0000    0.0000
   2580.00      1500.32      0.00     1.00       0.0000    0.0000
   2600.00      1500.32      0.00     1.00       0.0000    0.0000
   2620.00      1500.32      0.00     1.00       0.0000    0.0000
   2640.00      1500.32      0.00     1.00       0.0000    0.0000
   2660.00      1500.32      0.00     1.00       0.0000    0.0000
   2680.00      1500.32      0.00     1.00       0.0000    0.0000
   2700.00      1500.32      0.00     1.00       0.0000    0.0000
   2720.00      1500.32      0.00     1.00       0.0000    0.0000
   2740.00      1500.32      0.00     1.00       0.0000    0.0000
   2760.00      1500.32      0.00     1.00       0.0000    0.0000
   2780.00      1500.32      0.00     1.00       0.0000    0.0000
   2800.00      1500.32      0.00     1.00       0.0000    0.0000
   2820.00      1500.32      0.00     1.00       0.0000    0.0000
   2840.00      1500.32      0.00     1.00       0.0000    0.0000
   2860.00      1500.32      0.00     1.00       0.0000    0.0000
   2880.00      1500.32      0.00     1.00       0.0000    0.0000
   2900.00      1500.32      0.00     1.00       0.0000    0.0000
   2920.00      1500.32      0.00     1.00       0.0000    0.0000
   2940.00      1500.32      0.00     1.00       0.0000    0.0000
   2960.00      1500.32      0.00     1.00       0.0000    0.0000
   2980.00      1500.32      0.00     1.00       0.0000    0.0000
   3000.00      1500.32      0.00     1.00       0.0000    0.0000
   3020.00      1500.32      0.00     1.00       0.0000    0.0000
   3040.00      1500.32      0.00     1.00       0.0000    0.0000
   3060.00      1500.32      0.00     1.00       0.0000    0.0000
   3080.00      1500.32      0.00     1.00       0.0000    0.0000
   3100.00      1500.32      0.00     1.00       0.0000    0.0000
   3120.00      1500.32      0.00     1.00       0.0000    0.0000
   3140.00      1500.32      0.00     1.00       0.0000    0.0000
   3160.00      1500.32      0.00     1.00       0.0000    0.0000
   3180.00      1500.32      0.00     1.00       0.0000    0.0000
   3200.00      1500.32      0.00     1.00       0.0000    0.0000
   3220.00      1500.32      0.00     1.00       0.0000    0.0000
   3240.00      1500.32      0.00     1.00       0.0000    0.0000
   3260.00      1500.32      0.00     1.00       0.0000    0.0000
   3280.00      1500.32      0.00     1.00       0.0000    0.0000
   3300.00      1500.32      0.00     1.00       0.0000    0.0000
   3320.00      1500.32      0.00     1.00       0.0000    0.0000
   3340.00      1500.32      0.00     1.00       0.0000    0.0000
   3360.00      1500.32      0.00     1.00       0.0000    0.0000
   3380.00      1500.32      0.00     1.00       0.0000    0.0000
   3400.00      1500.32      0.00     1.00       0.0000    0.0000
   3420.00      1500.32      0.00     1.00       0.0000    0.0000
   3440.00      1500.32      0.00     1.00       0.0000    0.0000
   3460.00      1500.32      0.00     1.00       0.0000    0.0000
   3480.00      1500.32      0.00     1.00       0.0000    0.0000
   3500.00      1500.32      0.00     1.00       0.0000    0.0000
   3520.00      1500.32      0.00     1.00       0.0000    0.0000
   3540.00      1500.32      0.00     1.00       0.0000    0.0000
   3560.00      1500.32      0.00     1.00       0.0000    0.0000
   3580.00      1500.32      0.00     1.00       0.0000    0.0000
   3600.00      1500.32      0.00     1.00       0.0000    0.0000
   3620.00      1500.32      0.00     1.00       0.0000    0.0000
   3640.00      1500.32      0.00     1.00       0.0000    0.0000
   3660.00      1500.32      0.00     1.00       0.0000    0.0000
   3680.00      1500.32      0.00     1.00       0.0000    0.0000
   3700.00      1500.32      0.00     1.00       0.0000    0.0000
   3720.00      1500.32      0.00     1.00       0.0000    0.0000
   3740.00      1500.32      0.00     1.00       0.0000    0.0000
   3760.00      1500.32      0.00     1.00       0.0000    0.0000
   3780.00      1500.32      0.00     1.00       0.0000    0.0000
   3800.00      1500.32      0.00     1.00       0.0000    0.0000
   3820.00      1500.32      0.00     1.00       0.0000    0.0000
   3840.00      1500.32      0.00     1.00       0.0000    0.0000
   3860.00      1500.32      0.00     1.00       0.0000    0.0000
   3880.00      1500.32      0.00     1.00       0.0000    0.0000
   3900.00      1500.32      0.00     1.00       0.0000    0.0000
   3920.00      1500.32      0.00     1.00       0.0000    0.0000
   3940.00      1500.32      0.00     1.00       0.0000    0.0000
   3960.00      1500.32      0.00     1.00       0.0000    0.0000
   3980.00      1500.32      0.00     1.00       0.0000    0.0000
   4000.00      1500.32      0.00     1.00       0.0000    0.0000
   4020.00      1500.32      0.00     1.00       0.0000    0.0000
   4040.00      1500.32      0.00     1.00       0.0000    0.0000
   4060.00      1500.32      0.00     1.00       0.0000    0.0000
   4080.00      1500.32      0.00     1.00       0.0000    0.0000
   4100.00      1500.32      0.00     1.00       0.0000    0.0000
   4120.00      1500.32      0.00     1.00       0.0000    0.0000
   4140.00      1500.32      0.00     1.00       0.0000    0.0000
   4160.00      1500.32      0.00     1.00       0.0000    0.0000
   4180.00      1500.32      0.00     1.00       0.0000    0.0000
   4200.00      1500.32      0.00     1.00       0.0000    0.0000
   4220.00      1500.32      0.00     1.00       0.0000    0.0000
   4240.00      1500.32      0.00     1.00       0.0000    0.0000
   4260.00      1500.32      0.00     1.00       0.0000    0.0000
   4280.00      1500.32      0.00     1.00       0.0000    0.0000
   4300.00      1500.32      0.00     1.00       0.0000    0.0000
   4320.00      1500.32      0.00     1.00       0.0000    0.0000
   4340.00      1500.32      0.00     1.00       0.0000    0.0000
   4360.00      1500.32      0.00     1.00       0.0000    0.0000
   4380.00      1500.32      0.00     1.00       0.0000    0.0000
   4400.00      1500.32      0.00     1.00       0.0000    0.0000
   4420.00      1500.32      0.00     1.00       0.0000    0.0000
   4440.00      1500.32      0.00     1.00       0.0000    0.0000
   4460.00      1500.32      0.00     1.00       0.0000    0.0000
   4480.00      1500.32      0.00     1.00       0.0000    0.0000
   4500.00      1500.32      0.00     1.00       0.0000    0.0000
   4520.00      1500.32      0.00     1.00       0.0000    0.0000
   4540.00      1500.32      0.00     1.00       0.0000    0.0000
   4560.00      1500.32      0.00     1.00       0.0000    0.0000
   4580.00      1500.32      0.00     1.00       0.0000    0.0000
   4600.00      1500.32      0.00     1.00       0.0000    0.0000
   4620.00      1500.32      0.00     1.00       0.0000    0.0000
   4640.00      1500.32      0.00     1.00       0.0000    0.0000
   4660.00      1500.32      0.00     1.00       0.0000    0.0000
   4680.00      1500.32      0.00     1.00       0.0000    0.0000
   4700.00      1500.32      0.00     1.00       0.0000    0.0000
   4720.00      1500.32      0.00     1.00       0.0000    0.0000
   4740.00      1500.32      0.00     1.00       0.0000    0.0000
   4760.00      1500.32      0.00     1.00       0.0000    0.0000
   4780.00      1500.32      0.00     1.00       0.0000    0.0000
   4800.00      1500.32      0.00     1.00       0.0000    0.0000
   4820.00      1500.32      0.00     1.00       0.0000    0.0000
   4840.00      1500.32      0.00     1.00       0.0000    0.0000
   4860.00      1500.32      0.00     1.00       0.0000    0.0000
   4880.00      1500.32      0.00     1.00       0.0000    0.0000
   4900.00      1500.32      0.00     1.00       0.0000    0.0000
   4920.00      1500.32      0.00     1.00       0.0000    0.0000
   4940.00      1500.32      0.00     1.00       0.0000    0.0000
   4960.00      1500.32      0.00     1.00       0.0000    0.0000
   4980.00      1500.32      0.00     1.00       0.0000    0.0000
   5000.00      1500.32      0.00     1.00       0.0000    0.0000

                                 ( RMS rough =   0.00     )
     Perfectly RIGID

 cLow =   1500.0    m/s      cHigh =   1800.0    m/s
 RMax =    60.000000000000000      km

 __________________________________________________________________________


 Number of source   depths =            1
 Source depths (m)
   200.000    

 Number of receiver depths =            1
 Receiver depths (m)
   200.000    

 Mesh multiplier   CPU seconds
                --- Number of modes =         1040
        1            0.828    s
                --- Number of modes =         1040
        2            0.688    s
        4            0.531    s

    I    k (1/m)            alpha (1/m)   Phase Speed (m/s) Group Speed (m/s)
    1   1.185360177     -0.1420738472E-05   1500.085356       1500.003858    
   35   1.184860977     -0.1421078508E-05   1500.717364       1499.917774    
   69   1.183969998     -0.1422064530E-05   1501.846706       1498.965612    
  103   1.182630042     -0.1423460751E-05   1503.548345       1497.721204    
  137   1.180939093     -0.1425125058E-05   1505.701227       1496.363578    
  171   1.178975029     -0.1426955171E-05   1508.209588       1495.011965    
  205   1.176800138     -0.1428877343E-05   1510.996969       1493.744019    
  239   1.174426281     -0.1431694797E-05   1514.051133       1490.877273    
  273   1.171581978     -0.1435532062E-05   1517.726864       1486.520523    
  307   1.168301052     -0.1439700301E-05   1521.989079       1482.077994    
  341   1.164603637     -0.1444347959E-05   1526.821130       1477.232758    
  375   1.160492969     -0.1449512963E-05   1532.229396       1471.922392    
  409   1.155968157     -0.1455220713E-05   1538.227010       1466.118837    
  443   1.151025970     -0.1461493492E-05   1544.831732       1459.806684    
  477   1.145662060     -0.1468354931E-05   1552.064525       1452.972741    
  511   1.139871098     -0.1475829126E-05   1559.949581       1445.607869    
  545   1.133646973     -0.1483943624E-05   1568.514259       1437.701149    
  579   1.126982757     -0.1492728059E-05   1577.789395       1429.243057    
  613   1.119870814     -0.1502215734E-05   1587.809433       1420.222742    
  647   1.112302695     -0.1512443320E-05   1598.612904       1410.629326    
  681   1.104269125     -0.1523451918E-05   1610.242831       1400.450598    
  715   1.095759943     -0.1535287137E-05   1622.747257       1389.673727    
  749   1.086764046     -0.1547999853E-05   1636.179858       1378.284843    
  783   1.077269288     -0.1561647093E-05   1650.600701       1366.268620    
  817   1.067262382     -0.1576292624E-05   1666.077127       1353.608591    
  851   1.056728823     -0.1592007996E-05   1682.684718       1340.286824    
  885   1.045652716     -0.1608873887E-05   1700.508605       1326.283523    
  919   1.034016643     -0.1626981226E-05   1719.644896       1311.577259    
  953   1.021801491     -0.1646433013E-05   1740.202434       1296.144491    
  987   1.008986245     -0.1667346345E-05   1762.304938       1279.959311    
 1021  0.9955477463     -0.1689854860E-05   1786.093584       1262.993159    
 _________________________________________________

 KRAKEN- R                                                                       
 End of environmental file
