 _________________________________________________

 KRAKEN- PERT                                                                    
 Frequency =   338.0    Hz
 NMedia    =   1


     C-Linear approximation to SSP
     Attenuation units: dB/wavelength
     THORP attenuation added
     VACUUM


   z (m)     alphaR (m/s)   betaR  rho (g/cm^3)  alphaI     betaI


       ( # mesh points = 20001  RMS rough =   0.00     )
      0.00      1512.55      0.00     1.00       0.0000    0.0000
     20.00      1512.55      0.00     1.00       0.0000    0.0000
     40.00      1512.55      0.00     1.00       0.0000    0.0000
     60.00      1512.40      0.00     1.00       0.0000    0.0000
     80.00      1512.11      0.00     1.00       0.0000    0.0000
    100.00      1511.82      0.00     1.00       0.0000    0.0000
    120.00      1511.53      0.00     1.00       0.0000    0.0000
    140.00      1511.24      0.00     1.00       0.0000    0.0000
    160.00      1510.96      0.00     1.00       0.0000    0.0000
    180.00      1510.67      0.00     1.00       0.0000    0.0000
    200.00      1510.39      0.00     1.00       0.0000    0.0000
    220.00      1510.11      0.00     1.00       0.0000    0.0000
    240.00      1509.83      0.00     1.00       0.0000    0.0000
    260.00      1509.55      0.00     1.00       0.0000    0.0000
    280.00      1509.27      0.00     1.00       0.0000    0.0000
    300.00      1509.00      0.00     1.00       0.0000    0.0000
    320.00      1508.73      0.00     1.00       0.0000    0.0000
    340.00      1508.46      0.00     1.00       0.0000    0.0000
    360.00      1508.19      0.00     1.00       0.0000    0.0000
    380.00      1507.93      0.00     1.00       0.0000    0.0000
    400.00      1507.67      0.00     1.00       0.0000    0.0000
    420.00      1507.41      0.00     1.00       0.0000    0.0000
    440.00      1507.15      0.00     1.00       0.0000    0.0000
    460.00      1506.89      0.00     1.00       0.0000    0.0000
    480.00      1506.64      0.00     1.00       0.0000    0.0000
    500.00      1506.39      0.00     1.00       0.0000    0.0000
    520.00      1506.14      0.00     1.00       0.0000    0.0000
    540.00      1505.90      0.00     1.00       0.0000    0.0000
    560.00      1505.66      0.00     1.00       0.0000    0.0000
    580.00      1505.42      0.00     1.00       0.0000    0.0000
    600.00      1505.19      0.00     1.00       0.0000    0.0000
    620.00      1504.96      0.00     1.00       0.0000    0.0000
    640.00      1504.73      0.00     1.00       0.0000    0.0000
    660.00      1504.51      0.00     1.00       0.0000    0.0000
    680.00      1504.28      0.00     1.00       0.0000    0.0000
    700.00      1504.07      0.00     1.00       0.0000    0.0000
    720.00      1503.85      0.00     1.00       0.0000    0.0000
    740.00      1503.65      0.00     1.00       0.0000    0.0000
    760.00      1503.44      0.00     1.00       0.0000    0.0000
    780.00      1503.24      0.00     1.00       0.0000    0.0000
    800.00      1503.04      0.00     1.00       0.0000    0.0000
    820.00      1502.85      0.00     1.00       0.0000    0.0000
    840.00      1502.66      0.00     1.00       0.0000    0.0000
    860.00      1502.48      0.00     1.00       0.0000    0.0000
    880.00      1502.30      0.00     1.00       0.0000    0.0000
    900.00      1502.13      0.00     1.00       0.0000    0.0000
    920.00      1501.96      0.00     1.00       0.0000    0.0000
    940.00      1501.80      0.00     1.00       0.0000    0.0000
    960.00      1501.65      0.00     1.00       0.0000    0.0000
    980.00      1501.50      0.00     1.00       0.0000    0.0000
   1000.00      1501.35      0.00     1.00       0.0000    0.0000
   1020.00      1501.21      0.00     1.00       0.0000    0.0000
   1040.00      1501.08      0.00     1.00       0.0000    0.0000
   1060.00      1500.95      0.00     1.00       0.0000    0.0000
   1080.00      1500.84      0.00     1.00       0.0000    0.0000
   1100.00      1500.72      0.00     1.00       0.0000    0.0000
   1120.00      1500.62      0.00     1.00       0.0000    0.0000
   1140.00      1500.52      0.00     1.00       0.0000    0.0000
   1160.00      1500.43      0.00     1.00       0.0000    0.0000
   1180.00      1500.35      0.00     1.00       0.0000    0.0000
   1200.00      1500.27      0.00     1.00       0.0000    0.0000
   1220.00      1500.21      0.00     1.00       0.0000    0.0000
   1240.00      1500.15      0.00     1.00       0.0000    0.0000
   1260.00      1500.10      0.00     1.00       0.0000    0.0000
   1280.00      1500.06      0.00     1.00       0.0000    0.0000
   1300.00      1500.03      0.00     1.00       0.0000    0.0000
   1320.00      1500.01      0.00     1.00       0.0000    0.0000
   1340.00      1500.00      0.00     1.00       0.0000    0.0000
   1360.00      1500.00      0.00     1.00       0.0000    0.0000
   1380.00      1500.01      0.00     1.00       0.0000    0.0000
   1400.00      1500.04      0.00     1.00       0.0000    0.0000
   1420.00      1500.07      0.00     1.00       0.0000    0.0000
   1440.00      1500.11      0.00     1.00       0.0000    0.0000
   1460.00      1500.17      0.00     1.00       0.0000    0.0000
   1480.00      1500.24      0.00     1.00       0.0000    0.0000
   1500.00      1500.32      0.00     1.00       0.0000    0.0000
   1520.00      1500.32      0.00     1.00       0.0000    0.0000
   1540.00      1500.32      0.00     1.00       0.0000    0.0000
   1560.00      1500.32      0.00     1.00       0.0000    0.0000
   1580.00      1500.32      0.00     1.00       0.0000    0.0000
   1600.00      1500.32      0.00     1.00       0.0000    0.0000
   1620.00      1500.32      0.00     1.00       0.0000    0.0000
   1640.00      1500.32      0.00     1.00       0.0000    0.0000
   1660.00      1500.32      0.00     1.00       0.0000    0.0000
   1680.00      1500.32      0.00     1.00       0.0000    0.0000
   1700.00      1500.32      0.00     1.00       0.0000    0.0000
   1720.00      1500.32      0.00     1.00       0.0000    0.0000
   1740.00      1500.32      0.00     1.00       0.0000    0.0000
   1760.00      1500.32      0.00     1.00       0.0000    0.0000
   1780.00      1500.32      0.00     1.00       0.0000    0.0000
   1800.00      1500.32      0.00     1.00       0.0000    0.0000
   1820.00      1500.32      0.00     1.00       0.0000    0.0000
   1840.00      1500.32      0.00     1.00       0.0000    0.0000
   1860.00      1500.32      0.00     1.00       0.0000    0.0000
   1880.00      1500.32      0.00     1.00       0.0000    0.0000
   1900.00      1500.32      0.00     1.00       0.0000    0.0000
   1920.00      1500.32      0.00     1.00       0.0000    0.0000
   1940.00      1500.32      0.00     1.00       0.0000    0.0000
   1960.00      1500.32      0.00     1.00       0.0000    0.0000
   1980.00      1500.32      0.00     1.00       0.0000    0.0000
   2000.00      1500.32      0.00     1.00       0.0000    0.0000
   2020.00      1500.32      0.00     1.00       0.0000    0.0000
   2040.00      1500.32      0.00     1.00       0.0000    0.0000
   2060.00      1500.32      0.00     1.00       0.0000    0.0000
   2080.00      1500.32      0.00     1.00       0.0000    0.0000
   2100.00      1500.32      0.00     1.00       0.0000    0.0000
   2120.00      1500.32      0.00     1.00       0.0000    0.0000
   2140.00      1500.32      0.00     1.00       0.0000    0.0000
   2160.00      1500.32      0.00     1.00       0.0000    0.0000
   2180.00      1500.32      0.00     1.00       0.0000    0.0000
   2200.00      1500.32      0.00     1.00       0.0000    0.0000
   2220.00      1500.32      0.00     1.00       0.0000    0.0000
   2240.00      1500.32      0.00     1.00       0.0000    0.0000
   2260.00      1500.32      0.00     1.00       0.0000    0.0000
   2280.00      1500.32      0.00     1.00       0.0000    0.0000
   2300.00      1500.32      0.00     1.00       0.0000    0.0000
   2320.00      1500.32      0.00     1.00       0.0000    0.0000
   2340.00      1500.32      0.00     1.00       0.0000    0.0000
   2360.00      1500.32      0.00     1.00       0.0000    0.0000
   2380.00      1500.32      0.00     1.00       0.0000    0.0000
   2400.00      1500.32      0.00     1.00       0.0000    0.0000
   2420.00      1500.32      0.00     1.00       0.0000    0.0000
   2440.00      1500.32      0.00     1.00       0.0000    0.0000
   2460.00      1500.32      0.00     1.00       0.0000    0.0000
   2480.00      1500.32      0.00     1.00       0.0000    0.0000
   2500.00      1500.32      0.00     1.00       0.0000    0.0000
   2520.00      1500.32      0.00     1.00       0.0000    0.0000
   2540.00      1500.32      0.00     1.00       0.0000    0.0000
   2560.00      1500.32      0.00     1.00       0.0000    0.0000
   2580.00      1500.32      0.00     1.00       0.0000    0.0000
   2600.00      1500.32      0.00     1.00       0.0000    0.0000
   2620.00      1500.32      0.00     1.00       0.0000    0.0000
   2640.00      1500.32      0.00     1.00       0.0000    0.0000
   2660.00      1500.32      0.00     1.00       0.0000    0.0000
   2680.00      1500.32      0.00     1.00       0.0000    0.0000
   2700.00      1500.32      0.00     1.00       0.0000    0.0000
   2720.00      1500.32      0.00     1.00       0.0000    0.0000
   2740.00      1500.32      0.00     1.00       0.0000    0.0000
   2760.00      1500.32      0.00     1.00       0.0000    0.0000
   2780.00      1500.32      0.00     1.00       0.0000    0.0000
   2800.00      1500.32      0.00     1.00       0.0000    0.0000
   2820.00      1500.32      0.00     1.00       0.0000    0.0000
   2840.00      1500.32      0.00     1.00       0.0000    0.0000
   2860.00      1500.32      0.00     1.00       0.0000    0.0000
   2880.00      1500.32      0.00     1.00       0.0000    0.0000
   2900.00      1500.32      0.00     1.00       0.0000    0.0000
   2920.00      1500.32      0.00     1.00       0.0000    0.0000
   2940.00      1500.32      0.00     1.00       0.0000    0.0000
   2960.00      1500.32      0.00     1.00       0.0000    0.0000
   2980.00      1500.32      0.00     1.00       0.0000    0.0000
   3000.00      1500.32      0.00     1.00       0.0000    0.0000
   3020.00      1500.32      0.00     1.00       0.0000    0.0000
   3040.00      1500.32      0.00     1.00       0.0000    0.0000
   3060.00      1500.32      0.00     1.00       0.0000    0.0000
   3080.00      1500.32      0.00     1.00       0.0000    0.0000
   3100.00      1500.32      0.00     1.00       0.0000    0.0000
   3120.00      1500.32      0.00     1.00       0.0000    0.0000
   3140.00      1500.32      0.00     1.00       0.0000    0.0000
   3160.00      1500.32      0.00     1.00       0.0000    0.0000
   3180.00      1500.32      0.00     1.00       0.0000    0.0000
   3200.00      1500.32      0.00     1.00       0.0000    0.0000
   3220.00      1500.32      0.00     1.00       0.0000    0.0000
   3240.00      1500.32      0.00     1.00       0.0000    0.0000
   3260.00      1500.32      0.00     1.00       0.0000    0.0000
   3280.00      1500.32      0.00     1.00       0.0000    0.0000
   3300.00      1500.32      0.00     1.00       0.0000    0.0000
   3320.00      1500.32      0.00     1.00       0.0000    0.0000
   3340.00      1500.32      0.00     1.00       0.0000    0.0000
   3360.00      1500.32      0.00     1.00       0.0000    0.0000
   3380.00      1500.32      0.00     1.00       0.0000    0.0000
   3400.00      1500.32      0.00     1.00       0.0000    0.0000
   3420.00      1500.32      0.00     1.00       0.0000    0.0000
   3440.00      1500.32      0.00     1.00       0.0000    0.0000
   3460.00      1500.32      0.00     1.00       0.0000    0.0000
   3480.00      1500.32      0.00     1.00       0.0000    0.0000
   3500.00      1500.32      0.00     1.00       0.0000    0.0000
   3520.00      1500.32      0.00     1.00       0.0000    0.0000
   3540.00      1500.32      0.00     1.00       0.0000    0.0000
   3560.00      1500.32      0.00     1.00       0.0000    0.0000
   3580.00      1500.32      0.00     1.00       0.0000    0.0000
   3600.00      1500.32      0.00     1.00       0.0000    0.0000
   3620.00      1500.32      0.00     1.00       0.0000    0.0000
   3640.00      1500.32      0.00     1.00       0.0000    0.0000
   3660.00      1500.32      0.00     1.00       0.0000    0.0000
   3680.00      1500.32      0.00     1.00       0.0000    0.0000
   3700.00      1500.32      0.00     1.00       0.0000    0.0000
   3720.00      1500.32      0.00     1.00       0.0000    0.0000
   3740.00      1500.32      0.00     1.00       0.0000    0.0000
   3760.00      1500.32      0.00     1.00       0.0000    0.0000
   3780.00      1500.32      0.00     1.00       0.0000    0.0000
   3800.00      1500.32      0.00     1.00       0.0000    0.0000
   3820.00      1500.32      0.00     1.00       0.0000    0.0000
   3840.00      1500.32      0.00     1.00       0.0000    0.0000
   3860.00      1500.32      0.00     1.00       0.0000    0.0000
   3880.00      1500.32      0.00     1.00       0.0000    0.0000
   3900.00      1500.32      0.00     1.00       0.0000    0.0000
   3920.00      1500.32      0.00     1.00       0.0000    0.0000
   3940.00      1500.32      0.00     1.00       0.0000    0.0000
   3960.00      1500.32      0.00     1.00       0.0000    0.0000
   3980.00      1500.32      0.00     1.00       0.0000    0.0000
   4000.00      1500.32      0.00     1.00       0.0000    0.0000
   4020.00      1500.32      0.00     1.00       0.0000    0.0000
   4040.00      1500.32      0.00     1.00       0.0000    0.0000
   4060.00      1500.32      0.00     1.00       0.0000    0.0000
   4080.00      1500.32      0.00     1.00       0.0000    0.0000
   4100.00      1500.32      0.00     1.00       0.0000    0.0000
   4120.00      1500.32      0.00     1.00       0.0000    0.0000
   4140.00      1500.32      0.00     1.00       0.0000    0.0000
   4160.00      1500.32      0.00     1.00       0.0000    0.0000
   4180.00      1500.32      0.00     1.00       0.0000    0.0000
   4200.00      1500.32      0.00     1.00       0.0000    0.0000
   4220.00      1500.32      0.00     1.00       0.0000    0.0000
   4240.00      1500.32      0.00     1.00       0.0000    0.0000
   4260.00      1500.32      0.00     1.00       0.0000    0.0000
   4280.00      1500.32      0.00     1.00       0.0000    0.0000
   4300.00      1500.32      0.00     1.00       0.0000    0.0000
   4320.00      1500.32      0.00     1.00       0.0000    0.0000
   4340.00      1500.32      0.00     1.00       0.0000    0.0000
   4360.00      1500.32      0.00     1.00       0.0000    0.0000
   4380.00      1500.32      0.00     1.00       0.0000    0.0000
   4400.00      1500.32      0.00     1.00       0.0000    0.0000
   4420.00      1500.32      0.00     1.00       0.0000    0.0000
   4440.00      1500.32      0.00     1.00       0.0000    0.0000
   4460.00      1500.32      0.00     1.00       0.0000    0.0000
   4480.00      1500.32      0.00     1.00       0.0000    0.0000
   4500.00      1500.32      0.00     1.00       0.0000    0.0000
   4520.00      1500.32      0.00     1.00       0.0000    0.0000
   4540.00      1500.32      0.00     1.00       0.0000    0.0000
   4560.00      1500.32      0.00     1.00       0.0000    0.0000
   4580.00      1500.32      0.00     1.00       0.0000    0.0000
   4600.00      1500.32      0.00     1.00       0.0000    0.0000
   4620.00      1500.32      0.00     1.00       0.0000    0.0000
   4640.00      1500.32      0.00     1.00       0.0000    0.0000
   4660.00      1500.32      0.00     1.00       0.0000    0.0000
   4680.00      1500.32      0.00     1.00       0.0000    0.0000
   4700.00      1500.32      0.00     1.00       0.0000    0.0000
   4720.00      1500.32      0.00     1.00       0.0000    0.0000
   4740.00      1500.32      0.00     1.00       0.0000    0.0000
   4760.00      1500.32      0.00     1.00       0.0000    0.0000
   4780.00      1500.32      0.00     1.00       0.0000    0.0000
   4800.00      1500.32      0.00     1.00       0.0000    0.0000
   4820.00      1500.32      0.00     1.00       0.0000    0.0000
   4840.00      1500.32      0.00     1.00       0.0000    0.0000
   4860.00      1500.32      0.00     1.00       0.0000    0.0000
   4880.00      1500.32      0.00     1.00       0.0000    0.0000
   4900.00      1500.32      0.00     1.00       0.0000    0.0000
   4920.00      1500.32      0.00     1.00       0.0000    0.0000
   4940.00      1500.32      0.00     1.00       0.0000    0.0000
   4960.00      1500.32      0.00     1.00       0.0000    0.0000
   4980.00      1500.32      0.00     1.00       0.0000    0.0000
   5000.00      1500.32      0.00     1.00       0.0000    0.0000

                                 ( RMS rough =   0.00     )
     Perfectly RIGID

 cLow =   1500.0    m/s      cHigh =   1800.0    m/s
 RMax =    60.000000000000000      km

 __________________________________________________________________________


 Number of source   depths =            1
 Source depths (m)
   200.000    

 Number of receiver depths =            1
 Receiver depths (m)
   200.000    

 Mesh multiplier   CPU seconds
                --- Number of modes =         1243
        1            0.938    s
                --- Number of modes =         1242
        2            0.812    s
        4            0.609    s

    I    k (1/m)            alpha (1/m)   Phase Speed (m/s) Group Speed (m/s)
    1   1.415743128     -0.1823531393E-05   1500.072006       1500.002915    
   42   1.415128013     -0.1823983599E-05   1500.724044       1499.910924    
   83   1.414045487     -0.1825268541E-05   1501.872927       1498.946468    
  124   1.412418827     -0.1827089066E-05   1503.602610       1497.683392    
  165   1.410367745     -0.1829255335E-05   1505.789281       1496.310180    
  206   1.407987263     -0.1831633807E-05   1508.335118       1494.947671    
  247   1.405353178     -0.1834127951E-05   1511.162224       1493.675095    
  288   1.402467553     -0.1837931831E-05   1514.271492       1490.559338    
  329   1.398998608     -0.1842908441E-05   1518.026267       1486.199169    
  370   1.395001931     -0.1848356784E-05   1522.375408       1481.686169    
  411   1.390498578     -0.1854437641E-05   1527.305865       1476.755634    
  452   1.385492311     -0.1861199423E-05   1532.824555       1471.346668    
  493   1.379981407     -0.1868674020E-05   1538.945832       1465.434103    
  534   1.373961817     -0.1876892129E-05   1545.688248       1459.000654    
  575   1.367428047     -0.1885883582E-05   1553.073771       1452.035594    
  616   1.360373366     -0.1895681637E-05   1561.127767       1444.528109    
  657   1.352790156     -0.1906322773E-05   1569.878835       1436.467660    
  698   1.344669775     -0.1917846703E-05   1579.359240       1427.844544    
  739   1.336002663     -0.1930298335E-05   1589.605090       1418.647378    
  780   1.326778285     -0.1943726801E-05   1600.656762       1408.865232    
  821   1.316985040     -0.1958187582E-05   1612.559422       1398.485333    
  862   1.306610240     -0.1973742000E-05   1625.363531       1387.494673    
  903   1.295639985     -0.1990458990E-05   1639.125574       1375.878597    
  944   1.284059069     -0.2008415402E-05   1653.908831       1363.621608    
  985   1.271850853     -0.2027697741E-05   1669.784338       1350.706438    
 1026   1.258997132     -0.2048402993E-05   1686.831987       1337.114607    
 1067   1.245477940     -0.2070640791E-05   1705.141911       1322.825575    
 1108   1.231271387     -0.2094534881E-05   1724.816037       1307.817136    
 1149   1.216353408     -0.2120225860E-05   1745.970061       1292.064715    
 1190   1.200697500     -0.2147873819E-05   1768.735784       1275.541362    
 1231   1.184274412     -0.2177661829E-05   1793.263971       1258.217410    
 _________________________________________________

 KRAKEN- R                                                                       
 End of environmental file
