 _________________________________________________

 KRAKEN- PERT                                                                    
 Frequency =   201.0    Hz
 NMedia    =   1


     C-Linear approximation to SSP
     Attenuation units: dB/wavelength
     THORP attenuation added
     VACUUM


   z (m)     alphaR (m/s)   betaR  rho (g/cm^3)  alphaI     betaI


       ( # mesh points = 20001  RMS rough =   0.00     )
      0.00      1512.55      0.00     1.00       0.0000    0.0000
     20.00      1512.55      0.00     1.00       0.0000    0.0000
     40.00      1512.55      0.00     1.00       0.0000    0.0000
     60.00      1512.40      0.00     1.00       0.0000    0.0000
     80.00      1512.11      0.00     1.00       0.0000    0.0000
    100.00      1511.82      0.00     1.00       0.0000    0.0000
    120.00      1511.53      0.00     1.00       0.0000    0.0000
    140.00      1511.24      0.00     1.00       0.0000    0.0000
    160.00      1510.96      0.00     1.00       0.0000    0.0000
    180.00      1510.67      0.00     1.00       0.0000    0.0000
    200.00      1510.39      0.00     1.00       0.0000    0.0000
    220.00      1510.11      0.00     1.00       0.0000    0.0000
    240.00      1509.83      0.00     1.00       0.0000    0.0000
    260.00      1509.55      0.00     1.00       0.0000    0.0000
    280.00      1509.27      0.00     1.00       0.0000    0.0000
    300.00      1509.00      0.00     1.00       0.0000    0.0000
    320.00      1508.73      0.00     1.00       0.0000    0.0000
    340.00      1508.46      0.00     1.00       0.0000    0.0000
    360.00      1508.19      0.00     1.00       0.0000    0.0000
    380.00      1507.93      0.00     1.00       0.0000    0.0000
    400.00      1507.67      0.00     1.00       0.0000    0.0000
    420.00      1507.41      0.00     1.00       0.0000    0.0000
    440.00      1507.15      0.00     1.00       0.0000    0.0000
    460.00      1506.89      0.00     1.00       0.0000    0.0000
    480.00      1506.64      0.00     1.00       0.0000    0.0000
    500.00      1506.39      0.00     1.00       0.0000    0.0000
    520.00      1506.14      0.00     1.00       0.0000    0.0000
    540.00      1505.90      0.00     1.00       0.0000    0.0000
    560.00      1505.66      0.00     1.00       0.0000    0.0000
    580.00      1505.42      0.00     1.00       0.0000    0.0000
    600.00      1505.19      0.00     1.00       0.0000    0.0000
    620.00      1504.96      0.00     1.00       0.0000    0.0000
    640.00      1504.73      0.00     1.00       0.0000    0.0000
    660.00      1504.51      0.00     1.00       0.0000    0.0000
    680.00      1504.28      0.00     1.00       0.0000    0.0000
    700.00      1504.07      0.00     1.00       0.0000    0.0000
    720.00      1503.85      0.00     1.00       0.0000    0.0000
    740.00      1503.65      0.00     1.00       0.0000    0.0000
    760.00      1503.44      0.00     1.00       0.0000    0.0000
    780.00      1503.24      0.00     1.00       0.0000    0.0000
    800.00      1503.04      0.00     1.00       0.0000    0.0000
    820.00      1502.85      0.00     1.00       0.0000    0.0000
    840.00      1502.66      0.00     1.00       0.0000    0.0000
    860.00      1502.48      0.00     1.00       0.0000    0.0000
    880.00      1502.30      0.00     1.00       0.0000    0.0000
    900.00      1502.13      0.00     1.00       0.0000    0.0000
    920.00      1501.96      0.00     1.00       0.0000    0.0000
    940.00      1501.80      0.00     1.00       0.0000    0.0000
    960.00      1501.65      0.00     1.00       0.0000    0.0000
    980.00      1501.50      0.00     1.00       0.0000    0.0000
   1000.00      1501.35      0.00     1.00       0.0000    0.0000
   1020.00      1501.21      0.00     1.00       0.0000    0.0000
   1040.00      1501.08      0.00     1.00       0.0000    0.0000
   1060.00      1500.95      0.00     1.00       0.0000    0.0000
   1080.00      1500.84      0.00     1.00       0.0000    0.0000
   1100.00      1500.72      0.00     1.00       0.0000    0.0000
   1120.00      1500.62      0.00     1.00       0.0000    0.0000
   1140.00      1500.52      0.00     1.00       0.0000    0.0000
   1160.00      1500.43      0.00     1.00       0.0000    0.0000
   1180.00      1500.35      0.00     1.00       0.0000    0.0000
   1200.00      1500.27      0.00     1.00       0.0000    0.0000
   1220.00      1500.21      0.00     1.00       0.0000    0.0000
   1240.00      1500.15      0.00     1.00       0.0000    0.0000
   1260.00      1500.10      0.00     1.00       0.0000    0.0000
   1280.00      1500.06      0.00     1.00       0.0000    0.0000
   1300.00      1500.03      0.00     1.00       0.0000    0.0000
   1320.00      1500.01      0.00     1.00       0.0000    0.0000
   1340.00      1500.00      0.00     1.00       0.0000    0.0000
   1360.00      1500.00      0.00     1.00       0.0000    0.0000
   1380.00      1500.01      0.00     1.00       0.0000    0.0000
   1400.00      1500.04      0.00     1.00       0.0000    0.0000
   1420.00      1500.07      0.00     1.00       0.0000    0.0000
   1440.00      1500.11      0.00     1.00       0.0000    0.0000
   1460.00      1500.17      0.00     1.00       0.0000    0.0000
   1480.00      1500.24      0.00     1.00       0.0000    0.0000
   1500.00      1500.32      0.00     1.00       0.0000    0.0000
   1520.00      1500.32      0.00     1.00       0.0000    0.0000
   1540.00      1500.32      0.00     1.00       0.0000    0.0000
   1560.00      1500.32      0.00     1.00       0.0000    0.0000
   1580.00      1500.32      0.00     1.00       0.0000    0.0000
   1600.00      1500.32      0.00     1.00       0.0000    0.0000
   1620.00      1500.32      0.00     1.00       0.0000    0.0000
   1640.00      1500.32      0.00     1.00       0.0000    0.0000
   1660.00      1500.32      0.00     1.00       0.0000    0.0000
   1680.00      1500.32      0.00     1.00       0.0000    0.0000
   1700.00      1500.32      0.00     1.00       0.0000    0.0000
   1720.00      1500.32      0.00     1.00       0.0000    0.0000
   1740.00      1500.32      0.00     1.00       0.0000    0.0000
   1760.00      1500.32      0.00     1.00       0.0000    0.0000
   1780.00      1500.32      0.00     1.00       0.0000    0.0000
   1800.00      1500.32      0.00     1.00       0.0000    0.0000
   1820.00      1500.32      0.00     1.00       0.0000    0.0000
   1840.00      1500.32      0.00     1.00       0.0000    0.0000
   1860.00      1500.32      0.00     1.00       0.0000    0.0000
   1880.00      1500.32      0.00     1.00       0.0000    0.0000
   1900.00      1500.32      0.00     1.00       0.0000    0.0000
   1920.00      1500.32      0.00     1.00       0.0000    0.0000
   1940.00      1500.32      0.00     1.00       0.0000    0.0000
   1960.00      1500.32      0.00     1.00       0.0000    0.0000
   1980.00      1500.32      0.00     1.00       0.0000    0.0000
   2000.00      1500.32      0.00     1.00       0.0000    0.0000
   2020.00      1500.32      0.00     1.00       0.0000    0.0000
   2040.00      1500.32      0.00     1.00       0.0000    0.0000
   2060.00      1500.32      0.00     1.00       0.0000    0.0000
   2080.00      1500.32      0.00     1.00       0.0000    0.0000
   2100.00      1500.32      0.00     1.00       0.0000    0.0000
   2120.00      1500.32      0.00     1.00       0.0000    0.0000
   2140.00      1500.32      0.00     1.00       0.0000    0.0000
   2160.00      1500.32      0.00     1.00       0.0000    0.0000
   2180.00      1500.32      0.00     1.00       0.0000    0.0000
   2200.00      1500.32      0.00     1.00       0.0000    0.0000
   2220.00      1500.32      0.00     1.00       0.0000    0.0000
   2240.00      1500.32      0.00     1.00       0.0000    0.0000
   2260.00      1500.32      0.00     1.00       0.0000    0.0000
   2280.00      1500.32      0.00     1.00       0.0000    0.0000
   2300.00      1500.32      0.00     1.00       0.0000    0.0000
   2320.00      1500.32      0.00     1.00       0.0000    0.0000
   2340.00      1500.32      0.00     1.00       0.0000    0.0000
   2360.00      1500.32      0.00     1.00       0.0000    0.0000
   2380.00      1500.32      0.00     1.00       0.0000    0.0000
   2400.00      1500.32      0.00     1.00       0.0000    0.0000
   2420.00      1500.32      0.00     1.00       0.0000    0.0000
   2440.00      1500.32      0.00     1.00       0.0000    0.0000
   2460.00      1500.32      0.00     1.00       0.0000    0.0000
   2480.00      1500.32      0.00     1.00       0.0000    0.0000
   2500.00      1500.32      0.00     1.00       0.0000    0.0000
   2520.00      1500.32      0.00     1.00       0.0000    0.0000
   2540.00      1500.32      0.00     1.00       0.0000    0.0000
   2560.00      1500.32      0.00     1.00       0.0000    0.0000
   2580.00      1500.32      0.00     1.00       0.0000    0.0000
   2600.00      1500.32      0.00     1.00       0.0000    0.0000
   2620.00      1500.32      0.00     1.00       0.0000    0.0000
   2640.00      1500.32      0.00     1.00       0.0000    0.0000
   2660.00      1500.32      0.00     1.00       0.0000    0.0000
   2680.00      1500.32      0.00     1.00       0.0000    0.0000
   2700.00      1500.32      0.00     1.00       0.0000    0.0000
   2720.00      1500.32      0.00     1.00       0.0000    0.0000
   2740.00      1500.32      0.00     1.00       0.0000    0.0000
   2760.00      1500.32      0.00     1.00       0.0000    0.0000
   2780.00      1500.32      0.00     1.00       0.0000    0.0000
   2800.00      1500.32      0.00     1.00       0.0000    0.0000
   2820.00      1500.32      0.00     1.00       0.0000    0.0000
   2840.00      1500.32      0.00     1.00       0.0000    0.0000
   2860.00      1500.32      0.00     1.00       0.0000    0.0000
   2880.00      1500.32      0.00     1.00       0.0000    0.0000
   2900.00      1500.32      0.00     1.00       0.0000    0.0000
   2920.00      1500.32      0.00     1.00       0.0000    0.0000
   2940.00      1500.32      0.00     1.00       0.0000    0.0000
   2960.00      1500.32      0.00     1.00       0.0000    0.0000
   2980.00      1500.32      0.00     1.00       0.0000    0.0000
   3000.00      1500.32      0.00     1.00       0.0000    0.0000
   3020.00      1500.32      0.00     1.00       0.0000    0.0000
   3040.00      1500.32      0.00     1.00       0.0000    0.0000
   3060.00      1500.32      0.00     1.00       0.0000    0.0000
   3080.00      1500.32      0.00     1.00       0.0000    0.0000
   3100.00      1500.32      0.00     1.00       0.0000    0.0000
   3120.00      1500.32      0.00     1.00       0.0000    0.0000
   3140.00      1500.32      0.00     1.00       0.0000    0.0000
   3160.00      1500.32      0.00     1.00       0.0000    0.0000
   3180.00      1500.32      0.00     1.00       0.0000    0.0000
   3200.00      1500.32      0.00     1.00       0.0000    0.0000
   3220.00      1500.32      0.00     1.00       0.0000    0.0000
   3240.00      1500.32      0.00     1.00       0.0000    0.0000
   3260.00      1500.32      0.00     1.00       0.0000    0.0000
   3280.00      1500.32      0.00     1.00       0.0000    0.0000
   3300.00      1500.32      0.00     1.00       0.0000    0.0000
   3320.00      1500.32      0.00     1.00       0.0000    0.0000
   3340.00      1500.32      0.00     1.00       0.0000    0.0000
   3360.00      1500.32      0.00     1.00       0.0000    0.0000
   3380.00      1500.32      0.00     1.00       0.0000    0.0000
   3400.00      1500.32      0.00     1.00       0.0000    0.0000
   3420.00      1500.32      0.00     1.00       0.0000    0.0000
   3440.00      1500.32      0.00     1.00       0.0000    0.0000
   3460.00      1500.32      0.00     1.00       0.0000    0.0000
   3480.00      1500.32      0.00     1.00       0.0000    0.0000
   3500.00      1500.32      0.00     1.00       0.0000    0.0000
   3520.00      1500.32      0.00     1.00       0.0000    0.0000
   3540.00      1500.32      0.00     1.00       0.0000    0.0000
   3560.00      1500.32      0.00     1.00       0.0000    0.0000
   3580.00      1500.32      0.00     1.00       0.0000    0.0000
   3600.00      1500.32      0.00     1.00       0.0000    0.0000
   3620.00      1500.32      0.00     1.00       0.0000    0.0000
   3640.00      1500.32      0.00     1.00       0.0000    0.0000
   3660.00      1500.32      0.00     1.00       0.0000    0.0000
   3680.00      1500.32      0.00     1.00       0.0000    0.0000
   3700.00      1500.32      0.00     1.00       0.0000    0.0000
   3720.00      1500.32      0.00     1.00       0.0000    0.0000
   3740.00      1500.32      0.00     1.00       0.0000    0.0000
   3760.00      1500.32      0.00     1.00       0.0000    0.0000
   3780.00      1500.32      0.00     1.00       0.0000    0.0000
   3800.00      1500.32      0.00     1.00       0.0000    0.0000
   3820.00      1500.32      0.00     1.00       0.0000    0.0000
   3840.00      1500.32      0.00     1.00       0.0000    0.0000
   3860.00      1500.32      0.00     1.00       0.0000    0.0000
   3880.00      1500.32      0.00     1.00       0.0000    0.0000
   3900.00      1500.32      0.00     1.00       0.0000    0.0000
   3920.00      1500.32      0.00     1.00       0.0000    0.0000
   3940.00      1500.32      0.00     1.00       0.0000    0.0000
   3960.00      1500.32      0.00     1.00       0.0000    0.0000
   3980.00      1500.32      0.00     1.00       0.0000    0.0000
   4000.00      1500.32      0.00     1.00       0.0000    0.0000
   4020.00      1500.32      0.00     1.00       0.0000    0.0000
   4040.00      1500.32      0.00     1.00       0.0000    0.0000
   4060.00      1500.32      0.00     1.00       0.0000    0.0000
   4080.00      1500.32      0.00     1.00       0.0000    0.0000
   4100.00      1500.32      0.00     1.00       0.0000    0.0000
   4120.00      1500.32      0.00     1.00       0.0000    0.0000
   4140.00      1500.32      0.00     1.00       0.0000    0.0000
   4160.00      1500.32      0.00     1.00       0.0000    0.0000
   4180.00      1500.32      0.00     1.00       0.0000    0.0000
   4200.00      1500.32      0.00     1.00       0.0000    0.0000
   4220.00      1500.32      0.00     1.00       0.0000    0.0000
   4240.00      1500.32      0.00     1.00       0.0000    0.0000
   4260.00      1500.32      0.00     1.00       0.0000    0.0000
   4280.00      1500.32      0.00     1.00       0.0000    0.0000
   4300.00      1500.32      0.00     1.00       0.0000    0.0000
   4320.00      1500.32      0.00     1.00       0.0000    0.0000
   4340.00      1500.32      0.00     1.00       0.0000    0.0000
   4360.00      1500.32      0.00     1.00       0.0000    0.0000
   4380.00      1500.32      0.00     1.00       0.0000    0.0000
   4400.00      1500.32      0.00     1.00       0.0000    0.0000
   4420.00      1500.32      0.00     1.00       0.0000    0.0000
   4440.00      1500.32      0.00     1.00       0.0000    0.0000
   4460.00      1500.32      0.00     1.00       0.0000    0.0000
   4480.00      1500.32      0.00     1.00       0.0000    0.0000
   4500.00      1500.32      0.00     1.00       0.0000    0.0000
   4520.00      1500.32      0.00     1.00       0.0000    0.0000
   4540.00      1500.32      0.00     1.00       0.0000    0.0000
   4560.00      1500.32      0.00     1.00       0.0000    0.0000
   4580.00      1500.32      0.00     1.00       0.0000    0.0000
   4600.00      1500.32      0.00     1.00       0.0000    0.0000
   4620.00      1500.32      0.00     1.00       0.0000    0.0000
   4640.00      1500.32      0.00     1.00       0.0000    0.0000
   4660.00      1500.32      0.00     1.00       0.0000    0.0000
   4680.00      1500.32      0.00     1.00       0.0000    0.0000
   4700.00      1500.32      0.00     1.00       0.0000    0.0000
   4720.00      1500.32      0.00     1.00       0.0000    0.0000
   4740.00      1500.32      0.00     1.00       0.0000    0.0000
   4760.00      1500.32      0.00     1.00       0.0000    0.0000
   4780.00      1500.32      0.00     1.00       0.0000    0.0000
   4800.00      1500.32      0.00     1.00       0.0000    0.0000
   4820.00      1500.32      0.00     1.00       0.0000    0.0000
   4840.00      1500.32      0.00     1.00       0.0000    0.0000
   4860.00      1500.32      0.00     1.00       0.0000    0.0000
   4880.00      1500.32      0.00     1.00       0.0000    0.0000
   4900.00      1500.32      0.00     1.00       0.0000    0.0000
   4920.00      1500.32      0.00     1.00       0.0000    0.0000
   4940.00      1500.32      0.00     1.00       0.0000    0.0000
   4960.00      1500.32      0.00     1.00       0.0000    0.0000
   4980.00      1500.32      0.00     1.00       0.0000    0.0000
   5000.00      1500.32      0.00     1.00       0.0000    0.0000

                                 ( RMS rough =   0.00     )
     Perfectly RIGID

 cLow =   1500.0    m/s      cHigh =   1800.0    m/s
 RMax =    60.000000000000000      km

 __________________________________________________________________________


 Number of source   depths =            1
 Source depths (m)
   200.000    

 Number of receiver depths =            1
 Receiver depths (m)
   200.000    

 Mesh multiplier   CPU seconds
                --- Number of modes =          739
        1            0.562    s
                --- Number of modes =          738
        2            0.469    s
        4            0.359    s

    I    k (1/m)            alpha (1/m)   Phase Speed (m/s) Group Speed (m/s)
    1  0.8418806800     -0.9230505569E-06   1500.117863       1500.008637    
   25  0.8415459957     -0.9232614684E-06   1500.714463       1499.919670    
   49  0.8409188832     -0.9238965793E-06   1501.833616       1498.975173    
   73  0.8399765499     -0.9247956870E-06   1503.518458       1497.739924    
   97  0.8387869865     -0.9258665946E-06   1505.650740       1496.395292    
  121  0.8374047911     -0.9270480481E-06   1508.135922       1495.044957    
  145  0.8358735560     -0.9282865461E-06   1510.898673       1493.785744    
  169  0.8342005868     -0.9300577702E-06   1513.928744       1491.084366    
  193  0.8322067846     -0.9325425527E-06   1517.555817       1486.704758    
  217  0.8299046498     -0.9352207181E-06   1521.765479       1482.304002    
  241  0.8273099537     -0.9382050739E-06   1526.538199       1477.509651    
  265  0.8244253957     -0.9415198520E-06   1531.879359       1472.259224    
  289  0.8212503910     -0.9451819770E-06   1537.801699       1466.522551    
  313  0.8177827421     -0.9492063408E-06   1544.322449       1460.282009    
  337  0.8140194751     -0.9536066650E-06   1551.461956       1453.528358    
  361  0.8099569675     -0.9583993477E-06   1559.243636       1446.248906    
  385  0.8055909461     -0.9636011548E-06   1567.694191       1438.434935    
  409  0.8009166628     -0.9692310797E-06   1576.843516       1430.076129    
  433  0.7959288291     -0.9753101246E-06   1586.725095       1421.161860    
  457  0.7906216084     -0.9818613672E-06   1597.376334       1411.681548    
  481  0.7849886070     -0.9889107312E-06   1608.838951       1401.623073    
  505  0.7790228199     -0.9964870024E-06   1621.159502       1390.973599    
  529  0.7727165721     -0.1004622163E-05   1634.390011       1379.719575    
  553  0.7660614893     -0.1013352064E-05   1648.588611       1367.845916    
  577  0.7590484306     -0.1022716786E-05   1663.820378       1355.336308    
  601  0.7516673998     -0.1032761232E-05   1680.158335       1342.173102    
  625  0.7439074568     -0.1043535923E-05   1697.684618       1328.336961    
  649  0.7357566284     -0.1055097843E-05   1716.491837       1313.806668    
  673  0.7272017835     -0.1067511409E-05   1736.684749       1298.559069    
  697  0.7182284921     -0.1080849708E-05   1758.382270       1282.568811    
  721  0.7088208749     -0.1095196041E-05   1781.719884       1265.807927    
 _________________________________________________

 KRAKEN- R                                                                       
 End of environmental file
