 _________________________________________________

 KRAKEN- PERT                                                                    
 Frequency =   235.0    Hz
 NMedia    =   1


     C-Linear approximation to SSP
     Attenuation units: dB/wavelength
     THORP attenuation added
     VACUUM


   z (m)     alphaR (m/s)   betaR  rho (g/cm^3)  alphaI     betaI


       ( # mesh points = 20001  RMS rough =   0.00     )
      0.00      1512.55      0.00     1.00       0.0000    0.0000
     20.00      1512.55      0.00     1.00       0.0000    0.0000
     40.00      1512.55      0.00     1.00       0.0000    0.0000
     60.00      1512.40      0.00     1.00       0.0000    0.0000
     80.00      1512.11      0.00     1.00       0.0000    0.0000
    100.00      1511.82      0.00     1.00       0.0000    0.0000
    120.00      1511.53      0.00     1.00       0.0000    0.0000
    140.00      1511.24      0.00     1.00       0.0000    0.0000
    160.00      1510.96      0.00     1.00       0.0000    0.0000
    180.00      1510.67      0.00     1.00       0.0000    0.0000
    200.00      1510.39      0.00     1.00       0.0000    0.0000
    220.00      1510.11      0.00     1.00       0.0000    0.0000
    240.00      1509.83      0.00     1.00       0.0000    0.0000
    260.00      1509.55      0.00     1.00       0.0000    0.0000
    280.00      1509.27      0.00     1.00       0.0000    0.0000
    300.00      1509.00      0.00     1.00       0.0000    0.0000
    320.00      1508.73      0.00     1.00       0.0000    0.0000
    340.00      1508.46      0.00     1.00       0.0000    0.0000
    360.00      1508.19      0.00     1.00       0.0000    0.0000
    380.00      1507.93      0.00     1.00       0.0000    0.0000
    400.00      1507.67      0.00     1.00       0.0000    0.0000
    420.00      1507.41      0.00     1.00       0.0000    0.0000
    440.00      1507.15      0.00     1.00       0.0000    0.0000
    460.00      1506.89      0.00     1.00       0.0000    0.0000
    480.00      1506.64      0.00     1.00       0.0000    0.0000
    500.00      1506.39      0.00     1.00       0.0000    0.0000
    520.00      1506.14      0.00     1.00       0.0000    0.0000
    540.00      1505.90      0.00     1.00       0.0000    0.0000
    560.00      1505.66      0.00     1.00       0.0000    0.0000
    580.00      1505.42      0.00     1.00       0.0000    0.0000
    600.00      1505.19      0.00     1.00       0.0000    0.0000
    620.00      1504.96      0.00     1.00       0.0000    0.0000
    640.00      1504.73      0.00     1.00       0.0000    0.0000
    660.00      1504.51      0.00     1.00       0.0000    0.0000
    680.00      1504.28      0.00     1.00       0.0000    0.0000
    700.00      1504.07      0.00     1.00       0.0000    0.0000
    720.00      1503.85      0.00     1.00       0.0000    0.0000
    740.00      1503.65      0.00     1.00       0.0000    0.0000
    760.00      1503.44      0.00     1.00       0.0000    0.0000
    780.00      1503.24      0.00     1.00       0.0000    0.0000
    800.00      1503.04      0.00     1.00       0.0000    0.0000
    820.00      1502.85      0.00     1.00       0.0000    0.0000
    840.00      1502.66      0.00     1.00       0.0000    0.0000
    860.00      1502.48      0.00     1.00       0.0000    0.0000
    880.00      1502.30      0.00     1.00       0.0000    0.0000
    900.00      1502.13      0.00     1.00       0.0000    0.0000
    920.00      1501.96      0.00     1.00       0.0000    0.0000
    940.00      1501.80      0.00     1.00       0.0000    0.0000
    960.00      1501.65      0.00     1.00       0.0000    0.0000
    980.00      1501.50      0.00     1.00       0.0000    0.0000
   1000.00      1501.35      0.00     1.00       0.0000    0.0000
   1020.00      1501.21      0.00     1.00       0.0000    0.0000
   1040.00      1501.08      0.00     1.00       0.0000    0.0000
   1060.00      1500.95      0.00     1.00       0.0000    0.0000
   1080.00      1500.84      0.00     1.00       0.0000    0.0000
   1100.00      1500.72      0.00     1.00       0.0000    0.0000
   1120.00      1500.62      0.00     1.00       0.0000    0.0000
   1140.00      1500.52      0.00     1.00       0.0000    0.0000
   1160.00      1500.43      0.00     1.00       0.0000    0.0000
   1180.00      1500.35      0.00     1.00       0.0000    0.0000
   1200.00      1500.27      0.00     1.00       0.0000    0.0000
   1220.00      1500.21      0.00     1.00       0.0000    0.0000
   1240.00      1500.15      0.00     1.00       0.0000    0.0000
   1260.00      1500.10      0.00     1.00       0.0000    0.0000
   1280.00      1500.06      0.00     1.00       0.0000    0.0000
   1300.00      1500.03      0.00     1.00       0.0000    0.0000
   1320.00      1500.01      0.00     1.00       0.0000    0.0000
   1340.00      1500.00      0.00     1.00       0.0000    0.0000
   1360.00      1500.00      0.00     1.00       0.0000    0.0000
   1380.00      1500.01      0.00     1.00       0.0000    0.0000
   1400.00      1500.04      0.00     1.00       0.0000    0.0000
   1420.00      1500.07      0.00     1.00       0.0000    0.0000
   1440.00      1500.11      0.00     1.00       0.0000    0.0000
   1460.00      1500.17      0.00     1.00       0.0000    0.0000
   1480.00      1500.24      0.00     1.00       0.0000    0.0000
   1500.00      1500.32      0.00     1.00       0.0000    0.0000
   1520.00      1500.32      0.00     1.00       0.0000    0.0000
   1540.00      1500.32      0.00     1.00       0.0000    0.0000
   1560.00      1500.32      0.00     1.00       0.0000    0.0000
   1580.00      1500.32      0.00     1.00       0.0000    0.0000
   1600.00      1500.32      0.00     1.00       0.0000    0.0000
   1620.00      1500.32      0.00     1.00       0.0000    0.0000
   1640.00      1500.32      0.00     1.00       0.0000    0.0000
   1660.00      1500.32      0.00     1.00       0.0000    0.0000
   1680.00      1500.32      0.00     1.00       0.0000    0.0000
   1700.00      1500.32      0.00     1.00       0.0000    0.0000
   1720.00      1500.32      0.00     1.00       0.0000    0.0000
   1740.00      1500.32      0.00     1.00       0.0000    0.0000
   1760.00      1500.32      0.00     1.00       0.0000    0.0000
   1780.00      1500.32      0.00     1.00       0.0000    0.0000
   1800.00      1500.32      0.00     1.00       0.0000    0.0000
   1820.00      1500.32      0.00     1.00       0.0000    0.0000
   1840.00      1500.32      0.00     1.00       0.0000    0.0000
   1860.00      1500.32      0.00     1.00       0.0000    0.0000
   1880.00      1500.32      0.00     1.00       0.0000    0.0000
   1900.00      1500.32      0.00     1.00       0.0000    0.0000
   1920.00      1500.32      0.00     1.00       0.0000    0.0000
   1940.00      1500.32      0.00     1.00       0.0000    0.0000
   1960.00      1500.32      0.00     1.00       0.0000    0.0000
   1980.00      1500.32      0.00     1.00       0.0000    0.0000
   2000.00      1500.32      0.00     1.00       0.0000    0.0000
   2020.00      1500.32      0.00     1.00       0.0000    0.0000
   2040.00      1500.32      0.00     1.00       0.0000    0.0000
   2060.00      1500.32      0.00     1.00       0.0000    0.0000
   2080.00      1500.32      0.00     1.00       0.0000    0.0000
   2100.00      1500.32      0.00     1.00       0.0000    0.0000
   2120.00      1500.32      0.00     1.00       0.0000    0.0000
   2140.00      1500.32      0.00     1.00       0.0000    0.0000
   2160.00      1500.32      0.00     1.00       0.0000    0.0000
   2180.00      1500.32      0.00     1.00       0.0000    0.0000
   2200.00      1500.32      0.00     1.00       0.0000    0.0000
   2220.00      1500.32      0.00     1.00       0.0000    0.0000
   2240.00      1500.32      0.00     1.00       0.0000    0.0000
   2260.00      1500.32      0.00     1.00       0.0000    0.0000
   2280.00      1500.32      0.00     1.00       0.0000    0.0000
   2300.00      1500.32      0.00     1.00       0.0000    0.0000
   2320.00      1500.32      0.00     1.00       0.0000    0.0000
   2340.00      1500.32      0.00     1.00       0.0000    0.0000
   2360.00      1500.32      0.00     1.00       0.0000    0.0000
   2380.00      1500.32      0.00     1.00       0.0000    0.0000
   2400.00      1500.32      0.00     1.00       0.0000    0.0000
   2420.00      1500.32      0.00     1.00       0.0000    0.0000
   2440.00      1500.32      0.00     1.00       0.0000    0.0000
   2460.00      1500.32      0.00     1.00       0.0000    0.0000
   2480.00      1500.32      0.00     1.00       0.0000    0.0000
   2500.00      1500.32      0.00     1.00       0.0000    0.0000
   2520.00      1500.32      0.00     1.00       0.0000    0.0000
   2540.00      1500.32      0.00     1.00       0.0000    0.0000
   2560.00      1500.32      0.00     1.00       0.0000    0.0000
   2580.00      1500.32      0.00     1.00       0.0000    0.0000
   2600.00      1500.32      0.00     1.00       0.0000    0.0000
   2620.00      1500.32      0.00     1.00       0.0000    0.0000
   2640.00      1500.32      0.00     1.00       0.0000    0.0000
   2660.00      1500.32      0.00     1.00       0.0000    0.0000
   2680.00      1500.32      0.00     1.00       0.0000    0.0000
   2700.00      1500.32      0.00     1.00       0.0000    0.0000
   2720.00      1500.32      0.00     1.00       0.0000    0.0000
   2740.00      1500.32      0.00     1.00       0.0000    0.0000
   2760.00      1500.32      0.00     1.00       0.0000    0.0000
   2780.00      1500.32      0.00     1.00       0.0000    0.0000
   2800.00      1500.32      0.00     1.00       0.0000    0.0000
   2820.00      1500.32      0.00     1.00       0.0000    0.0000
   2840.00      1500.32      0.00     1.00       0.0000    0.0000
   2860.00      1500.32      0.00     1.00       0.0000    0.0000
   2880.00      1500.32      0.00     1.00       0.0000    0.0000
   2900.00      1500.32      0.00     1.00       0.0000    0.0000
   2920.00      1500.32      0.00     1.00       0.0000    0.0000
   2940.00      1500.32      0.00     1.00       0.0000    0.0000
   2960.00      1500.32      0.00     1.00       0.0000    0.0000
   2980.00      1500.32      0.00     1.00       0.0000    0.0000
   3000.00      1500.32      0.00     1.00       0.0000    0.0000
   3020.00      1500.32      0.00     1.00       0.0000    0.0000
   3040.00      1500.32      0.00     1.00       0.0000    0.0000
   3060.00      1500.32      0.00     1.00       0.0000    0.0000
   3080.00      1500.32      0.00     1.00       0.0000    0.0000
   3100.00      1500.32      0.00     1.00       0.0000    0.0000
   3120.00      1500.32      0.00     1.00       0.0000    0.0000
   3140.00      1500.32      0.00     1.00       0.0000    0.0000
   3160.00      1500.32      0.00     1.00       0.0000    0.0000
   3180.00      1500.32      0.00     1.00       0.0000    0.0000
   3200.00      1500.32      0.00     1.00       0.0000    0.0000
   3220.00      1500.32      0.00     1.00       0.0000    0.0000
   3240.00      1500.32      0.00     1.00       0.0000    0.0000
   3260.00      1500.32      0.00     1.00       0.0000    0.0000
   3280.00      1500.32      0.00     1.00       0.0000    0.0000
   3300.00      1500.32      0.00     1.00       0.0000    0.0000
   3320.00      1500.32      0.00     1.00       0.0000    0.0000
   3340.00      1500.32      0.00     1.00       0.0000    0.0000
   3360.00      1500.32      0.00     1.00       0.0000    0.0000
   3380.00      1500.32      0.00     1.00       0.0000    0.0000
   3400.00      1500.32      0.00     1.00       0.0000    0.0000
   3420.00      1500.32      0.00     1.00       0.0000    0.0000
   3440.00      1500.32      0.00     1.00       0.0000    0.0000
   3460.00      1500.32      0.00     1.00       0.0000    0.0000
   3480.00      1500.32      0.00     1.00       0.0000    0.0000
   3500.00      1500.32      0.00     1.00       0.0000    0.0000
   3520.00      1500.32      0.00     1.00       0.0000    0.0000
   3540.00      1500.32      0.00     1.00       0.0000    0.0000
   3560.00      1500.32      0.00     1.00       0.0000    0.0000
   3580.00      1500.32      0.00     1.00       0.0000    0.0000
   3600.00      1500.32      0.00     1.00       0.0000    0.0000
   3620.00      1500.32      0.00     1.00       0.0000    0.0000
   3640.00      1500.32      0.00     1.00       0.0000    0.0000
   3660.00      1500.32      0.00     1.00       0.0000    0.0000
   3680.00      1500.32      0.00     1.00       0.0000    0.0000
   3700.00      1500.32      0.00     1.00       0.0000    0.0000
   3720.00      1500.32      0.00     1.00       0.0000    0.0000
   3740.00      1500.32      0.00     1.00       0.0000    0.0000
   3760.00      1500.32      0.00     1.00       0.0000    0.0000
   3780.00      1500.32      0.00     1.00       0.0000    0.0000
   3800.00      1500.32      0.00     1.00       0.0000    0.0000
   3820.00      1500.32      0.00     1.00       0.0000    0.0000
   3840.00      1500.32      0.00     1.00       0.0000    0.0000
   3860.00      1500.32      0.00     1.00       0.0000    0.0000
   3880.00      1500.32      0.00     1.00       0.0000    0.0000
   3900.00      1500.32      0.00     1.00       0.0000    0.0000
   3920.00      1500.32      0.00     1.00       0.0000    0.0000
   3940.00      1500.32      0.00     1.00       0.0000    0.0000
   3960.00      1500.32      0.00     1.00       0.0000    0.0000
   3980.00      1500.32      0.00     1.00       0.0000    0.0000
   4000.00      1500.32      0.00     1.00       0.0000    0.0000
   4020.00      1500.32      0.00     1.00       0.0000    0.0000
   4040.00      1500.32      0.00     1.00       0.0000    0.0000
   4060.00      1500.32      0.00     1.00       0.0000    0.0000
   4080.00      1500.32      0.00     1.00       0.0000    0.0000
   4100.00      1500.32      0.00     1.00       0.0000    0.0000
   4120.00      1500.32      0.00     1.00       0.0000    0.0000
   4140.00      1500.32      0.00     1.00       0.0000    0.0000
   4160.00      1500.32      0.00     1.00       0.0000    0.0000
   4180.00      1500.32      0.00     1.00       0.0000    0.0000
   4200.00      1500.32      0.00     1.00       0.0000    0.0000
   4220.00      1500.32      0.00     1.00       0.0000    0.0000
   4240.00      1500.32      0.00     1.00       0.0000    0.0000
   4260.00      1500.32      0.00     1.00       0.0000    0.0000
   4280.00      1500.32      0.00     1.00       0.0000    0.0000
   4300.00      1500.32      0.00     1.00       0.0000    0.0000
   4320.00      1500.32      0.00     1.00       0.0000    0.0000
   4340.00      1500.32      0.00     1.00       0.0000    0.0000
   4360.00      1500.32      0.00     1.00       0.0000    0.0000
   4380.00      1500.32      0.00     1.00       0.0000    0.0000
   4400.00      1500.32      0.00     1.00       0.0000    0.0000
   4420.00      1500.32      0.00     1.00       0.0000    0.0000
   4440.00      1500.32      0.00     1.00       0.0000    0.0000
   4460.00      1500.32      0.00     1.00       0.0000    0.0000
   4480.00      1500.32      0.00     1.00       0.0000    0.0000
   4500.00      1500.32      0.00     1.00       0.0000    0.0000
   4520.00      1500.32      0.00     1.00       0.0000    0.0000
   4540.00      1500.32      0.00     1.00       0.0000    0.0000
   4560.00      1500.32      0.00     1.00       0.0000    0.0000
   4580.00      1500.32      0.00     1.00       0.0000    0.0000
   4600.00      1500.32      0.00     1.00       0.0000    0.0000
   4620.00      1500.32      0.00     1.00       0.0000    0.0000
   4640.00      1500.32      0.00     1.00       0.0000    0.0000
   4660.00      1500.32      0.00     1.00       0.0000    0.0000
   4680.00      1500.32      0.00     1.00       0.0000    0.0000
   4700.00      1500.32      0.00     1.00       0.0000    0.0000
   4720.00      1500.32      0.00     1.00       0.0000    0.0000
   4740.00      1500.32      0.00     1.00       0.0000    0.0000
   4760.00      1500.32      0.00     1.00       0.0000    0.0000
   4780.00      1500.32      0.00     1.00       0.0000    0.0000
   4800.00      1500.32      0.00     1.00       0.0000    0.0000
   4820.00      1500.32      0.00     1.00       0.0000    0.0000
   4840.00      1500.32      0.00     1.00       0.0000    0.0000
   4860.00      1500.32      0.00     1.00       0.0000    0.0000
   4880.00      1500.32      0.00     1.00       0.0000    0.0000
   4900.00      1500.32      0.00     1.00       0.0000    0.0000
   4920.00      1500.32      0.00     1.00       0.0000    0.0000
   4940.00      1500.32      0.00     1.00       0.0000    0.0000
   4960.00      1500.32      0.00     1.00       0.0000    0.0000
   4980.00      1500.32      0.00     1.00       0.0000    0.0000
   5000.00      1500.32      0.00     1.00       0.0000    0.0000

                                 ( RMS rough =   0.00     )
     Perfectly RIGID

 cLow =   1500.0    m/s      cHigh =   1800.0    m/s
 RMax =    60.000000000000000      km

 __________________________________________________________________________


 Number of source   depths =            1
 Source depths (m)
   200.000    

 Number of receiver depths =            1
 Receiver depths (m)
   200.000    

 Mesh multiplier   CPU seconds
                --- Number of modes =          864
        1            0.672    s
                --- Number of modes =          863
        2            0.578    s
        4            0.422    s

    I    k (1/m)            alpha (1/m)   Phase Speed (m/s) Group Speed (m/s)
    1  0.9842988760     -0.1112880422E-05   1500.101832       1500.005798    
   29  0.9838982469     -0.1113137779E-05   1500.712652       1499.922776    
   57  0.9831692575     -0.1113899776E-05   1501.825384       1498.981913    
   85  0.9820720995     -0.1114979961E-05   1503.503203       1497.749971    
  113  0.9806864882     -0.1116267630E-05   1505.627502       1496.406763    
  141  0.9790761034     -0.1117687184E-05   1508.103958       1495.060874    
  169  0.9772916818     -0.1119178341E-05   1510.857582       1493.798199    
  197  0.9753476041     -0.1121278426E-05   1513.869046       1491.172578    
  225  0.9730284334     -0.1124267813E-05   1517.477287       1486.791207    
  253  0.9703499119     -0.1127483260E-05   1521.666080       1482.405409    
  281  0.9673306090     -0.1131063840E-05   1526.415616       1477.634146    
  309  0.9639739320     -0.1135041911E-05   1531.730785       1472.406153    
  337  0.9602790367     -0.1139436539E-05   1537.624472       1466.694823    
  365  0.9562436120     -0.1144264723E-05   1544.113371       1460.484371    
  393  0.9518641773     -0.1149544239E-05   1551.217687       1453.762153    
  421  0.9471364647     -0.1155293885E-05   1558.960722       1446.517725    
  449  0.9420556158     -0.1161534149E-05   1567.368765       1438.741157    
  477  0.9366160980     -0.1168287352E-05   1576.471460       1430.423186    
  505  0.9308118098     -0.1175578719E-05   1586.301905       1421.552893    
  533  0.9246360043     -0.1183435828E-05   1596.897093       1412.119721    
  561  0.9180812475     -0.1191889528E-05   1608.298341       1402.111944    
  589  0.9111394554     -0.1200974077E-05   1620.551649       1391.517026    
  617  0.9038017551     -0.1210727693E-05   1633.708431       1380.321388    
  645  0.8960584576     -0.1221193078E-05   1647.826138       1368.510223    
  673  0.8878989834     -0.1232417897E-05   1662.969071       1356.067653    
  701  0.8793117762     -0.1244455710E-05   1679.209340       1342.976109    
  729  0.8702841890     -0.1257366599E-05   1696.628028       1329.216680    
  757  0.8608023966     -0.1271218352E-05   1715.316492       1314.768503    
  785  0.8508512158     -0.1286087555E-05   1735.378078       1299.608875    
  813  0.8404139870     -0.1302061111E-05   1756.930001       1283.712816    
  841  0.8294723770     -0.1319237979E-05   1780.105749       1267.052859    
 _________________________________________________

 KRAKEN- R                                                                       
 End of environmental file
