 _________________________________________________

 KRAKEN- PERT                                                                    
 Frequency =   235.0    Hz
 NMedia    =   1


     C-Linear approximation to SSP
     Attenuation units: dB/wavelength
     THORP attenuation added
     VACUUM


   z (m)     alphaR (m/s)   betaR  rho (g/cm^3)  alphaI     betaI


       ( # mesh points = 20001  RMS rough =   0.00     )
      0.00      1514.55      0.00     1.00       0.0000    0.0000
     20.00      1514.55      0.00     1.00       0.0000    0.0000
     40.00      1514.55      0.00     1.00       0.0000    0.0000
     60.00      1514.55      0.00     1.00       0.0000    0.0000
     80.00      1514.55      0.00     1.00       0.0000    0.0000
    100.00      1514.55      0.00     1.00       0.0000    0.0000
    120.00      1514.55      0.00     1.00       0.0000    0.0000
    140.00      1514.55      0.00     1.00       0.0000    0.0000
    160.00      1514.40      0.00     1.00       0.0000    0.0000
    180.00      1514.11      0.00     1.00       0.0000    0.0000
    200.00      1513.82      0.00     1.00       0.0000    0.0000
    220.00      1513.53      0.00     1.00       0.0000    0.0000
    240.00      1513.24      0.00     1.00       0.0000    0.0000
    260.00      1512.96      0.00     1.00       0.0000    0.0000
    280.00      1512.67      0.00     1.00       0.0000    0.0000
    300.00      1512.39      0.00     1.00       0.0000    0.0000
    320.00      1512.11      0.00     1.00       0.0000    0.0000
    340.00      1511.83      0.00     1.00       0.0000    0.0000
    360.00      1511.55      0.00     1.00       0.0000    0.0000
    380.00      1511.27      0.00     1.00       0.0000    0.0000
    400.00      1511.00      0.00     1.00       0.0000    0.0000
    420.00      1510.73      0.00     1.00       0.0000    0.0000
    440.00      1510.46      0.00     1.00       0.0000    0.0000
    460.00      1510.19      0.00     1.00       0.0000    0.0000
    480.00      1509.93      0.00     1.00       0.0000    0.0000
    500.00      1509.67      0.00     1.00       0.0000    0.0000
    520.00      1509.41      0.00     1.00       0.0000    0.0000
    540.00      1509.15      0.00     1.00       0.0000    0.0000
    560.00      1508.89      0.00     1.00       0.0000    0.0000
    580.00      1508.64      0.00     1.00       0.0000    0.0000
    600.00      1508.39      0.00     1.00       0.0000    0.0000
    620.00      1508.14      0.00     1.00       0.0000    0.0000
    640.00      1507.90      0.00     1.00       0.0000    0.0000
    660.00      1507.66      0.00     1.00       0.0000    0.0000
    680.00      1507.42      0.00     1.00       0.0000    0.0000
    700.00      1507.19      0.00     1.00       0.0000    0.0000
    720.00      1506.96      0.00     1.00       0.0000    0.0000
    740.00      1506.73      0.00     1.00       0.0000    0.0000
    760.00      1506.51      0.00     1.00       0.0000    0.0000
    780.00      1506.28      0.00     1.00       0.0000    0.0000
    800.00      1506.07      0.00     1.00       0.0000    0.0000
    820.00      1505.85      0.00     1.00       0.0000    0.0000
    840.00      1505.65      0.00     1.00       0.0000    0.0000
    860.00      1505.44      0.00     1.00       0.0000    0.0000
    880.00      1505.24      0.00     1.00       0.0000    0.0000
    900.00      1505.04      0.00     1.00       0.0000    0.0000
    920.00      1504.85      0.00     1.00       0.0000    0.0000
    940.00      1504.66      0.00     1.00       0.0000    0.0000
    960.00      1504.48      0.00     1.00       0.0000    0.0000
    980.00      1504.30      0.00     1.00       0.0000    0.0000
   1000.00      1504.13      0.00     1.00       0.0000    0.0000
   1020.00      1503.96      0.00     1.00       0.0000    0.0000
   1040.00      1503.80      0.00     1.00       0.0000    0.0000
   1060.00      1503.65      0.00     1.00       0.0000    0.0000
   1080.00      1503.50      0.00     1.00       0.0000    0.0000
   1100.00      1503.35      0.00     1.00       0.0000    0.0000
   1120.00      1503.21      0.00     1.00       0.0000    0.0000
   1140.00      1503.08      0.00     1.00       0.0000    0.0000
   1160.00      1502.95      0.00     1.00       0.0000    0.0000
   1180.00      1502.84      0.00     1.00       0.0000    0.0000
   1200.00      1502.72      0.00     1.00       0.0000    0.0000
   1220.00      1502.62      0.00     1.00       0.0000    0.0000
   1240.00      1502.52      0.00     1.00       0.0000    0.0000
   1260.00      1502.43      0.00     1.00       0.0000    0.0000
   1280.00      1502.35      0.00     1.00       0.0000    0.0000
   1300.00      1502.27      0.00     1.00       0.0000    0.0000
   1320.00      1502.21      0.00     1.00       0.0000    0.0000
   1340.00      1502.15      0.00     1.00       0.0000    0.0000
   1360.00      1502.10      0.00     1.00       0.0000    0.0000
   1380.00      1502.06      0.00     1.00       0.0000    0.0000
   1400.00      1502.03      0.00     1.00       0.0000    0.0000
   1420.00      1502.01      0.00     1.00       0.0000    0.0000
   1440.00      1502.00      0.00     1.00       0.0000    0.0000
   1460.00      1502.00      0.00     1.00       0.0000    0.0000
   1480.00      1502.01      0.00     1.00       0.0000    0.0000
   1500.00      1502.04      0.00     1.00       0.0000    0.0000
   1520.00      1502.04      0.00     1.00       0.0000    0.0000
   1540.00      1502.04      0.00     1.00       0.0000    0.0000
   1560.00      1502.04      0.00     1.00       0.0000    0.0000
   1580.00      1502.04      0.00     1.00       0.0000    0.0000
   1600.00      1502.04      0.00     1.00       0.0000    0.0000
   1620.00      1502.04      0.00     1.00       0.0000    0.0000
   1640.00      1502.04      0.00     1.00       0.0000    0.0000
   1660.00      1502.04      0.00     1.00       0.0000    0.0000
   1680.00      1502.04      0.00     1.00       0.0000    0.0000
   1700.00      1502.04      0.00     1.00       0.0000    0.0000
   1720.00      1502.04      0.00     1.00       0.0000    0.0000
   1740.00      1502.04      0.00     1.00       0.0000    0.0000
   1760.00      1502.04      0.00     1.00       0.0000    0.0000
   1780.00      1502.04      0.00     1.00       0.0000    0.0000
   1800.00      1502.04      0.00     1.00       0.0000    0.0000
   1820.00      1502.04      0.00     1.00       0.0000    0.0000
   1840.00      1502.04      0.00     1.00       0.0000    0.0000
   1860.00      1502.04      0.00     1.00       0.0000    0.0000
   1880.00      1502.04      0.00     1.00       0.0000    0.0000
   1900.00      1502.04      0.00     1.00       0.0000    0.0000
   1920.00      1502.04      0.00     1.00       0.0000    0.0000
   1940.00      1502.04      0.00     1.00       0.0000    0.0000
   1960.00      1502.04      0.00     1.00       0.0000    0.0000
   1980.00      1502.04      0.00     1.00       0.0000    0.0000
   2000.00      1502.04      0.00     1.00       0.0000    0.0000
   2020.00      1502.04      0.00     1.00       0.0000    0.0000
   2040.00      1502.04      0.00     1.00       0.0000    0.0000
   2060.00      1502.04      0.00     1.00       0.0000    0.0000
   2080.00      1502.04      0.00     1.00       0.0000    0.0000
   2100.00      1502.04      0.00     1.00       0.0000    0.0000
   2120.00      1502.04      0.00     1.00       0.0000    0.0000
   2140.00      1502.04      0.00     1.00       0.0000    0.0000
   2160.00      1502.04      0.00     1.00       0.0000    0.0000
   2180.00      1502.04      0.00     1.00       0.0000    0.0000
   2200.00      1502.04      0.00     1.00       0.0000    0.0000
   2220.00      1502.04      0.00     1.00       0.0000    0.0000
   2240.00      1502.04      0.00     1.00       0.0000    0.0000
   2260.00      1502.04      0.00     1.00       0.0000    0.0000
   2280.00      1502.04      0.00     1.00       0.0000    0.0000
   2300.00      1502.04      0.00     1.00       0.0000    0.0000
   2320.00      1502.04      0.00     1.00       0.0000    0.0000
   2340.00      1502.04      0.00     1.00       0.0000    0.0000
   2360.00      1502.04      0.00     1.00       0.0000    0.0000
   2380.00      1502.04      0.00     1.00       0.0000    0.0000
   2400.00      1502.04      0.00     1.00       0.0000    0.0000
   2420.00      1502.04      0.00     1.00       0.0000    0.0000
   2440.00      1502.04      0.00     1.00       0.0000    0.0000
   2460.00      1502.04      0.00     1.00       0.0000    0.0000
   2480.00      1502.04      0.00     1.00       0.0000    0.0000
   2500.00      1502.04      0.00     1.00       0.0000    0.0000
   2520.00      1502.04      0.00     1.00       0.0000    0.0000
   2540.00      1502.04      0.00     1.00       0.0000    0.0000
   2560.00      1502.04      0.00     1.00       0.0000    0.0000
   2580.00      1502.04      0.00     1.00       0.0000    0.0000
   2600.00      1502.04      0.00     1.00       0.0000    0.0000
   2620.00      1502.04      0.00     1.00       0.0000    0.0000
   2640.00      1502.04      0.00     1.00       0.0000    0.0000
   2660.00      1502.04      0.00     1.00       0.0000    0.0000
   2680.00      1502.04      0.00     1.00       0.0000    0.0000
   2700.00      1502.04      0.00     1.00       0.0000    0.0000
   2720.00      1502.04      0.00     1.00       0.0000    0.0000
   2740.00      1502.04      0.00     1.00       0.0000    0.0000
   2760.00      1502.04      0.00     1.00       0.0000    0.0000
   2780.00      1502.04      0.00     1.00       0.0000    0.0000
   2800.00      1502.04      0.00     1.00       0.0000    0.0000
   2820.00      1502.04      0.00     1.00       0.0000    0.0000
   2840.00      1502.04      0.00     1.00       0.0000    0.0000
   2860.00      1502.04      0.00     1.00       0.0000    0.0000
   2880.00      1502.04      0.00     1.00       0.0000    0.0000
   2900.00      1502.04      0.00     1.00       0.0000    0.0000
   2920.00      1502.04      0.00     1.00       0.0000    0.0000
   2940.00      1502.04      0.00     1.00       0.0000    0.0000
   2960.00      1502.04      0.00     1.00       0.0000    0.0000
   2980.00      1502.04      0.00     1.00       0.0000    0.0000
   3000.00      1502.04      0.00     1.00       0.0000    0.0000
   3020.00      1502.04      0.00     1.00       0.0000    0.0000
   3040.00      1502.04      0.00     1.00       0.0000    0.0000
   3060.00      1502.04      0.00     1.00       0.0000    0.0000
   3080.00      1502.04      0.00     1.00       0.0000    0.0000
   3100.00      1502.04      0.00     1.00       0.0000    0.0000
   3120.00      1502.04      0.00     1.00       0.0000    0.0000
   3140.00      1502.04      0.00     1.00       0.0000    0.0000
   3160.00      1502.04      0.00     1.00       0.0000    0.0000
   3180.00      1502.04      0.00     1.00       0.0000    0.0000
   3200.00      1502.04      0.00     1.00       0.0000    0.0000
   3220.00      1502.04      0.00     1.00       0.0000    0.0000
   3240.00      1502.04      0.00     1.00       0.0000    0.0000
   3260.00      1502.04      0.00     1.00       0.0000    0.0000
   3280.00      1502.04      0.00     1.00       0.0000    0.0000
   3300.00      1502.04      0.00     1.00       0.0000    0.0000
   3320.00      1502.04      0.00     1.00       0.0000    0.0000
   3340.00      1502.04      0.00     1.00       0.0000    0.0000
   3360.00      1502.04      0.00     1.00       0.0000    0.0000
   3380.00      1502.04      0.00     1.00       0.0000    0.0000
   3400.00      1502.04      0.00     1.00       0.0000    0.0000
   3420.00      1502.04      0.00     1.00       0.0000    0.0000
   3440.00      1502.04      0.00     1.00       0.0000    0.0000
   3460.00      1502.04      0.00     1.00       0.0000    0.0000
   3480.00      1502.04      0.00     1.00       0.0000    0.0000
   3500.00      1502.04      0.00     1.00       0.0000    0.0000
   3520.00      1502.04      0.00     1.00       0.0000    0.0000
   3540.00      1502.04      0.00     1.00       0.0000    0.0000
   3560.00      1502.04      0.00     1.00       0.0000    0.0000
   3580.00      1502.04      0.00     1.00       0.0000    0.0000
   3600.00      1502.04      0.00     1.00       0.0000    0.0000
   3620.00      1502.04      0.00     1.00       0.0000    0.0000
   3640.00      1502.04      0.00     1.00       0.0000    0.0000
   3660.00      1502.04      0.00     1.00       0.0000    0.0000
   3680.00      1502.04      0.00     1.00       0.0000    0.0000
   3700.00      1502.04      0.00     1.00       0.0000    0.0000
   3720.00      1502.04      0.00     1.00       0.0000    0.0000
   3740.00      1502.04      0.00     1.00       0.0000    0.0000
   3760.00      1502.04      0.00     1.00       0.0000    0.0000
   3780.00      1502.04      0.00     1.00       0.0000    0.0000
   3800.00      1502.04      0.00     1.00       0.0000    0.0000
   3820.00      1502.04      0.00     1.00       0.0000    0.0000
   3840.00      1502.04      0.00     1.00       0.0000    0.0000
   3860.00      1502.04      0.00     1.00       0.0000    0.0000
   3880.00      1502.04      0.00     1.00       0.0000    0.0000
   3900.00      1502.04      0.00     1.00       0.0000    0.0000
   3920.00      1502.04      0.00     1.00       0.0000    0.0000
   3940.00      1502.04      0.00     1.00       0.0000    0.0000
   3960.00      1502.04      0.00     1.00       0.0000    0.0000
   3980.00      1502.04      0.00     1.00       0.0000    0.0000
   4000.00      1502.04      0.00     1.00       0.0000    0.0000
   4020.00      1502.04      0.00     1.00       0.0000    0.0000
   4040.00      1502.04      0.00     1.00       0.0000    0.0000
   4060.00      1502.04      0.00     1.00       0.0000    0.0000
   4080.00      1502.04      0.00     1.00       0.0000    0.0000
   4100.00      1502.04      0.00     1.00       0.0000    0.0000
   4120.00      1502.04      0.00     1.00       0.0000    0.0000
   4140.00      1502.04      0.00     1.00       0.0000    0.0000
   4160.00      1502.04      0.00     1.00       0.0000    0.0000
   4180.00      1502.04      0.00     1.00       0.0000    0.0000
   4200.00      1502.04      0.00     1.00       0.0000    0.0000
   4220.00      1502.04      0.00     1.00       0.0000    0.0000
   4240.00      1502.04      0.00     1.00       0.0000    0.0000
   4260.00      1502.04      0.00     1.00       0.0000    0.0000
   4280.00      1502.04      0.00     1.00       0.0000    0.0000
   4300.00      1502.04      0.00     1.00       0.0000    0.0000
   4320.00      1502.04      0.00     1.00       0.0000    0.0000
   4340.00      1502.04      0.00     1.00       0.0000    0.0000
   4360.00      1502.04      0.00     1.00       0.0000    0.0000
   4380.00      1502.04      0.00     1.00       0.0000    0.0000
   4400.00      1502.04      0.00     1.00       0.0000    0.0000
   4420.00      1502.04      0.00     1.00       0.0000    0.0000
   4440.00      1502.04      0.00     1.00       0.0000    0.0000
   4460.00      1502.04      0.00     1.00       0.0000    0.0000
   4480.00      1502.04      0.00     1.00       0.0000    0.0000
   4500.00      1502.04      0.00     1.00       0.0000    0.0000
   4520.00      1502.04      0.00     1.00       0.0000    0.0000
   4540.00      1502.04      0.00     1.00       0.0000    0.0000
   4560.00      1502.04      0.00     1.00       0.0000    0.0000
   4580.00      1502.04      0.00     1.00       0.0000    0.0000
   4600.00      1502.04      0.00     1.00       0.0000    0.0000
   4620.00      1502.04      0.00     1.00       0.0000    0.0000
   4640.00      1502.04      0.00     1.00       0.0000    0.0000
   4660.00      1502.04      0.00     1.00       0.0000    0.0000
   4680.00      1502.04      0.00     1.00       0.0000    0.0000
   4700.00      1502.04      0.00     1.00       0.0000    0.0000
   4720.00      1502.04      0.00     1.00       0.0000    0.0000
   4740.00      1502.04      0.00     1.00       0.0000    0.0000
   4760.00      1502.04      0.00     1.00       0.0000    0.0000
   4780.00      1502.04      0.00     1.00       0.0000    0.0000
   4800.00      1502.04      0.00     1.00       0.0000    0.0000
   4820.00      1502.04      0.00     1.00       0.0000    0.0000
   4840.00      1502.04      0.00     1.00       0.0000    0.0000
   4860.00      1502.04      0.00     1.00       0.0000    0.0000
   4880.00      1502.04      0.00     1.00       0.0000    0.0000
   4900.00      1502.04      0.00     1.00       0.0000    0.0000
   4920.00      1502.04      0.00     1.00       0.0000    0.0000
   4940.00      1502.04      0.00     1.00       0.0000    0.0000
   4960.00      1502.04      0.00     1.00       0.0000    0.0000
   4980.00      1502.04      0.00     1.00       0.0000    0.0000
   5000.00      1502.04      0.00     1.00       0.0000    0.0000

                                 ( RMS rough =   0.00     )
     Perfectly RIGID

 cLow =   1500.0    m/s      cHigh =   1800.0    m/s
 RMax =    60.000000000000000      km

 __________________________________________________________________________


 Number of source   depths =            1
 Source depths (m)
   200.000    

 Number of receiver depths =            1
 Receiver depths (m)
   200.000    

 Mesh multiplier   CPU seconds
                --- Number of modes =          860
        1            0.688    s
                --- Number of modes =          859
        2            0.547    s
        4            0.438    s

    I    k (1/m)            alpha (1/m)   Phase Speed (m/s) Group Speed (m/s)
    1  0.9830319648     -0.1112844903E-05   1502.035132       1502.034855    
   29  0.9827415899     -0.1113161413E-05   1502.478945       1501.624375    
   57  0.9819639845     -0.1113962533E-05   1503.668740       1500.652661    
   85  0.9808086763     -0.1115085401E-05   1505.439932       1499.395596    
  113  0.9793608552     -0.1116414994E-05   1507.665473       1498.036435    
  141  0.9776878535     -0.1117868615E-05   1510.245363       1496.697233    
  169  0.9758428910     -0.1119387667E-05   1513.100685       1495.455476    
  197  0.9739327095     -0.1121168037E-05   1516.068341       1493.629859    
  225  0.9716342419     -0.1124226872E-05   1519.654705       1489.030362    
  253  0.9689638233     -0.1127477517E-05   1523.842802       1484.538676    
  281  0.9659474701     -0.1131081822E-05   1528.601288       1479.700656    
  309  0.9625907282     -0.1135079304E-05   1533.931820       1474.422635    
  337  0.9588939422     -0.1139491742E-05   1539.845526       1468.669028    
  365  0.9548551919     -0.1144337824E-05   1546.358610       1462.419128    
  393  0.9504712863     -0.1149635778E-05   1553.490956       1455.658798    
  421  0.9457381461     -0.1155404842E-05   1561.265719       1448.376329    
  449  0.9406509710     -0.1161665807E-05   1569.709268       1440.561129    
  477  0.9352043008     -0.1168441379E-05   1578.851323       1432.203091    
  505  0.9293920325     -0.1175756847E-05   1588.725205       1423.291397    
  533  0.9232074249     -0.1183640202E-05   1599.368146       1413.814783    
  561  0.9166430585     -0.1192122440E-05   1610.821719       1403.761498    
  589  0.9096908030     -0.1201238183E-05   1623.132324       1393.118616    
  617  0.9023417666     -0.1211025894E-05   1636.351770       1381.872473    
  645  0.8945862219     -0.1221528577E-05   1650.537993       1370.008144    
  673  0.8864135422     -0.1232794316E-05   1665.755854       1357.509473    
  701  0.8778121067     -0.1244877055E-05   1682.078130       1344.358818    
  729  0.8687692109     -0.1257837417E-05   1699.586644       1330.536957    
  757  0.8592709404     -0.1271743750E-05   1718.373656       1316.022867    
  785  0.8493020371     -0.1286673294E-05   1738.543513       1300.793631    
  813  0.8388457365     -0.1302713725E-05   1760.214641       1284.824041    
  841  0.8278835833     -0.1319964925E-05   1783.521955       1268.086366    
 _________________________________________________

 KRAKEN- R                                                                       
 End of environmental file
