 _________________________________________________

 KRAKEN- PERT                                                                    
 Frequency =   283.0    Hz
 NMedia    =   1


     C-Linear approximation to SSP
     Attenuation units: dB/wavelength
     THORP attenuation added
     VACUUM


   z (m)     alphaR (m/s)   betaR  rho (g/cm^3)  alphaI     betaI


       ( # mesh points = 20001  RMS rough =   0.00     )
      0.00      1514.55      0.00     1.00       0.0000    0.0000
     20.00      1514.55      0.00     1.00       0.0000    0.0000
     40.00      1514.55      0.00     1.00       0.0000    0.0000
     60.00      1514.55      0.00     1.00       0.0000    0.0000
     80.00      1514.55      0.00     1.00       0.0000    0.0000
    100.00      1514.55      0.00     1.00       0.0000    0.0000
    120.00      1514.55      0.00     1.00       0.0000    0.0000
    140.00      1514.55      0.00     1.00       0.0000    0.0000
    160.00      1514.40      0.00     1.00       0.0000    0.0000
    180.00      1514.11      0.00     1.00       0.0000    0.0000
    200.00      1513.82      0.00     1.00       0.0000    0.0000
    220.00      1513.53      0.00     1.00       0.0000    0.0000
    240.00      1513.24      0.00     1.00       0.0000    0.0000
    260.00      1512.96      0.00     1.00       0.0000    0.0000
    280.00      1512.67      0.00     1.00       0.0000    0.0000
    300.00      1512.39      0.00     1.00       0.0000    0.0000
    320.00      1512.11      0.00     1.00       0.0000    0.0000
    340.00      1511.83      0.00     1.00       0.0000    0.0000
    360.00      1511.55      0.00     1.00       0.0000    0.0000
    380.00      1511.27      0.00     1.00       0.0000    0.0000
    400.00      1511.00      0.00     1.00       0.0000    0.0000
    420.00      1510.73      0.00     1.00       0.0000    0.0000
    440.00      1510.46      0.00     1.00       0.0000    0.0000
    460.00      1510.19      0.00     1.00       0.0000    0.0000
    480.00      1509.93      0.00     1.00       0.0000    0.0000
    500.00      1509.67      0.00     1.00       0.0000    0.0000
    520.00      1509.41      0.00     1.00       0.0000    0.0000
    540.00      1509.15      0.00     1.00       0.0000    0.0000
    560.00      1508.89      0.00     1.00       0.0000    0.0000
    580.00      1508.64      0.00     1.00       0.0000    0.0000
    600.00      1508.39      0.00     1.00       0.0000    0.0000
    620.00      1508.14      0.00     1.00       0.0000    0.0000
    640.00      1507.90      0.00     1.00       0.0000    0.0000
    660.00      1507.66      0.00     1.00       0.0000    0.0000
    680.00      1507.42      0.00     1.00       0.0000    0.0000
    700.00      1507.19      0.00     1.00       0.0000    0.0000
    720.00      1506.96      0.00     1.00       0.0000    0.0000
    740.00      1506.73      0.00     1.00       0.0000    0.0000
    760.00      1506.51      0.00     1.00       0.0000    0.0000
    780.00      1506.28      0.00     1.00       0.0000    0.0000
    800.00      1506.07      0.00     1.00       0.0000    0.0000
    820.00      1505.85      0.00     1.00       0.0000    0.0000
    840.00      1505.65      0.00     1.00       0.0000    0.0000
    860.00      1505.44      0.00     1.00       0.0000    0.0000
    880.00      1505.24      0.00     1.00       0.0000    0.0000
    900.00      1505.04      0.00     1.00       0.0000    0.0000
    920.00      1504.85      0.00     1.00       0.0000    0.0000
    940.00      1504.66      0.00     1.00       0.0000    0.0000
    960.00      1504.48      0.00     1.00       0.0000    0.0000
    980.00      1504.30      0.00     1.00       0.0000    0.0000
   1000.00      1504.13      0.00     1.00       0.0000    0.0000
   1020.00      1503.96      0.00     1.00       0.0000    0.0000
   1040.00      1503.80      0.00     1.00       0.0000    0.0000
   1060.00      1503.65      0.00     1.00       0.0000    0.0000
   1080.00      1503.50      0.00     1.00       0.0000    0.0000
   1100.00      1503.35      0.00     1.00       0.0000    0.0000
   1120.00      1503.21      0.00     1.00       0.0000    0.0000
   1140.00      1503.08      0.00     1.00       0.0000    0.0000
   1160.00      1502.95      0.00     1.00       0.0000    0.0000
   1180.00      1502.84      0.00     1.00       0.0000    0.0000
   1200.00      1502.72      0.00     1.00       0.0000    0.0000
   1220.00      1502.62      0.00     1.00       0.0000    0.0000
   1240.00      1502.52      0.00     1.00       0.0000    0.0000
   1260.00      1502.43      0.00     1.00       0.0000    0.0000
   1280.00      1502.35      0.00     1.00       0.0000    0.0000
   1300.00      1502.27      0.00     1.00       0.0000    0.0000
   1320.00      1502.21      0.00     1.00       0.0000    0.0000
   1340.00      1502.15      0.00     1.00       0.0000    0.0000
   1360.00      1502.10      0.00     1.00       0.0000    0.0000
   1380.00      1502.06      0.00     1.00       0.0000    0.0000
   1400.00      1502.03      0.00     1.00       0.0000    0.0000
   1420.00      1502.01      0.00     1.00       0.0000    0.0000
   1440.00      1502.00      0.00     1.00       0.0000    0.0000
   1460.00      1502.00      0.00     1.00       0.0000    0.0000
   1480.00      1502.01      0.00     1.00       0.0000    0.0000
   1500.00      1502.04      0.00     1.00       0.0000    0.0000
   1520.00      1502.04      0.00     1.00       0.0000    0.0000
   1540.00      1502.04      0.00     1.00       0.0000    0.0000
   1560.00      1502.04      0.00     1.00       0.0000    0.0000
   1580.00      1502.04      0.00     1.00       0.0000    0.0000
   1600.00      1502.04      0.00     1.00       0.0000    0.0000
   1620.00      1502.04      0.00     1.00       0.0000    0.0000
   1640.00      1502.04      0.00     1.00       0.0000    0.0000
   1660.00      1502.04      0.00     1.00       0.0000    0.0000
   1680.00      1502.04      0.00     1.00       0.0000    0.0000
   1700.00      1502.04      0.00     1.00       0.0000    0.0000
   1720.00      1502.04      0.00     1.00       0.0000    0.0000
   1740.00      1502.04      0.00     1.00       0.0000    0.0000
   1760.00      1502.04      0.00     1.00       0.0000    0.0000
   1780.00      1502.04      0.00     1.00       0.0000    0.0000
   1800.00      1502.04      0.00     1.00       0.0000    0.0000
   1820.00      1502.04      0.00     1.00       0.0000    0.0000
   1840.00      1502.04      0.00     1.00       0.0000    0.0000
   1860.00      1502.04      0.00     1.00       0.0000    0.0000
   1880.00      1502.04      0.00     1.00       0.0000    0.0000
   1900.00      1502.04      0.00     1.00       0.0000    0.0000
   1920.00      1502.04      0.00     1.00       0.0000    0.0000
   1940.00      1502.04      0.00     1.00       0.0000    0.0000
   1960.00      1502.04      0.00     1.00       0.0000    0.0000
   1980.00      1502.04      0.00     1.00       0.0000    0.0000
   2000.00      1502.04      0.00     1.00       0.0000    0.0000
   2020.00      1502.04      0.00     1.00       0.0000    0.0000
   2040.00      1502.04      0.00     1.00       0.0000    0.0000
   2060.00      1502.04      0.00     1.00       0.0000    0.0000
   2080.00      1502.04      0.00     1.00       0.0000    0.0000
   2100.00      1502.04      0.00     1.00       0.0000    0.0000
   2120.00      1502.04      0.00     1.00       0.0000    0.0000
   2140.00      1502.04      0.00     1.00       0.0000    0.0000
   2160.00      1502.04      0.00     1.00       0.0000    0.0000
   2180.00      1502.04      0.00     1.00       0.0000    0.0000
   2200.00      1502.04      0.00     1.00       0.0000    0.0000
   2220.00      1502.04      0.00     1.00       0.0000    0.0000
   2240.00      1502.04      0.00     1.00       0.0000    0.0000
   2260.00      1502.04      0.00     1.00       0.0000    0.0000
   2280.00      1502.04      0.00     1.00       0.0000    0.0000
   2300.00      1502.04      0.00     1.00       0.0000    0.0000
   2320.00      1502.04      0.00     1.00       0.0000    0.0000
   2340.00      1502.04      0.00     1.00       0.0000    0.0000
   2360.00      1502.04      0.00     1.00       0.0000    0.0000
   2380.00      1502.04      0.00     1.00       0.0000    0.0000
   2400.00      1502.04      0.00     1.00       0.0000    0.0000
   2420.00      1502.04      0.00     1.00       0.0000    0.0000
   2440.00      1502.04      0.00     1.00       0.0000    0.0000
   2460.00      1502.04      0.00     1.00       0.0000    0.0000
   2480.00      1502.04      0.00     1.00       0.0000    0.0000
   2500.00      1502.04      0.00     1.00       0.0000    0.0000
   2520.00      1502.04      0.00     1.00       0.0000    0.0000
   2540.00      1502.04      0.00     1.00       0.0000    0.0000
   2560.00      1502.04      0.00     1.00       0.0000    0.0000
   2580.00      1502.04      0.00     1.00       0.0000    0.0000
   2600.00      1502.04      0.00     1.00       0.0000    0.0000
   2620.00      1502.04      0.00     1.00       0.0000    0.0000
   2640.00      1502.04      0.00     1.00       0.0000    0.0000
   2660.00      1502.04      0.00     1.00       0.0000    0.0000
   2680.00      1502.04      0.00     1.00       0.0000    0.0000
   2700.00      1502.04      0.00     1.00       0.0000    0.0000
   2720.00      1502.04      0.00     1.00       0.0000    0.0000
   2740.00      1502.04      0.00     1.00       0.0000    0.0000
   2760.00      1502.04      0.00     1.00       0.0000    0.0000
   2780.00      1502.04      0.00     1.00       0.0000    0.0000
   2800.00      1502.04      0.00     1.00       0.0000    0.0000
   2820.00      1502.04      0.00     1.00       0.0000    0.0000
   2840.00      1502.04      0.00     1.00       0.0000    0.0000
   2860.00      1502.04      0.00     1.00       0.0000    0.0000
   2880.00      1502.04      0.00     1.00       0.0000    0.0000
   2900.00      1502.04      0.00     1.00       0.0000    0.0000
   2920.00      1502.04      0.00     1.00       0.0000    0.0000
   2940.00      1502.04      0.00     1.00       0.0000    0.0000
   2960.00      1502.04      0.00     1.00       0.0000    0.0000
   2980.00      1502.04      0.00     1.00       0.0000    0.0000
   3000.00      1502.04      0.00     1.00       0.0000    0.0000
   3020.00      1502.04      0.00     1.00       0.0000    0.0000
   3040.00      1502.04      0.00     1.00       0.0000    0.0000
   3060.00      1502.04      0.00     1.00       0.0000    0.0000
   3080.00      1502.04      0.00     1.00       0.0000    0.0000
   3100.00      1502.04      0.00     1.00       0.0000    0.0000
   3120.00      1502.04      0.00     1.00       0.0000    0.0000
   3140.00      1502.04      0.00     1.00       0.0000    0.0000
   3160.00      1502.04      0.00     1.00       0.0000    0.0000
   3180.00      1502.04      0.00     1.00       0.0000    0.0000
   3200.00      1502.04      0.00     1.00       0.0000    0.0000
   3220.00      1502.04      0.00     1.00       0.0000    0.0000
   3240.00      1502.04      0.00     1.00       0.0000    0.0000
   3260.00      1502.04      0.00     1.00       0.0000    0.0000
   3280.00      1502.04      0.00     1.00       0.0000    0.0000
   3300.00      1502.04      0.00     1.00       0.0000    0.0000
   3320.00      1502.04      0.00     1.00       0.0000    0.0000
   3340.00      1502.04      0.00     1.00       0.0000    0.0000
   3360.00      1502.04      0.00     1.00       0.0000    0.0000
   3380.00      1502.04      0.00     1.00       0.0000    0.0000
   3400.00      1502.04      0.00     1.00       0.0000    0.0000
   3420.00      1502.04      0.00     1.00       0.0000    0.0000
   3440.00      1502.04      0.00     1.00       0.0000    0.0000
   3460.00      1502.04      0.00     1.00       0.0000    0.0000
   3480.00      1502.04      0.00     1.00       0.0000    0.0000
   3500.00      1502.04      0.00     1.00       0.0000    0.0000
   3520.00      1502.04      0.00     1.00       0.0000    0.0000
   3540.00      1502.04      0.00     1.00       0.0000    0.0000
   3560.00      1502.04      0.00     1.00       0.0000    0.0000
   3580.00      1502.04      0.00     1.00       0.0000    0.0000
   3600.00      1502.04      0.00     1.00       0.0000    0.0000
   3620.00      1502.04      0.00     1.00       0.0000    0.0000
   3640.00      1502.04      0.00     1.00       0.0000    0.0000
   3660.00      1502.04      0.00     1.00       0.0000    0.0000
   3680.00      1502.04      0.00     1.00       0.0000    0.0000
   3700.00      1502.04      0.00     1.00       0.0000    0.0000
   3720.00      1502.04      0.00     1.00       0.0000    0.0000
   3740.00      1502.04      0.00     1.00       0.0000    0.0000
   3760.00      1502.04      0.00     1.00       0.0000    0.0000
   3780.00      1502.04      0.00     1.00       0.0000    0.0000
   3800.00      1502.04      0.00     1.00       0.0000    0.0000
   3820.00      1502.04      0.00     1.00       0.0000    0.0000
   3840.00      1502.04      0.00     1.00       0.0000    0.0000
   3860.00      1502.04      0.00     1.00       0.0000    0.0000
   3880.00      1502.04      0.00     1.00       0.0000    0.0000
   3900.00      1502.04      0.00     1.00       0.0000    0.0000
   3920.00      1502.04      0.00     1.00       0.0000    0.0000
   3940.00      1502.04      0.00     1.00       0.0000    0.0000
   3960.00      1502.04      0.00     1.00       0.0000    0.0000
   3980.00      1502.04      0.00     1.00       0.0000    0.0000
   4000.00      1502.04      0.00     1.00       0.0000    0.0000
   4020.00      1502.04      0.00     1.00       0.0000    0.0000
   4040.00      1502.04      0.00     1.00       0.0000    0.0000
   4060.00      1502.04      0.00     1.00       0.0000    0.0000
   4080.00      1502.04      0.00     1.00       0.0000    0.0000
   4100.00      1502.04      0.00     1.00       0.0000    0.0000
   4120.00      1502.04      0.00     1.00       0.0000    0.0000
   4140.00      1502.04      0.00     1.00       0.0000    0.0000
   4160.00      1502.04      0.00     1.00       0.0000    0.0000
   4180.00      1502.04      0.00     1.00       0.0000    0.0000
   4200.00      1502.04      0.00     1.00       0.0000    0.0000
   4220.00      1502.04      0.00     1.00       0.0000    0.0000
   4240.00      1502.04      0.00     1.00       0.0000    0.0000
   4260.00      1502.04      0.00     1.00       0.0000    0.0000
   4280.00      1502.04      0.00     1.00       0.0000    0.0000
   4300.00      1502.04      0.00     1.00       0.0000    0.0000
   4320.00      1502.04      0.00     1.00       0.0000    0.0000
   4340.00      1502.04      0.00     1.00       0.0000    0.0000
   4360.00      1502.04      0.00     1.00       0.0000    0.0000
   4380.00      1502.04      0.00     1.00       0.0000    0.0000
   4400.00      1502.04      0.00     1.00       0.0000    0.0000
   4420.00      1502.04      0.00     1.00       0.0000    0.0000
   4440.00      1502.04      0.00     1.00       0.0000    0.0000
   4460.00      1502.04      0.00     1.00       0.0000    0.0000
   4480.00      1502.04      0.00     1.00       0.0000    0.0000
   4500.00      1502.04      0.00     1.00       0.0000    0.0000
   4520.00      1502.04      0.00     1.00       0.0000    0.0000
   4540.00      1502.04      0.00     1.00       0.0000    0.0000
   4560.00      1502.04      0.00     1.00       0.0000    0.0000
   4580.00      1502.04      0.00     1.00       0.0000    0.0000
   4600.00      1502.04      0.00     1.00       0.0000    0.0000
   4620.00      1502.04      0.00     1.00       0.0000    0.0000
   4640.00      1502.04      0.00     1.00       0.0000    0.0000
   4660.00      1502.04      0.00     1.00       0.0000    0.0000
   4680.00      1502.04      0.00     1.00       0.0000    0.0000
   4700.00      1502.04      0.00     1.00       0.0000    0.0000
   4720.00      1502.04      0.00     1.00       0.0000    0.0000
   4740.00      1502.04      0.00     1.00       0.0000    0.0000
   4760.00      1502.04      0.00     1.00       0.0000    0.0000
   4780.00      1502.04      0.00     1.00       0.0000    0.0000
   4800.00      1502.04      0.00     1.00       0.0000    0.0000
   4820.00      1502.04      0.00     1.00       0.0000    0.0000
   4840.00      1502.04      0.00     1.00       0.0000    0.0000
   4860.00      1502.04      0.00     1.00       0.0000    0.0000
   4880.00      1502.04      0.00     1.00       0.0000    0.0000
   4900.00      1502.04      0.00     1.00       0.0000    0.0000
   4920.00      1502.04      0.00     1.00       0.0000    0.0000
   4940.00      1502.04      0.00     1.00       0.0000    0.0000
   4960.00      1502.04      0.00     1.00       0.0000    0.0000
   4980.00      1502.04      0.00     1.00       0.0000    0.0000
   5000.00      1502.04      0.00     1.00       0.0000    0.0000

                                 ( RMS rough =   0.00     )
     Perfectly RIGID

 cLow =   1500.0    m/s      cHigh =   1800.0    m/s
 RMax =    60.000000000000000      km

 __________________________________________________________________________


 Number of source   depths =            1
 Source depths (m)
   200.000    

 Number of receiver depths =            1
 Receiver depths (m)
   200.000    

 Mesh multiplier   CPU seconds
                --- Number of modes =         1036
        1            0.812    s
                --- Number of modes =         1035
        2            0.656    s
        4            0.516    s

    I    k (1/m)            alpha (1/m)   Phase Speed (m/s) Group Speed (m/s)
    1   1.183821507     -0.1420699973E-05   1502.035089       1502.034890    
   35   1.183467088     -0.1421109748E-05   1502.484910       1501.618357    
   69   1.182517397     -0.1422145598E-05   1503.691571       1500.635821    
  103   1.181106808     -0.1423598264E-05   1505.487421       1499.362970    
  137   1.179340235     -0.1425314691E-05   1507.742540       1497.993282    
  171   1.177300249     -0.1427190338E-05   1510.355106       1496.644788    
  205   1.175051986     -0.1429148035E-05   1513.244914       1495.398612    
  239   1.172723524     -0.1431527027E-05   1516.249487       1493.388656    
  273   1.169903925     -0.1435483857E-05   1519.903818       1488.750053    
  307   1.166632345     -0.1439695406E-05   1524.166075       1484.205600    
  341   1.162938026     -0.1444373859E-05   1529.007912       1479.293225    
  375   1.158827124     -0.1449562808E-05   1534.432018       1473.934811    
  409   1.154299797     -0.1455293381E-05   1540.450277       1468.089196    
  443   1.149353432     -0.1461589451E-05   1547.079769       1461.737043    
  477   1.143983978     -0.1468474461E-05   1554.341212       1454.865262    
  511   1.138186298     -0.1475973782E-05   1562.258696       1447.462087    
  545   1.131954358     -0.1484115240E-05   1570.859663       1439.516156    
  579   1.125281318     -0.1492928769E-05   1580.175031       1431.017484    
  613   1.118159541     -0.1502447908E-05   1590.239475       1421.955043    
  647   1.110580591     -0.1512709718E-05   1601.091768       1412.317518    
  681   1.102535181     -0.1523755597E-05   1612.775241       1402.092515    
  715   1.094013126     -0.1535631500E-05   1625.338307       1391.267011    
  749   1.085003275     -0.1548388853E-05   1638.835093       1379.826680    
  783   1.075493433     -0.1562084899E-05   1653.326173       1367.756416    
  817   1.065470261     -0.1576784034E-05   1668.879468       1355.039328    
  851   1.054919168     -0.1592558417E-05   1685.571271       1341.657265    
  885   1.043824178     -0.1609489288E-05   1703.487502       1327.590399    
  919   1.032167781     -0.1627668384E-05   1722.725196       1312.817019    
  953   1.019930750     -0.1647199647E-05   1743.394287       1297.313292    
  987   1.007091937     -0.1668201222E-05   1765.619777       1281.053081    
 1021  0.9936280316     -0.1690807951E-05   1789.544362       1264.007624    
 _________________________________________________

 KRAKEN- R                                                                       
 End of environmental file
