 _________________________________________________

 KRAKEN- PERT                                                                    
 Frequency =   201.0    Hz
 NMedia    =   1


     C-Linear approximation to SSP
     Attenuation units: dB/wavelength
     THORP attenuation added
     VACUUM


   z (m)     alphaR (m/s)   betaR  rho (g/cm^3)  alphaI     betaI


       ( # mesh points = 20001  RMS rough =   0.00     )
      0.00      1514.55      0.00     1.00       0.0000    0.0000
     20.00      1514.55      0.00     1.00       0.0000    0.0000
     40.00      1514.55      0.00     1.00       0.0000    0.0000
     60.00      1514.55      0.00     1.00       0.0000    0.0000
     80.00      1514.55      0.00     1.00       0.0000    0.0000
    100.00      1514.55      0.00     1.00       0.0000    0.0000
    120.00      1514.55      0.00     1.00       0.0000    0.0000
    140.00      1514.55      0.00     1.00       0.0000    0.0000
    160.00      1514.40      0.00     1.00       0.0000    0.0000
    180.00      1514.11      0.00     1.00       0.0000    0.0000
    200.00      1513.82      0.00     1.00       0.0000    0.0000
    220.00      1513.53      0.00     1.00       0.0000    0.0000
    240.00      1513.24      0.00     1.00       0.0000    0.0000
    260.00      1512.96      0.00     1.00       0.0000    0.0000
    280.00      1512.67      0.00     1.00       0.0000    0.0000
    300.00      1512.39      0.00     1.00       0.0000    0.0000
    320.00      1512.11      0.00     1.00       0.0000    0.0000
    340.00      1511.83      0.00     1.00       0.0000    0.0000
    360.00      1511.55      0.00     1.00       0.0000    0.0000
    380.00      1511.27      0.00     1.00       0.0000    0.0000
    400.00      1511.00      0.00     1.00       0.0000    0.0000
    420.00      1510.73      0.00     1.00       0.0000    0.0000
    440.00      1510.46      0.00     1.00       0.0000    0.0000
    460.00      1510.19      0.00     1.00       0.0000    0.0000
    480.00      1509.93      0.00     1.00       0.0000    0.0000
    500.00      1509.67      0.00     1.00       0.0000    0.0000
    520.00      1509.41      0.00     1.00       0.0000    0.0000
    540.00      1509.15      0.00     1.00       0.0000    0.0000
    560.00      1508.89      0.00     1.00       0.0000    0.0000
    580.00      1508.64      0.00     1.00       0.0000    0.0000
    600.00      1508.39      0.00     1.00       0.0000    0.0000
    620.00      1508.14      0.00     1.00       0.0000    0.0000
    640.00      1507.90      0.00     1.00       0.0000    0.0000
    660.00      1507.66      0.00     1.00       0.0000    0.0000
    680.00      1507.42      0.00     1.00       0.0000    0.0000
    700.00      1507.19      0.00     1.00       0.0000    0.0000
    720.00      1506.96      0.00     1.00       0.0000    0.0000
    740.00      1506.73      0.00     1.00       0.0000    0.0000
    760.00      1506.51      0.00     1.00       0.0000    0.0000
    780.00      1506.28      0.00     1.00       0.0000    0.0000
    800.00      1506.07      0.00     1.00       0.0000    0.0000
    820.00      1505.85      0.00     1.00       0.0000    0.0000
    840.00      1505.65      0.00     1.00       0.0000    0.0000
    860.00      1505.44      0.00     1.00       0.0000    0.0000
    880.00      1505.24      0.00     1.00       0.0000    0.0000
    900.00      1505.04      0.00     1.00       0.0000    0.0000
    920.00      1504.85      0.00     1.00       0.0000    0.0000
    940.00      1504.66      0.00     1.00       0.0000    0.0000
    960.00      1504.48      0.00     1.00       0.0000    0.0000
    980.00      1504.30      0.00     1.00       0.0000    0.0000
   1000.00      1504.13      0.00     1.00       0.0000    0.0000
   1020.00      1503.96      0.00     1.00       0.0000    0.0000
   1040.00      1503.80      0.00     1.00       0.0000    0.0000
   1060.00      1503.65      0.00     1.00       0.0000    0.0000
   1080.00      1503.50      0.00     1.00       0.0000    0.0000
   1100.00      1503.35      0.00     1.00       0.0000    0.0000
   1120.00      1503.21      0.00     1.00       0.0000    0.0000
   1140.00      1503.08      0.00     1.00       0.0000    0.0000
   1160.00      1502.95      0.00     1.00       0.0000    0.0000
   1180.00      1502.84      0.00     1.00       0.0000    0.0000
   1200.00      1502.72      0.00     1.00       0.0000    0.0000
   1220.00      1502.62      0.00     1.00       0.0000    0.0000
   1240.00      1502.52      0.00     1.00       0.0000    0.0000
   1260.00      1502.43      0.00     1.00       0.0000    0.0000
   1280.00      1502.35      0.00     1.00       0.0000    0.0000
   1300.00      1502.27      0.00     1.00       0.0000    0.0000
   1320.00      1502.21      0.00     1.00       0.0000    0.0000
   1340.00      1502.15      0.00     1.00       0.0000    0.0000
   1360.00      1502.10      0.00     1.00       0.0000    0.0000
   1380.00      1502.06      0.00     1.00       0.0000    0.0000
   1400.00      1502.03      0.00     1.00       0.0000    0.0000
   1420.00      1502.01      0.00     1.00       0.0000    0.0000
   1440.00      1502.00      0.00     1.00       0.0000    0.0000
   1460.00      1502.00      0.00     1.00       0.0000    0.0000
   1480.00      1502.01      0.00     1.00       0.0000    0.0000
   1500.00      1502.04      0.00     1.00       0.0000    0.0000
   1520.00      1502.04      0.00     1.00       0.0000    0.0000
   1540.00      1502.04      0.00     1.00       0.0000    0.0000
   1560.00      1502.04      0.00     1.00       0.0000    0.0000
   1580.00      1502.04      0.00     1.00       0.0000    0.0000
   1600.00      1502.04      0.00     1.00       0.0000    0.0000
   1620.00      1502.04      0.00     1.00       0.0000    0.0000
   1640.00      1502.04      0.00     1.00       0.0000    0.0000
   1660.00      1502.04      0.00     1.00       0.0000    0.0000
   1680.00      1502.04      0.00     1.00       0.0000    0.0000
   1700.00      1502.04      0.00     1.00       0.0000    0.0000
   1720.00      1502.04      0.00     1.00       0.0000    0.0000
   1740.00      1502.04      0.00     1.00       0.0000    0.0000
   1760.00      1502.04      0.00     1.00       0.0000    0.0000
   1780.00      1502.04      0.00     1.00       0.0000    0.0000
   1800.00      1502.04      0.00     1.00       0.0000    0.0000
   1820.00      1502.04      0.00     1.00       0.0000    0.0000
   1840.00      1502.04      0.00     1.00       0.0000    0.0000
   1860.00      1502.04      0.00     1.00       0.0000    0.0000
   1880.00      1502.04      0.00     1.00       0.0000    0.0000
   1900.00      1502.04      0.00     1.00       0.0000    0.0000
   1920.00      1502.04      0.00     1.00       0.0000    0.0000
   1940.00      1502.04      0.00     1.00       0.0000    0.0000
   1960.00      1502.04      0.00     1.00       0.0000    0.0000
   1980.00      1502.04      0.00     1.00       0.0000    0.0000
   2000.00      1502.04      0.00     1.00       0.0000    0.0000
   2020.00      1502.04      0.00     1.00       0.0000    0.0000
   2040.00      1502.04      0.00     1.00       0.0000    0.0000
   2060.00      1502.04      0.00     1.00       0.0000    0.0000
   2080.00      1502.04      0.00     1.00       0.0000    0.0000
   2100.00      1502.04      0.00     1.00       0.0000    0.0000
   2120.00      1502.04      0.00     1.00       0.0000    0.0000
   2140.00      1502.04      0.00     1.00       0.0000    0.0000
   2160.00      1502.04      0.00     1.00       0.0000    0.0000
   2180.00      1502.04      0.00     1.00       0.0000    0.0000
   2200.00      1502.04      0.00     1.00       0.0000    0.0000
   2220.00      1502.04      0.00     1.00       0.0000    0.0000
   2240.00      1502.04      0.00     1.00       0.0000    0.0000
   2260.00      1502.04      0.00     1.00       0.0000    0.0000
   2280.00      1502.04      0.00     1.00       0.0000    0.0000
   2300.00      1502.04      0.00     1.00       0.0000    0.0000
   2320.00      1502.04      0.00     1.00       0.0000    0.0000
   2340.00      1502.04      0.00     1.00       0.0000    0.0000
   2360.00      1502.04      0.00     1.00       0.0000    0.0000
   2380.00      1502.04      0.00     1.00       0.0000    0.0000
   2400.00      1502.04      0.00     1.00       0.0000    0.0000
   2420.00      1502.04      0.00     1.00       0.0000    0.0000
   2440.00      1502.04      0.00     1.00       0.0000    0.0000
   2460.00      1502.04      0.00     1.00       0.0000    0.0000
   2480.00      1502.04      0.00     1.00       0.0000    0.0000
   2500.00      1502.04      0.00     1.00       0.0000    0.0000
   2520.00      1502.04      0.00     1.00       0.0000    0.0000
   2540.00      1502.04      0.00     1.00       0.0000    0.0000
   2560.00      1502.04      0.00     1.00       0.0000    0.0000
   2580.00      1502.04      0.00     1.00       0.0000    0.0000
   2600.00      1502.04      0.00     1.00       0.0000    0.0000
   2620.00      1502.04      0.00     1.00       0.0000    0.0000
   2640.00      1502.04      0.00     1.00       0.0000    0.0000
   2660.00      1502.04      0.00     1.00       0.0000    0.0000
   2680.00      1502.04      0.00     1.00       0.0000    0.0000
   2700.00      1502.04      0.00     1.00       0.0000    0.0000
   2720.00      1502.04      0.00     1.00       0.0000    0.0000
   2740.00      1502.04      0.00     1.00       0.0000    0.0000
   2760.00      1502.04      0.00     1.00       0.0000    0.0000
   2780.00      1502.04      0.00     1.00       0.0000    0.0000
   2800.00      1502.04      0.00     1.00       0.0000    0.0000
   2820.00      1502.04      0.00     1.00       0.0000    0.0000
   2840.00      1502.04      0.00     1.00       0.0000    0.0000
   2860.00      1502.04      0.00     1.00       0.0000    0.0000
   2880.00      1502.04      0.00     1.00       0.0000    0.0000
   2900.00      1502.04      0.00     1.00       0.0000    0.0000
   2920.00      1502.04      0.00     1.00       0.0000    0.0000
   2940.00      1502.04      0.00     1.00       0.0000    0.0000
   2960.00      1502.04      0.00     1.00       0.0000    0.0000
   2980.00      1502.04      0.00     1.00       0.0000    0.0000
   3000.00      1502.04      0.00     1.00       0.0000    0.0000
   3020.00      1502.04      0.00     1.00       0.0000    0.0000
   3040.00      1502.04      0.00     1.00       0.0000    0.0000
   3060.00      1502.04      0.00     1.00       0.0000    0.0000
   3080.00      1502.04      0.00     1.00       0.0000    0.0000
   3100.00      1502.04      0.00     1.00       0.0000    0.0000
   3120.00      1502.04      0.00     1.00       0.0000    0.0000
   3140.00      1502.04      0.00     1.00       0.0000    0.0000
   3160.00      1502.04      0.00     1.00       0.0000    0.0000
   3180.00      1502.04      0.00     1.00       0.0000    0.0000
   3200.00      1502.04      0.00     1.00       0.0000    0.0000
   3220.00      1502.04      0.00     1.00       0.0000    0.0000
   3240.00      1502.04      0.00     1.00       0.0000    0.0000
   3260.00      1502.04      0.00     1.00       0.0000    0.0000
   3280.00      1502.04      0.00     1.00       0.0000    0.0000
   3300.00      1502.04      0.00     1.00       0.0000    0.0000
   3320.00      1502.04      0.00     1.00       0.0000    0.0000
   3340.00      1502.04      0.00     1.00       0.0000    0.0000
   3360.00      1502.04      0.00     1.00       0.0000    0.0000
   3380.00      1502.04      0.00     1.00       0.0000    0.0000
   3400.00      1502.04      0.00     1.00       0.0000    0.0000
   3420.00      1502.04      0.00     1.00       0.0000    0.0000
   3440.00      1502.04      0.00     1.00       0.0000    0.0000
   3460.00      1502.04      0.00     1.00       0.0000    0.0000
   3480.00      1502.04      0.00     1.00       0.0000    0.0000
   3500.00      1502.04      0.00     1.00       0.0000    0.0000
   3520.00      1502.04      0.00     1.00       0.0000    0.0000
   3540.00      1502.04      0.00     1.00       0.0000    0.0000
   3560.00      1502.04      0.00     1.00       0.0000    0.0000
   3580.00      1502.04      0.00     1.00       0.0000    0.0000
   3600.00      1502.04      0.00     1.00       0.0000    0.0000
   3620.00      1502.04      0.00     1.00       0.0000    0.0000
   3640.00      1502.04      0.00     1.00       0.0000    0.0000
   3660.00      1502.04      0.00     1.00       0.0000    0.0000
   3680.00      1502.04      0.00     1.00       0.0000    0.0000
   3700.00      1502.04      0.00     1.00       0.0000    0.0000
   3720.00      1502.04      0.00     1.00       0.0000    0.0000
   3740.00      1502.04      0.00     1.00       0.0000    0.0000
   3760.00      1502.04      0.00     1.00       0.0000    0.0000
   3780.00      1502.04      0.00     1.00       0.0000    0.0000
   3800.00      1502.04      0.00     1.00       0.0000    0.0000
   3820.00      1502.04      0.00     1.00       0.0000    0.0000
   3840.00      1502.04      0.00     1.00       0.0000    0.0000
   3860.00      1502.04      0.00     1.00       0.0000    0.0000
   3880.00      1502.04      0.00     1.00       0.0000    0.0000
   3900.00      1502.04      0.00     1.00       0.0000    0.0000
   3920.00      1502.04      0.00     1.00       0.0000    0.0000
   3940.00      1502.04      0.00     1.00       0.0000    0.0000
   3960.00      1502.04      0.00     1.00       0.0000    0.0000
   3980.00      1502.04      0.00     1.00       0.0000    0.0000
   4000.00      1502.04      0.00     1.00       0.0000    0.0000
   4020.00      1502.04      0.00     1.00       0.0000    0.0000
   4040.00      1502.04      0.00     1.00       0.0000    0.0000
   4060.00      1502.04      0.00     1.00       0.0000    0.0000
   4080.00      1502.04      0.00     1.00       0.0000    0.0000
   4100.00      1502.04      0.00     1.00       0.0000    0.0000
   4120.00      1502.04      0.00     1.00       0.0000    0.0000
   4140.00      1502.04      0.00     1.00       0.0000    0.0000
   4160.00      1502.04      0.00     1.00       0.0000    0.0000
   4180.00      1502.04      0.00     1.00       0.0000    0.0000
   4200.00      1502.04      0.00     1.00       0.0000    0.0000
   4220.00      1502.04      0.00     1.00       0.0000    0.0000
   4240.00      1502.04      0.00     1.00       0.0000    0.0000
   4260.00      1502.04      0.00     1.00       0.0000    0.0000
   4280.00      1502.04      0.00     1.00       0.0000    0.0000
   4300.00      1502.04      0.00     1.00       0.0000    0.0000
   4320.00      1502.04      0.00     1.00       0.0000    0.0000
   4340.00      1502.04      0.00     1.00       0.0000    0.0000
   4360.00      1502.04      0.00     1.00       0.0000    0.0000
   4380.00      1502.04      0.00     1.00       0.0000    0.0000
   4400.00      1502.04      0.00     1.00       0.0000    0.0000
   4420.00      1502.04      0.00     1.00       0.0000    0.0000
   4440.00      1502.04      0.00     1.00       0.0000    0.0000
   4460.00      1502.04      0.00     1.00       0.0000    0.0000
   4480.00      1502.04      0.00     1.00       0.0000    0.0000
   4500.00      1502.04      0.00     1.00       0.0000    0.0000
   4520.00      1502.04      0.00     1.00       0.0000    0.0000
   4540.00      1502.04      0.00     1.00       0.0000    0.0000
   4560.00      1502.04      0.00     1.00       0.0000    0.0000
   4580.00      1502.04      0.00     1.00       0.0000    0.0000
   4600.00      1502.04      0.00     1.00       0.0000    0.0000
   4620.00      1502.04      0.00     1.00       0.0000    0.0000
   4640.00      1502.04      0.00     1.00       0.0000    0.0000
   4660.00      1502.04      0.00     1.00       0.0000    0.0000
   4680.00      1502.04      0.00     1.00       0.0000    0.0000
   4700.00      1502.04      0.00     1.00       0.0000    0.0000
   4720.00      1502.04      0.00     1.00       0.0000    0.0000
   4740.00      1502.04      0.00     1.00       0.0000    0.0000
   4760.00      1502.04      0.00     1.00       0.0000    0.0000
   4780.00      1502.04      0.00     1.00       0.0000    0.0000
   4800.00      1502.04      0.00     1.00       0.0000    0.0000
   4820.00      1502.04      0.00     1.00       0.0000    0.0000
   4840.00      1502.04      0.00     1.00       0.0000    0.0000
   4860.00      1502.04      0.00     1.00       0.0000    0.0000
   4880.00      1502.04      0.00     1.00       0.0000    0.0000
   4900.00      1502.04      0.00     1.00       0.0000    0.0000
   4920.00      1502.04      0.00     1.00       0.0000    0.0000
   4940.00      1502.04      0.00     1.00       0.0000    0.0000
   4960.00      1502.04      0.00     1.00       0.0000    0.0000
   4980.00      1502.04      0.00     1.00       0.0000    0.0000
   5000.00      1502.04      0.00     1.00       0.0000    0.0000

                                 ( RMS rough =   0.00     )
     Perfectly RIGID

 cLow =   1500.0    m/s      cHigh =   1800.0    m/s
 RMax =    60.000000000000000      km

 __________________________________________________________________________


 Number of source   depths =            1
 Source depths (m)
   200.000    

 Number of receiver depths =            1
 Receiver depths (m)
   200.000    

 Mesh multiplier   CPU seconds
                --- Number of modes =          735
        1            0.578    s
                --- Number of modes =          735
        2            0.484    s
        4            0.359    s

    I    k (1/m)            alpha (1/m)   Phase Speed (m/s) Group Speed (m/s)
    1  0.8408060354     -0.9230170677E-06   1502.035182       1502.034810    
   25  0.8405558773     -0.9232811051E-06   1502.482204       1501.622599    
   49  0.8398877700     -0.9239483664E-06   1503.677386       1500.647179    
   73  0.8388955314     -0.9248838606E-06   1505.455923       1499.383920    
   97  0.8376525903     -0.9259900057E-06   1507.689777       1498.022149    
  121  0.8362167440     -0.9271985527E-06   1510.278592       1496.682431    
  145  0.8346336635     -0.9284617832E-06   1513.143193       1495.439131    
  169  0.8329910092     -0.9299396268E-06   1516.127104       1493.625646    
  193  0.8310145021     -0.9325095466E-06   1519.733102       1488.940503    
  217  0.8287192287     -0.9352170235E-06   1523.942251       1484.433644    
  241  0.8261269445     -0.9382198370E-06   1528.724193       1479.576605    
  265  0.8232423205     -0.9415511242E-06   1534.080811       1474.274897    
  289  0.8200655887     -0.9452282151E-06   1540.023462       1468.495561    
  313  0.8165950604     -0.9492673199E-06   1546.568560       1462.215980    
  337  0.8128279753     -0.9536832175E-06   1553.736196       1455.423381    
  361  0.8087607823     -0.9584919939E-06   1561.549811       1448.106043    
  385  0.8043893167     -0.9637110037E-06   1570.036076       1440.253447    
  409  0.7997088635     -0.9693595797E-06   1579.225021       1431.854434    
  433  0.7947141624     -0.9754587033E-06   1589.150296       1422.898650    
  457  0.7893993795     -0.9820318424E-06   1599.849556       1413.374674    
  481  0.7837580994     -0.9891050908E-06   1611.364843       1403.270291    
  505  0.7777833070     -0.9967073570E-06   1623.743060       1392.572734    
  529  0.7714673136     -0.1004870995E-05   1637.036624       1381.267895    
  553  0.7648016946     -0.1013632025E-05   1651.304195       1369.340835    
  577  0.7577772666     -0.1023030902E-05   1666.611420       1356.774896    
  601  0.7503839916     -0.1033112919E-05   1683.031969       1343.552157    
  625  0.7426108706     -0.1043928975E-05   1700.648747       1329.653187    
  649  0.7344458593     -0.1055536514E-05   1719.555268       1315.056617    
  673  0.7258757544     -0.1068000526E-05   1739.857323       1299.739032    
  697  0.7168860381     -0.1081394777E-05   1761.675050       1283.674778    
  721  0.7074607232     -0.1095803359E-05   1785.145387       1266.835595    
 _________________________________________________

 KRAKEN- R                                                                       
 End of environmental file
