 _________________________________________________

 KRAKEN- PERT                                                                    
 Frequency =   338.0    Hz
 NMedia    =   1


     C-Linear approximation to SSP
     Attenuation units: dB/wavelength
     THORP attenuation added
     VACUUM


   z (m)     alphaR (m/s)   betaR  rho (g/cm^3)  alphaI     betaI


       ( # mesh points = 20001  RMS rough =   0.00     )
      0.00      1514.55      0.00     1.00       0.0000    0.0000
     20.00      1514.55      0.00     1.00       0.0000    0.0000
     40.00      1514.55      0.00     1.00       0.0000    0.0000
     60.00      1514.55      0.00     1.00       0.0000    0.0000
     80.00      1514.55      0.00     1.00       0.0000    0.0000
    100.00      1514.55      0.00     1.00       0.0000    0.0000
    120.00      1514.55      0.00     1.00       0.0000    0.0000
    140.00      1514.55      0.00     1.00       0.0000    0.0000
    160.00      1514.40      0.00     1.00       0.0000    0.0000
    180.00      1514.11      0.00     1.00       0.0000    0.0000
    200.00      1513.82      0.00     1.00       0.0000    0.0000
    220.00      1513.53      0.00     1.00       0.0000    0.0000
    240.00      1513.24      0.00     1.00       0.0000    0.0000
    260.00      1512.96      0.00     1.00       0.0000    0.0000
    280.00      1512.67      0.00     1.00       0.0000    0.0000
    300.00      1512.39      0.00     1.00       0.0000    0.0000
    320.00      1512.11      0.00     1.00       0.0000    0.0000
    340.00      1511.83      0.00     1.00       0.0000    0.0000
    360.00      1511.55      0.00     1.00       0.0000    0.0000
    380.00      1511.27      0.00     1.00       0.0000    0.0000
    400.00      1511.00      0.00     1.00       0.0000    0.0000
    420.00      1510.73      0.00     1.00       0.0000    0.0000
    440.00      1510.46      0.00     1.00       0.0000    0.0000
    460.00      1510.19      0.00     1.00       0.0000    0.0000
    480.00      1509.93      0.00     1.00       0.0000    0.0000
    500.00      1509.67      0.00     1.00       0.0000    0.0000
    520.00      1509.41      0.00     1.00       0.0000    0.0000
    540.00      1509.15      0.00     1.00       0.0000    0.0000
    560.00      1508.89      0.00     1.00       0.0000    0.0000
    580.00      1508.64      0.00     1.00       0.0000    0.0000
    600.00      1508.39      0.00     1.00       0.0000    0.0000
    620.00      1508.14      0.00     1.00       0.0000    0.0000
    640.00      1507.90      0.00     1.00       0.0000    0.0000
    660.00      1507.66      0.00     1.00       0.0000    0.0000
    680.00      1507.42      0.00     1.00       0.0000    0.0000
    700.00      1507.19      0.00     1.00       0.0000    0.0000
    720.00      1506.96      0.00     1.00       0.0000    0.0000
    740.00      1506.73      0.00     1.00       0.0000    0.0000
    760.00      1506.51      0.00     1.00       0.0000    0.0000
    780.00      1506.28      0.00     1.00       0.0000    0.0000
    800.00      1506.07      0.00     1.00       0.0000    0.0000
    820.00      1505.85      0.00     1.00       0.0000    0.0000
    840.00      1505.65      0.00     1.00       0.0000    0.0000
    860.00      1505.44      0.00     1.00       0.0000    0.0000
    880.00      1505.24      0.00     1.00       0.0000    0.0000
    900.00      1505.04      0.00     1.00       0.0000    0.0000
    920.00      1504.85      0.00     1.00       0.0000    0.0000
    940.00      1504.66      0.00     1.00       0.0000    0.0000
    960.00      1504.48      0.00     1.00       0.0000    0.0000
    980.00      1504.30      0.00     1.00       0.0000    0.0000
   1000.00      1504.13      0.00     1.00       0.0000    0.0000
   1020.00      1503.96      0.00     1.00       0.0000    0.0000
   1040.00      1503.80      0.00     1.00       0.0000    0.0000
   1060.00      1503.65      0.00     1.00       0.0000    0.0000
   1080.00      1503.50      0.00     1.00       0.0000    0.0000
   1100.00      1503.35      0.00     1.00       0.0000    0.0000
   1120.00      1503.21      0.00     1.00       0.0000    0.0000
   1140.00      1503.08      0.00     1.00       0.0000    0.0000
   1160.00      1502.95      0.00     1.00       0.0000    0.0000
   1180.00      1502.84      0.00     1.00       0.0000    0.0000
   1200.00      1502.72      0.00     1.00       0.0000    0.0000
   1220.00      1502.62      0.00     1.00       0.0000    0.0000
   1240.00      1502.52      0.00     1.00       0.0000    0.0000
   1260.00      1502.43      0.00     1.00       0.0000    0.0000
   1280.00      1502.35      0.00     1.00       0.0000    0.0000
   1300.00      1502.27      0.00     1.00       0.0000    0.0000
   1320.00      1502.21      0.00     1.00       0.0000    0.0000
   1340.00      1502.15      0.00     1.00       0.0000    0.0000
   1360.00      1502.10      0.00     1.00       0.0000    0.0000
   1380.00      1502.06      0.00     1.00       0.0000    0.0000
   1400.00      1502.03      0.00     1.00       0.0000    0.0000
   1420.00      1502.01      0.00     1.00       0.0000    0.0000
   1440.00      1502.00      0.00     1.00       0.0000    0.0000
   1460.00      1502.00      0.00     1.00       0.0000    0.0000
   1480.00      1502.01      0.00     1.00       0.0000    0.0000
   1500.00      1502.04      0.00     1.00       0.0000    0.0000
   1520.00      1502.04      0.00     1.00       0.0000    0.0000
   1540.00      1502.04      0.00     1.00       0.0000    0.0000
   1560.00      1502.04      0.00     1.00       0.0000    0.0000
   1580.00      1502.04      0.00     1.00       0.0000    0.0000
   1600.00      1502.04      0.00     1.00       0.0000    0.0000
   1620.00      1502.04      0.00     1.00       0.0000    0.0000
   1640.00      1502.04      0.00     1.00       0.0000    0.0000
   1660.00      1502.04      0.00     1.00       0.0000    0.0000
   1680.00      1502.04      0.00     1.00       0.0000    0.0000
   1700.00      1502.04      0.00     1.00       0.0000    0.0000
   1720.00      1502.04      0.00     1.00       0.0000    0.0000
   1740.00      1502.04      0.00     1.00       0.0000    0.0000
   1760.00      1502.04      0.00     1.00       0.0000    0.0000
   1780.00      1502.04      0.00     1.00       0.0000    0.0000
   1800.00      1502.04      0.00     1.00       0.0000    0.0000
   1820.00      1502.04      0.00     1.00       0.0000    0.0000
   1840.00      1502.04      0.00     1.00       0.0000    0.0000
   1860.00      1502.04      0.00     1.00       0.0000    0.0000
   1880.00      1502.04      0.00     1.00       0.0000    0.0000
   1900.00      1502.04      0.00     1.00       0.0000    0.0000
   1920.00      1502.04      0.00     1.00       0.0000    0.0000
   1940.00      1502.04      0.00     1.00       0.0000    0.0000
   1960.00      1502.04      0.00     1.00       0.0000    0.0000
   1980.00      1502.04      0.00     1.00       0.0000    0.0000
   2000.00      1502.04      0.00     1.00       0.0000    0.0000
   2020.00      1502.04      0.00     1.00       0.0000    0.0000
   2040.00      1502.04      0.00     1.00       0.0000    0.0000
   2060.00      1502.04      0.00     1.00       0.0000    0.0000
   2080.00      1502.04      0.00     1.00       0.0000    0.0000
   2100.00      1502.04      0.00     1.00       0.0000    0.0000
   2120.00      1502.04      0.00     1.00       0.0000    0.0000
   2140.00      1502.04      0.00     1.00       0.0000    0.0000
   2160.00      1502.04      0.00     1.00       0.0000    0.0000
   2180.00      1502.04      0.00     1.00       0.0000    0.0000
   2200.00      1502.04      0.00     1.00       0.0000    0.0000
   2220.00      1502.04      0.00     1.00       0.0000    0.0000
   2240.00      1502.04      0.00     1.00       0.0000    0.0000
   2260.00      1502.04      0.00     1.00       0.0000    0.0000
   2280.00      1502.04      0.00     1.00       0.0000    0.0000
   2300.00      1502.04      0.00     1.00       0.0000    0.0000
   2320.00      1502.04      0.00     1.00       0.0000    0.0000
   2340.00      1502.04      0.00     1.00       0.0000    0.0000
   2360.00      1502.04      0.00     1.00       0.0000    0.0000
   2380.00      1502.04      0.00     1.00       0.0000    0.0000
   2400.00      1502.04      0.00     1.00       0.0000    0.0000
   2420.00      1502.04      0.00     1.00       0.0000    0.0000
   2440.00      1502.04      0.00     1.00       0.0000    0.0000
   2460.00      1502.04      0.00     1.00       0.0000    0.0000
   2480.00      1502.04      0.00     1.00       0.0000    0.0000
   2500.00      1502.04      0.00     1.00       0.0000    0.0000
   2520.00      1502.04      0.00     1.00       0.0000    0.0000
   2540.00      1502.04      0.00     1.00       0.0000    0.0000
   2560.00      1502.04      0.00     1.00       0.0000    0.0000
   2580.00      1502.04      0.00     1.00       0.0000    0.0000
   2600.00      1502.04      0.00     1.00       0.0000    0.0000
   2620.00      1502.04      0.00     1.00       0.0000    0.0000
   2640.00      1502.04      0.00     1.00       0.0000    0.0000
   2660.00      1502.04      0.00     1.00       0.0000    0.0000
   2680.00      1502.04      0.00     1.00       0.0000    0.0000
   2700.00      1502.04      0.00     1.00       0.0000    0.0000
   2720.00      1502.04      0.00     1.00       0.0000    0.0000
   2740.00      1502.04      0.00     1.00       0.0000    0.0000
   2760.00      1502.04      0.00     1.00       0.0000    0.0000
   2780.00      1502.04      0.00     1.00       0.0000    0.0000
   2800.00      1502.04      0.00     1.00       0.0000    0.0000
   2820.00      1502.04      0.00     1.00       0.0000    0.0000
   2840.00      1502.04      0.00     1.00       0.0000    0.0000
   2860.00      1502.04      0.00     1.00       0.0000    0.0000
   2880.00      1502.04      0.00     1.00       0.0000    0.0000
   2900.00      1502.04      0.00     1.00       0.0000    0.0000
   2920.00      1502.04      0.00     1.00       0.0000    0.0000
   2940.00      1502.04      0.00     1.00       0.0000    0.0000
   2960.00      1502.04      0.00     1.00       0.0000    0.0000
   2980.00      1502.04      0.00     1.00       0.0000    0.0000
   3000.00      1502.04      0.00     1.00       0.0000    0.0000
   3020.00      1502.04      0.00     1.00       0.0000    0.0000
   3040.00      1502.04      0.00     1.00       0.0000    0.0000
   3060.00      1502.04      0.00     1.00       0.0000    0.0000
   3080.00      1502.04      0.00     1.00       0.0000    0.0000
   3100.00      1502.04      0.00     1.00       0.0000    0.0000
   3120.00      1502.04      0.00     1.00       0.0000    0.0000
   3140.00      1502.04      0.00     1.00       0.0000    0.0000
   3160.00      1502.04      0.00     1.00       0.0000    0.0000
   3180.00      1502.04      0.00     1.00       0.0000    0.0000
   3200.00      1502.04      0.00     1.00       0.0000    0.0000
   3220.00      1502.04      0.00     1.00       0.0000    0.0000
   3240.00      1502.04      0.00     1.00       0.0000    0.0000
   3260.00      1502.04      0.00     1.00       0.0000    0.0000
   3280.00      1502.04      0.00     1.00       0.0000    0.0000
   3300.00      1502.04      0.00     1.00       0.0000    0.0000
   3320.00      1502.04      0.00     1.00       0.0000    0.0000
   3340.00      1502.04      0.00     1.00       0.0000    0.0000
   3360.00      1502.04      0.00     1.00       0.0000    0.0000
   3380.00      1502.04      0.00     1.00       0.0000    0.0000
   3400.00      1502.04      0.00     1.00       0.0000    0.0000
   3420.00      1502.04      0.00     1.00       0.0000    0.0000
   3440.00      1502.04      0.00     1.00       0.0000    0.0000
   3460.00      1502.04      0.00     1.00       0.0000    0.0000
   3480.00      1502.04      0.00     1.00       0.0000    0.0000
   3500.00      1502.04      0.00     1.00       0.0000    0.0000
   3520.00      1502.04      0.00     1.00       0.0000    0.0000
   3540.00      1502.04      0.00     1.00       0.0000    0.0000
   3560.00      1502.04      0.00     1.00       0.0000    0.0000
   3580.00      1502.04      0.00     1.00       0.0000    0.0000
   3600.00      1502.04      0.00     1.00       0.0000    0.0000
   3620.00      1502.04      0.00     1.00       0.0000    0.0000
   3640.00      1502.04      0.00     1.00       0.0000    0.0000
   3660.00      1502.04      0.00     1.00       0.0000    0.0000
   3680.00      1502.04      0.00     1.00       0.0000    0.0000
   3700.00      1502.04      0.00     1.00       0.0000    0.0000
   3720.00      1502.04      0.00     1.00       0.0000    0.0000
   3740.00      1502.04      0.00     1.00       0.0000    0.0000
   3760.00      1502.04      0.00     1.00       0.0000    0.0000
   3780.00      1502.04      0.00     1.00       0.0000    0.0000
   3800.00      1502.04      0.00     1.00       0.0000    0.0000
   3820.00      1502.04      0.00     1.00       0.0000    0.0000
   3840.00      1502.04      0.00     1.00       0.0000    0.0000
   3860.00      1502.04      0.00     1.00       0.0000    0.0000
   3880.00      1502.04      0.00     1.00       0.0000    0.0000
   3900.00      1502.04      0.00     1.00       0.0000    0.0000
   3920.00      1502.04      0.00     1.00       0.0000    0.0000
   3940.00      1502.04      0.00     1.00       0.0000    0.0000
   3960.00      1502.04      0.00     1.00       0.0000    0.0000
   3980.00      1502.04      0.00     1.00       0.0000    0.0000
   4000.00      1502.04      0.00     1.00       0.0000    0.0000
   4020.00      1502.04      0.00     1.00       0.0000    0.0000
   4040.00      1502.04      0.00     1.00       0.0000    0.0000
   4060.00      1502.04      0.00     1.00       0.0000    0.0000
   4080.00      1502.04      0.00     1.00       0.0000    0.0000
   4100.00      1502.04      0.00     1.00       0.0000    0.0000
   4120.00      1502.04      0.00     1.00       0.0000    0.0000
   4140.00      1502.04      0.00     1.00       0.0000    0.0000
   4160.00      1502.04      0.00     1.00       0.0000    0.0000
   4180.00      1502.04      0.00     1.00       0.0000    0.0000
   4200.00      1502.04      0.00     1.00       0.0000    0.0000
   4220.00      1502.04      0.00     1.00       0.0000    0.0000
   4240.00      1502.04      0.00     1.00       0.0000    0.0000
   4260.00      1502.04      0.00     1.00       0.0000    0.0000
   4280.00      1502.04      0.00     1.00       0.0000    0.0000
   4300.00      1502.04      0.00     1.00       0.0000    0.0000
   4320.00      1502.04      0.00     1.00       0.0000    0.0000
   4340.00      1502.04      0.00     1.00       0.0000    0.0000
   4360.00      1502.04      0.00     1.00       0.0000    0.0000
   4380.00      1502.04      0.00     1.00       0.0000    0.0000
   4400.00      1502.04      0.00     1.00       0.0000    0.0000
   4420.00      1502.04      0.00     1.00       0.0000    0.0000
   4440.00      1502.04      0.00     1.00       0.0000    0.0000
   4460.00      1502.04      0.00     1.00       0.0000    0.0000
   4480.00      1502.04      0.00     1.00       0.0000    0.0000
   4500.00      1502.04      0.00     1.00       0.0000    0.0000
   4520.00      1502.04      0.00     1.00       0.0000    0.0000
   4540.00      1502.04      0.00     1.00       0.0000    0.0000
   4560.00      1502.04      0.00     1.00       0.0000    0.0000
   4580.00      1502.04      0.00     1.00       0.0000    0.0000
   4600.00      1502.04      0.00     1.00       0.0000    0.0000
   4620.00      1502.04      0.00     1.00       0.0000    0.0000
   4640.00      1502.04      0.00     1.00       0.0000    0.0000
   4660.00      1502.04      0.00     1.00       0.0000    0.0000
   4680.00      1502.04      0.00     1.00       0.0000    0.0000
   4700.00      1502.04      0.00     1.00       0.0000    0.0000
   4720.00      1502.04      0.00     1.00       0.0000    0.0000
   4740.00      1502.04      0.00     1.00       0.0000    0.0000
   4760.00      1502.04      0.00     1.00       0.0000    0.0000
   4780.00      1502.04      0.00     1.00       0.0000    0.0000
   4800.00      1502.04      0.00     1.00       0.0000    0.0000
   4820.00      1502.04      0.00     1.00       0.0000    0.0000
   4840.00      1502.04      0.00     1.00       0.0000    0.0000
   4860.00      1502.04      0.00     1.00       0.0000    0.0000
   4880.00      1502.04      0.00     1.00       0.0000    0.0000
   4900.00      1502.04      0.00     1.00       0.0000    0.0000
   4920.00      1502.04      0.00     1.00       0.0000    0.0000
   4940.00      1502.04      0.00     1.00       0.0000    0.0000
   4960.00      1502.04      0.00     1.00       0.0000    0.0000
   4980.00      1502.04      0.00     1.00       0.0000    0.0000
   5000.00      1502.04      0.00     1.00       0.0000    0.0000

                                 ( RMS rough =   0.00     )
     Perfectly RIGID

 cLow =   1500.0    m/s      cHigh =   1800.0    m/s
 RMax =    60.000000000000000      km

 __________________________________________________________________________


 Number of source   depths =            1
 Source depths (m)
   200.000    

 Number of receiver depths =            1
 Receiver depths (m)
   200.000    

 Mesh multiplier   CPU seconds
                --- Number of modes =         1238
        1            0.953    s
                --- Number of modes =         1236
        2            0.797    s
        4            0.609    s

    I    k (1/m)            alpha (1/m)   Phase Speed (m/s) Group Speed (m/s)
    1   1.413892854     -0.1823489497E-05   1502.035057       1502.034897    
   42   1.413462647     -0.1824022974E-05   1502.492222       1501.613313    
   83   1.412309239     -0.1825374998E-05   1503.719281       1500.614158    
  124   1.410597154     -0.1827266398E-05   1505.544392       1499.326384    
  165   1.408454748     -0.1829500294E-05   1507.834481       1497.941027    
  206   1.405982763     -0.1831936143E-05   1510.485540       1496.584321    
  247   1.403260440     -0.1834476083E-05   1513.415880       1495.333916    
  288   1.400437114     -0.1837743188E-05   1516.466975       1493.023712    
  329   1.396995731     -0.1842853383E-05   1520.202666       1488.416264    
  370   1.393009375     -0.1848355926E-05   1524.553008       1483.804584    
  411   1.388509416     -0.1854473054E-05   1529.493865       1478.812520    
  452   1.383502507     -0.1861266516E-05   1535.029119       1473.354476    
  493   1.377988333     -0.1868771456E-05   1541.171708       1467.398598    
  534   1.371963511     -0.1877018628E-05   1547.939590       1460.926839    
  575   1.365422843     -0.1886041420E-05   1555.354552       1453.922725    
  616   1.358359873     -0.1895872252E-05   1563.441821       1446.376620    
  657   1.350767062     -0.1906548574E-05   1572.230101       1438.276618    
  698   1.342635839     -0.1918110648E-05   1581.751784       1429.612362    
  739   1.333956678     -0.1930603590E-05   1592.043181       1420.372411    
  780   1.324719020     -0.1944077122E-05   1603.144971       1410.545329    
  821   1.314911275     -0.1958586930E-05   1615.102611       1400.118410    
  862   1.304520700     -0.1974195146E-05   1627.966987       1389.077992    
  903   1.293533342     -0.1990970936E-05   1641.795047       1377.409650    
  944   1.281933938     -0.2008991946E-05   1656.650604       1365.097422    
  985   1.269705767     -0.2028345243E-05   1672.605330       1352.124021    
 1026   1.256830531     -0.2049128661E-05   1689.739850       1338.470690    
 1067   1.243288163     -0.2071452718E-05   1708.145140       1324.116707    
 1108   1.229056638     -0.2095442263E-05   1727.924140       1309.039600    
 1149   1.214111752     -0.2121239078E-05   1749.193705       1293.214621    
 1190   1.198426839     -0.2149004722E-05   1772.087009       1276.614542    
 1231   1.181972457     -0.2178924043E-05   1796.756449       1259.209360    
 _________________________________________________

 KRAKEN- R                                                                       
 End of environmental file
