 _________________________________________________

 KRAKEN- YANG2014_NJ_SUMMER                                                      
 Frequency =   350.0    Hz
 NMedia    =   1


     C-Linear approximation to SSP
     Attenuation units: dB/wavelength
     VACUUM


   z (m)     alphaR (m/s)   betaR  rho (g/cm^3)  alphaI     betaI


       ( # mesh points =  2001  RMS rough =   0.00     )
      0.00      1533.00      0.00     1.00       0.0000    0.0000
      5.00      1533.00      0.00     1.00       0.0000    0.0000
     10.00      1533.00      0.00     1.00       0.0000    0.0000
     15.00      1523.83      0.00     1.00       0.0000    0.0000
     20.00      1514.67      0.00     1.00       0.0000    0.0000
     25.00      1505.50      0.00     1.00       0.0000    0.0000
     30.00      1496.33      0.00     1.00       0.0000    0.0000
     35.00      1487.17      0.00     1.00       0.0000    0.0000
     40.00      1478.00      0.00     1.00       0.0000    0.0000
     44.00      1478.00      0.00     1.00       0.0000    0.0000
     48.00      1478.00      0.00     1.00       0.0000    0.0000
     52.00      1478.00      0.00     1.00       0.0000    0.0000
     56.00      1478.00      0.00     1.00       0.0000    0.0000
     60.00      1478.00      0.00     1.00       0.0000    0.0000
     64.00      1478.00      0.00     1.00       0.0000    0.0000
     68.00      1478.00      0.00     1.00       0.0000    0.0000
     72.00      1478.00      0.00     1.00       0.0000    0.0000
     76.00      1478.00      0.00     1.00       0.0000    0.0000
     80.00      1478.00      0.00     1.00       0.0000    0.0000
     84.00      1478.00      0.00     1.00       0.0000    0.0000
     88.00      1478.00      0.00     1.00       0.0000    0.0000

                                 ( RMS rough =   0.00     )
     ACOUSTO-ELASTIC half-space
      0.00      1650.00      0.00     1.76       0.8000    0.0000

 cLow =   1400.0    m/s      cHigh =   1800.0    m/s
 RMax =    60.000000000000000      km

 __________________________________________________________________________


 Number of source   depths =            1
 Source depths (m)
   4.00000    

 Number of receiver depths =           89
 Receiver depths (m)
   0.00000       1.00000       2.00000       3.00000       4.00000    
   5.00000       6.00000       7.00000       8.00000       9.00000    
   10.0000       11.0000       12.0000       13.0000       14.0000    
   15.0000       16.0000       17.0000       18.0000       19.0000    
   20.0000    
  ...    88.0000000    

 Mesh multiplier   CPU seconds
                --- Number of modes =           23
        1            0.156E-01s
                --- Number of modes =           23
        2             0.00    s

    I    k (1/m)            alpha (1/m)   Phase Speed (m/s) Group Speed (m/s)
    1   1.486930196     -0.5130318697E-05   1478.963077       1477.645171    
    2   1.484048728     -0.1957157721E-04   1481.834671       1476.575438    
    3   1.479351231     -0.4049028366E-04   1486.540053       1474.851040    
    4   1.473087602     -0.6277585726E-04   1492.860883       1472.868938    
    5   1.465836742     -0.7843388208E-04   1500.245419       1471.751617    
    6   1.458384698     -0.8693437976E-04   1507.911362       1471.719814    
    7   1.450674892     -0.9895705823E-04   1515.925360       1471.010848    
    8   1.442839299     -0.1020018355E-03   1524.157859       1472.220538    
    9   1.435157954     -0.1077942120E-03   1532.315556       1473.039044    
   10   1.427585126     -0.1104892271E-03   1540.443941       1472.646534    
   11   1.419586974     -0.1312469962E-03   1549.123018       1463.795577    
   12   1.410490985     -0.1581949253E-03   1559.113019       1452.268967    
   13   1.400068184     -0.1908073491E-03   1570.719829       1440.967143    
   14   1.388579083     -0.2271363981E-03   1583.715961       1430.303394    
   15   1.375969668     -0.2756226392E-03   1598.229167       1419.615279    
   16   1.362395052     -0.3453093009E-03   1614.153585       1408.956159    
   17   1.347735799     -0.4680485978E-03   1631.710651       1397.566466    
   18   1.332036724     -0.7099866705E-03   1650.941613       1378.412320    
   19   1.315035323     -0.1093880045E-02   1672.285769       1348.687975    
   20   1.296725671     -0.1484113702E-02   1695.898298       1323.328862    
   21   1.277047892     -0.1856427185E-02   1722.030060       1300.370669    
   22   1.256029039     -0.2201868934E-02   1750.847145       1277.618223    
   23   1.233579744     -0.2548529603E-02   1782.709929       1253.926195    
 _________________________________________________

 KRAKEN- R                                                                       
 End of environmental file
