 _________________________________________________

 KRAKEN- E2_ESTD                                                                 
 Frequency =   155.0    Hz
 NMedia    =   1


     C-Linear approximation to SSP
     Attenuation units: dB/wavelength
     THORP attenuation added
     VACUUM


   z (m)     alphaR (m/s)   betaR  rho (g/cm^3)  alphaI     betaI


       ( # mesh points = 20001  RMS rough =   0.00     )
      0.00      1513.55      0.00     1.00       0.0000    0.0000
     20.00      1513.26      0.00     1.00       0.0000    0.0000
     40.00      1512.97      0.00     1.00       0.0000    0.0000
     60.00      1512.68      0.00     1.00       0.0000    0.0000
     80.00      1512.39      0.00     1.00       0.0000    0.0000
    100.00      1512.10      0.00     1.00       0.0000    0.0000
    120.00      1511.81      0.00     1.00       0.0000    0.0000
    140.00      1511.53      0.00     1.00       0.0000    0.0000
    160.00      1511.25      0.00     1.00       0.0000    0.0000
    180.00      1510.97      0.00     1.00       0.0000    0.0000
    200.00      1510.69      0.00     1.00       0.0000    0.0000
    220.00      1510.41      0.00     1.00       0.0000    0.0000
    240.00      1510.14      0.00     1.00       0.0000    0.0000
    260.00      1509.87      0.00     1.00       0.0000    0.0000
    280.00      1509.59      0.00     1.00       0.0000    0.0000
    300.00      1509.33      0.00     1.00       0.0000    0.0000
    320.00      1509.06      0.00     1.00       0.0000    0.0000
    340.00      1508.80      0.00     1.00       0.0000    0.0000
    360.00      1508.54      0.00     1.00       0.0000    0.0000
    380.00      1508.28      0.00     1.00       0.0000    0.0000
    400.00      1508.02      0.00     1.00       0.0000    0.0000
    420.00      1507.77      0.00     1.00       0.0000    0.0000
    440.00      1507.52      0.00     1.00       0.0000    0.0000
    460.00      1507.27      0.00     1.00       0.0000    0.0000
    480.00      1507.02      0.00     1.00       0.0000    0.0000
    500.00      1506.78      0.00     1.00       0.0000    0.0000
    520.00      1506.54      0.00     1.00       0.0000    0.0000
    540.00      1506.30      0.00     1.00       0.0000    0.0000
    560.00      1506.07      0.00     1.00       0.0000    0.0000
    580.00      1505.84      0.00     1.00       0.0000    0.0000
    600.00      1505.62      0.00     1.00       0.0000    0.0000
    620.00      1505.39      0.00     1.00       0.0000    0.0000
    640.00      1505.17      0.00     1.00       0.0000    0.0000
    660.00      1504.96      0.00     1.00       0.0000    0.0000
    680.00      1504.75      0.00     1.00       0.0000    0.0000
    700.00      1504.54      0.00     1.00       0.0000    0.0000
    720.00      1504.34      0.00     1.00       0.0000    0.0000
    740.00      1504.14      0.00     1.00       0.0000    0.0000
    760.00      1503.95      0.00     1.00       0.0000    0.0000
    780.00      1503.76      0.00     1.00       0.0000    0.0000
    800.00      1503.57      0.00     1.00       0.0000    0.0000
    820.00      1503.39      0.00     1.00       0.0000    0.0000
    840.00      1503.22      0.00     1.00       0.0000    0.0000
    860.00      1503.05      0.00     1.00       0.0000    0.0000
    880.00      1502.88      0.00     1.00       0.0000    0.0000
    900.00      1502.72      0.00     1.00       0.0000    0.0000
    920.00      1502.57      0.00     1.00       0.0000    0.0000
    940.00      1502.42      0.00     1.00       0.0000    0.0000
    960.00      1502.28      0.00     1.00       0.0000    0.0000
    980.00      1502.14      0.00     1.00       0.0000    0.0000
   1000.00      1502.02      0.00     1.00       0.0000    0.0000
   1020.00      1501.89      0.00     1.00       0.0000    0.0000
   1040.00      1501.78      0.00     1.00       0.0000    0.0000
   1060.00      1501.67      0.00     1.00       0.0000    0.0000
   1080.00      1501.57      0.00     1.00       0.0000    0.0000
   1100.00      1501.47      0.00     1.00       0.0000    0.0000
   1120.00      1501.39      0.00     1.00       0.0000    0.0000
   1140.00      1501.31      0.00     1.00       0.0000    0.0000
   1160.00      1501.24      0.00     1.00       0.0000    0.0000
   1180.00      1501.18      0.00     1.00       0.0000    0.0000
   1200.00      1501.12      0.00     1.00       0.0000    0.0000
   1220.00      1501.08      0.00     1.00       0.0000    0.0000
   1240.00      1501.05      0.00     1.00       0.0000    0.0000
   1260.00      1501.02      0.00     1.00       0.0000    0.0000
   1280.00      1501.01      0.00     1.00       0.0000    0.0000
   1300.00      1501.00      0.00     1.00       0.0000    0.0000
   1320.00      1501.01      0.00     1.00       0.0000    0.0000
   1340.00      1501.02      0.00     1.00       0.0000    0.0000
   1360.00      1501.05      0.00     1.00       0.0000    0.0000
   1380.00      1501.09      0.00     1.00       0.0000    0.0000
   1400.00      1501.14      0.00     1.00       0.0000    0.0000
   1420.00      1501.20      0.00     1.00       0.0000    0.0000
   1440.00      1501.28      0.00     1.00       0.0000    0.0000
   1460.00      1501.36      0.00     1.00       0.0000    0.0000
   1480.00      1501.47      0.00     1.00       0.0000    0.0000
   1500.00      1501.58      0.00     1.00       0.0000    0.0000
   1520.00      1501.71      0.00     1.00       0.0000    0.0000
   1540.00      1501.86      0.00     1.00       0.0000    0.0000
   1560.00      1502.02      0.00     1.00       0.0000    0.0000
   1580.00      1502.19      0.00     1.00       0.0000    0.0000
   1600.00      1502.38      0.00     1.00       0.0000    0.0000
   1620.00      1502.59      0.00     1.00       0.0000    0.0000
   1640.00      1502.81      0.00     1.00       0.0000    0.0000
   1660.00      1503.06      0.00     1.00       0.0000    0.0000
   1680.00      1503.32      0.00     1.00       0.0000    0.0000
   1700.00      1503.60      0.00     1.00       0.0000    0.0000
   1720.00      1503.90      0.00     1.00       0.0000    0.0000
   1740.00      1504.22      0.00     1.00       0.0000    0.0000
   1760.00      1504.56      0.00     1.00       0.0000    0.0000
   1780.00      1504.92      0.00     1.00       0.0000    0.0000
   1800.00      1505.30      0.00     1.00       0.0000    0.0000
   1820.00      1505.70      0.00     1.00       0.0000    0.0000
   1840.00      1506.13      0.00     1.00       0.0000    0.0000
   1860.00      1506.59      0.00     1.00       0.0000    0.0000
   1880.00      1507.06      0.00     1.00       0.0000    0.0000
   1900.00      1507.57      0.00     1.00       0.0000    0.0000
   1920.00      1508.10      0.00     1.00       0.0000    0.0000
   1940.00      1508.65      0.00     1.00       0.0000    0.0000
   1960.00      1509.24      0.00     1.00       0.0000    0.0000
   1980.00      1509.85      0.00     1.00       0.0000    0.0000
   2000.00      1510.49      0.00     1.00       0.0000    0.0000
   2020.00      1511.17      0.00     1.00       0.0000    0.0000
   2040.00      1511.87      0.00     1.00       0.0000    0.0000
   2060.00      1512.61      0.00     1.00       0.0000    0.0000
   2080.00      1513.38      0.00     1.00       0.0000    0.0000
   2100.00      1514.19      0.00     1.00       0.0000    0.0000
   2120.00      1515.03      0.00     1.00       0.0000    0.0000
   2140.00      1515.91      0.00     1.00       0.0000    0.0000
   2160.00      1516.83      0.00     1.00       0.0000    0.0000
   2180.00      1517.79      0.00     1.00       0.0000    0.0000
   2200.00      1518.78      0.00     1.00       0.0000    0.0000
   2220.00      1519.82      0.00     1.00       0.0000    0.0000
   2240.00      1520.91      0.00     1.00       0.0000    0.0000
   2260.00      1522.03      0.00     1.00       0.0000    0.0000
   2280.00      1523.21      0.00     1.00       0.0000    0.0000
   2300.00      1524.43      0.00     1.00       0.0000    0.0000
   2320.00      1525.69      0.00     1.00       0.0000    0.0000
   2340.00      1527.01      0.00     1.00       0.0000    0.0000
   2360.00      1528.38      0.00     1.00       0.0000    0.0000
   2380.00      1529.81      0.00     1.00       0.0000    0.0000
   2400.00      1531.29      0.00     1.00       0.0000    0.0000
   2420.00      1532.82      0.00     1.00       0.0000    0.0000
   2440.00      1534.42      0.00     1.00       0.0000    0.0000
   2460.00      1536.07      0.00     1.00       0.0000    0.0000
   2480.00      1537.79      0.00     1.00       0.0000    0.0000
   2500.00      1539.57      0.00     1.00       0.0000    0.0000
   2520.00      1541.42      0.00     1.00       0.0000    0.0000
   2540.00      1543.34      0.00     1.00       0.0000    0.0000
   2560.00      1545.33      0.00     1.00       0.0000    0.0000
   2580.00      1547.39      0.00     1.00       0.0000    0.0000
   2600.00      1549.52      0.00     1.00       0.0000    0.0000
   2620.00      1551.73      0.00     1.00       0.0000    0.0000
   2640.00      1554.03      0.00     1.00       0.0000    0.0000
   2660.00      1556.40      0.00     1.00       0.0000    0.0000
   2680.00      1558.86      0.00     1.00       0.0000    0.0000
   2700.00      1561.41      0.00     1.00       0.0000    0.0000
   2720.00      1564.04      0.00     1.00       0.0000    0.0000
   2740.00      1566.77      0.00     1.00       0.0000    0.0000
   2760.00      1569.60      0.00     1.00       0.0000    0.0000
   2780.00      1572.52      0.00     1.00       0.0000    0.0000
   2800.00      1575.55      0.00     1.00       0.0000    0.0000
   2820.00      1578.68      0.00     1.00       0.0000    0.0000
   2840.00      1581.92      0.00     1.00       0.0000    0.0000
   2860.00      1585.27      0.00     1.00       0.0000    0.0000
   2880.00      1588.74      0.00     1.00       0.0000    0.0000
   2900.00      1592.33      0.00     1.00       0.0000    0.0000
   2920.00      1596.04      0.00     1.00       0.0000    0.0000
   2940.00      1599.87      0.00     1.00       0.0000    0.0000
   2960.00      1603.84      0.00     1.00       0.0000    0.0000
   2980.00      1607.94      0.00     1.00       0.0000    0.0000
   3000.00      1612.18      0.00     1.00       0.0000    0.0000
   3020.00      1612.42      0.00     1.00       0.0000    0.0000
   3040.00      1612.66      0.00     1.00       0.0000    0.0000
   3060.00      1612.90      0.00     1.00       0.0000    0.0000
   3080.00      1613.14      0.00     1.00       0.0000    0.0000
   3100.00      1613.38      0.00     1.00       0.0000    0.0000
   3120.00      1613.62      0.00     1.00       0.0000    0.0000
   3140.00      1613.86      0.00     1.00       0.0000    0.0000
   3160.00      1614.10      0.00     1.00       0.0000    0.0000
   3180.00      1614.34      0.00     1.00       0.0000    0.0000
   3200.00      1614.58      0.00     1.00       0.0000    0.0000
   3220.00      1614.82      0.00     1.00       0.0000    0.0000
   3240.00      1615.06      0.00     1.00       0.0000    0.0000
   3260.00      1615.30      0.00     1.00       0.0000    0.0000
   3280.00      1615.54      0.00     1.00       0.0000    0.0000
   3300.00      1615.78      0.00     1.00       0.0000    0.0000
   3320.00      1616.02      0.00     1.00       0.0000    0.0000
   3340.00      1616.26      0.00     1.00       0.0000    0.0000
   3360.00      1616.50      0.00     1.00       0.0000    0.0000
   3380.00      1616.74      0.00     1.00       0.0000    0.0000
   3400.00      1616.98      0.00     1.00       0.0000    0.0000
   3420.00      1617.22      0.00     1.00       0.0000    0.0000
   3440.00      1617.46      0.00     1.00       0.0000    0.0000
   3460.00      1617.70      0.00     1.00       0.0000    0.0000
   3480.00      1617.94      0.00     1.00       0.0000    0.0000
   3500.00      1618.18      0.00     1.00       0.0000    0.0000
   3520.00      1618.42      0.00     1.00       0.0000    0.0000
   3540.00      1618.66      0.00     1.00       0.0000    0.0000
   3560.00      1618.90      0.00     1.00       0.0000    0.0000
   3580.00      1619.14      0.00     1.00       0.0000    0.0000
   3600.00      1619.38      0.00     1.00       0.0000    0.0000
   3620.00      1619.62      0.00     1.00       0.0000    0.0000
   3640.00      1619.86      0.00     1.00       0.0000    0.0000
   3660.00      1620.10      0.00     1.00       0.0000    0.0000
   3680.00      1620.34      0.00     1.00       0.0000    0.0000
   3700.00      1620.58      0.00     1.00       0.0000    0.0000
   3720.00      1620.82      0.00     1.00       0.0000    0.0000
   3740.00      1621.06      0.00     1.00       0.0000    0.0000
   3760.00      1621.30      0.00     1.00       0.0000    0.0000
   3780.00      1621.54      0.00     1.00       0.0000    0.0000
   3800.00      1621.78      0.00     1.00       0.0000    0.0000
   3820.00      1622.02      0.00     1.00       0.0000    0.0000
   3840.00      1622.26      0.00     1.00       0.0000    0.0000
   3860.00      1622.50      0.00     1.00       0.0000    0.0000
   3880.00      1622.74      0.00     1.00       0.0000    0.0000
   3900.00      1622.98      0.00     1.00       0.0000    0.0000
   3920.00      1623.22      0.00     1.00       0.0000    0.0000
   3940.00      1623.46      0.00     1.00       0.0000    0.0000
   3960.00      1623.70      0.00     1.00       0.0000    0.0000
   3980.00      1623.94      0.00     1.00       0.0000    0.0000
   4000.00      1624.18      0.00     1.00       0.0000    0.0000
   4020.00      1624.42      0.00     1.00       0.0000    0.0000
   4040.00      1624.66      0.00     1.00       0.0000    0.0000
   4060.00      1624.90      0.00     1.00       0.0000    0.0000
   4080.00      1625.14      0.00     1.00       0.0000    0.0000
   4100.00      1625.38      0.00     1.00       0.0000    0.0000
   4120.00      1625.62      0.00     1.00       0.0000    0.0000
   4140.00      1625.86      0.00     1.00       0.0000    0.0000
   4160.00      1626.10      0.00     1.00       0.0000    0.0000
   4180.00      1626.34      0.00     1.00       0.0000    0.0000
   4200.00      1626.58      0.00     1.00       0.0000    0.0000
   4220.00      1626.82      0.00     1.00       0.0000    0.0000
   4240.00      1627.06      0.00     1.00       0.0000    0.0000
   4260.00      1627.30      0.00     1.00       0.0000    0.0000
   4280.00      1627.54      0.00     1.00       0.0000    0.0000
   4300.00      1627.78      0.00     1.00       0.0000    0.0000
   4320.00      1628.02      0.00     1.00       0.0000    0.0000
   4340.00      1628.26      0.00     1.00       0.0000    0.0000
   4360.00      1628.50      0.00     1.00       0.0000    0.0000
   4380.00      1628.74      0.00     1.00       0.0000    0.0000
   4400.00      1628.98      0.00     1.00       0.0000    0.0000
   4420.00      1629.22      0.00     1.00       0.0000    0.0000
   4440.00      1629.46      0.00     1.00       0.0000    0.0000
   4460.00      1629.70      0.00     1.00       0.0000    0.0000
   4480.00      1629.94      0.00     1.00       0.0000    0.0000
   4500.00      1630.18      0.00     1.00       0.0000    0.0000
   4520.00      1630.42      0.00     1.00       0.0000    0.0000
   4540.00      1630.66      0.00     1.00       0.0000    0.0000
   4560.00      1630.90      0.00     1.00       0.0000    0.0000
   4580.00      1631.14      0.00     1.00       0.0000    0.0000
   4600.00      1631.38      0.00     1.00       0.0000    0.0000
   4620.00      1631.62      0.00     1.00       0.0000    0.0000
   4640.00      1631.86      0.00     1.00       0.0000    0.0000
   4660.00      1632.10      0.00     1.00       0.0000    0.0000
   4680.00      1632.34      0.00     1.00       0.0000    0.0000
   4700.00      1632.58      0.00     1.00       0.0000    0.0000
   4720.00      1632.82      0.00     1.00       0.0000    0.0000
   4740.00      1633.06      0.00     1.00       0.0000    0.0000
   4760.00      1633.30      0.00     1.00       0.0000    0.0000
   4780.00      1633.54      0.00     1.00       0.0000    0.0000
   4800.00      1633.78      0.00     1.00       0.0000    0.0000
   4820.00      1634.02      0.00     1.00       0.0000    0.0000
   4840.00      1634.26      0.00     1.00       0.0000    0.0000
   4860.00      1634.50      0.00     1.00       0.0000    0.0000
   4880.00      1634.74      0.00     1.00       0.0000    0.0000
   4900.00      1634.98      0.00     1.00       0.0000    0.0000
   4920.00      1635.22      0.00     1.00       0.0000    0.0000
   4940.00      1635.46      0.00     1.00       0.0000    0.0000
   4960.00      1635.70      0.00     1.00       0.0000    0.0000
   4980.00      1635.94      0.00     1.00       0.0000    0.0000
   5000.00      1636.18      0.00     1.00       0.0000    0.0000

                                 ( RMS rough =   0.00     )
     Perfectly RIGID

 cLow =   1500.0    m/s      cHigh =   1800.0    m/s
 RMax =    65.000000000000000      km

 __________________________________________________________________________


 Number of source   depths =            1
 Source depths (m)
   200.000    

 Number of receiver depths =           13
 Receiver depths (m)
   180.000       190.000       195.000       198.000       199.000    
   199.500       200.000       200.500       201.000       202.000    
   205.000       210.000       220.000    

 Mesh multiplier   CPU seconds
                --- Number of modes =          493
        1            0.438    s
                --- Number of modes =          493
        2            0.406    s

    I    k (1/m)            alpha (1/m)   Phase Speed (m/s) Group Speed (m/s)
    1  0.6487635606     -0.7075953544E-06   1501.153551       1501.000953    
   17  0.6466916660     -0.7087059606E-06   1505.963002       1501.092129    
   33  0.6446918193     -0.7097455460E-06   1510.634529       1501.335207    
   49  0.6426214510     -0.7114999721E-06   1515.501422       1498.747565    
   65  0.6399943798     -0.7139263865E-06   1521.722305       1494.676966    
   81  0.6369359460     -0.7165832286E-06   1529.029298       1490.717150    
   97  0.6335245116     -0.7195039391E-06   1537.262892       1486.568115    
  113  0.6298007405     -0.7226867413E-06   1546.352140       1482.167217    
  129  0.6257907415     -0.7261302418E-06   1556.260996       1477.485459    
  145  0.6215126726     -0.7298336115E-06   1566.973234       1472.511332    
  161  0.6169800882     -0.7337999060E-06   1578.484851       1467.229811    
  177  0.6122031463     -0.7380223855E-06   1590.801564       1461.673908    
  193  0.6071896162     -0.7425130259E-06   1603.936722       1455.809387    
  209  0.6027436325     -0.7260597016E-06   1615.767750       1532.969959    
  225  0.6003464503     -0.7250980237E-06   1622.219507       1543.147736    
  241  0.5983516025     -0.7233741765E-06   1627.627834       1555.743329    
  257  0.5965621934     -0.7235983891E-06   1632.509960       1559.412750    
  273  0.5949002292     -0.7257720004E-06   1637.070680       1554.334640    
  289  0.5927743697     -0.7318584411E-06   1642.941686       1533.932119    
  305  0.5902605876     -0.7370668882E-06   1649.938592       1518.699631    
  321  0.5874374382     -0.7419534474E-06   1657.867986       1505.928948    
  337  0.5843373827     -0.7470693460E-06   1666.663389       1493.230639    
  353  0.5809770969     -0.7523541384E-06   1676.303124       1480.827978    
  369  0.5773674076     -0.7579677247E-06   1686.783337       1468.087754    
  385  0.5735147411     -0.7636732834E-06   1698.114543       1455.946770    
  401  0.5694219882     -0.7698076584E-06   1710.319838       1443.134853    
  417  0.5650902442     -0.7762479897E-06   1723.430430       1430.171654    
  433  0.5605191026     -0.7830316103E-06   1737.485338       1416.968257    
  449  0.5557065986     -0.7902051925E-06   1752.532227       1403.416931    
  465  0.5506496047     -0.7978510323E-06   1768.626935       1389.302095    
  481  0.5453443612     -0.8059644851E-06   1785.832571       1374.729953    
 _________________________________________________

 KRAKEN- R                                                                       
 End of environmental file
