 _________________________________________________

 KRAKEN- E2_ESTD                                                                 
 Frequency =   159.5    Hz
 NMedia    =   1


     C-Linear approximation to SSP
     Attenuation units: dB/wavelength
     THORP attenuation added
     VACUUM


   z (m)     alphaR (m/s)   betaR  rho (g/cm^3)  alphaI     betaI


       ( # mesh points = 20001  RMS rough =   0.00     )
      0.00      1512.55      0.00     1.00       0.0000    0.0000
     20.00      1512.26      0.00     1.00       0.0000    0.0000
     40.00      1511.97      0.00     1.00       0.0000    0.0000
     60.00      1511.68      0.00     1.00       0.0000    0.0000
     80.00      1511.39      0.00     1.00       0.0000    0.0000
    100.00      1511.10      0.00     1.00       0.0000    0.0000
    120.00      1510.81      0.00     1.00       0.0000    0.0000
    140.00      1510.53      0.00     1.00       0.0000    0.0000
    160.00      1510.25      0.00     1.00       0.0000    0.0000
    180.00      1509.97      0.00     1.00       0.0000    0.0000
    200.00      1509.69      0.00     1.00       0.0000    0.0000
    220.00      1509.41      0.00     1.00       0.0000    0.0000
    240.00      1509.14      0.00     1.00       0.0000    0.0000
    260.00      1508.87      0.00     1.00       0.0000    0.0000
    280.00      1508.59      0.00     1.00       0.0000    0.0000
    300.00      1508.33      0.00     1.00       0.0000    0.0000
    320.00      1508.06      0.00     1.00       0.0000    0.0000
    340.00      1507.80      0.00     1.00       0.0000    0.0000
    360.00      1507.54      0.00     1.00       0.0000    0.0000
    380.00      1507.28      0.00     1.00       0.0000    0.0000
    400.00      1507.02      0.00     1.00       0.0000    0.0000
    420.00      1506.77      0.00     1.00       0.0000    0.0000
    440.00      1506.52      0.00     1.00       0.0000    0.0000
    460.00      1506.27      0.00     1.00       0.0000    0.0000
    480.00      1506.02      0.00     1.00       0.0000    0.0000
    500.00      1505.78      0.00     1.00       0.0000    0.0000
    520.00      1505.54      0.00     1.00       0.0000    0.0000
    540.00      1505.30      0.00     1.00       0.0000    0.0000
    560.00      1505.07      0.00     1.00       0.0000    0.0000
    580.00      1504.84      0.00     1.00       0.0000    0.0000
    600.00      1504.62      0.00     1.00       0.0000    0.0000
    620.00      1504.39      0.00     1.00       0.0000    0.0000
    640.00      1504.17      0.00     1.00       0.0000    0.0000
    660.00      1503.96      0.00     1.00       0.0000    0.0000
    680.00      1503.75      0.00     1.00       0.0000    0.0000
    700.00      1503.54      0.00     1.00       0.0000    0.0000
    720.00      1503.34      0.00     1.00       0.0000    0.0000
    740.00      1503.14      0.00     1.00       0.0000    0.0000
    760.00      1502.95      0.00     1.00       0.0000    0.0000
    780.00      1502.76      0.00     1.00       0.0000    0.0000
    800.00      1502.57      0.00     1.00       0.0000    0.0000
    820.00      1502.39      0.00     1.00       0.0000    0.0000
    840.00      1502.22      0.00     1.00       0.0000    0.0000
    860.00      1502.05      0.00     1.00       0.0000    0.0000
    880.00      1501.88      0.00     1.00       0.0000    0.0000
    900.00      1501.72      0.00     1.00       0.0000    0.0000
    920.00      1501.57      0.00     1.00       0.0000    0.0000
    940.00      1501.42      0.00     1.00       0.0000    0.0000
    960.00      1501.28      0.00     1.00       0.0000    0.0000
    980.00      1501.14      0.00     1.00       0.0000    0.0000
   1000.00      1501.02      0.00     1.00       0.0000    0.0000
   1020.00      1500.89      0.00     1.00       0.0000    0.0000
   1040.00      1500.78      0.00     1.00       0.0000    0.0000
   1060.00      1500.67      0.00     1.00       0.0000    0.0000
   1080.00      1500.57      0.00     1.00       0.0000    0.0000
   1100.00      1500.47      0.00     1.00       0.0000    0.0000
   1120.00      1500.39      0.00     1.00       0.0000    0.0000
   1140.00      1500.31      0.00     1.00       0.0000    0.0000
   1160.00      1500.24      0.00     1.00       0.0000    0.0000
   1180.00      1500.18      0.00     1.00       0.0000    0.0000
   1200.00      1500.12      0.00     1.00       0.0000    0.0000
   1220.00      1500.08      0.00     1.00       0.0000    0.0000
   1240.00      1500.05      0.00     1.00       0.0000    0.0000
   1260.00      1500.02      0.00     1.00       0.0000    0.0000
   1280.00      1500.01      0.00     1.00       0.0000    0.0000
   1300.00      1500.00      0.00     1.00       0.0000    0.0000
   1320.00      1500.01      0.00     1.00       0.0000    0.0000
   1340.00      1500.02      0.00     1.00       0.0000    0.0000
   1360.00      1500.05      0.00     1.00       0.0000    0.0000
   1380.00      1500.09      0.00     1.00       0.0000    0.0000
   1400.00      1500.14      0.00     1.00       0.0000    0.0000
   1420.00      1500.20      0.00     1.00       0.0000    0.0000
   1440.00      1500.28      0.00     1.00       0.0000    0.0000
   1460.00      1500.36      0.00     1.00       0.0000    0.0000
   1480.00      1500.47      0.00     1.00       0.0000    0.0000
   1500.00      1500.58      0.00     1.00       0.0000    0.0000
   1520.00      1500.71      0.00     1.00       0.0000    0.0000
   1540.00      1500.86      0.00     1.00       0.0000    0.0000
   1560.00      1501.02      0.00     1.00       0.0000    0.0000
   1580.00      1501.19      0.00     1.00       0.0000    0.0000
   1600.00      1501.38      0.00     1.00       0.0000    0.0000
   1620.00      1501.59      0.00     1.00       0.0000    0.0000
   1640.00      1501.81      0.00     1.00       0.0000    0.0000
   1660.00      1502.06      0.00     1.00       0.0000    0.0000
   1680.00      1502.32      0.00     1.00       0.0000    0.0000
   1700.00      1502.60      0.00     1.00       0.0000    0.0000
   1720.00      1502.90      0.00     1.00       0.0000    0.0000
   1740.00      1503.22      0.00     1.00       0.0000    0.0000
   1760.00      1503.56      0.00     1.00       0.0000    0.0000
   1780.00      1503.92      0.00     1.00       0.0000    0.0000
   1800.00      1504.30      0.00     1.00       0.0000    0.0000
   1820.00      1504.70      0.00     1.00       0.0000    0.0000
   1840.00      1505.13      0.00     1.00       0.0000    0.0000
   1860.00      1505.59      0.00     1.00       0.0000    0.0000
   1880.00      1506.06      0.00     1.00       0.0000    0.0000
   1900.00      1506.57      0.00     1.00       0.0000    0.0000
   1920.00      1507.10      0.00     1.00       0.0000    0.0000
   1940.00      1507.65      0.00     1.00       0.0000    0.0000
   1960.00      1508.24      0.00     1.00       0.0000    0.0000
   1980.00      1508.85      0.00     1.00       0.0000    0.0000
   2000.00      1509.49      0.00     1.00       0.0000    0.0000
   2020.00      1510.17      0.00     1.00       0.0000    0.0000
   2040.00      1510.87      0.00     1.00       0.0000    0.0000
   2060.00      1511.61      0.00     1.00       0.0000    0.0000
   2080.00      1512.38      0.00     1.00       0.0000    0.0000
   2100.00      1513.19      0.00     1.00       0.0000    0.0000
   2120.00      1514.03      0.00     1.00       0.0000    0.0000
   2140.00      1514.91      0.00     1.00       0.0000    0.0000
   2160.00      1515.83      0.00     1.00       0.0000    0.0000
   2180.00      1516.79      0.00     1.00       0.0000    0.0000
   2200.00      1517.78      0.00     1.00       0.0000    0.0000
   2220.00      1518.82      0.00     1.00       0.0000    0.0000
   2240.00      1519.91      0.00     1.00       0.0000    0.0000
   2260.00      1521.03      0.00     1.00       0.0000    0.0000
   2280.00      1522.21      0.00     1.00       0.0000    0.0000
   2300.00      1523.43      0.00     1.00       0.0000    0.0000
   2320.00      1524.69      0.00     1.00       0.0000    0.0000
   2340.00      1526.01      0.00     1.00       0.0000    0.0000
   2360.00      1527.38      0.00     1.00       0.0000    0.0000
   2380.00      1528.81      0.00     1.00       0.0000    0.0000
   2400.00      1530.29      0.00     1.00       0.0000    0.0000
   2420.00      1531.82      0.00     1.00       0.0000    0.0000
   2440.00      1533.42      0.00     1.00       0.0000    0.0000
   2460.00      1535.07      0.00     1.00       0.0000    0.0000
   2480.00      1536.79      0.00     1.00       0.0000    0.0000
   2500.00      1538.57      0.00     1.00       0.0000    0.0000
   2520.00      1540.42      0.00     1.00       0.0000    0.0000
   2540.00      1542.34      0.00     1.00       0.0000    0.0000
   2560.00      1544.33      0.00     1.00       0.0000    0.0000
   2580.00      1546.39      0.00     1.00       0.0000    0.0000
   2600.00      1548.52      0.00     1.00       0.0000    0.0000
   2620.00      1550.73      0.00     1.00       0.0000    0.0000
   2640.00      1553.03      0.00     1.00       0.0000    0.0000
   2660.00      1555.40      0.00     1.00       0.0000    0.0000
   2680.00      1557.86      0.00     1.00       0.0000    0.0000
   2700.00      1560.41      0.00     1.00       0.0000    0.0000
   2720.00      1563.04      0.00     1.00       0.0000    0.0000
   2740.00      1565.77      0.00     1.00       0.0000    0.0000
   2760.00      1568.60      0.00     1.00       0.0000    0.0000
   2780.00      1571.52      0.00     1.00       0.0000    0.0000
   2800.00      1574.55      0.00     1.00       0.0000    0.0000
   2820.00      1577.68      0.00     1.00       0.0000    0.0000
   2840.00      1580.92      0.00     1.00       0.0000    0.0000
   2860.00      1584.27      0.00     1.00       0.0000    0.0000
   2880.00      1587.74      0.00     1.00       0.0000    0.0000
   2900.00      1591.33      0.00     1.00       0.0000    0.0000
   2920.00      1595.04      0.00     1.00       0.0000    0.0000
   2940.00      1598.87      0.00     1.00       0.0000    0.0000
   2960.00      1602.84      0.00     1.00       0.0000    0.0000
   2980.00      1606.94      0.00     1.00       0.0000    0.0000
   3000.00      1611.18      0.00     1.00       0.0000    0.0000
   3020.00      1611.42      0.00     1.00       0.0000    0.0000
   3040.00      1611.66      0.00     1.00       0.0000    0.0000
   3060.00      1611.90      0.00     1.00       0.0000    0.0000
   3080.00      1612.14      0.00     1.00       0.0000    0.0000
   3100.00      1612.38      0.00     1.00       0.0000    0.0000
   3120.00      1612.62      0.00     1.00       0.0000    0.0000
   3140.00      1612.86      0.00     1.00       0.0000    0.0000
   3160.00      1613.10      0.00     1.00       0.0000    0.0000
   3180.00      1613.34      0.00     1.00       0.0000    0.0000
   3200.00      1613.58      0.00     1.00       0.0000    0.0000
   3220.00      1613.82      0.00     1.00       0.0000    0.0000
   3240.00      1614.06      0.00     1.00       0.0000    0.0000
   3260.00      1614.30      0.00     1.00       0.0000    0.0000
   3280.00      1614.54      0.00     1.00       0.0000    0.0000
   3300.00      1614.78      0.00     1.00       0.0000    0.0000
   3320.00      1615.02      0.00     1.00       0.0000    0.0000
   3340.00      1615.26      0.00     1.00       0.0000    0.0000
   3360.00      1615.50      0.00     1.00       0.0000    0.0000
   3380.00      1615.74      0.00     1.00       0.0000    0.0000
   3400.00      1615.98      0.00     1.00       0.0000    0.0000
   3420.00      1616.22      0.00     1.00       0.0000    0.0000
   3440.00      1616.46      0.00     1.00       0.0000    0.0000
   3460.00      1616.70      0.00     1.00       0.0000    0.0000
   3480.00      1616.94      0.00     1.00       0.0000    0.0000
   3500.00      1617.18      0.00     1.00       0.0000    0.0000
   3520.00      1617.42      0.00     1.00       0.0000    0.0000
   3540.00      1617.66      0.00     1.00       0.0000    0.0000
   3560.00      1617.90      0.00     1.00       0.0000    0.0000
   3580.00      1618.14      0.00     1.00       0.0000    0.0000
   3600.00      1618.38      0.00     1.00       0.0000    0.0000
   3620.00      1618.62      0.00     1.00       0.0000    0.0000
   3640.00      1618.86      0.00     1.00       0.0000    0.0000
   3660.00      1619.10      0.00     1.00       0.0000    0.0000
   3680.00      1619.34      0.00     1.00       0.0000    0.0000
   3700.00      1619.58      0.00     1.00       0.0000    0.0000
   3720.00      1619.82      0.00     1.00       0.0000    0.0000
   3740.00      1620.06      0.00     1.00       0.0000    0.0000
   3760.00      1620.30      0.00     1.00       0.0000    0.0000
   3780.00      1620.54      0.00     1.00       0.0000    0.0000
   3800.00      1620.78      0.00     1.00       0.0000    0.0000
   3820.00      1621.02      0.00     1.00       0.0000    0.0000
   3840.00      1621.26      0.00     1.00       0.0000    0.0000
   3860.00      1621.50      0.00     1.00       0.0000    0.0000
   3880.00      1621.74      0.00     1.00       0.0000    0.0000
   3900.00      1621.98      0.00     1.00       0.0000    0.0000
   3920.00      1622.22      0.00     1.00       0.0000    0.0000
   3940.00      1622.46      0.00     1.00       0.0000    0.0000
   3960.00      1622.70      0.00     1.00       0.0000    0.0000
   3980.00      1622.94      0.00     1.00       0.0000    0.0000
   4000.00      1623.18      0.00     1.00       0.0000    0.0000
   4020.00      1623.42      0.00     1.00       0.0000    0.0000
   4040.00      1623.66      0.00     1.00       0.0000    0.0000
   4060.00      1623.90      0.00     1.00       0.0000    0.0000
   4080.00      1624.14      0.00     1.00       0.0000    0.0000
   4100.00      1624.38      0.00     1.00       0.0000    0.0000
   4120.00      1624.62      0.00     1.00       0.0000    0.0000
   4140.00      1624.86      0.00     1.00       0.0000    0.0000
   4160.00      1625.10      0.00     1.00       0.0000    0.0000
   4180.00      1625.34      0.00     1.00       0.0000    0.0000
   4200.00      1625.58      0.00     1.00       0.0000    0.0000
   4220.00      1625.82      0.00     1.00       0.0000    0.0000
   4240.00      1626.06      0.00     1.00       0.0000    0.0000
   4260.00      1626.30      0.00     1.00       0.0000    0.0000
   4280.00      1626.54      0.00     1.00       0.0000    0.0000
   4300.00      1626.78      0.00     1.00       0.0000    0.0000
   4320.00      1627.02      0.00     1.00       0.0000    0.0000
   4340.00      1627.26      0.00     1.00       0.0000    0.0000
   4360.00      1627.50      0.00     1.00       0.0000    0.0000
   4380.00      1627.74      0.00     1.00       0.0000    0.0000
   4400.00      1627.98      0.00     1.00       0.0000    0.0000
   4420.00      1628.22      0.00     1.00       0.0000    0.0000
   4440.00      1628.46      0.00     1.00       0.0000    0.0000
   4460.00      1628.70      0.00     1.00       0.0000    0.0000
   4480.00      1628.94      0.00     1.00       0.0000    0.0000
   4500.00      1629.18      0.00     1.00       0.0000    0.0000
   4520.00      1629.42      0.00     1.00       0.0000    0.0000
   4540.00      1629.66      0.00     1.00       0.0000    0.0000
   4560.00      1629.90      0.00     1.00       0.0000    0.0000
   4580.00      1630.14      0.00     1.00       0.0000    0.0000
   4600.00      1630.38      0.00     1.00       0.0000    0.0000
   4620.00      1630.62      0.00     1.00       0.0000    0.0000
   4640.00      1630.86      0.00     1.00       0.0000    0.0000
   4660.00      1631.10      0.00     1.00       0.0000    0.0000
   4680.00      1631.34      0.00     1.00       0.0000    0.0000
   4700.00      1631.58      0.00     1.00       0.0000    0.0000
   4720.00      1631.82      0.00     1.00       0.0000    0.0000
   4740.00      1632.06      0.00     1.00       0.0000    0.0000
   4760.00      1632.30      0.00     1.00       0.0000    0.0000
   4780.00      1632.54      0.00     1.00       0.0000    0.0000
   4800.00      1632.78      0.00     1.00       0.0000    0.0000
   4820.00      1633.02      0.00     1.00       0.0000    0.0000
   4840.00      1633.26      0.00     1.00       0.0000    0.0000
   4860.00      1633.50      0.00     1.00       0.0000    0.0000
   4880.00      1633.74      0.00     1.00       0.0000    0.0000
   4900.00      1633.98      0.00     1.00       0.0000    0.0000
   4920.00      1634.22      0.00     1.00       0.0000    0.0000
   4940.00      1634.46      0.00     1.00       0.0000    0.0000
   4960.00      1634.70      0.00     1.00       0.0000    0.0000
   4980.00      1634.94      0.00     1.00       0.0000    0.0000
   5000.00      1635.18      0.00     1.00       0.0000    0.0000

                                 ( RMS rough =   0.00     )
     Perfectly RIGID

 cLow =   1500.0    m/s      cHigh =   1800.0    m/s
 RMax =    65.000000000000000      km

 __________________________________________________________________________


 Number of source   depths =            1
 Source depths (m)
   200.000    

 Number of receiver depths =           13
 Receiver depths (m)
   180.000       190.000       195.000       198.000       199.000    
   199.500       200.000       200.500       201.000       202.000    
   205.000       210.000       220.000    

 Mesh multiplier   CPU seconds
                --- Number of modes =          509
        1            0.438    s
                --- Number of modes =          509
        2            0.391    s

    I    k (1/m)            alpha (1/m)   Phase Speed (m/s) Group Speed (m/s)
    1  0.6680456354     -0.7264610230E-06   1500.149097       1500.000949    
   17  0.6659718987     -0.7275698565E-06   1504.820336       1500.087022    
   33  0.6639683127     -0.7286096541E-06   1509.361271       1500.317041    
   49  0.6619281226     -0.7302555739E-06   1514.013414       1498.159224    
   65  0.6593530084     -0.7326613942E-06   1519.926418       1494.139724    
   81  0.6563447031     -0.7352769130E-06   1526.892884       1490.309569    
   97  0.6529858643     -0.7381473440E-06   1534.746939       1486.317653    
  113  0.6493181105     -0.7412736331E-06   1543.416147       1482.088574    
  129  0.6453679662     -0.7446526318E-06   1552.863032       1477.598705    
  145  0.6411538899     -0.7482767271E-06   1563.069448       1472.861028    
  161  0.6366894890     -0.7521601492E-06   1574.029529       1467.814876    
  177  0.6319851947     -0.7562928770E-06   1585.746098       1462.503006    
  193  0.6270488067     -0.7606857633E-06   1598.229748       1456.894452    
  209  0.6219195306     -0.7624517406E-06   1611.411135       1461.732190    
  225  0.6190933151     -0.7459941658E-06   1618.767369       1533.384856    
  241  0.6169684885     -0.7431983784E-06   1624.342370       1550.338349    
  257  0.6150993305     -0.7424738099E-06   1629.278406       1558.112751    
  273  0.6133859669     -0.7426267976E-06   1633.829449       1561.798673    
  289  0.6115666593     -0.7483427444E-06   1638.689816       1542.434112    
  305  0.6092432948     -0.7539133795E-06   1644.939001       1525.418284    
  321  0.6065902616     -0.7589225453E-06   1652.133442       1511.882662    
  337  0.6036520355     -0.7637858996E-06   1660.175064       1499.929879    
  353  0.6004522676     -0.7689318160E-06   1669.022020       1487.788725    
  369  0.5970041263     -0.7743406802E-06   1678.661859       1475.538144    
  385  0.5933165200     -0.7799439110E-06   1689.095150       1463.447736    
  401  0.5893933481     -0.7857988723E-06   1700.338254       1451.316626    
  417  0.5852378331     -0.7919158919E-06   1712.411604       1439.131852    
  433  0.5808502602     -0.7984079014E-06   1725.346660       1426.523404    
  449  0.5762297823     -0.8052770865E-06   1739.181291       1413.542194    
  465  0.5713744742     -0.8125561859E-06   1753.960146       1400.137467    
  481  0.5662813391     -0.8202171364E-06   1769.735266       1386.475687    
  497  0.5609460535     -0.8283297942E-06   1786.567621       1372.394842    
 _________________________________________________

 KRAKEN- R                                                                       
 End of environmental file
