 _________________________________________________

 KRAKEN- E2_ESTD                                                                 
 Frequency =   160.5    Hz
 NMedia    =   1


     C-Linear approximation to SSP
     Attenuation units: dB/wavelength
     THORP attenuation added
     VACUUM


   z (m)     alphaR (m/s)   betaR  rho (g/cm^3)  alphaI     betaI


       ( # mesh points = 40001  RMS rough =   0.00     )
      0.00      1512.55      0.00     1.00       0.0000    0.0000
     20.00      1512.26      0.00     1.00       0.0000    0.0000
     40.00      1511.97      0.00     1.00       0.0000    0.0000
     60.00      1511.68      0.00     1.00       0.0000    0.0000
     80.00      1511.39      0.00     1.00       0.0000    0.0000
    100.00      1511.10      0.00     1.00       0.0000    0.0000
    120.00      1510.81      0.00     1.00       0.0000    0.0000
    140.00      1510.53      0.00     1.00       0.0000    0.0000
    160.00      1510.25      0.00     1.00       0.0000    0.0000
    180.00      1509.97      0.00     1.00       0.0000    0.0000
    200.00      1509.69      0.00     1.00       0.0000    0.0000
    220.00      1509.41      0.00     1.00       0.0000    0.0000
    240.00      1509.14      0.00     1.00       0.0000    0.0000
    260.00      1508.87      0.00     1.00       0.0000    0.0000
    280.00      1508.59      0.00     1.00       0.0000    0.0000
    300.00      1508.33      0.00     1.00       0.0000    0.0000
    320.00      1508.06      0.00     1.00       0.0000    0.0000
    340.00      1507.80      0.00     1.00       0.0000    0.0000
    360.00      1507.54      0.00     1.00       0.0000    0.0000
    380.00      1507.28      0.00     1.00       0.0000    0.0000
    400.00      1507.02      0.00     1.00       0.0000    0.0000
    420.00      1506.77      0.00     1.00       0.0000    0.0000
    440.00      1506.52      0.00     1.00       0.0000    0.0000
    460.00      1506.27      0.00     1.00       0.0000    0.0000
    480.00      1506.02      0.00     1.00       0.0000    0.0000
    500.00      1505.78      0.00     1.00       0.0000    0.0000
    520.00      1505.54      0.00     1.00       0.0000    0.0000
    540.00      1505.30      0.00     1.00       0.0000    0.0000
    560.00      1505.07      0.00     1.00       0.0000    0.0000
    580.00      1504.84      0.00     1.00       0.0000    0.0000
    600.00      1504.62      0.00     1.00       0.0000    0.0000
    620.00      1504.39      0.00     1.00       0.0000    0.0000
    640.00      1504.17      0.00     1.00       0.0000    0.0000
    660.00      1503.96      0.00     1.00       0.0000    0.0000
    680.00      1503.75      0.00     1.00       0.0000    0.0000
    700.00      1503.54      0.00     1.00       0.0000    0.0000
    720.00      1503.34      0.00     1.00       0.0000    0.0000
    740.00      1503.14      0.00     1.00       0.0000    0.0000
    760.00      1502.95      0.00     1.00       0.0000    0.0000
    780.00      1502.76      0.00     1.00       0.0000    0.0000
    800.00      1502.57      0.00     1.00       0.0000    0.0000
    820.00      1502.39      0.00     1.00       0.0000    0.0000
    840.00      1502.22      0.00     1.00       0.0000    0.0000
    860.00      1502.05      0.00     1.00       0.0000    0.0000
    880.00      1501.88      0.00     1.00       0.0000    0.0000
    900.00      1501.72      0.00     1.00       0.0000    0.0000
    920.00      1501.57      0.00     1.00       0.0000    0.0000
    940.00      1501.42      0.00     1.00       0.0000    0.0000
    960.00      1501.28      0.00     1.00       0.0000    0.0000
    980.00      1501.14      0.00     1.00       0.0000    0.0000
   1000.00      1501.02      0.00     1.00       0.0000    0.0000
   1020.00      1500.89      0.00     1.00       0.0000    0.0000
   1040.00      1500.78      0.00     1.00       0.0000    0.0000
   1060.00      1500.67      0.00     1.00       0.0000    0.0000
   1080.00      1500.57      0.00     1.00       0.0000    0.0000
   1100.00      1500.47      0.00     1.00       0.0000    0.0000
   1120.00      1500.39      0.00     1.00       0.0000    0.0000
   1140.00      1500.31      0.00     1.00       0.0000    0.0000
   1160.00      1500.24      0.00     1.00       0.0000    0.0000
   1180.00      1500.18      0.00     1.00       0.0000    0.0000
   1200.00      1500.12      0.00     1.00       0.0000    0.0000
   1220.00      1500.08      0.00     1.00       0.0000    0.0000
   1240.00      1500.05      0.00     1.00       0.0000    0.0000
   1260.00      1500.02      0.00     1.00       0.0000    0.0000
   1280.00      1500.01      0.00     1.00       0.0000    0.0000
   1300.00      1500.00      0.00     1.00       0.0000    0.0000
   1320.00      1500.01      0.00     1.00       0.0000    0.0000
   1340.00      1500.02      0.00     1.00       0.0000    0.0000
   1360.00      1500.05      0.00     1.00       0.0000    0.0000
   1380.00      1500.09      0.00     1.00       0.0000    0.0000
   1400.00      1500.14      0.00     1.00       0.0000    0.0000
   1420.00      1500.20      0.00     1.00       0.0000    0.0000
   1440.00      1500.28      0.00     1.00       0.0000    0.0000
   1460.00      1500.36      0.00     1.00       0.0000    0.0000
   1480.00      1500.47      0.00     1.00       0.0000    0.0000
   1500.00      1500.58      0.00     1.00       0.0000    0.0000
   1520.00      1500.71      0.00     1.00       0.0000    0.0000
   1540.00      1500.86      0.00     1.00       0.0000    0.0000
   1560.00      1501.02      0.00     1.00       0.0000    0.0000
   1580.00      1501.19      0.00     1.00       0.0000    0.0000
   1600.00      1501.38      0.00     1.00       0.0000    0.0000
   1620.00      1501.59      0.00     1.00       0.0000    0.0000
   1640.00      1501.81      0.00     1.00       0.0000    0.0000
   1660.00      1502.06      0.00     1.00       0.0000    0.0000
   1680.00      1502.32      0.00     1.00       0.0000    0.0000
   1700.00      1502.60      0.00     1.00       0.0000    0.0000
   1720.00      1502.90      0.00     1.00       0.0000    0.0000
   1740.00      1503.22      0.00     1.00       0.0000    0.0000
   1760.00      1503.56      0.00     1.00       0.0000    0.0000
   1780.00      1503.92      0.00     1.00       0.0000    0.0000
   1800.00      1504.30      0.00     1.00       0.0000    0.0000
   1820.00      1504.70      0.00     1.00       0.0000    0.0000
   1840.00      1505.13      0.00     1.00       0.0000    0.0000
   1860.00      1505.59      0.00     1.00       0.0000    0.0000
   1880.00      1506.06      0.00     1.00       0.0000    0.0000
   1900.00      1506.57      0.00     1.00       0.0000    0.0000
   1920.00      1507.10      0.00     1.00       0.0000    0.0000
   1940.00      1507.65      0.00     1.00       0.0000    0.0000
   1960.00      1508.24      0.00     1.00       0.0000    0.0000
   1980.00      1508.85      0.00     1.00       0.0000    0.0000
   2000.00      1509.49      0.00     1.00       0.0000    0.0000
   2020.00      1510.17      0.00     1.00       0.0000    0.0000
   2040.00      1510.87      0.00     1.00       0.0000    0.0000
   2060.00      1511.61      0.00     1.00       0.0000    0.0000
   2080.00      1512.38      0.00     1.00       0.0000    0.0000
   2100.00      1513.19      0.00     1.00       0.0000    0.0000
   2120.00      1514.03      0.00     1.00       0.0000    0.0000
   2140.00      1514.91      0.00     1.00       0.0000    0.0000
   2160.00      1515.83      0.00     1.00       0.0000    0.0000
   2180.00      1516.79      0.00     1.00       0.0000    0.0000
   2200.00      1517.78      0.00     1.00       0.0000    0.0000
   2220.00      1518.82      0.00     1.00       0.0000    0.0000
   2240.00      1519.91      0.00     1.00       0.0000    0.0000
   2260.00      1521.03      0.00     1.00       0.0000    0.0000
   2280.00      1522.21      0.00     1.00       0.0000    0.0000
   2300.00      1523.43      0.00     1.00       0.0000    0.0000
   2320.00      1524.69      0.00     1.00       0.0000    0.0000
   2340.00      1526.01      0.00     1.00       0.0000    0.0000
   2360.00      1527.38      0.00     1.00       0.0000    0.0000
   2380.00      1528.81      0.00     1.00       0.0000    0.0000
   2400.00      1530.29      0.00     1.00       0.0000    0.0000
   2420.00      1531.82      0.00     1.00       0.0000    0.0000
   2440.00      1533.42      0.00     1.00       0.0000    0.0000
   2460.00      1535.07      0.00     1.00       0.0000    0.0000
   2480.00      1536.79      0.00     1.00       0.0000    0.0000
   2500.00      1538.57      0.00     1.00       0.0000    0.0000
   2520.00      1540.42      0.00     1.00       0.0000    0.0000
   2540.00      1542.34      0.00     1.00       0.0000    0.0000
   2560.00      1544.33      0.00     1.00       0.0000    0.0000
   2580.00      1546.39      0.00     1.00       0.0000    0.0000
   2600.00      1548.52      0.00     1.00       0.0000    0.0000
   2620.00      1550.73      0.00     1.00       0.0000    0.0000
   2640.00      1553.03      0.00     1.00       0.0000    0.0000
   2660.00      1555.40      0.00     1.00       0.0000    0.0000
   2680.00      1557.86      0.00     1.00       0.0000    0.0000
   2700.00      1560.41      0.00     1.00       0.0000    0.0000
   2720.00      1563.04      0.00     1.00       0.0000    0.0000
   2740.00      1565.77      0.00     1.00       0.0000    0.0000
   2760.00      1568.60      0.00     1.00       0.0000    0.0000
   2780.00      1571.52      0.00     1.00       0.0000    0.0000
   2800.00      1574.55      0.00     1.00       0.0000    0.0000
   2820.00      1577.68      0.00     1.00       0.0000    0.0000
   2840.00      1580.92      0.00     1.00       0.0000    0.0000
   2860.00      1584.27      0.00     1.00       0.0000    0.0000
   2880.00      1587.74      0.00     1.00       0.0000    0.0000
   2900.00      1591.33      0.00     1.00       0.0000    0.0000
   2920.00      1595.04      0.00     1.00       0.0000    0.0000
   2940.00      1598.87      0.00     1.00       0.0000    0.0000
   2960.00      1602.84      0.00     1.00       0.0000    0.0000
   2980.00      1606.94      0.00     1.00       0.0000    0.0000
   3000.00      1611.18      0.00     1.00       0.0000    0.0000
   3020.00      1611.42      0.00     1.00       0.0000    0.0000
   3040.00      1611.66      0.00     1.00       0.0000    0.0000
   3060.00      1611.90      0.00     1.00       0.0000    0.0000
   3080.00      1612.14      0.00     1.00       0.0000    0.0000
   3100.00      1612.38      0.00     1.00       0.0000    0.0000
   3120.00      1612.62      0.00     1.00       0.0000    0.0000
   3140.00      1612.86      0.00     1.00       0.0000    0.0000
   3160.00      1613.10      0.00     1.00       0.0000    0.0000
   3180.00      1613.34      0.00     1.00       0.0000    0.0000
   3200.00      1613.58      0.00     1.00       0.0000    0.0000
   3220.00      1613.82      0.00     1.00       0.0000    0.0000
   3240.00      1614.06      0.00     1.00       0.0000    0.0000
   3260.00      1614.30      0.00     1.00       0.0000    0.0000
   3280.00      1614.54      0.00     1.00       0.0000    0.0000
   3300.00      1614.78      0.00     1.00       0.0000    0.0000
   3320.00      1615.02      0.00     1.00       0.0000    0.0000
   3340.00      1615.26      0.00     1.00       0.0000    0.0000
   3360.00      1615.50      0.00     1.00       0.0000    0.0000
   3380.00      1615.74      0.00     1.00       0.0000    0.0000
   3400.00      1615.98      0.00     1.00       0.0000    0.0000
   3420.00      1616.22      0.00     1.00       0.0000    0.0000
   3440.00      1616.46      0.00     1.00       0.0000    0.0000
   3460.00      1616.70      0.00     1.00       0.0000    0.0000
   3480.00      1616.94      0.00     1.00       0.0000    0.0000
   3500.00      1617.18      0.00     1.00       0.0000    0.0000
   3520.00      1617.42      0.00     1.00       0.0000    0.0000
   3540.00      1617.66      0.00     1.00       0.0000    0.0000
   3560.00      1617.90      0.00     1.00       0.0000    0.0000
   3580.00      1618.14      0.00     1.00       0.0000    0.0000
   3600.00      1618.38      0.00     1.00       0.0000    0.0000
   3620.00      1618.62      0.00     1.00       0.0000    0.0000
   3640.00      1618.86      0.00     1.00       0.0000    0.0000
   3660.00      1619.10      0.00     1.00       0.0000    0.0000
   3680.00      1619.34      0.00     1.00       0.0000    0.0000
   3700.00      1619.58      0.00     1.00       0.0000    0.0000
   3720.00      1619.82      0.00     1.00       0.0000    0.0000
   3740.00      1620.06      0.00     1.00       0.0000    0.0000
   3760.00      1620.30      0.00     1.00       0.0000    0.0000
   3780.00      1620.54      0.00     1.00       0.0000    0.0000
   3800.00      1620.78      0.00     1.00       0.0000    0.0000
   3820.00      1621.02      0.00     1.00       0.0000    0.0000
   3840.00      1621.26      0.00     1.00       0.0000    0.0000
   3860.00      1621.50      0.00     1.00       0.0000    0.0000
   3880.00      1621.74      0.00     1.00       0.0000    0.0000
   3900.00      1621.98      0.00     1.00       0.0000    0.0000
   3920.00      1622.22      0.00     1.00       0.0000    0.0000
   3940.00      1622.46      0.00     1.00       0.0000    0.0000
   3960.00      1622.70      0.00     1.00       0.0000    0.0000
   3980.00      1622.94      0.00     1.00       0.0000    0.0000
   4000.00      1623.18      0.00     1.00       0.0000    0.0000
   4020.00      1623.42      0.00     1.00       0.0000    0.0000
   4040.00      1623.66      0.00     1.00       0.0000    0.0000
   4060.00      1623.90      0.00     1.00       0.0000    0.0000
   4080.00      1624.14      0.00     1.00       0.0000    0.0000
   4100.00      1624.38      0.00     1.00       0.0000    0.0000
   4120.00      1624.62      0.00     1.00       0.0000    0.0000
   4140.00      1624.86      0.00     1.00       0.0000    0.0000
   4160.00      1625.10      0.00     1.00       0.0000    0.0000
   4180.00      1625.34      0.00     1.00       0.0000    0.0000
   4200.00      1625.58      0.00     1.00       0.0000    0.0000
   4220.00      1625.82      0.00     1.00       0.0000    0.0000
   4240.00      1626.06      0.00     1.00       0.0000    0.0000
   4260.00      1626.30      0.00     1.00       0.0000    0.0000
   4280.00      1626.54      0.00     1.00       0.0000    0.0000
   4300.00      1626.78      0.00     1.00       0.0000    0.0000
   4320.00      1627.02      0.00     1.00       0.0000    0.0000
   4340.00      1627.26      0.00     1.00       0.0000    0.0000
   4360.00      1627.50      0.00     1.00       0.0000    0.0000
   4380.00      1627.74      0.00     1.00       0.0000    0.0000
   4400.00      1627.98      0.00     1.00       0.0000    0.0000
   4420.00      1628.22      0.00     1.00       0.0000    0.0000
   4440.00      1628.46      0.00     1.00       0.0000    0.0000
   4460.00      1628.70      0.00     1.00       0.0000    0.0000
   4480.00      1628.94      0.00     1.00       0.0000    0.0000
   4500.00      1629.18      0.00     1.00       0.0000    0.0000
   4520.00      1629.42      0.00     1.00       0.0000    0.0000
   4540.00      1629.66      0.00     1.00       0.0000    0.0000
   4560.00      1629.90      0.00     1.00       0.0000    0.0000
   4580.00      1630.14      0.00     1.00       0.0000    0.0000
   4600.00      1630.38      0.00     1.00       0.0000    0.0000
   4620.00      1630.62      0.00     1.00       0.0000    0.0000
   4640.00      1630.86      0.00     1.00       0.0000    0.0000
   4660.00      1631.10      0.00     1.00       0.0000    0.0000
   4680.00      1631.34      0.00     1.00       0.0000    0.0000
   4700.00      1631.58      0.00     1.00       0.0000    0.0000
   4720.00      1631.82      0.00     1.00       0.0000    0.0000
   4740.00      1632.06      0.00     1.00       0.0000    0.0000
   4760.00      1632.30      0.00     1.00       0.0000    0.0000
   4780.00      1632.54      0.00     1.00       0.0000    0.0000
   4800.00      1632.78      0.00     1.00       0.0000    0.0000
   4820.00      1633.02      0.00     1.00       0.0000    0.0000
   4840.00      1633.26      0.00     1.00       0.0000    0.0000
   4860.00      1633.50      0.00     1.00       0.0000    0.0000
   4880.00      1633.74      0.00     1.00       0.0000    0.0000
   4900.00      1633.98      0.00     1.00       0.0000    0.0000
   4920.00      1634.22      0.00     1.00       0.0000    0.0000
   4940.00      1634.46      0.00     1.00       0.0000    0.0000
   4960.00      1634.70      0.00     1.00       0.0000    0.0000
   4980.00      1634.94      0.00     1.00       0.0000    0.0000
   5000.00      1635.18      0.00     1.00       0.0000    0.0000

                                 ( RMS rough =   0.00     )
     Perfectly RIGID

 cLow =   1500.0    m/s      cHigh =   1800.0    m/s
 RMax =    65.000000000000000      km

 __________________________________________________________________________


 Number of source   depths =            1
 Source depths (m)
   200.000    

 Number of receiver depths =           13
 Receiver depths (m)
   180.000       190.000       195.000       198.000       199.000    
   199.500       200.000       200.500       201.000       202.000    
   205.000       210.000       220.000    

 Mesh multiplier   CPU seconds
                --- Number of modes =          512
        1            0.828    s
                --- Number of modes =          512
        2            0.781    s

    I    k (1/m)            alpha (1/m)   Phase Speed (m/s) Group Speed (m/s)
    1  0.6722344229     -0.7307201884E-06   1500.148174       1500.000948    
   18  0.6700332003     -0.7318957173E-06   1505.076527       1500.096321    
   35  0.6679103131     -0.7329943728E-06   1509.860264       1500.350589    
   52  0.6656818110     -0.7349365005E-06   1514.914821       1497.421577    
   69  0.6628448363     -0.7375225822E-06   1521.398654       1493.290713    
   86  0.6595496432     -0.7403676555E-06   1528.999753       1489.216217    
  103  0.6558765516     -0.7434994786E-06   1537.562578       1484.929882    
  120  0.6518680612     -0.7469156348E-06   1547.017413       1480.372727    
  137  0.6475516631     -0.7506138471E-06   1557.329398       1475.520278    
  154  0.6429464351     -0.7545989154E-06   1568.484071       1470.340813    
  171  0.6380666576     -0.7588623225E-06   1580.479453       1464.866541    
  188  0.6329227725     -0.7634146214E-06   1593.324313       1459.066050    
  205  0.6275244738     -0.7681671666E-06   1607.030935       1453.280489    
  222  0.6236347169     -0.7488102471E-06   1617.054366       1538.202530    
  239  0.6212756211     -0.7483872938E-06   1623.194614       1545.758001    
  256  0.6192490855     -0.7472551315E-06   1628.506631       1555.556917    
  273  0.6174085191     -0.7470465892E-06   1633.361398       1561.067305    
  290  0.6155075025     -0.7523633092E-06   1638.406092       1543.673350    
  307  0.6130492473     -0.7581376407E-06   1644.975907       1526.237851    
  324  0.6102193321     -0.7636737496E-06   1652.604545       1511.102085    
  341  0.6070720571     -0.7690026249E-06   1661.172228       1497.924518    
  358  0.6036333495     -0.7743682182E-06   1670.635399       1485.634417    
  375  0.5999180065     -0.7801884756E-06   1680.981786       1472.599170    
  392  0.5959350283     -0.7861861407E-06   1692.216759       1459.900232    
  409  0.5916894537     -0.7924618057E-06   1704.358994       1447.174328    
  426  0.5871830544     -0.7991040483E-06   1717.439279       1434.136074    
  443  0.5824164487     -0.8062059414E-06   1731.495125       1420.511027    
  460  0.5773874744     -0.8136659093E-06   1746.576236       1406.730385    
  477  0.5720935747     -0.8215785698E-06   1762.738277       1392.533978    
  494  0.5665303136     -0.8300190528E-06   1780.048159       1377.757359    
  511  0.5606922656     -0.8389945411E-06   1798.582402       1362.480968    
 _________________________________________________

 KRAKEN- R                                                                       
 End of environmental file
