 _________________________________________________

 KRAKEN- E2_ESTD                                                                 
 Frequency =   177.5    Hz
 NMedia    =   1


     C-Linear approximation to SSP
     Attenuation units: dB/wavelength
     THORP attenuation added
     VACUUM


   z (m)     alphaR (m/s)   betaR  rho (g/cm^3)  alphaI     betaI


       ( # mesh points = 20001  RMS rough =   0.00     )
      0.00      1511.55      0.00     1.00       0.0000    0.0000
     20.00      1511.26      0.00     1.00       0.0000    0.0000
     40.00      1510.97      0.00     1.00       0.0000    0.0000
     60.00      1510.68      0.00     1.00       0.0000    0.0000
     80.00      1510.39      0.00     1.00       0.0000    0.0000
    100.00      1510.10      0.00     1.00       0.0000    0.0000
    120.00      1509.81      0.00     1.00       0.0000    0.0000
    140.00      1509.53      0.00     1.00       0.0000    0.0000
    160.00      1509.25      0.00     1.00       0.0000    0.0000
    180.00      1508.97      0.00     1.00       0.0000    0.0000
    200.00      1508.69      0.00     1.00       0.0000    0.0000
    220.00      1508.41      0.00     1.00       0.0000    0.0000
    240.00      1508.14      0.00     1.00       0.0000    0.0000
    260.00      1507.87      0.00     1.00       0.0000    0.0000
    280.00      1507.59      0.00     1.00       0.0000    0.0000
    300.00      1507.33      0.00     1.00       0.0000    0.0000
    320.00      1507.06      0.00     1.00       0.0000    0.0000
    340.00      1506.80      0.00     1.00       0.0000    0.0000
    360.00      1506.54      0.00     1.00       0.0000    0.0000
    380.00      1506.28      0.00     1.00       0.0000    0.0000
    400.00      1506.02      0.00     1.00       0.0000    0.0000
    420.00      1505.77      0.00     1.00       0.0000    0.0000
    440.00      1505.52      0.00     1.00       0.0000    0.0000
    460.00      1505.27      0.00     1.00       0.0000    0.0000
    480.00      1505.02      0.00     1.00       0.0000    0.0000
    500.00      1504.78      0.00     1.00       0.0000    0.0000
    520.00      1504.54      0.00     1.00       0.0000    0.0000
    540.00      1504.30      0.00     1.00       0.0000    0.0000
    560.00      1504.07      0.00     1.00       0.0000    0.0000
    580.00      1503.84      0.00     1.00       0.0000    0.0000
    600.00      1503.62      0.00     1.00       0.0000    0.0000
    620.00      1503.39      0.00     1.00       0.0000    0.0000
    640.00      1503.17      0.00     1.00       0.0000    0.0000
    660.00      1502.96      0.00     1.00       0.0000    0.0000
    680.00      1502.75      0.00     1.00       0.0000    0.0000
    700.00      1502.54      0.00     1.00       0.0000    0.0000
    720.00      1502.34      0.00     1.00       0.0000    0.0000
    740.00      1502.14      0.00     1.00       0.0000    0.0000
    760.00      1501.95      0.00     1.00       0.0000    0.0000
    780.00      1501.76      0.00     1.00       0.0000    0.0000
    800.00      1501.57      0.00     1.00       0.0000    0.0000
    820.00      1501.39      0.00     1.00       0.0000    0.0000
    840.00      1501.22      0.00     1.00       0.0000    0.0000
    860.00      1501.05      0.00     1.00       0.0000    0.0000
    880.00      1500.88      0.00     1.00       0.0000    0.0000
    900.00      1500.72      0.00     1.00       0.0000    0.0000
    920.00      1500.57      0.00     1.00       0.0000    0.0000
    940.00      1500.42      0.00     1.00       0.0000    0.0000
    960.00      1500.28      0.00     1.00       0.0000    0.0000
    980.00      1500.14      0.00     1.00       0.0000    0.0000
   1000.00      1500.02      0.00     1.00       0.0000    0.0000
   1020.00      1499.89      0.00     1.00       0.0000    0.0000
   1040.00      1499.78      0.00     1.00       0.0000    0.0000
   1060.00      1499.67      0.00     1.00       0.0000    0.0000
   1080.00      1499.57      0.00     1.00       0.0000    0.0000
   1100.00      1499.47      0.00     1.00       0.0000    0.0000
   1120.00      1499.39      0.00     1.00       0.0000    0.0000
   1140.00      1499.31      0.00     1.00       0.0000    0.0000
   1160.00      1499.24      0.00     1.00       0.0000    0.0000
   1180.00      1499.18      0.00     1.00       0.0000    0.0000
   1200.00      1499.12      0.00     1.00       0.0000    0.0000
   1220.00      1499.08      0.00     1.00       0.0000    0.0000
   1240.00      1499.05      0.00     1.00       0.0000    0.0000
   1260.00      1499.02      0.00     1.00       0.0000    0.0000
   1280.00      1499.01      0.00     1.00       0.0000    0.0000
   1300.00      1499.00      0.00     1.00       0.0000    0.0000
   1320.00      1499.01      0.00     1.00       0.0000    0.0000
   1340.00      1499.02      0.00     1.00       0.0000    0.0000
   1360.00      1499.05      0.00     1.00       0.0000    0.0000
   1380.00      1499.09      0.00     1.00       0.0000    0.0000
   1400.00      1499.14      0.00     1.00       0.0000    0.0000
   1420.00      1499.20      0.00     1.00       0.0000    0.0000
   1440.00      1499.28      0.00     1.00       0.0000    0.0000
   1460.00      1499.36      0.00     1.00       0.0000    0.0000
   1480.00      1499.47      0.00     1.00       0.0000    0.0000
   1500.00      1499.58      0.00     1.00       0.0000    0.0000
   1520.00      1499.71      0.00     1.00       0.0000    0.0000
   1540.00      1499.86      0.00     1.00       0.0000    0.0000
   1560.00      1500.02      0.00     1.00       0.0000    0.0000
   1580.00      1500.19      0.00     1.00       0.0000    0.0000
   1600.00      1500.38      0.00     1.00       0.0000    0.0000
   1620.00      1500.59      0.00     1.00       0.0000    0.0000
   1640.00      1500.81      0.00     1.00       0.0000    0.0000
   1660.00      1501.06      0.00     1.00       0.0000    0.0000
   1680.00      1501.32      0.00     1.00       0.0000    0.0000
   1700.00      1501.60      0.00     1.00       0.0000    0.0000
   1720.00      1501.90      0.00     1.00       0.0000    0.0000
   1740.00      1502.22      0.00     1.00       0.0000    0.0000
   1760.00      1502.56      0.00     1.00       0.0000    0.0000
   1780.00      1502.92      0.00     1.00       0.0000    0.0000
   1800.00      1503.30      0.00     1.00       0.0000    0.0000
   1820.00      1503.70      0.00     1.00       0.0000    0.0000
   1840.00      1504.13      0.00     1.00       0.0000    0.0000
   1860.00      1504.59      0.00     1.00       0.0000    0.0000
   1880.00      1505.06      0.00     1.00       0.0000    0.0000
   1900.00      1505.57      0.00     1.00       0.0000    0.0000
   1920.00      1506.10      0.00     1.00       0.0000    0.0000
   1940.00      1506.65      0.00     1.00       0.0000    0.0000
   1960.00      1507.24      0.00     1.00       0.0000    0.0000
   1980.00      1507.85      0.00     1.00       0.0000    0.0000
   2000.00      1508.49      0.00     1.00       0.0000    0.0000
   2020.00      1509.17      0.00     1.00       0.0000    0.0000
   2040.00      1509.87      0.00     1.00       0.0000    0.0000
   2060.00      1510.61      0.00     1.00       0.0000    0.0000
   2080.00      1511.38      0.00     1.00       0.0000    0.0000
   2100.00      1512.19      0.00     1.00       0.0000    0.0000
   2120.00      1513.03      0.00     1.00       0.0000    0.0000
   2140.00      1513.91      0.00     1.00       0.0000    0.0000
   2160.00      1514.83      0.00     1.00       0.0000    0.0000
   2180.00      1515.79      0.00     1.00       0.0000    0.0000
   2200.00      1516.78      0.00     1.00       0.0000    0.0000
   2220.00      1517.82      0.00     1.00       0.0000    0.0000
   2240.00      1518.91      0.00     1.00       0.0000    0.0000
   2260.00      1520.03      0.00     1.00       0.0000    0.0000
   2280.00      1521.21      0.00     1.00       0.0000    0.0000
   2300.00      1522.43      0.00     1.00       0.0000    0.0000
   2320.00      1523.69      0.00     1.00       0.0000    0.0000
   2340.00      1525.01      0.00     1.00       0.0000    0.0000
   2360.00      1526.38      0.00     1.00       0.0000    0.0000
   2380.00      1527.81      0.00     1.00       0.0000    0.0000
   2400.00      1529.29      0.00     1.00       0.0000    0.0000
   2420.00      1530.82      0.00     1.00       0.0000    0.0000
   2440.00      1532.42      0.00     1.00       0.0000    0.0000
   2460.00      1534.07      0.00     1.00       0.0000    0.0000
   2480.00      1535.79      0.00     1.00       0.0000    0.0000
   2500.00      1537.57      0.00     1.00       0.0000    0.0000
   2520.00      1539.42      0.00     1.00       0.0000    0.0000
   2540.00      1541.34      0.00     1.00       0.0000    0.0000
   2560.00      1543.33      0.00     1.00       0.0000    0.0000
   2580.00      1545.39      0.00     1.00       0.0000    0.0000
   2600.00      1547.52      0.00     1.00       0.0000    0.0000
   2620.00      1549.73      0.00     1.00       0.0000    0.0000
   2640.00      1552.03      0.00     1.00       0.0000    0.0000
   2660.00      1554.40      0.00     1.00       0.0000    0.0000
   2680.00      1556.86      0.00     1.00       0.0000    0.0000
   2700.00      1559.41      0.00     1.00       0.0000    0.0000
   2720.00      1562.04      0.00     1.00       0.0000    0.0000
   2740.00      1564.77      0.00     1.00       0.0000    0.0000
   2760.00      1567.60      0.00     1.00       0.0000    0.0000
   2780.00      1570.52      0.00     1.00       0.0000    0.0000
   2800.00      1573.55      0.00     1.00       0.0000    0.0000
   2820.00      1576.68      0.00     1.00       0.0000    0.0000
   2840.00      1579.92      0.00     1.00       0.0000    0.0000
   2860.00      1583.27      0.00     1.00       0.0000    0.0000
   2880.00      1586.74      0.00     1.00       0.0000    0.0000
   2900.00      1590.33      0.00     1.00       0.0000    0.0000
   2920.00      1594.04      0.00     1.00       0.0000    0.0000
   2940.00      1597.87      0.00     1.00       0.0000    0.0000
   2960.00      1601.84      0.00     1.00       0.0000    0.0000
   2980.00      1605.94      0.00     1.00       0.0000    0.0000
   3000.00      1610.18      0.00     1.00       0.0000    0.0000
   3020.00      1610.42      0.00     1.00       0.0000    0.0000
   3040.00      1610.66      0.00     1.00       0.0000    0.0000
   3060.00      1610.90      0.00     1.00       0.0000    0.0000
   3080.00      1611.14      0.00     1.00       0.0000    0.0000
   3100.00      1611.38      0.00     1.00       0.0000    0.0000
   3120.00      1611.62      0.00     1.00       0.0000    0.0000
   3140.00      1611.86      0.00     1.00       0.0000    0.0000
   3160.00      1612.10      0.00     1.00       0.0000    0.0000
   3180.00      1612.34      0.00     1.00       0.0000    0.0000
   3200.00      1612.58      0.00     1.00       0.0000    0.0000
   3220.00      1612.82      0.00     1.00       0.0000    0.0000
   3240.00      1613.06      0.00     1.00       0.0000    0.0000
   3260.00      1613.30      0.00     1.00       0.0000    0.0000
   3280.00      1613.54      0.00     1.00       0.0000    0.0000
   3300.00      1613.78      0.00     1.00       0.0000    0.0000
   3320.00      1614.02      0.00     1.00       0.0000    0.0000
   3340.00      1614.26      0.00     1.00       0.0000    0.0000
   3360.00      1614.50      0.00     1.00       0.0000    0.0000
   3380.00      1614.74      0.00     1.00       0.0000    0.0000
   3400.00      1614.98      0.00     1.00       0.0000    0.0000
   3420.00      1615.22      0.00     1.00       0.0000    0.0000
   3440.00      1615.46      0.00     1.00       0.0000    0.0000
   3460.00      1615.70      0.00     1.00       0.0000    0.0000
   3480.00      1615.94      0.00     1.00       0.0000    0.0000
   3500.00      1616.18      0.00     1.00       0.0000    0.0000
   3520.00      1616.42      0.00     1.00       0.0000    0.0000
   3540.00      1616.66      0.00     1.00       0.0000    0.0000
   3560.00      1616.90      0.00     1.00       0.0000    0.0000
   3580.00      1617.14      0.00     1.00       0.0000    0.0000
   3600.00      1617.38      0.00     1.00       0.0000    0.0000
   3620.00      1617.62      0.00     1.00       0.0000    0.0000
   3640.00      1617.86      0.00     1.00       0.0000    0.0000
   3660.00      1618.10      0.00     1.00       0.0000    0.0000
   3680.00      1618.34      0.00     1.00       0.0000    0.0000
   3700.00      1618.58      0.00     1.00       0.0000    0.0000
   3720.00      1618.82      0.00     1.00       0.0000    0.0000
   3740.00      1619.06      0.00     1.00       0.0000    0.0000
   3760.00      1619.30      0.00     1.00       0.0000    0.0000
   3780.00      1619.54      0.00     1.00       0.0000    0.0000
   3800.00      1619.78      0.00     1.00       0.0000    0.0000
   3820.00      1620.02      0.00     1.00       0.0000    0.0000
   3840.00      1620.26      0.00     1.00       0.0000    0.0000
   3860.00      1620.50      0.00     1.00       0.0000    0.0000
   3880.00      1620.74      0.00     1.00       0.0000    0.0000
   3900.00      1620.98      0.00     1.00       0.0000    0.0000
   3920.00      1621.22      0.00     1.00       0.0000    0.0000
   3940.00      1621.46      0.00     1.00       0.0000    0.0000
   3960.00      1621.70      0.00     1.00       0.0000    0.0000
   3980.00      1621.94      0.00     1.00       0.0000    0.0000
   4000.00      1622.18      0.00     1.00       0.0000    0.0000
   4020.00      1622.42      0.00     1.00       0.0000    0.0000
   4040.00      1622.66      0.00     1.00       0.0000    0.0000
   4060.00      1622.90      0.00     1.00       0.0000    0.0000
   4080.00      1623.14      0.00     1.00       0.0000    0.0000
   4100.00      1623.38      0.00     1.00       0.0000    0.0000
   4120.00      1623.62      0.00     1.00       0.0000    0.0000
   4140.00      1623.86      0.00     1.00       0.0000    0.0000
   4160.00      1624.10      0.00     1.00       0.0000    0.0000
   4180.00      1624.34      0.00     1.00       0.0000    0.0000
   4200.00      1624.58      0.00     1.00       0.0000    0.0000
   4220.00      1624.82      0.00     1.00       0.0000    0.0000
   4240.00      1625.06      0.00     1.00       0.0000    0.0000
   4260.00      1625.30      0.00     1.00       0.0000    0.0000
   4280.00      1625.54      0.00     1.00       0.0000    0.0000
   4300.00      1625.78      0.00     1.00       0.0000    0.0000
   4320.00      1626.02      0.00     1.00       0.0000    0.0000
   4340.00      1626.26      0.00     1.00       0.0000    0.0000
   4360.00      1626.50      0.00     1.00       0.0000    0.0000
   4380.00      1626.74      0.00     1.00       0.0000    0.0000
   4400.00      1626.98      0.00     1.00       0.0000    0.0000
   4420.00      1627.22      0.00     1.00       0.0000    0.0000
   4440.00      1627.46      0.00     1.00       0.0000    0.0000
   4460.00      1627.70      0.00     1.00       0.0000    0.0000
   4480.00      1627.94      0.00     1.00       0.0000    0.0000
   4500.00      1628.18      0.00     1.00       0.0000    0.0000
   4520.00      1628.42      0.00     1.00       0.0000    0.0000
   4540.00      1628.66      0.00     1.00       0.0000    0.0000
   4560.00      1628.90      0.00     1.00       0.0000    0.0000
   4580.00      1629.14      0.00     1.00       0.0000    0.0000
   4600.00      1629.38      0.00     1.00       0.0000    0.0000
   4620.00      1629.62      0.00     1.00       0.0000    0.0000
   4640.00      1629.86      0.00     1.00       0.0000    0.0000
   4660.00      1630.10      0.00     1.00       0.0000    0.0000
   4680.00      1630.34      0.00     1.00       0.0000    0.0000
   4700.00      1630.58      0.00     1.00       0.0000    0.0000
   4720.00      1630.82      0.00     1.00       0.0000    0.0000
   4740.00      1631.06      0.00     1.00       0.0000    0.0000
   4760.00      1631.30      0.00     1.00       0.0000    0.0000
   4780.00      1631.54      0.00     1.00       0.0000    0.0000
   4800.00      1631.78      0.00     1.00       0.0000    0.0000
   4820.00      1632.02      0.00     1.00       0.0000    0.0000
   4840.00      1632.26      0.00     1.00       0.0000    0.0000
   4860.00      1632.50      0.00     1.00       0.0000    0.0000
   4880.00      1632.74      0.00     1.00       0.0000    0.0000
   4900.00      1632.98      0.00     1.00       0.0000    0.0000
   4920.00      1633.22      0.00     1.00       0.0000    0.0000
   4940.00      1633.46      0.00     1.00       0.0000    0.0000
   4960.00      1633.70      0.00     1.00       0.0000    0.0000
   4980.00      1633.94      0.00     1.00       0.0000    0.0000
   5000.00      1634.18      0.00     1.00       0.0000    0.0000

                                 ( RMS rough =   0.00     )
     Perfectly RIGID

 cLow =   1500.0    m/s      cHigh =   1800.0    m/s
 RMax =    65.000000000000000      km

 __________________________________________________________________________


 Number of source   depths =            1
 Source depths (m)
   200.000    

 Number of receiver depths =           13
 Receiver depths (m)
   180.000       190.000       195.000       198.000       199.000    
   199.500       200.000       200.500       201.000       202.000    
   205.000       210.000       220.000    

 Mesh multiplier   CPU seconds
                --- Number of modes =          568
        1            0.438    s
                --- Number of modes =          567
        2            0.438    s
        4            0.281    s

    I    k (1/m)            alpha (1/m)   Phase Speed (m/s) Group Speed (m/s)
    1  0.7434139836     -0.8070759762E-06   1500.194261       1499.006256    
   19  0.7410986832     -0.8083020739E-06   1504.881087       1499.128301    
   37  0.7388615723     -0.8094525305E-06   1509.437537       1499.390096    
   55  0.7364543609     -0.8116695719E-06   1514.371360       1496.078938    
   73  0.7334178684     -0.8144139232E-06   1520.641152       1492.153837    
   91  0.7299220763     -0.8174243538E-06   1527.923909       1488.255509    
  109  0.7260431202     -0.8207236092E-06   1536.086991       1484.167834    
  127  0.7218227063     -0.8243151743E-06   1545.068314       1479.817268    
  145  0.7172881580     -0.8281865453E-06   1554.835919       1475.217953    
  163  0.7124586868     -0.8323435629E-06   1565.375527       1470.335823    
  181  0.7073486614     -0.8367975265E-06   1576.684106       1465.129716    
  199  0.7019690113     -0.8415329419E-06   1588.767273       1459.660135    
  217  0.6963282532     -0.8465606080E-06   1601.637427       1453.901870    
  235  0.6912295681     -0.8283595274E-06   1613.451512       1528.883730    
  253  0.6884920967     -0.8269959984E-06   1619.866658       1540.001483    
  271  0.6862256059     -0.8255241804E-06   1625.216813       1550.632884    
  289  0.6841953026     -0.8246615956E-06   1630.039534       1558.523404    
  307  0.6823312388     -0.8260528390E-06   1634.492646       1557.457370    
  325  0.6800119247     -0.8336038029E-06   1640.067404       1534.418896    
  343  0.6772381061     -0.8395470848E-06   1646.784760       1518.889843    
  361  0.6741148441     -0.8450668917E-06   1654.414529       1506.020483    
  379  0.6706802891     -0.8508401842E-06   1662.886788       1493.234052    
  397  0.6669561865     -0.8566769091E-06   1672.171898       1481.167600    
  415  0.6629549033     -0.8628181126E-06   1682.264339       1468.964003    
  433  0.6586836668     -0.8691232350E-06   1693.172988       1457.115336    
  451  0.6541468583     -0.8759055319E-06   1704.915919       1444.589578    
  469  0.6493459987     -0.8830100918E-06   1717.521005       1431.952621    
  487  0.6442812177     -0.8904877321E-06   1731.022668       1419.082400    
  505  0.6389507891     -0.8983719407E-06   1745.463674       1405.927315    
  523  0.6333516086     -0.9067323029E-06   1760.894544       1392.336068    
  541  0.6274798135     -0.9156404806E-06   1777.372543       1378.170053    
  559  0.6213302853     -0.9250258282E-06   1794.963835       1363.730419    
 _________________________________________________

 KRAKEN- R                                                                       
 End of environmental file
