 _________________________________________________

 KRAKEN- E2_ESTD                                                                 
 Frequency =   177.0    Hz
 NMedia    =   1


     C-Linear approximation to SSP
     Attenuation units: dB/wavelength
     THORP attenuation added
     VACUUM


   z (m)     alphaR (m/s)   betaR  rho (g/cm^3)  alphaI     betaI


       ( # mesh points = 20001  RMS rough =   0.00     )
      0.00      1511.55      0.00     1.00       0.0000    0.0000
     20.00      1511.26      0.00     1.00       0.0000    0.0000
     40.00      1510.97      0.00     1.00       0.0000    0.0000
     60.00      1510.68      0.00     1.00       0.0000    0.0000
     80.00      1510.39      0.00     1.00       0.0000    0.0000
    100.00      1510.10      0.00     1.00       0.0000    0.0000
    120.00      1509.81      0.00     1.00       0.0000    0.0000
    140.00      1509.53      0.00     1.00       0.0000    0.0000
    160.00      1509.25      0.00     1.00       0.0000    0.0000
    180.00      1508.97      0.00     1.00       0.0000    0.0000
    200.00      1508.69      0.00     1.00       0.0000    0.0000
    220.00      1508.41      0.00     1.00       0.0000    0.0000
    240.00      1508.14      0.00     1.00       0.0000    0.0000
    260.00      1507.87      0.00     1.00       0.0000    0.0000
    280.00      1507.59      0.00     1.00       0.0000    0.0000
    300.00      1507.33      0.00     1.00       0.0000    0.0000
    320.00      1507.06      0.00     1.00       0.0000    0.0000
    340.00      1506.80      0.00     1.00       0.0000    0.0000
    360.00      1506.54      0.00     1.00       0.0000    0.0000
    380.00      1506.28      0.00     1.00       0.0000    0.0000
    400.00      1506.02      0.00     1.00       0.0000    0.0000
    420.00      1505.77      0.00     1.00       0.0000    0.0000
    440.00      1505.52      0.00     1.00       0.0000    0.0000
    460.00      1505.27      0.00     1.00       0.0000    0.0000
    480.00      1505.02      0.00     1.00       0.0000    0.0000
    500.00      1504.78      0.00     1.00       0.0000    0.0000
    520.00      1504.54      0.00     1.00       0.0000    0.0000
    540.00      1504.30      0.00     1.00       0.0000    0.0000
    560.00      1504.07      0.00     1.00       0.0000    0.0000
    580.00      1503.84      0.00     1.00       0.0000    0.0000
    600.00      1503.62      0.00     1.00       0.0000    0.0000
    620.00      1503.39      0.00     1.00       0.0000    0.0000
    640.00      1503.17      0.00     1.00       0.0000    0.0000
    660.00      1502.96      0.00     1.00       0.0000    0.0000
    680.00      1502.75      0.00     1.00       0.0000    0.0000
    700.00      1502.54      0.00     1.00       0.0000    0.0000
    720.00      1502.34      0.00     1.00       0.0000    0.0000
    740.00      1502.14      0.00     1.00       0.0000    0.0000
    760.00      1501.95      0.00     1.00       0.0000    0.0000
    780.00      1501.76      0.00     1.00       0.0000    0.0000
    800.00      1501.57      0.00     1.00       0.0000    0.0000
    820.00      1501.39      0.00     1.00       0.0000    0.0000
    840.00      1501.22      0.00     1.00       0.0000    0.0000
    860.00      1501.05      0.00     1.00       0.0000    0.0000
    880.00      1500.88      0.00     1.00       0.0000    0.0000
    900.00      1500.72      0.00     1.00       0.0000    0.0000
    920.00      1500.57      0.00     1.00       0.0000    0.0000
    940.00      1500.42      0.00     1.00       0.0000    0.0000
    960.00      1500.28      0.00     1.00       0.0000    0.0000
    980.00      1500.14      0.00     1.00       0.0000    0.0000
   1000.00      1500.02      0.00     1.00       0.0000    0.0000
   1020.00      1499.89      0.00     1.00       0.0000    0.0000
   1040.00      1499.78      0.00     1.00       0.0000    0.0000
   1060.00      1499.67      0.00     1.00       0.0000    0.0000
   1080.00      1499.57      0.00     1.00       0.0000    0.0000
   1100.00      1499.47      0.00     1.00       0.0000    0.0000
   1120.00      1499.39      0.00     1.00       0.0000    0.0000
   1140.00      1499.31      0.00     1.00       0.0000    0.0000
   1160.00      1499.24      0.00     1.00       0.0000    0.0000
   1180.00      1499.18      0.00     1.00       0.0000    0.0000
   1200.00      1499.12      0.00     1.00       0.0000    0.0000
   1220.00      1499.08      0.00     1.00       0.0000    0.0000
   1240.00      1499.05      0.00     1.00       0.0000    0.0000
   1260.00      1499.02      0.00     1.00       0.0000    0.0000
   1280.00      1499.01      0.00     1.00       0.0000    0.0000
   1300.00      1499.00      0.00     1.00       0.0000    0.0000
   1320.00      1499.01      0.00     1.00       0.0000    0.0000
   1340.00      1499.02      0.00     1.00       0.0000    0.0000
   1360.00      1499.05      0.00     1.00       0.0000    0.0000
   1380.00      1499.09      0.00     1.00       0.0000    0.0000
   1400.00      1499.14      0.00     1.00       0.0000    0.0000
   1420.00      1499.20      0.00     1.00       0.0000    0.0000
   1440.00      1499.28      0.00     1.00       0.0000    0.0000
   1460.00      1499.36      0.00     1.00       0.0000    0.0000
   1480.00      1499.47      0.00     1.00       0.0000    0.0000
   1500.00      1499.58      0.00     1.00       0.0000    0.0000
   1520.00      1499.71      0.00     1.00       0.0000    0.0000
   1540.00      1499.86      0.00     1.00       0.0000    0.0000
   1560.00      1500.02      0.00     1.00       0.0000    0.0000
   1580.00      1500.19      0.00     1.00       0.0000    0.0000
   1600.00      1500.38      0.00     1.00       0.0000    0.0000
   1620.00      1500.59      0.00     1.00       0.0000    0.0000
   1640.00      1500.81      0.00     1.00       0.0000    0.0000
   1660.00      1501.06      0.00     1.00       0.0000    0.0000
   1680.00      1501.32      0.00     1.00       0.0000    0.0000
   1700.00      1501.60      0.00     1.00       0.0000    0.0000
   1720.00      1501.90      0.00     1.00       0.0000    0.0000
   1740.00      1502.22      0.00     1.00       0.0000    0.0000
   1760.00      1502.56      0.00     1.00       0.0000    0.0000
   1780.00      1502.92      0.00     1.00       0.0000    0.0000
   1800.00      1503.30      0.00     1.00       0.0000    0.0000
   1820.00      1503.70      0.00     1.00       0.0000    0.0000
   1840.00      1504.13      0.00     1.00       0.0000    0.0000
   1860.00      1504.59      0.00     1.00       0.0000    0.0000
   1880.00      1505.06      0.00     1.00       0.0000    0.0000
   1900.00      1505.57      0.00     1.00       0.0000    0.0000
   1920.00      1506.10      0.00     1.00       0.0000    0.0000
   1940.00      1506.65      0.00     1.00       0.0000    0.0000
   1960.00      1507.24      0.00     1.00       0.0000    0.0000
   1980.00      1507.85      0.00     1.00       0.0000    0.0000
   2000.00      1508.49      0.00     1.00       0.0000    0.0000
   2020.00      1509.17      0.00     1.00       0.0000    0.0000
   2040.00      1509.87      0.00     1.00       0.0000    0.0000
   2060.00      1510.61      0.00     1.00       0.0000    0.0000
   2080.00      1511.38      0.00     1.00       0.0000    0.0000
   2100.00      1512.19      0.00     1.00       0.0000    0.0000
   2120.00      1513.03      0.00     1.00       0.0000    0.0000
   2140.00      1513.91      0.00     1.00       0.0000    0.0000
   2160.00      1514.83      0.00     1.00       0.0000    0.0000
   2180.00      1515.79      0.00     1.00       0.0000    0.0000
   2200.00      1516.78      0.00     1.00       0.0000    0.0000
   2220.00      1517.82      0.00     1.00       0.0000    0.0000
   2240.00      1518.91      0.00     1.00       0.0000    0.0000
   2260.00      1520.03      0.00     1.00       0.0000    0.0000
   2280.00      1521.21      0.00     1.00       0.0000    0.0000
   2300.00      1522.43      0.00     1.00       0.0000    0.0000
   2320.00      1523.69      0.00     1.00       0.0000    0.0000
   2340.00      1525.01      0.00     1.00       0.0000    0.0000
   2360.00      1526.38      0.00     1.00       0.0000    0.0000
   2380.00      1527.81      0.00     1.00       0.0000    0.0000
   2400.00      1529.29      0.00     1.00       0.0000    0.0000
   2420.00      1530.82      0.00     1.00       0.0000    0.0000
   2440.00      1532.42      0.00     1.00       0.0000    0.0000
   2460.00      1534.07      0.00     1.00       0.0000    0.0000
   2480.00      1535.79      0.00     1.00       0.0000    0.0000
   2500.00      1537.57      0.00     1.00       0.0000    0.0000
   2520.00      1539.42      0.00     1.00       0.0000    0.0000
   2540.00      1541.34      0.00     1.00       0.0000    0.0000
   2560.00      1543.33      0.00     1.00       0.0000    0.0000
   2580.00      1545.39      0.00     1.00       0.0000    0.0000
   2600.00      1547.52      0.00     1.00       0.0000    0.0000
   2620.00      1549.73      0.00     1.00       0.0000    0.0000
   2640.00      1552.03      0.00     1.00       0.0000    0.0000
   2660.00      1554.40      0.00     1.00       0.0000    0.0000
   2680.00      1556.86      0.00     1.00       0.0000    0.0000
   2700.00      1559.41      0.00     1.00       0.0000    0.0000
   2720.00      1562.04      0.00     1.00       0.0000    0.0000
   2740.00      1564.77      0.00     1.00       0.0000    0.0000
   2760.00      1567.60      0.00     1.00       0.0000    0.0000
   2780.00      1570.52      0.00     1.00       0.0000    0.0000
   2800.00      1573.55      0.00     1.00       0.0000    0.0000
   2820.00      1576.68      0.00     1.00       0.0000    0.0000
   2840.00      1579.92      0.00     1.00       0.0000    0.0000
   2860.00      1583.27      0.00     1.00       0.0000    0.0000
   2880.00      1586.74      0.00     1.00       0.0000    0.0000
   2900.00      1590.33      0.00     1.00       0.0000    0.0000
   2920.00      1594.04      0.00     1.00       0.0000    0.0000
   2940.00      1597.87      0.00     1.00       0.0000    0.0000
   2960.00      1601.84      0.00     1.00       0.0000    0.0000
   2980.00      1605.94      0.00     1.00       0.0000    0.0000
   3000.00      1610.18      0.00     1.00       0.0000    0.0000
   3020.00      1610.42      0.00     1.00       0.0000    0.0000
   3040.00      1610.66      0.00     1.00       0.0000    0.0000
   3060.00      1610.90      0.00     1.00       0.0000    0.0000
   3080.00      1611.14      0.00     1.00       0.0000    0.0000
   3100.00      1611.38      0.00     1.00       0.0000    0.0000
   3120.00      1611.62      0.00     1.00       0.0000    0.0000
   3140.00      1611.86      0.00     1.00       0.0000    0.0000
   3160.00      1612.10      0.00     1.00       0.0000    0.0000
   3180.00      1612.34      0.00     1.00       0.0000    0.0000
   3200.00      1612.58      0.00     1.00       0.0000    0.0000
   3220.00      1612.82      0.00     1.00       0.0000    0.0000
   3240.00      1613.06      0.00     1.00       0.0000    0.0000
   3260.00      1613.30      0.00     1.00       0.0000    0.0000
   3280.00      1613.54      0.00     1.00       0.0000    0.0000
   3300.00      1613.78      0.00     1.00       0.0000    0.0000
   3320.00      1614.02      0.00     1.00       0.0000    0.0000
   3340.00      1614.26      0.00     1.00       0.0000    0.0000
   3360.00      1614.50      0.00     1.00       0.0000    0.0000
   3380.00      1614.74      0.00     1.00       0.0000    0.0000
   3400.00      1614.98      0.00     1.00       0.0000    0.0000
   3420.00      1615.22      0.00     1.00       0.0000    0.0000
   3440.00      1615.46      0.00     1.00       0.0000    0.0000
   3460.00      1615.70      0.00     1.00       0.0000    0.0000
   3480.00      1615.94      0.00     1.00       0.0000    0.0000
   3500.00      1616.18      0.00     1.00       0.0000    0.0000
   3520.00      1616.42      0.00     1.00       0.0000    0.0000
   3540.00      1616.66      0.00     1.00       0.0000    0.0000
   3560.00      1616.90      0.00     1.00       0.0000    0.0000
   3580.00      1617.14      0.00     1.00       0.0000    0.0000
   3600.00      1617.38      0.00     1.00       0.0000    0.0000
   3620.00      1617.62      0.00     1.00       0.0000    0.0000
   3640.00      1617.86      0.00     1.00       0.0000    0.0000
   3660.00      1618.10      0.00     1.00       0.0000    0.0000
   3680.00      1618.34      0.00     1.00       0.0000    0.0000
   3700.00      1618.58      0.00     1.00       0.0000    0.0000
   3720.00      1618.82      0.00     1.00       0.0000    0.0000
   3740.00      1619.06      0.00     1.00       0.0000    0.0000
   3760.00      1619.30      0.00     1.00       0.0000    0.0000
   3780.00      1619.54      0.00     1.00       0.0000    0.0000
   3800.00      1619.78      0.00     1.00       0.0000    0.0000
   3820.00      1620.02      0.00     1.00       0.0000    0.0000
   3840.00      1620.26      0.00     1.00       0.0000    0.0000
   3860.00      1620.50      0.00     1.00       0.0000    0.0000
   3880.00      1620.74      0.00     1.00       0.0000    0.0000
   3900.00      1620.98      0.00     1.00       0.0000    0.0000
   3920.00      1621.22      0.00     1.00       0.0000    0.0000
   3940.00      1621.46      0.00     1.00       0.0000    0.0000
   3960.00      1621.70      0.00     1.00       0.0000    0.0000
   3980.00      1621.94      0.00     1.00       0.0000    0.0000
   4000.00      1622.18      0.00     1.00       0.0000    0.0000
   4020.00      1622.42      0.00     1.00       0.0000    0.0000
   4040.00      1622.66      0.00     1.00       0.0000    0.0000
   4060.00      1622.90      0.00     1.00       0.0000    0.0000
   4080.00      1623.14      0.00     1.00       0.0000    0.0000
   4100.00      1623.38      0.00     1.00       0.0000    0.0000
   4120.00      1623.62      0.00     1.00       0.0000    0.0000
   4140.00      1623.86      0.00     1.00       0.0000    0.0000
   4160.00      1624.10      0.00     1.00       0.0000    0.0000
   4180.00      1624.34      0.00     1.00       0.0000    0.0000
   4200.00      1624.58      0.00     1.00       0.0000    0.0000
   4220.00      1624.82      0.00     1.00       0.0000    0.0000
   4240.00      1625.06      0.00     1.00       0.0000    0.0000
   4260.00      1625.30      0.00     1.00       0.0000    0.0000
   4280.00      1625.54      0.00     1.00       0.0000    0.0000
   4300.00      1625.78      0.00     1.00       0.0000    0.0000
   4320.00      1626.02      0.00     1.00       0.0000    0.0000
   4340.00      1626.26      0.00     1.00       0.0000    0.0000
   4360.00      1626.50      0.00     1.00       0.0000    0.0000
   4380.00      1626.74      0.00     1.00       0.0000    0.0000
   4400.00      1626.98      0.00     1.00       0.0000    0.0000
   4420.00      1627.22      0.00     1.00       0.0000    0.0000
   4440.00      1627.46      0.00     1.00       0.0000    0.0000
   4460.00      1627.70      0.00     1.00       0.0000    0.0000
   4480.00      1627.94      0.00     1.00       0.0000    0.0000
   4500.00      1628.18      0.00     1.00       0.0000    0.0000
   4520.00      1628.42      0.00     1.00       0.0000    0.0000
   4540.00      1628.66      0.00     1.00       0.0000    0.0000
   4560.00      1628.90      0.00     1.00       0.0000    0.0000
   4580.00      1629.14      0.00     1.00       0.0000    0.0000
   4600.00      1629.38      0.00     1.00       0.0000    0.0000
   4620.00      1629.62      0.00     1.00       0.0000    0.0000
   4640.00      1629.86      0.00     1.00       0.0000    0.0000
   4660.00      1630.10      0.00     1.00       0.0000    0.0000
   4680.00      1630.34      0.00     1.00       0.0000    0.0000
   4700.00      1630.58      0.00     1.00       0.0000    0.0000
   4720.00      1630.82      0.00     1.00       0.0000    0.0000
   4740.00      1631.06      0.00     1.00       0.0000    0.0000
   4760.00      1631.30      0.00     1.00       0.0000    0.0000
   4780.00      1631.54      0.00     1.00       0.0000    0.0000
   4800.00      1631.78      0.00     1.00       0.0000    0.0000
   4820.00      1632.02      0.00     1.00       0.0000    0.0000
   4840.00      1632.26      0.00     1.00       0.0000    0.0000
   4860.00      1632.50      0.00     1.00       0.0000    0.0000
   4880.00      1632.74      0.00     1.00       0.0000    0.0000
   4900.00      1632.98      0.00     1.00       0.0000    0.0000
   4920.00      1633.22      0.00     1.00       0.0000    0.0000
   4940.00      1633.46      0.00     1.00       0.0000    0.0000
   4960.00      1633.70      0.00     1.00       0.0000    0.0000
   4980.00      1633.94      0.00     1.00       0.0000    0.0000
   5000.00      1634.18      0.00     1.00       0.0000    0.0000

                                 ( RMS rough =   0.00     )
     Perfectly RIGID

 cLow =   1500.0    m/s      cHigh =   1800.0    m/s
 RMax =    65.000000000000000      km

 __________________________________________________________________________


 Number of source   depths =            1
 Source depths (m)
   200.000    

 Number of receiver depths =           13
 Receiver depths (m)
   180.000       190.000       195.000       198.000       199.000    
   199.500       200.000       200.500       201.000       202.000    
   205.000       210.000       220.000    

 Mesh multiplier   CPU seconds
                --- Number of modes =          566
        1            0.484    s
                --- Number of modes =          566
        2            0.438    s
        4            0.281    s

    I    k (1/m)            alpha (1/m)   Phase Speed (m/s) Group Speed (m/s)
    1  0.7413182000     -0.8047407632E-06   1500.197620       1499.006286    
   19  0.7390030708     -0.8059665966E-06   1504.897399       1499.128995    
   37  0.7367663268     -0.8071166725E-06   1509.466107       1499.391949    
   55  0.7343544494     -0.8093446140E-06   1514.423723       1496.040228    
   73  0.7313124277     -0.8120910333E-06   1520.723233       1492.107554    
   91  0.7278111113     -0.8151051058E-06   1528.039050       1488.196295    
  109  0.7239263307     -0.8184086619E-06   1536.238913       1484.093852    
  127  0.7196996827     -0.8220047498E-06   1545.260928       1479.728407    
  145  0.7151584950     -0.8258844513E-06   1555.073186       1475.101504    
  163  0.7103219370     -0.8300483183E-06   1565.661627       1470.198154    
  181  0.7052043093     -0.8345069448E-06   1577.023544       1464.979624    
  199  0.6998166100     -0.8392492825E-06   1589.164623       1459.490978    
  217  0.6941672967     -0.8442898657E-06   1602.097657       1453.694738    
  235  0.6891713766     -0.8284146790E-06   1613.711534       1520.046374    
  253  0.6864531267     -0.8237573431E-06   1620.101586       1543.417264    
  271  0.6842004520     -0.8226158041E-06   1625.435640       1552.825637    
  289  0.6821782842     -0.8225436382E-06   1630.253887       1557.691013    
  307  0.6803134535     -0.8239915955E-06   1634.722632       1556.431374    
  325  0.6779636650     -0.8316830456E-06   1640.388500       1532.890661    
  343  0.6751691155     -0.8373786285E-06   1647.178127       1518.301891    
  361  0.6720278156     -0.8430577005E-06   1654.877631       1504.876270    
  379  0.6685762939     -0.8485904614E-06   1663.420928       1492.965110    
  397  0.6648349023     -0.8544862055E-06   1672.781912       1480.706442    
  415  0.6608157549     -0.8606754484E-06   1682.955939       1468.356645    
  433  0.6565268223     -0.8671080315E-06   1693.950287       1456.101227    
  451  0.6519712709     -0.8738870980E-06   1705.786511       1443.617729    
  469  0.6471512925     -0.8809776129E-06   1718.491197       1431.059675    
  487  0.6420664923     -0.8884986221E-06   1732.100667       1418.086238    
  505  0.6367151588     -0.8964503193E-06   1746.658273       1404.760409    
  523  0.6310941696     -0.9048251552E-06   1762.215297       1391.172407    
  541  0.6251991456     -0.9137494196E-06   1778.831285       1377.010573    
  559  0.6190252376     -0.9232178994E-06   1796.572630       1362.383710    
 _________________________________________________

 KRAKEN- R                                                                       
 End of environmental file
