 _________________________________________________

 KRAKEN- E2_ESTD                                                                 
 Frequency =   191.5    Hz
 NMedia    =   1


     C-Linear approximation to SSP
     Attenuation units: dB/wavelength
     THORP attenuation added
     VACUUM


   z (m)     alphaR (m/s)   betaR  rho (g/cm^3)  alphaI     betaI


       ( # mesh points = 40001  RMS rough =   0.00     )
      0.00      1512.55      0.00     1.00       0.0000    0.0000
     20.00      1512.26      0.00     1.00       0.0000    0.0000
     40.00      1511.97      0.00     1.00       0.0000    0.0000
     60.00      1511.68      0.00     1.00       0.0000    0.0000
     80.00      1511.39      0.00     1.00       0.0000    0.0000
    100.00      1511.10      0.00     1.00       0.0000    0.0000
    120.00      1510.81      0.00     1.00       0.0000    0.0000
    140.00      1510.53      0.00     1.00       0.0000    0.0000
    160.00      1510.25      0.00     1.00       0.0000    0.0000
    180.00      1509.97      0.00     1.00       0.0000    0.0000
    200.00      1509.69      0.00     1.00       0.0000    0.0000
    220.00      1509.41      0.00     1.00       0.0000    0.0000
    240.00      1509.14      0.00     1.00       0.0000    0.0000
    260.00      1508.87      0.00     1.00       0.0000    0.0000
    280.00      1508.59      0.00     1.00       0.0000    0.0000
    300.00      1508.33      0.00     1.00       0.0000    0.0000
    320.00      1508.06      0.00     1.00       0.0000    0.0000
    340.00      1507.80      0.00     1.00       0.0000    0.0000
    360.00      1507.54      0.00     1.00       0.0000    0.0000
    380.00      1507.28      0.00     1.00       0.0000    0.0000
    400.00      1507.02      0.00     1.00       0.0000    0.0000
    420.00      1506.77      0.00     1.00       0.0000    0.0000
    440.00      1506.52      0.00     1.00       0.0000    0.0000
    460.00      1506.27      0.00     1.00       0.0000    0.0000
    480.00      1506.02      0.00     1.00       0.0000    0.0000
    500.00      1505.78      0.00     1.00       0.0000    0.0000
    520.00      1505.54      0.00     1.00       0.0000    0.0000
    540.00      1505.30      0.00     1.00       0.0000    0.0000
    560.00      1505.07      0.00     1.00       0.0000    0.0000
    580.00      1504.84      0.00     1.00       0.0000    0.0000
    600.00      1504.62      0.00     1.00       0.0000    0.0000
    620.00      1504.39      0.00     1.00       0.0000    0.0000
    640.00      1504.17      0.00     1.00       0.0000    0.0000
    660.00      1503.96      0.00     1.00       0.0000    0.0000
    680.00      1503.75      0.00     1.00       0.0000    0.0000
    700.00      1503.54      0.00     1.00       0.0000    0.0000
    720.00      1503.34      0.00     1.00       0.0000    0.0000
    740.00      1503.14      0.00     1.00       0.0000    0.0000
    760.00      1502.95      0.00     1.00       0.0000    0.0000
    780.00      1502.76      0.00     1.00       0.0000    0.0000
    800.00      1502.57      0.00     1.00       0.0000    0.0000
    820.00      1502.39      0.00     1.00       0.0000    0.0000
    840.00      1502.22      0.00     1.00       0.0000    0.0000
    860.00      1502.05      0.00     1.00       0.0000    0.0000
    880.00      1501.88      0.00     1.00       0.0000    0.0000
    900.00      1501.72      0.00     1.00       0.0000    0.0000
    920.00      1501.57      0.00     1.00       0.0000    0.0000
    940.00      1501.42      0.00     1.00       0.0000    0.0000
    960.00      1501.28      0.00     1.00       0.0000    0.0000
    980.00      1501.14      0.00     1.00       0.0000    0.0000
   1000.00      1501.02      0.00     1.00       0.0000    0.0000
   1020.00      1500.89      0.00     1.00       0.0000    0.0000
   1040.00      1500.78      0.00     1.00       0.0000    0.0000
   1060.00      1500.67      0.00     1.00       0.0000    0.0000
   1080.00      1500.57      0.00     1.00       0.0000    0.0000
   1100.00      1500.47      0.00     1.00       0.0000    0.0000
   1120.00      1500.39      0.00     1.00       0.0000    0.0000
   1140.00      1500.31      0.00     1.00       0.0000    0.0000
   1160.00      1500.24      0.00     1.00       0.0000    0.0000
   1180.00      1500.18      0.00     1.00       0.0000    0.0000
   1200.00      1500.12      0.00     1.00       0.0000    0.0000
   1220.00      1500.08      0.00     1.00       0.0000    0.0000
   1240.00      1500.05      0.00     1.00       0.0000    0.0000
   1260.00      1500.02      0.00     1.00       0.0000    0.0000
   1280.00      1500.01      0.00     1.00       0.0000    0.0000
   1300.00      1500.00      0.00     1.00       0.0000    0.0000
   1320.00      1500.01      0.00     1.00       0.0000    0.0000
   1340.00      1500.02      0.00     1.00       0.0000    0.0000
   1360.00      1500.05      0.00     1.00       0.0000    0.0000
   1380.00      1500.09      0.00     1.00       0.0000    0.0000
   1400.00      1500.14      0.00     1.00       0.0000    0.0000
   1420.00      1500.20      0.00     1.00       0.0000    0.0000
   1440.00      1500.28      0.00     1.00       0.0000    0.0000
   1460.00      1500.36      0.00     1.00       0.0000    0.0000
   1480.00      1500.47      0.00     1.00       0.0000    0.0000
   1500.00      1500.58      0.00     1.00       0.0000    0.0000
   1520.00      1500.71      0.00     1.00       0.0000    0.0000
   1540.00      1500.86      0.00     1.00       0.0000    0.0000
   1560.00      1501.02      0.00     1.00       0.0000    0.0000
   1580.00      1501.19      0.00     1.00       0.0000    0.0000
   1600.00      1501.38      0.00     1.00       0.0000    0.0000
   1620.00      1501.59      0.00     1.00       0.0000    0.0000
   1640.00      1501.81      0.00     1.00       0.0000    0.0000
   1660.00      1502.06      0.00     1.00       0.0000    0.0000
   1680.00      1502.32      0.00     1.00       0.0000    0.0000
   1700.00      1502.60      0.00     1.00       0.0000    0.0000
   1720.00      1502.90      0.00     1.00       0.0000    0.0000
   1740.00      1503.22      0.00     1.00       0.0000    0.0000
   1760.00      1503.56      0.00     1.00       0.0000    0.0000
   1780.00      1503.92      0.00     1.00       0.0000    0.0000
   1800.00      1504.30      0.00     1.00       0.0000    0.0000
   1820.00      1504.70      0.00     1.00       0.0000    0.0000
   1840.00      1505.13      0.00     1.00       0.0000    0.0000
   1860.00      1505.59      0.00     1.00       0.0000    0.0000
   1880.00      1506.06      0.00     1.00       0.0000    0.0000
   1900.00      1506.57      0.00     1.00       0.0000    0.0000
   1920.00      1507.10      0.00     1.00       0.0000    0.0000
   1940.00      1507.65      0.00     1.00       0.0000    0.0000
   1960.00      1508.24      0.00     1.00       0.0000    0.0000
   1980.00      1508.85      0.00     1.00       0.0000    0.0000
   2000.00      1509.49      0.00     1.00       0.0000    0.0000
   2020.00      1510.17      0.00     1.00       0.0000    0.0000
   2040.00      1510.87      0.00     1.00       0.0000    0.0000
   2060.00      1511.61      0.00     1.00       0.0000    0.0000
   2080.00      1512.38      0.00     1.00       0.0000    0.0000
   2100.00      1513.19      0.00     1.00       0.0000    0.0000
   2120.00      1514.03      0.00     1.00       0.0000    0.0000
   2140.00      1514.91      0.00     1.00       0.0000    0.0000
   2160.00      1515.83      0.00     1.00       0.0000    0.0000
   2180.00      1516.79      0.00     1.00       0.0000    0.0000
   2200.00      1517.78      0.00     1.00       0.0000    0.0000
   2220.00      1518.82      0.00     1.00       0.0000    0.0000
   2240.00      1519.91      0.00     1.00       0.0000    0.0000
   2260.00      1521.03      0.00     1.00       0.0000    0.0000
   2280.00      1522.21      0.00     1.00       0.0000    0.0000
   2300.00      1523.43      0.00     1.00       0.0000    0.0000
   2320.00      1524.69      0.00     1.00       0.0000    0.0000
   2340.00      1526.01      0.00     1.00       0.0000    0.0000
   2360.00      1527.38      0.00     1.00       0.0000    0.0000
   2380.00      1528.81      0.00     1.00       0.0000    0.0000
   2400.00      1530.29      0.00     1.00       0.0000    0.0000
   2420.00      1531.82      0.00     1.00       0.0000    0.0000
   2440.00      1533.42      0.00     1.00       0.0000    0.0000
   2460.00      1535.07      0.00     1.00       0.0000    0.0000
   2480.00      1536.79      0.00     1.00       0.0000    0.0000
   2500.00      1538.57      0.00     1.00       0.0000    0.0000
   2520.00      1540.42      0.00     1.00       0.0000    0.0000
   2540.00      1542.34      0.00     1.00       0.0000    0.0000
   2560.00      1544.33      0.00     1.00       0.0000    0.0000
   2580.00      1546.39      0.00     1.00       0.0000    0.0000
   2600.00      1548.52      0.00     1.00       0.0000    0.0000
   2620.00      1550.73      0.00     1.00       0.0000    0.0000
   2640.00      1553.03      0.00     1.00       0.0000    0.0000
   2660.00      1555.40      0.00     1.00       0.0000    0.0000
   2680.00      1557.86      0.00     1.00       0.0000    0.0000
   2700.00      1560.41      0.00     1.00       0.0000    0.0000
   2720.00      1563.04      0.00     1.00       0.0000    0.0000
   2740.00      1565.77      0.00     1.00       0.0000    0.0000
   2760.00      1568.60      0.00     1.00       0.0000    0.0000
   2780.00      1571.52      0.00     1.00       0.0000    0.0000
   2800.00      1574.55      0.00     1.00       0.0000    0.0000
   2820.00      1577.68      0.00     1.00       0.0000    0.0000
   2840.00      1580.92      0.00     1.00       0.0000    0.0000
   2860.00      1584.27      0.00     1.00       0.0000    0.0000
   2880.00      1587.74      0.00     1.00       0.0000    0.0000
   2900.00      1591.33      0.00     1.00       0.0000    0.0000
   2920.00      1595.04      0.00     1.00       0.0000    0.0000
   2940.00      1598.87      0.00     1.00       0.0000    0.0000
   2960.00      1602.84      0.00     1.00       0.0000    0.0000
   2980.00      1606.94      0.00     1.00       0.0000    0.0000
   3000.00      1611.18      0.00     1.00       0.0000    0.0000
   3020.00      1611.42      0.00     1.00       0.0000    0.0000
   3040.00      1611.66      0.00     1.00       0.0000    0.0000
   3060.00      1611.90      0.00     1.00       0.0000    0.0000
   3080.00      1612.14      0.00     1.00       0.0000    0.0000
   3100.00      1612.38      0.00     1.00       0.0000    0.0000
   3120.00      1612.62      0.00     1.00       0.0000    0.0000
   3140.00      1612.86      0.00     1.00       0.0000    0.0000
   3160.00      1613.10      0.00     1.00       0.0000    0.0000
   3180.00      1613.34      0.00     1.00       0.0000    0.0000
   3200.00      1613.58      0.00     1.00       0.0000    0.0000
   3220.00      1613.82      0.00     1.00       0.0000    0.0000
   3240.00      1614.06      0.00     1.00       0.0000    0.0000
   3260.00      1614.30      0.00     1.00       0.0000    0.0000
   3280.00      1614.54      0.00     1.00       0.0000    0.0000
   3300.00      1614.78      0.00     1.00       0.0000    0.0000
   3320.00      1615.02      0.00     1.00       0.0000    0.0000
   3340.00      1615.26      0.00     1.00       0.0000    0.0000
   3360.00      1615.50      0.00     1.00       0.0000    0.0000
   3380.00      1615.74      0.00     1.00       0.0000    0.0000
   3400.00      1615.98      0.00     1.00       0.0000    0.0000
   3420.00      1616.22      0.00     1.00       0.0000    0.0000
   3440.00      1616.46      0.00     1.00       0.0000    0.0000
   3460.00      1616.70      0.00     1.00       0.0000    0.0000
   3480.00      1616.94      0.00     1.00       0.0000    0.0000
   3500.00      1617.18      0.00     1.00       0.0000    0.0000
   3520.00      1617.42      0.00     1.00       0.0000    0.0000
   3540.00      1617.66      0.00     1.00       0.0000    0.0000
   3560.00      1617.90      0.00     1.00       0.0000    0.0000
   3580.00      1618.14      0.00     1.00       0.0000    0.0000
   3600.00      1618.38      0.00     1.00       0.0000    0.0000
   3620.00      1618.62      0.00     1.00       0.0000    0.0000
   3640.00      1618.86      0.00     1.00       0.0000    0.0000
   3660.00      1619.10      0.00     1.00       0.0000    0.0000
   3680.00      1619.34      0.00     1.00       0.0000    0.0000
   3700.00      1619.58      0.00     1.00       0.0000    0.0000
   3720.00      1619.82      0.00     1.00       0.0000    0.0000
   3740.00      1620.06      0.00     1.00       0.0000    0.0000
   3760.00      1620.30      0.00     1.00       0.0000    0.0000
   3780.00      1620.54      0.00     1.00       0.0000    0.0000
   3800.00      1620.78      0.00     1.00       0.0000    0.0000
   3820.00      1621.02      0.00     1.00       0.0000    0.0000
   3840.00      1621.26      0.00     1.00       0.0000    0.0000
   3860.00      1621.50      0.00     1.00       0.0000    0.0000
   3880.00      1621.74      0.00     1.00       0.0000    0.0000
   3900.00      1621.98      0.00     1.00       0.0000    0.0000
   3920.00      1622.22      0.00     1.00       0.0000    0.0000
   3940.00      1622.46      0.00     1.00       0.0000    0.0000
   3960.00      1622.70      0.00     1.00       0.0000    0.0000
   3980.00      1622.94      0.00     1.00       0.0000    0.0000
   4000.00      1623.18      0.00     1.00       0.0000    0.0000
   4020.00      1623.42      0.00     1.00       0.0000    0.0000
   4040.00      1623.66      0.00     1.00       0.0000    0.0000
   4060.00      1623.90      0.00     1.00       0.0000    0.0000
   4080.00      1624.14      0.00     1.00       0.0000    0.0000
   4100.00      1624.38      0.00     1.00       0.0000    0.0000
   4120.00      1624.62      0.00     1.00       0.0000    0.0000
   4140.00      1624.86      0.00     1.00       0.0000    0.0000
   4160.00      1625.10      0.00     1.00       0.0000    0.0000
   4180.00      1625.34      0.00     1.00       0.0000    0.0000
   4200.00      1625.58      0.00     1.00       0.0000    0.0000
   4220.00      1625.82      0.00     1.00       0.0000    0.0000
   4240.00      1626.06      0.00     1.00       0.0000    0.0000
   4260.00      1626.30      0.00     1.00       0.0000    0.0000
   4280.00      1626.54      0.00     1.00       0.0000    0.0000
   4300.00      1626.78      0.00     1.00       0.0000    0.0000
   4320.00      1627.02      0.00     1.00       0.0000    0.0000
   4340.00      1627.26      0.00     1.00       0.0000    0.0000
   4360.00      1627.50      0.00     1.00       0.0000    0.0000
   4380.00      1627.74      0.00     1.00       0.0000    0.0000
   4400.00      1627.98      0.00     1.00       0.0000    0.0000
   4420.00      1628.22      0.00     1.00       0.0000    0.0000
   4440.00      1628.46      0.00     1.00       0.0000    0.0000
   4460.00      1628.70      0.00     1.00       0.0000    0.0000
   4480.00      1628.94      0.00     1.00       0.0000    0.0000
   4500.00      1629.18      0.00     1.00       0.0000    0.0000
   4520.00      1629.42      0.00     1.00       0.0000    0.0000
   4540.00      1629.66      0.00     1.00       0.0000    0.0000
   4560.00      1629.90      0.00     1.00       0.0000    0.0000
   4580.00      1630.14      0.00     1.00       0.0000    0.0000
   4600.00      1630.38      0.00     1.00       0.0000    0.0000
   4620.00      1630.62      0.00     1.00       0.0000    0.0000
   4640.00      1630.86      0.00     1.00       0.0000    0.0000
   4660.00      1631.10      0.00     1.00       0.0000    0.0000
   4680.00      1631.34      0.00     1.00       0.0000    0.0000
   4700.00      1631.58      0.00     1.00       0.0000    0.0000
   4720.00      1631.82      0.00     1.00       0.0000    0.0000
   4740.00      1632.06      0.00     1.00       0.0000    0.0000
   4760.00      1632.30      0.00     1.00       0.0000    0.0000
   4780.00      1632.54      0.00     1.00       0.0000    0.0000
   4800.00      1632.78      0.00     1.00       0.0000    0.0000
   4820.00      1633.02      0.00     1.00       0.0000    0.0000
   4840.00      1633.26      0.00     1.00       0.0000    0.0000
   4860.00      1633.50      0.00     1.00       0.0000    0.0000
   4880.00      1633.74      0.00     1.00       0.0000    0.0000
   4900.00      1633.98      0.00     1.00       0.0000    0.0000
   4920.00      1634.22      0.00     1.00       0.0000    0.0000
   4940.00      1634.46      0.00     1.00       0.0000    0.0000
   4960.00      1634.70      0.00     1.00       0.0000    0.0000
   4980.00      1634.94      0.00     1.00       0.0000    0.0000
   5000.00      1635.18      0.00     1.00       0.0000    0.0000

                                 ( RMS rough =   0.00     )
     Perfectly RIGID

 cLow =   1500.0    m/s      cHigh =   1800.0    m/s
 RMax =    65.000000000000000      km

 __________________________________________________________________________


 Number of source   depths =            1
 Source depths (m)
   200.000    

 Number of receiver depths =           13
 Receiver depths (m)
   180.000       190.000       195.000       198.000       199.000    
   199.500       200.000       200.500       201.000       202.000    
   205.000       210.000       220.000    

 Mesh multiplier   CPU seconds
                --- Number of modes =          611
        1            0.969    s
                --- Number of modes =          611
        2            0.953    s

    I    k (1/m)            alpha (1/m)   Phase Speed (m/s) Group Speed (m/s)
    1  0.8020868381     -0.8745348450E-06   1500.124337       1500.000929    
   21  0.7994960430     -0.8759232022E-06   1504.985543       1500.092999    
   41  0.7969962687     -0.8772218422E-06   1509.705922       1500.340239    
   61  0.7944041766     -0.8794387796E-06   1514.631999       1497.650351    
   81  0.7911019043     -0.8824796336E-06   1520.954481       1493.544157    
  101  0.7872589618     -0.8858135581E-06   1528.378900       1489.536730    
  121  0.7829726986     -0.8894831147E-06   1536.745775       1485.324200    
  141  0.7782938345     -0.8934784392E-06   1545.984219       1480.869492    
  161  0.7732550081     -0.8978097772E-06   1556.058446       1476.104281    
  181  0.7678788907     -0.9024618196E-06   1566.952811       1471.064472    
  201  0.7621822182     -0.9074543292E-06   1578.664468       1465.684274    
  221  0.7561777496     -0.9127721742E-06   1591.199936       1460.019653    
  241  0.7498753363     -0.9184247063E-06   1604.573358       1454.054304    
  261  0.7447001278     -0.8973283262E-06   1615.724157       1533.032374    
  281  0.7418029753     -0.8948008428E-06   1622.034457       1547.756922    
  301  0.7393559204     -0.8947030175E-06   1627.402924       1553.196562    
  321  0.7371500289     -0.8937493578E-06   1632.272861       1561.210788    
  341  0.7350184537     -0.8987820896E-06   1637.006500       1548.094859    
  361  0.7322554796     -0.9056893511E-06   1643.183315       1530.211390    
  381  0.7290329560     -0.9122654232E-06   1650.446631       1514.825812    
  401  0.7254300228     -0.9184891807E-06   1658.643768       1501.751959    
  421  0.7214816465     -0.9248489060E-06   1667.720852       1489.252396    
  441  0.7172086145     -0.9315057628E-06   1677.656908       1476.773989    
  461  0.7126225818     -0.9385397682E-06   1688.453351       1464.072609    
  481  0.7077302790     -0.9457755461E-06   1700.125065       1451.717629    
  501  0.7025352610     -0.9535338329E-06   1712.696932       1438.748390    
  521  0.6970381495     -0.9617001658E-06   1726.203920       1425.571894    
  541  0.6912378651     -0.9703088102E-06   1740.688766       1412.140851    
  561  0.6851314620     -0.9794651865E-06   1756.203084       1398.216530    
  581  0.6787148641     -0.9892047146E-06   1772.806299       1383.782838    
  601  0.6719821955     -0.9994903931E-06   1790.568254       1369.034169    
 _________________________________________________

 KRAKEN- R                                                                       
 End of environmental file
