 _________________________________________________

 KRAKEN- E2_ESTD                                                                 
 Frequency =   192.5    Hz
 NMedia    =   1


     C-Linear approximation to SSP
     Attenuation units: dB/wavelength
     THORP attenuation added
     VACUUM


   z (m)     alphaR (m/s)   betaR  rho (g/cm^3)  alphaI     betaI


       ( # mesh points = 20001  RMS rough =   0.00     )
      0.00      1513.55      0.00     1.00       0.0000    0.0000
     20.00      1513.26      0.00     1.00       0.0000    0.0000
     40.00      1512.97      0.00     1.00       0.0000    0.0000
     60.00      1512.68      0.00     1.00       0.0000    0.0000
     80.00      1512.39      0.00     1.00       0.0000    0.0000
    100.00      1512.10      0.00     1.00       0.0000    0.0000
    120.00      1511.81      0.00     1.00       0.0000    0.0000
    140.00      1511.53      0.00     1.00       0.0000    0.0000
    160.00      1511.25      0.00     1.00       0.0000    0.0000
    180.00      1510.97      0.00     1.00       0.0000    0.0000
    200.00      1510.69      0.00     1.00       0.0000    0.0000
    220.00      1510.41      0.00     1.00       0.0000    0.0000
    240.00      1510.14      0.00     1.00       0.0000    0.0000
    260.00      1509.87      0.00     1.00       0.0000    0.0000
    280.00      1509.59      0.00     1.00       0.0000    0.0000
    300.00      1509.33      0.00     1.00       0.0000    0.0000
    320.00      1509.06      0.00     1.00       0.0000    0.0000
    340.00      1508.80      0.00     1.00       0.0000    0.0000
    360.00      1508.54      0.00     1.00       0.0000    0.0000
    380.00      1508.28      0.00     1.00       0.0000    0.0000
    400.00      1508.02      0.00     1.00       0.0000    0.0000
    420.00      1507.77      0.00     1.00       0.0000    0.0000
    440.00      1507.52      0.00     1.00       0.0000    0.0000
    460.00      1507.27      0.00     1.00       0.0000    0.0000
    480.00      1507.02      0.00     1.00       0.0000    0.0000
    500.00      1506.78      0.00     1.00       0.0000    0.0000
    520.00      1506.54      0.00     1.00       0.0000    0.0000
    540.00      1506.30      0.00     1.00       0.0000    0.0000
    560.00      1506.07      0.00     1.00       0.0000    0.0000
    580.00      1505.84      0.00     1.00       0.0000    0.0000
    600.00      1505.62      0.00     1.00       0.0000    0.0000
    620.00      1505.39      0.00     1.00       0.0000    0.0000
    640.00      1505.17      0.00     1.00       0.0000    0.0000
    660.00      1504.96      0.00     1.00       0.0000    0.0000
    680.00      1504.75      0.00     1.00       0.0000    0.0000
    700.00      1504.54      0.00     1.00       0.0000    0.0000
    720.00      1504.34      0.00     1.00       0.0000    0.0000
    740.00      1504.14      0.00     1.00       0.0000    0.0000
    760.00      1503.95      0.00     1.00       0.0000    0.0000
    780.00      1503.76      0.00     1.00       0.0000    0.0000
    800.00      1503.57      0.00     1.00       0.0000    0.0000
    820.00      1503.39      0.00     1.00       0.0000    0.0000
    840.00      1503.22      0.00     1.00       0.0000    0.0000
    860.00      1503.05      0.00     1.00       0.0000    0.0000
    880.00      1502.88      0.00     1.00       0.0000    0.0000
    900.00      1502.72      0.00     1.00       0.0000    0.0000
    920.00      1502.57      0.00     1.00       0.0000    0.0000
    940.00      1502.42      0.00     1.00       0.0000    0.0000
    960.00      1502.28      0.00     1.00       0.0000    0.0000
    980.00      1502.14      0.00     1.00       0.0000    0.0000
   1000.00      1502.02      0.00     1.00       0.0000    0.0000
   1020.00      1501.89      0.00     1.00       0.0000    0.0000
   1040.00      1501.78      0.00     1.00       0.0000    0.0000
   1060.00      1501.67      0.00     1.00       0.0000    0.0000
   1080.00      1501.57      0.00     1.00       0.0000    0.0000
   1100.00      1501.47      0.00     1.00       0.0000    0.0000
   1120.00      1501.39      0.00     1.00       0.0000    0.0000
   1140.00      1501.31      0.00     1.00       0.0000    0.0000
   1160.00      1501.24      0.00     1.00       0.0000    0.0000
   1180.00      1501.18      0.00     1.00       0.0000    0.0000
   1200.00      1501.12      0.00     1.00       0.0000    0.0000
   1220.00      1501.08      0.00     1.00       0.0000    0.0000
   1240.00      1501.05      0.00     1.00       0.0000    0.0000
   1260.00      1501.02      0.00     1.00       0.0000    0.0000
   1280.00      1501.01      0.00     1.00       0.0000    0.0000
   1300.00      1501.00      0.00     1.00       0.0000    0.0000
   1320.00      1501.01      0.00     1.00       0.0000    0.0000
   1340.00      1501.02      0.00     1.00       0.0000    0.0000
   1360.00      1501.05      0.00     1.00       0.0000    0.0000
   1380.00      1501.09      0.00     1.00       0.0000    0.0000
   1400.00      1501.14      0.00     1.00       0.0000    0.0000
   1420.00      1501.20      0.00     1.00       0.0000    0.0000
   1440.00      1501.28      0.00     1.00       0.0000    0.0000
   1460.00      1501.36      0.00     1.00       0.0000    0.0000
   1480.00      1501.47      0.00     1.00       0.0000    0.0000
   1500.00      1501.58      0.00     1.00       0.0000    0.0000
   1520.00      1501.71      0.00     1.00       0.0000    0.0000
   1540.00      1501.86      0.00     1.00       0.0000    0.0000
   1560.00      1502.02      0.00     1.00       0.0000    0.0000
   1580.00      1502.19      0.00     1.00       0.0000    0.0000
   1600.00      1502.38      0.00     1.00       0.0000    0.0000
   1620.00      1502.59      0.00     1.00       0.0000    0.0000
   1640.00      1502.81      0.00     1.00       0.0000    0.0000
   1660.00      1503.06      0.00     1.00       0.0000    0.0000
   1680.00      1503.32      0.00     1.00       0.0000    0.0000
   1700.00      1503.60      0.00     1.00       0.0000    0.0000
   1720.00      1503.90      0.00     1.00       0.0000    0.0000
   1740.00      1504.22      0.00     1.00       0.0000    0.0000
   1760.00      1504.56      0.00     1.00       0.0000    0.0000
   1780.00      1504.92      0.00     1.00       0.0000    0.0000
   1800.00      1505.30      0.00     1.00       0.0000    0.0000
   1820.00      1505.70      0.00     1.00       0.0000    0.0000
   1840.00      1506.13      0.00     1.00       0.0000    0.0000
   1860.00      1506.59      0.00     1.00       0.0000    0.0000
   1880.00      1507.06      0.00     1.00       0.0000    0.0000
   1900.00      1507.57      0.00     1.00       0.0000    0.0000
   1920.00      1508.10      0.00     1.00       0.0000    0.0000
   1940.00      1508.65      0.00     1.00       0.0000    0.0000
   1960.00      1509.24      0.00     1.00       0.0000    0.0000
   1980.00      1509.85      0.00     1.00       0.0000    0.0000
   2000.00      1510.49      0.00     1.00       0.0000    0.0000
   2020.00      1511.17      0.00     1.00       0.0000    0.0000
   2040.00      1511.87      0.00     1.00       0.0000    0.0000
   2060.00      1512.61      0.00     1.00       0.0000    0.0000
   2080.00      1513.38      0.00     1.00       0.0000    0.0000
   2100.00      1514.19      0.00     1.00       0.0000    0.0000
   2120.00      1515.03      0.00     1.00       0.0000    0.0000
   2140.00      1515.91      0.00     1.00       0.0000    0.0000
   2160.00      1516.83      0.00     1.00       0.0000    0.0000
   2180.00      1517.79      0.00     1.00       0.0000    0.0000
   2200.00      1518.78      0.00     1.00       0.0000    0.0000
   2220.00      1519.82      0.00     1.00       0.0000    0.0000
   2240.00      1520.91      0.00     1.00       0.0000    0.0000
   2260.00      1522.03      0.00     1.00       0.0000    0.0000
   2280.00      1523.21      0.00     1.00       0.0000    0.0000
   2300.00      1524.43      0.00     1.00       0.0000    0.0000
   2320.00      1525.69      0.00     1.00       0.0000    0.0000
   2340.00      1527.01      0.00     1.00       0.0000    0.0000
   2360.00      1528.38      0.00     1.00       0.0000    0.0000
   2380.00      1529.81      0.00     1.00       0.0000    0.0000
   2400.00      1531.29      0.00     1.00       0.0000    0.0000
   2420.00      1532.82      0.00     1.00       0.0000    0.0000
   2440.00      1534.42      0.00     1.00       0.0000    0.0000
   2460.00      1536.07      0.00     1.00       0.0000    0.0000
   2480.00      1537.79      0.00     1.00       0.0000    0.0000
   2500.00      1539.57      0.00     1.00       0.0000    0.0000
   2520.00      1541.42      0.00     1.00       0.0000    0.0000
   2540.00      1543.34      0.00     1.00       0.0000    0.0000
   2560.00      1545.33      0.00     1.00       0.0000    0.0000
   2580.00      1547.39      0.00     1.00       0.0000    0.0000
   2600.00      1549.52      0.00     1.00       0.0000    0.0000
   2620.00      1551.73      0.00     1.00       0.0000    0.0000
   2640.00      1554.03      0.00     1.00       0.0000    0.0000
   2660.00      1556.40      0.00     1.00       0.0000    0.0000
   2680.00      1558.86      0.00     1.00       0.0000    0.0000
   2700.00      1561.41      0.00     1.00       0.0000    0.0000
   2720.00      1564.04      0.00     1.00       0.0000    0.0000
   2740.00      1566.77      0.00     1.00       0.0000    0.0000
   2760.00      1569.60      0.00     1.00       0.0000    0.0000
   2780.00      1572.52      0.00     1.00       0.0000    0.0000
   2800.00      1575.55      0.00     1.00       0.0000    0.0000
   2820.00      1578.68      0.00     1.00       0.0000    0.0000
   2840.00      1581.92      0.00     1.00       0.0000    0.0000
   2860.00      1585.27      0.00     1.00       0.0000    0.0000
   2880.00      1588.74      0.00     1.00       0.0000    0.0000
   2900.00      1592.33      0.00     1.00       0.0000    0.0000
   2920.00      1596.04      0.00     1.00       0.0000    0.0000
   2940.00      1599.87      0.00     1.00       0.0000    0.0000
   2960.00      1603.84      0.00     1.00       0.0000    0.0000
   2980.00      1607.94      0.00     1.00       0.0000    0.0000
   3000.00      1612.18      0.00     1.00       0.0000    0.0000
   3020.00      1612.42      0.00     1.00       0.0000    0.0000
   3040.00      1612.66      0.00     1.00       0.0000    0.0000
   3060.00      1612.90      0.00     1.00       0.0000    0.0000
   3080.00      1613.14      0.00     1.00       0.0000    0.0000
   3100.00      1613.38      0.00     1.00       0.0000    0.0000
   3120.00      1613.62      0.00     1.00       0.0000    0.0000
   3140.00      1613.86      0.00     1.00       0.0000    0.0000
   3160.00      1614.10      0.00     1.00       0.0000    0.0000
   3180.00      1614.34      0.00     1.00       0.0000    0.0000
   3200.00      1614.58      0.00     1.00       0.0000    0.0000
   3220.00      1614.82      0.00     1.00       0.0000    0.0000
   3240.00      1615.06      0.00     1.00       0.0000    0.0000
   3260.00      1615.30      0.00     1.00       0.0000    0.0000
   3280.00      1615.54      0.00     1.00       0.0000    0.0000
   3300.00      1615.78      0.00     1.00       0.0000    0.0000
   3320.00      1616.02      0.00     1.00       0.0000    0.0000
   3340.00      1616.26      0.00     1.00       0.0000    0.0000
   3360.00      1616.50      0.00     1.00       0.0000    0.0000
   3380.00      1616.74      0.00     1.00       0.0000    0.0000
   3400.00      1616.98      0.00     1.00       0.0000    0.0000
   3420.00      1617.22      0.00     1.00       0.0000    0.0000
   3440.00      1617.46      0.00     1.00       0.0000    0.0000
   3460.00      1617.70      0.00     1.00       0.0000    0.0000
   3480.00      1617.94      0.00     1.00       0.0000    0.0000
   3500.00      1618.18      0.00     1.00       0.0000    0.0000
   3520.00      1618.42      0.00     1.00       0.0000    0.0000
   3540.00      1618.66      0.00     1.00       0.0000    0.0000
   3560.00      1618.90      0.00     1.00       0.0000    0.0000
   3580.00      1619.14      0.00     1.00       0.0000    0.0000
   3600.00      1619.38      0.00     1.00       0.0000    0.0000
   3620.00      1619.62      0.00     1.00       0.0000    0.0000
   3640.00      1619.86      0.00     1.00       0.0000    0.0000
   3660.00      1620.10      0.00     1.00       0.0000    0.0000
   3680.00      1620.34      0.00     1.00       0.0000    0.0000
   3700.00      1620.58      0.00     1.00       0.0000    0.0000
   3720.00      1620.82      0.00     1.00       0.0000    0.0000
   3740.00      1621.06      0.00     1.00       0.0000    0.0000
   3760.00      1621.30      0.00     1.00       0.0000    0.0000
   3780.00      1621.54      0.00     1.00       0.0000    0.0000
   3800.00      1621.78      0.00     1.00       0.0000    0.0000
   3820.00      1622.02      0.00     1.00       0.0000    0.0000
   3840.00      1622.26      0.00     1.00       0.0000    0.0000
   3860.00      1622.50      0.00     1.00       0.0000    0.0000
   3880.00      1622.74      0.00     1.00       0.0000    0.0000
   3900.00      1622.98      0.00     1.00       0.0000    0.0000
   3920.00      1623.22      0.00     1.00       0.0000    0.0000
   3940.00      1623.46      0.00     1.00       0.0000    0.0000
   3960.00      1623.70      0.00     1.00       0.0000    0.0000
   3980.00      1623.94      0.00     1.00       0.0000    0.0000
   4000.00      1624.18      0.00     1.00       0.0000    0.0000
   4020.00      1624.42      0.00     1.00       0.0000    0.0000
   4040.00      1624.66      0.00     1.00       0.0000    0.0000
   4060.00      1624.90      0.00     1.00       0.0000    0.0000
   4080.00      1625.14      0.00     1.00       0.0000    0.0000
   4100.00      1625.38      0.00     1.00       0.0000    0.0000
   4120.00      1625.62      0.00     1.00       0.0000    0.0000
   4140.00      1625.86      0.00     1.00       0.0000    0.0000
   4160.00      1626.10      0.00     1.00       0.0000    0.0000
   4180.00      1626.34      0.00     1.00       0.0000    0.0000
   4200.00      1626.58      0.00     1.00       0.0000    0.0000
   4220.00      1626.82      0.00     1.00       0.0000    0.0000
   4240.00      1627.06      0.00     1.00       0.0000    0.0000
   4260.00      1627.30      0.00     1.00       0.0000    0.0000
   4280.00      1627.54      0.00     1.00       0.0000    0.0000
   4300.00      1627.78      0.00     1.00       0.0000    0.0000
   4320.00      1628.02      0.00     1.00       0.0000    0.0000
   4340.00      1628.26      0.00     1.00       0.0000    0.0000
   4360.00      1628.50      0.00     1.00       0.0000    0.0000
   4380.00      1628.74      0.00     1.00       0.0000    0.0000
   4400.00      1628.98      0.00     1.00       0.0000    0.0000
   4420.00      1629.22      0.00     1.00       0.0000    0.0000
   4440.00      1629.46      0.00     1.00       0.0000    0.0000
   4460.00      1629.70      0.00     1.00       0.0000    0.0000
   4480.00      1629.94      0.00     1.00       0.0000    0.0000
   4500.00      1630.18      0.00     1.00       0.0000    0.0000
   4520.00      1630.42      0.00     1.00       0.0000    0.0000
   4540.00      1630.66      0.00     1.00       0.0000    0.0000
   4560.00      1630.90      0.00     1.00       0.0000    0.0000
   4580.00      1631.14      0.00     1.00       0.0000    0.0000
   4600.00      1631.38      0.00     1.00       0.0000    0.0000
   4620.00      1631.62      0.00     1.00       0.0000    0.0000
   4640.00      1631.86      0.00     1.00       0.0000    0.0000
   4660.00      1632.10      0.00     1.00       0.0000    0.0000
   4680.00      1632.34      0.00     1.00       0.0000    0.0000
   4700.00      1632.58      0.00     1.00       0.0000    0.0000
   4720.00      1632.82      0.00     1.00       0.0000    0.0000
   4740.00      1633.06      0.00     1.00       0.0000    0.0000
   4760.00      1633.30      0.00     1.00       0.0000    0.0000
   4780.00      1633.54      0.00     1.00       0.0000    0.0000
   4800.00      1633.78      0.00     1.00       0.0000    0.0000
   4820.00      1634.02      0.00     1.00       0.0000    0.0000
   4840.00      1634.26      0.00     1.00       0.0000    0.0000
   4860.00      1634.50      0.00     1.00       0.0000    0.0000
   4880.00      1634.74      0.00     1.00       0.0000    0.0000
   4900.00      1634.98      0.00     1.00       0.0000    0.0000
   4920.00      1635.22      0.00     1.00       0.0000    0.0000
   4940.00      1635.46      0.00     1.00       0.0000    0.0000
   4960.00      1635.70      0.00     1.00       0.0000    0.0000
   4980.00      1635.94      0.00     1.00       0.0000    0.0000
   5000.00      1636.18      0.00     1.00       0.0000    0.0000

                                 ( RMS rough =   0.00     )
     Perfectly RIGID

 cLow =   1500.0    m/s      cHigh =   1800.0    m/s
 RMax =    65.000000000000000      km

 __________________________________________________________________________


 Number of source   depths =            1
 Source depths (m)
   200.000    

 Number of receiver depths =           13
 Receiver depths (m)
   180.000       190.000       195.000       198.000       199.000    
   199.500       200.000       200.500       201.000       202.000    
   205.000       210.000       220.000    

 Mesh multiplier   CPU seconds
                --- Number of modes =          612
        1            0.516    s
                --- Number of modes =          612
        2            0.469    s
        4            0.312    s

    I    k (1/m)            alpha (1/m)   Phase Speed (m/s) Group Speed (m/s)
    1  0.8057384451     -0.8795459830E-06   1501.123819       1501.000929    
   21  0.8031483060     -0.8809357286E-06   1505.964917       1501.092218    
   41  0.8006488078     -0.8822360425E-06   1510.666299       1501.337423    
   61  0.7980635896     -0.8844367055E-06   1515.559897       1498.708851    
   81  0.7947717347     -0.8874772568E-06   1521.837175       1494.611430    
  101  0.7909392088     -0.8908077661E-06   1529.211295       1490.623600    
  121  0.7866640349     -0.8944727853E-06   1537.521887       1486.434640    
  141  0.7819970191     -0.8984647268E-06   1546.697931       1481.999754    
  161  0.7769709305     -0.9027849580E-06   1556.703249       1477.279524    
  181  0.7716084068     -0.9074302052E-06   1567.522024       1472.270139    
  201  0.7659263486     -0.9124173397E-06   1579.150755       1466.915294    
  221  0.7599373765     -0.9177284122E-06   1591.595846       1461.279894    
  241  0.7536513812     -0.9233663923E-06   1604.870902       1455.367246    
  261  0.7483178837     -0.9057073804E-06   1616.309322       1522.611222    
  281  0.7453754115     -0.9006980937E-06   1622.689926       1545.721070    
  301  0.7429084670     -0.8995144867E-06   1628.078324       1554.961335    
  321  0.7406912089     -0.8989133619E-06   1632.951974       1561.722684    
  341  0.7385832029     -0.9030312117E-06   1637.612617       1551.802605    
  361  0.7358624282     -0.9105240490E-06   1643.667519       1531.876370    
  381  0.7326728380     -0.9168070987E-06   1650.822999       1517.470969    
  401  0.7291008876     -0.9231345845E-06   1658.910574       1504.036487    
  421  0.7251836384     -0.9295111716E-06   1667.871567       1491.465669    
  441  0.7209411640     -0.9361851243E-06   1677.686380       1478.918113    
  461  0.7163861673     -0.9430825349E-06   1688.353610       1466.628140    
  481  0.7115259488     -0.9504661407E-06   1699.886243       1453.794352    
  501  0.7063641183     -0.9581066584E-06   1712.308341       1441.161435    
  521  0.7009018575     -0.9662076527E-06   1725.652684       1428.149959    
  541  0.6951380357     -0.9748144639E-06   1739.961144       1414.689042    
  561  0.6890701450     -0.9839134579E-06   1755.283088       1400.889114    
  581  0.6826939199     -0.9935235765E-06   1771.677082       1386.770491    
  601  0.6760039031     -0.1003801219E-05   1789.210338       1371.985295    
 _________________________________________________

 KRAKEN- R                                                                       
 End of environmental file
