 _________________________________________________

 KRAKEN- E2_ESTD                                                                 
 Frequency =   208.0    Hz
 NMedia    =   1


     C-Linear approximation to SSP
     Attenuation units: dB/wavelength
     THORP attenuation added
     VACUUM


   z (m)     alphaR (m/s)   betaR  rho (g/cm^3)  alphaI     betaI


       ( # mesh points = 20001  RMS rough =   0.00     )
      0.00      1511.55      0.00     1.00       0.0000    0.0000
     20.00      1511.26      0.00     1.00       0.0000    0.0000
     40.00      1510.97      0.00     1.00       0.0000    0.0000
     60.00      1510.68      0.00     1.00       0.0000    0.0000
     80.00      1510.39      0.00     1.00       0.0000    0.0000
    100.00      1510.10      0.00     1.00       0.0000    0.0000
    120.00      1509.81      0.00     1.00       0.0000    0.0000
    140.00      1509.53      0.00     1.00       0.0000    0.0000
    160.00      1509.25      0.00     1.00       0.0000    0.0000
    180.00      1508.97      0.00     1.00       0.0000    0.0000
    200.00      1508.69      0.00     1.00       0.0000    0.0000
    220.00      1508.41      0.00     1.00       0.0000    0.0000
    240.00      1508.14      0.00     1.00       0.0000    0.0000
    260.00      1507.87      0.00     1.00       0.0000    0.0000
    280.00      1507.59      0.00     1.00       0.0000    0.0000
    300.00      1507.33      0.00     1.00       0.0000    0.0000
    320.00      1507.06      0.00     1.00       0.0000    0.0000
    340.00      1506.80      0.00     1.00       0.0000    0.0000
    360.00      1506.54      0.00     1.00       0.0000    0.0000
    380.00      1506.28      0.00     1.00       0.0000    0.0000
    400.00      1506.02      0.00     1.00       0.0000    0.0000
    420.00      1505.77      0.00     1.00       0.0000    0.0000
    440.00      1505.52      0.00     1.00       0.0000    0.0000
    460.00      1505.27      0.00     1.00       0.0000    0.0000
    480.00      1505.02      0.00     1.00       0.0000    0.0000
    500.00      1504.78      0.00     1.00       0.0000    0.0000
    520.00      1504.54      0.00     1.00       0.0000    0.0000
    540.00      1504.30      0.00     1.00       0.0000    0.0000
    560.00      1504.07      0.00     1.00       0.0000    0.0000
    580.00      1503.84      0.00     1.00       0.0000    0.0000
    600.00      1503.62      0.00     1.00       0.0000    0.0000
    620.00      1503.39      0.00     1.00       0.0000    0.0000
    640.00      1503.17      0.00     1.00       0.0000    0.0000
    660.00      1502.96      0.00     1.00       0.0000    0.0000
    680.00      1502.75      0.00     1.00       0.0000    0.0000
    700.00      1502.54      0.00     1.00       0.0000    0.0000
    720.00      1502.34      0.00     1.00       0.0000    0.0000
    740.00      1502.14      0.00     1.00       0.0000    0.0000
    760.00      1501.95      0.00     1.00       0.0000    0.0000
    780.00      1501.76      0.00     1.00       0.0000    0.0000
    800.00      1501.57      0.00     1.00       0.0000    0.0000
    820.00      1501.39      0.00     1.00       0.0000    0.0000
    840.00      1501.22      0.00     1.00       0.0000    0.0000
    860.00      1501.05      0.00     1.00       0.0000    0.0000
    880.00      1500.88      0.00     1.00       0.0000    0.0000
    900.00      1500.72      0.00     1.00       0.0000    0.0000
    920.00      1500.57      0.00     1.00       0.0000    0.0000
    940.00      1500.42      0.00     1.00       0.0000    0.0000
    960.00      1500.28      0.00     1.00       0.0000    0.0000
    980.00      1500.14      0.00     1.00       0.0000    0.0000
   1000.00      1500.02      0.00     1.00       0.0000    0.0000
   1020.00      1499.89      0.00     1.00       0.0000    0.0000
   1040.00      1499.78      0.00     1.00       0.0000    0.0000
   1060.00      1499.67      0.00     1.00       0.0000    0.0000
   1080.00      1499.57      0.00     1.00       0.0000    0.0000
   1100.00      1499.47      0.00     1.00       0.0000    0.0000
   1120.00      1499.39      0.00     1.00       0.0000    0.0000
   1140.00      1499.31      0.00     1.00       0.0000    0.0000
   1160.00      1499.24      0.00     1.00       0.0000    0.0000
   1180.00      1499.18      0.00     1.00       0.0000    0.0000
   1200.00      1499.12      0.00     1.00       0.0000    0.0000
   1220.00      1499.08      0.00     1.00       0.0000    0.0000
   1240.00      1499.05      0.00     1.00       0.0000    0.0000
   1260.00      1499.02      0.00     1.00       0.0000    0.0000
   1280.00      1499.01      0.00     1.00       0.0000    0.0000
   1300.00      1499.00      0.00     1.00       0.0000    0.0000
   1320.00      1499.01      0.00     1.00       0.0000    0.0000
   1340.00      1499.02      0.00     1.00       0.0000    0.0000
   1360.00      1499.05      0.00     1.00       0.0000    0.0000
   1380.00      1499.09      0.00     1.00       0.0000    0.0000
   1400.00      1499.14      0.00     1.00       0.0000    0.0000
   1420.00      1499.20      0.00     1.00       0.0000    0.0000
   1440.00      1499.28      0.00     1.00       0.0000    0.0000
   1460.00      1499.36      0.00     1.00       0.0000    0.0000
   1480.00      1499.47      0.00     1.00       0.0000    0.0000
   1500.00      1499.58      0.00     1.00       0.0000    0.0000
   1520.00      1499.71      0.00     1.00       0.0000    0.0000
   1540.00      1499.86      0.00     1.00       0.0000    0.0000
   1560.00      1500.02      0.00     1.00       0.0000    0.0000
   1580.00      1500.19      0.00     1.00       0.0000    0.0000
   1600.00      1500.38      0.00     1.00       0.0000    0.0000
   1620.00      1500.59      0.00     1.00       0.0000    0.0000
   1640.00      1500.81      0.00     1.00       0.0000    0.0000
   1660.00      1501.06      0.00     1.00       0.0000    0.0000
   1680.00      1501.32      0.00     1.00       0.0000    0.0000
   1700.00      1501.60      0.00     1.00       0.0000    0.0000
   1720.00      1501.90      0.00     1.00       0.0000    0.0000
   1740.00      1502.22      0.00     1.00       0.0000    0.0000
   1760.00      1502.56      0.00     1.00       0.0000    0.0000
   1780.00      1502.92      0.00     1.00       0.0000    0.0000
   1800.00      1503.30      0.00     1.00       0.0000    0.0000
   1820.00      1503.70      0.00     1.00       0.0000    0.0000
   1840.00      1504.13      0.00     1.00       0.0000    0.0000
   1860.00      1504.59      0.00     1.00       0.0000    0.0000
   1880.00      1505.06      0.00     1.00       0.0000    0.0000
   1900.00      1505.57      0.00     1.00       0.0000    0.0000
   1920.00      1506.10      0.00     1.00       0.0000    0.0000
   1940.00      1506.65      0.00     1.00       0.0000    0.0000
   1960.00      1507.24      0.00     1.00       0.0000    0.0000
   1980.00      1507.85      0.00     1.00       0.0000    0.0000
   2000.00      1508.49      0.00     1.00       0.0000    0.0000
   2020.00      1509.17      0.00     1.00       0.0000    0.0000
   2040.00      1509.87      0.00     1.00       0.0000    0.0000
   2060.00      1510.61      0.00     1.00       0.0000    0.0000
   2080.00      1511.38      0.00     1.00       0.0000    0.0000
   2100.00      1512.19      0.00     1.00       0.0000    0.0000
   2120.00      1513.03      0.00     1.00       0.0000    0.0000
   2140.00      1513.91      0.00     1.00       0.0000    0.0000
   2160.00      1514.83      0.00     1.00       0.0000    0.0000
   2180.00      1515.79      0.00     1.00       0.0000    0.0000
   2200.00      1516.78      0.00     1.00       0.0000    0.0000
   2220.00      1517.82      0.00     1.00       0.0000    0.0000
   2240.00      1518.91      0.00     1.00       0.0000    0.0000
   2260.00      1520.03      0.00     1.00       0.0000    0.0000
   2280.00      1521.21      0.00     1.00       0.0000    0.0000
   2300.00      1522.43      0.00     1.00       0.0000    0.0000
   2320.00      1523.69      0.00     1.00       0.0000    0.0000
   2340.00      1525.01      0.00     1.00       0.0000    0.0000
   2360.00      1526.38      0.00     1.00       0.0000    0.0000
   2380.00      1527.81      0.00     1.00       0.0000    0.0000
   2400.00      1529.29      0.00     1.00       0.0000    0.0000
   2420.00      1530.82      0.00     1.00       0.0000    0.0000
   2440.00      1532.42      0.00     1.00       0.0000    0.0000
   2460.00      1534.07      0.00     1.00       0.0000    0.0000
   2480.00      1535.79      0.00     1.00       0.0000    0.0000
   2500.00      1537.57      0.00     1.00       0.0000    0.0000
   2520.00      1539.42      0.00     1.00       0.0000    0.0000
   2540.00      1541.34      0.00     1.00       0.0000    0.0000
   2560.00      1543.33      0.00     1.00       0.0000    0.0000
   2580.00      1545.39      0.00     1.00       0.0000    0.0000
   2600.00      1547.52      0.00     1.00       0.0000    0.0000
   2620.00      1549.73      0.00     1.00       0.0000    0.0000
   2640.00      1552.03      0.00     1.00       0.0000    0.0000
   2660.00      1554.40      0.00     1.00       0.0000    0.0000
   2680.00      1556.86      0.00     1.00       0.0000    0.0000
   2700.00      1559.41      0.00     1.00       0.0000    0.0000
   2720.00      1562.04      0.00     1.00       0.0000    0.0000
   2740.00      1564.77      0.00     1.00       0.0000    0.0000
   2760.00      1567.60      0.00     1.00       0.0000    0.0000
   2780.00      1570.52      0.00     1.00       0.0000    0.0000
   2800.00      1573.55      0.00     1.00       0.0000    0.0000
   2820.00      1576.68      0.00     1.00       0.0000    0.0000
   2840.00      1579.92      0.00     1.00       0.0000    0.0000
   2860.00      1583.27      0.00     1.00       0.0000    0.0000
   2880.00      1586.74      0.00     1.00       0.0000    0.0000
   2900.00      1590.33      0.00     1.00       0.0000    0.0000
   2920.00      1594.04      0.00     1.00       0.0000    0.0000
   2940.00      1597.87      0.00     1.00       0.0000    0.0000
   2960.00      1601.84      0.00     1.00       0.0000    0.0000
   2980.00      1605.94      0.00     1.00       0.0000    0.0000
   3000.00      1610.18      0.00     1.00       0.0000    0.0000
   3020.00      1610.42      0.00     1.00       0.0000    0.0000
   3040.00      1610.66      0.00     1.00       0.0000    0.0000
   3060.00      1610.90      0.00     1.00       0.0000    0.0000
   3080.00      1611.14      0.00     1.00       0.0000    0.0000
   3100.00      1611.38      0.00     1.00       0.0000    0.0000
   3120.00      1611.62      0.00     1.00       0.0000    0.0000
   3140.00      1611.86      0.00     1.00       0.0000    0.0000
   3160.00      1612.10      0.00     1.00       0.0000    0.0000
   3180.00      1612.34      0.00     1.00       0.0000    0.0000
   3200.00      1612.58      0.00     1.00       0.0000    0.0000
   3220.00      1612.82      0.00     1.00       0.0000    0.0000
   3240.00      1613.06      0.00     1.00       0.0000    0.0000
   3260.00      1613.30      0.00     1.00       0.0000    0.0000
   3280.00      1613.54      0.00     1.00       0.0000    0.0000
   3300.00      1613.78      0.00     1.00       0.0000    0.0000
   3320.00      1614.02      0.00     1.00       0.0000    0.0000
   3340.00      1614.26      0.00     1.00       0.0000    0.0000
   3360.00      1614.50      0.00     1.00       0.0000    0.0000
   3380.00      1614.74      0.00     1.00       0.0000    0.0000
   3400.00      1614.98      0.00     1.00       0.0000    0.0000
   3420.00      1615.22      0.00     1.00       0.0000    0.0000
   3440.00      1615.46      0.00     1.00       0.0000    0.0000
   3460.00      1615.70      0.00     1.00       0.0000    0.0000
   3480.00      1615.94      0.00     1.00       0.0000    0.0000
   3500.00      1616.18      0.00     1.00       0.0000    0.0000
   3520.00      1616.42      0.00     1.00       0.0000    0.0000
   3540.00      1616.66      0.00     1.00       0.0000    0.0000
   3560.00      1616.90      0.00     1.00       0.0000    0.0000
   3580.00      1617.14      0.00     1.00       0.0000    0.0000
   3600.00      1617.38      0.00     1.00       0.0000    0.0000
   3620.00      1617.62      0.00     1.00       0.0000    0.0000
   3640.00      1617.86      0.00     1.00       0.0000    0.0000
   3660.00      1618.10      0.00     1.00       0.0000    0.0000
   3680.00      1618.34      0.00     1.00       0.0000    0.0000
   3700.00      1618.58      0.00     1.00       0.0000    0.0000
   3720.00      1618.82      0.00     1.00       0.0000    0.0000
   3740.00      1619.06      0.00     1.00       0.0000    0.0000
   3760.00      1619.30      0.00     1.00       0.0000    0.0000
   3780.00      1619.54      0.00     1.00       0.0000    0.0000
   3800.00      1619.78      0.00     1.00       0.0000    0.0000
   3820.00      1620.02      0.00     1.00       0.0000    0.0000
   3840.00      1620.26      0.00     1.00       0.0000    0.0000
   3860.00      1620.50      0.00     1.00       0.0000    0.0000
   3880.00      1620.74      0.00     1.00       0.0000    0.0000
   3900.00      1620.98      0.00     1.00       0.0000    0.0000
   3920.00      1621.22      0.00     1.00       0.0000    0.0000
   3940.00      1621.46      0.00     1.00       0.0000    0.0000
   3960.00      1621.70      0.00     1.00       0.0000    0.0000
   3980.00      1621.94      0.00     1.00       0.0000    0.0000
   4000.00      1622.18      0.00     1.00       0.0000    0.0000
   4020.00      1622.42      0.00     1.00       0.0000    0.0000
   4040.00      1622.66      0.00     1.00       0.0000    0.0000
   4060.00      1622.90      0.00     1.00       0.0000    0.0000
   4080.00      1623.14      0.00     1.00       0.0000    0.0000
   4100.00      1623.38      0.00     1.00       0.0000    0.0000
   4120.00      1623.62      0.00     1.00       0.0000    0.0000
   4140.00      1623.86      0.00     1.00       0.0000    0.0000
   4160.00      1624.10      0.00     1.00       0.0000    0.0000
   4180.00      1624.34      0.00     1.00       0.0000    0.0000
   4200.00      1624.58      0.00     1.00       0.0000    0.0000
   4220.00      1624.82      0.00     1.00       0.0000    0.0000
   4240.00      1625.06      0.00     1.00       0.0000    0.0000
   4260.00      1625.30      0.00     1.00       0.0000    0.0000
   4280.00      1625.54      0.00     1.00       0.0000    0.0000
   4300.00      1625.78      0.00     1.00       0.0000    0.0000
   4320.00      1626.02      0.00     1.00       0.0000    0.0000
   4340.00      1626.26      0.00     1.00       0.0000    0.0000
   4360.00      1626.50      0.00     1.00       0.0000    0.0000
   4380.00      1626.74      0.00     1.00       0.0000    0.0000
   4400.00      1626.98      0.00     1.00       0.0000    0.0000
   4420.00      1627.22      0.00     1.00       0.0000    0.0000
   4440.00      1627.46      0.00     1.00       0.0000    0.0000
   4460.00      1627.70      0.00     1.00       0.0000    0.0000
   4480.00      1627.94      0.00     1.00       0.0000    0.0000
   4500.00      1628.18      0.00     1.00       0.0000    0.0000
   4520.00      1628.42      0.00     1.00       0.0000    0.0000
   4540.00      1628.66      0.00     1.00       0.0000    0.0000
   4560.00      1628.90      0.00     1.00       0.0000    0.0000
   4580.00      1629.14      0.00     1.00       0.0000    0.0000
   4600.00      1629.38      0.00     1.00       0.0000    0.0000
   4620.00      1629.62      0.00     1.00       0.0000    0.0000
   4640.00      1629.86      0.00     1.00       0.0000    0.0000
   4660.00      1630.10      0.00     1.00       0.0000    0.0000
   4680.00      1630.34      0.00     1.00       0.0000    0.0000
   4700.00      1630.58      0.00     1.00       0.0000    0.0000
   4720.00      1630.82      0.00     1.00       0.0000    0.0000
   4740.00      1631.06      0.00     1.00       0.0000    0.0000
   4760.00      1631.30      0.00     1.00       0.0000    0.0000
   4780.00      1631.54      0.00     1.00       0.0000    0.0000
   4800.00      1631.78      0.00     1.00       0.0000    0.0000
   4820.00      1632.02      0.00     1.00       0.0000    0.0000
   4840.00      1632.26      0.00     1.00       0.0000    0.0000
   4860.00      1632.50      0.00     1.00       0.0000    0.0000
   4880.00      1632.74      0.00     1.00       0.0000    0.0000
   4900.00      1632.98      0.00     1.00       0.0000    0.0000
   4920.00      1633.22      0.00     1.00       0.0000    0.0000
   4940.00      1633.46      0.00     1.00       0.0000    0.0000
   4960.00      1633.70      0.00     1.00       0.0000    0.0000
   4980.00      1633.94      0.00     1.00       0.0000    0.0000
   5000.00      1634.18      0.00     1.00       0.0000    0.0000

                                 ( RMS rough =   0.00     )
     Perfectly RIGID

 cLow =   1500.0    m/s      cHigh =   1800.0    m/s
 RMax =    65.000000000000000      km

 __________________________________________________________________________


 Number of source   depths =            1
 Source depths (m)
   200.000    

 Number of receiver depths =           13
 Receiver depths (m)
   180.000       190.000       195.000       198.000       199.000    
   199.500       200.000       200.500       201.000       202.000    
   205.000       210.000       220.000    

 Mesh multiplier   CPU seconds
                --- Number of modes =          665
        1            0.562    s
                --- Number of modes =          665
        2            0.531    s
        4            0.328    s

    I    k (1/m)            alpha (1/m)   Phase Speed (m/s) Group Speed (m/s)
    1  0.8712568469     -0.9603825408E-06   1500.019826       1499.004800    
   23  0.8684254927     -0.9619059745E-06   1504.910386       1499.129462    
   45  0.8656937650     -0.9633314745E-06   1509.659185       1499.406279    
   67  0.8627048830     -0.9661898110E-06   1514.889471       1495.706153    
   89  0.8589240847     -0.9696281432E-06   1521.557687       1491.641398    
  111  0.8545747278     -0.9734201413E-06   1529.301653       1487.551162    
  133  0.8497481167     -0.9775902649E-06   1537.988162       1483.227373    
  155  0.8444949169     -0.9821313649E-06   1547.555252       1478.631127    
  177  0.8388482992     -0.9870420540E-06   1557.972455       1473.737621    
  199  0.8328319919     -0.9923141980E-06   1569.227115       1468.559484    
  221  0.8264632050     -0.9979738192E-06   1581.319696       1463.022014    
  243  0.8197552460     -0.1004002620E-05   1594.259445       1457.188826    
  265  0.8127223203     -0.1010076353E-05   1608.055435       1451.981620    
  287  0.8082304313     -0.9859602809E-06   1616.992498       1531.594493    
  309  0.8052571570     -0.9828626023E-06   1622.962966       1546.996380    
  331  0.8026717145     -0.9818531032E-06   1628.190604       1555.193157    
  353  0.8003163648     -0.9813991760E-06   1632.982407       1561.225130    
  375  0.7977582745     -0.9900450299E-06   1638.218726       1538.796709    
  397  0.7945041798     -0.9973020742E-06   1644.928469       1522.612685    
  419  0.7907847761     -0.1004139373E-05   1652.665281       1508.969942    
  441  0.7866601692     -0.1011160114E-05   1661.330515       1495.864781    
  463  0.7821623709     -0.1018520557E-05   1670.883940       1482.785901    
  485  0.7773091939     -0.1026065384E-05   1681.316205       1470.177374    
  507  0.7721113173     -0.1033919231E-05   1692.634876       1457.676253    
  529  0.7665746913     -0.1042322423E-05   1704.860020       1444.632782    
  551  0.7607015444     -0.1051140686E-05   1718.022730       1431.473746    
  573  0.7544918773     -0.1060445723E-05   1732.162510       1418.052819    
  595  0.7479433197     -0.1070294859E-05   1747.328319       1404.280685    
  617  0.7410516108     -0.1080767967E-05   1763.578305       1390.025863    
  639  0.7338114098     -0.1091926699E-05   1780.978773       1375.222242    
  661  0.7262153543     -0.1103771611E-05   1799.607425       1359.971388    
 _________________________________________________

 KRAKEN- R                                                                       
 End of environmental file
