 _________________________________________________

 KRAKEN- E2_ESTD                                                                 
 Frequency =   212.5    Hz
 NMedia    =   1


     C-Linear approximation to SSP
     Attenuation units: dB/wavelength
     THORP attenuation added
     VACUUM


   z (m)     alphaR (m/s)   betaR  rho (g/cm^3)  alphaI     betaI


       ( # mesh points = 20001  RMS rough =   0.00     )
      0.00      1513.55      0.00     1.00       0.0000    0.0000
     20.00      1513.26      0.00     1.00       0.0000    0.0000
     40.00      1512.97      0.00     1.00       0.0000    0.0000
     60.00      1512.68      0.00     1.00       0.0000    0.0000
     80.00      1512.39      0.00     1.00       0.0000    0.0000
    100.00      1512.10      0.00     1.00       0.0000    0.0000
    120.00      1511.81      0.00     1.00       0.0000    0.0000
    140.00      1511.53      0.00     1.00       0.0000    0.0000
    160.00      1511.25      0.00     1.00       0.0000    0.0000
    180.00      1510.97      0.00     1.00       0.0000    0.0000
    200.00      1510.69      0.00     1.00       0.0000    0.0000
    220.00      1510.41      0.00     1.00       0.0000    0.0000
    240.00      1510.14      0.00     1.00       0.0000    0.0000
    260.00      1509.87      0.00     1.00       0.0000    0.0000
    280.00      1509.59      0.00     1.00       0.0000    0.0000
    300.00      1509.33      0.00     1.00       0.0000    0.0000
    320.00      1509.06      0.00     1.00       0.0000    0.0000
    340.00      1508.80      0.00     1.00       0.0000    0.0000
    360.00      1508.54      0.00     1.00       0.0000    0.0000
    380.00      1508.28      0.00     1.00       0.0000    0.0000
    400.00      1508.02      0.00     1.00       0.0000    0.0000
    420.00      1507.77      0.00     1.00       0.0000    0.0000
    440.00      1507.52      0.00     1.00       0.0000    0.0000
    460.00      1507.27      0.00     1.00       0.0000    0.0000
    480.00      1507.02      0.00     1.00       0.0000    0.0000
    500.00      1506.78      0.00     1.00       0.0000    0.0000
    520.00      1506.54      0.00     1.00       0.0000    0.0000
    540.00      1506.30      0.00     1.00       0.0000    0.0000
    560.00      1506.07      0.00     1.00       0.0000    0.0000
    580.00      1505.84      0.00     1.00       0.0000    0.0000
    600.00      1505.62      0.00     1.00       0.0000    0.0000
    620.00      1505.39      0.00     1.00       0.0000    0.0000
    640.00      1505.17      0.00     1.00       0.0000    0.0000
    660.00      1504.96      0.00     1.00       0.0000    0.0000
    680.00      1504.75      0.00     1.00       0.0000    0.0000
    700.00      1504.54      0.00     1.00       0.0000    0.0000
    720.00      1504.34      0.00     1.00       0.0000    0.0000
    740.00      1504.14      0.00     1.00       0.0000    0.0000
    760.00      1503.95      0.00     1.00       0.0000    0.0000
    780.00      1503.76      0.00     1.00       0.0000    0.0000
    800.00      1503.57      0.00     1.00       0.0000    0.0000
    820.00      1503.39      0.00     1.00       0.0000    0.0000
    840.00      1503.22      0.00     1.00       0.0000    0.0000
    860.00      1503.05      0.00     1.00       0.0000    0.0000
    880.00      1502.88      0.00     1.00       0.0000    0.0000
    900.00      1502.72      0.00     1.00       0.0000    0.0000
    920.00      1502.57      0.00     1.00       0.0000    0.0000
    940.00      1502.42      0.00     1.00       0.0000    0.0000
    960.00      1502.28      0.00     1.00       0.0000    0.0000
    980.00      1502.14      0.00     1.00       0.0000    0.0000
   1000.00      1502.02      0.00     1.00       0.0000    0.0000
   1020.00      1501.89      0.00     1.00       0.0000    0.0000
   1040.00      1501.78      0.00     1.00       0.0000    0.0000
   1060.00      1501.67      0.00     1.00       0.0000    0.0000
   1080.00      1501.57      0.00     1.00       0.0000    0.0000
   1100.00      1501.47      0.00     1.00       0.0000    0.0000
   1120.00      1501.39      0.00     1.00       0.0000    0.0000
   1140.00      1501.31      0.00     1.00       0.0000    0.0000
   1160.00      1501.24      0.00     1.00       0.0000    0.0000
   1180.00      1501.18      0.00     1.00       0.0000    0.0000
   1200.00      1501.12      0.00     1.00       0.0000    0.0000
   1220.00      1501.08      0.00     1.00       0.0000    0.0000
   1240.00      1501.05      0.00     1.00       0.0000    0.0000
   1260.00      1501.02      0.00     1.00       0.0000    0.0000
   1280.00      1501.01      0.00     1.00       0.0000    0.0000
   1300.00      1501.00      0.00     1.00       0.0000    0.0000
   1320.00      1501.01      0.00     1.00       0.0000    0.0000
   1340.00      1501.02      0.00     1.00       0.0000    0.0000
   1360.00      1501.05      0.00     1.00       0.0000    0.0000
   1380.00      1501.09      0.00     1.00       0.0000    0.0000
   1400.00      1501.14      0.00     1.00       0.0000    0.0000
   1420.00      1501.20      0.00     1.00       0.0000    0.0000
   1440.00      1501.28      0.00     1.00       0.0000    0.0000
   1460.00      1501.36      0.00     1.00       0.0000    0.0000
   1480.00      1501.47      0.00     1.00       0.0000    0.0000
   1500.00      1501.58      0.00     1.00       0.0000    0.0000
   1520.00      1501.71      0.00     1.00       0.0000    0.0000
   1540.00      1501.86      0.00     1.00       0.0000    0.0000
   1560.00      1502.02      0.00     1.00       0.0000    0.0000
   1580.00      1502.19      0.00     1.00       0.0000    0.0000
   1600.00      1502.38      0.00     1.00       0.0000    0.0000
   1620.00      1502.59      0.00     1.00       0.0000    0.0000
   1640.00      1502.81      0.00     1.00       0.0000    0.0000
   1660.00      1503.06      0.00     1.00       0.0000    0.0000
   1680.00      1503.32      0.00     1.00       0.0000    0.0000
   1700.00      1503.60      0.00     1.00       0.0000    0.0000
   1720.00      1503.90      0.00     1.00       0.0000    0.0000
   1740.00      1504.22      0.00     1.00       0.0000    0.0000
   1760.00      1504.56      0.00     1.00       0.0000    0.0000
   1780.00      1504.92      0.00     1.00       0.0000    0.0000
   1800.00      1505.30      0.00     1.00       0.0000    0.0000
   1820.00      1505.70      0.00     1.00       0.0000    0.0000
   1840.00      1506.13      0.00     1.00       0.0000    0.0000
   1860.00      1506.59      0.00     1.00       0.0000    0.0000
   1880.00      1507.06      0.00     1.00       0.0000    0.0000
   1900.00      1507.57      0.00     1.00       0.0000    0.0000
   1920.00      1508.10      0.00     1.00       0.0000    0.0000
   1940.00      1508.65      0.00     1.00       0.0000    0.0000
   1960.00      1509.24      0.00     1.00       0.0000    0.0000
   1980.00      1509.85      0.00     1.00       0.0000    0.0000
   2000.00      1510.49      0.00     1.00       0.0000    0.0000
   2020.00      1511.17      0.00     1.00       0.0000    0.0000
   2040.00      1511.87      0.00     1.00       0.0000    0.0000
   2060.00      1512.61      0.00     1.00       0.0000    0.0000
   2080.00      1513.38      0.00     1.00       0.0000    0.0000
   2100.00      1514.19      0.00     1.00       0.0000    0.0000
   2120.00      1515.03      0.00     1.00       0.0000    0.0000
   2140.00      1515.91      0.00     1.00       0.0000    0.0000
   2160.00      1516.83      0.00     1.00       0.0000    0.0000
   2180.00      1517.79      0.00     1.00       0.0000    0.0000
   2200.00      1518.78      0.00     1.00       0.0000    0.0000
   2220.00      1519.82      0.00     1.00       0.0000    0.0000
   2240.00      1520.91      0.00     1.00       0.0000    0.0000
   2260.00      1522.03      0.00     1.00       0.0000    0.0000
   2280.00      1523.21      0.00     1.00       0.0000    0.0000
   2300.00      1524.43      0.00     1.00       0.0000    0.0000
   2320.00      1525.69      0.00     1.00       0.0000    0.0000
   2340.00      1527.01      0.00     1.00       0.0000    0.0000
   2360.00      1528.38      0.00     1.00       0.0000    0.0000
   2380.00      1529.81      0.00     1.00       0.0000    0.0000
   2400.00      1531.29      0.00     1.00       0.0000    0.0000
   2420.00      1532.82      0.00     1.00       0.0000    0.0000
   2440.00      1534.42      0.00     1.00       0.0000    0.0000
   2460.00      1536.07      0.00     1.00       0.0000    0.0000
   2480.00      1537.79      0.00     1.00       0.0000    0.0000
   2500.00      1539.57      0.00     1.00       0.0000    0.0000
   2520.00      1541.42      0.00     1.00       0.0000    0.0000
   2540.00      1543.34      0.00     1.00       0.0000    0.0000
   2560.00      1545.33      0.00     1.00       0.0000    0.0000
   2580.00      1547.39      0.00     1.00       0.0000    0.0000
   2600.00      1549.52      0.00     1.00       0.0000    0.0000
   2620.00      1551.73      0.00     1.00       0.0000    0.0000
   2640.00      1554.03      0.00     1.00       0.0000    0.0000
   2660.00      1556.40      0.00     1.00       0.0000    0.0000
   2680.00      1558.86      0.00     1.00       0.0000    0.0000
   2700.00      1561.41      0.00     1.00       0.0000    0.0000
   2720.00      1564.04      0.00     1.00       0.0000    0.0000
   2740.00      1566.77      0.00     1.00       0.0000    0.0000
   2760.00      1569.60      0.00     1.00       0.0000    0.0000
   2780.00      1572.52      0.00     1.00       0.0000    0.0000
   2800.00      1575.55      0.00     1.00       0.0000    0.0000
   2820.00      1578.68      0.00     1.00       0.0000    0.0000
   2840.00      1581.92      0.00     1.00       0.0000    0.0000
   2860.00      1585.27      0.00     1.00       0.0000    0.0000
   2880.00      1588.74      0.00     1.00       0.0000    0.0000
   2900.00      1592.33      0.00     1.00       0.0000    0.0000
   2920.00      1596.04      0.00     1.00       0.0000    0.0000
   2940.00      1599.87      0.00     1.00       0.0000    0.0000
   2960.00      1603.84      0.00     1.00       0.0000    0.0000
   2980.00      1607.94      0.00     1.00       0.0000    0.0000
   3000.00      1612.18      0.00     1.00       0.0000    0.0000
   3020.00      1612.42      0.00     1.00       0.0000    0.0000
   3040.00      1612.66      0.00     1.00       0.0000    0.0000
   3060.00      1612.90      0.00     1.00       0.0000    0.0000
   3080.00      1613.14      0.00     1.00       0.0000    0.0000
   3100.00      1613.38      0.00     1.00       0.0000    0.0000
   3120.00      1613.62      0.00     1.00       0.0000    0.0000
   3140.00      1613.86      0.00     1.00       0.0000    0.0000
   3160.00      1614.10      0.00     1.00       0.0000    0.0000
   3180.00      1614.34      0.00     1.00       0.0000    0.0000
   3200.00      1614.58      0.00     1.00       0.0000    0.0000
   3220.00      1614.82      0.00     1.00       0.0000    0.0000
   3240.00      1615.06      0.00     1.00       0.0000    0.0000
   3260.00      1615.30      0.00     1.00       0.0000    0.0000
   3280.00      1615.54      0.00     1.00       0.0000    0.0000
   3300.00      1615.78      0.00     1.00       0.0000    0.0000
   3320.00      1616.02      0.00     1.00       0.0000    0.0000
   3340.00      1616.26      0.00     1.00       0.0000    0.0000
   3360.00      1616.50      0.00     1.00       0.0000    0.0000
   3380.00      1616.74      0.00     1.00       0.0000    0.0000
   3400.00      1616.98      0.00     1.00       0.0000    0.0000
   3420.00      1617.22      0.00     1.00       0.0000    0.0000
   3440.00      1617.46      0.00     1.00       0.0000    0.0000
   3460.00      1617.70      0.00     1.00       0.0000    0.0000
   3480.00      1617.94      0.00     1.00       0.0000    0.0000
   3500.00      1618.18      0.00     1.00       0.0000    0.0000
   3520.00      1618.42      0.00     1.00       0.0000    0.0000
   3540.00      1618.66      0.00     1.00       0.0000    0.0000
   3560.00      1618.90      0.00     1.00       0.0000    0.0000
   3580.00      1619.14      0.00     1.00       0.0000    0.0000
   3600.00      1619.38      0.00     1.00       0.0000    0.0000
   3620.00      1619.62      0.00     1.00       0.0000    0.0000
   3640.00      1619.86      0.00     1.00       0.0000    0.0000
   3660.00      1620.10      0.00     1.00       0.0000    0.0000
   3680.00      1620.34      0.00     1.00       0.0000    0.0000
   3700.00      1620.58      0.00     1.00       0.0000    0.0000
   3720.00      1620.82      0.00     1.00       0.0000    0.0000
   3740.00      1621.06      0.00     1.00       0.0000    0.0000
   3760.00      1621.30      0.00     1.00       0.0000    0.0000
   3780.00      1621.54      0.00     1.00       0.0000    0.0000
   3800.00      1621.78      0.00     1.00       0.0000    0.0000
   3820.00      1622.02      0.00     1.00       0.0000    0.0000
   3840.00      1622.26      0.00     1.00       0.0000    0.0000
   3860.00      1622.50      0.00     1.00       0.0000    0.0000
   3880.00      1622.74      0.00     1.00       0.0000    0.0000
   3900.00      1622.98      0.00     1.00       0.0000    0.0000
   3920.00      1623.22      0.00     1.00       0.0000    0.0000
   3940.00      1623.46      0.00     1.00       0.0000    0.0000
   3960.00      1623.70      0.00     1.00       0.0000    0.0000
   3980.00      1623.94      0.00     1.00       0.0000    0.0000
   4000.00      1624.18      0.00     1.00       0.0000    0.0000
   4020.00      1624.42      0.00     1.00       0.0000    0.0000
   4040.00      1624.66      0.00     1.00       0.0000    0.0000
   4060.00      1624.90      0.00     1.00       0.0000    0.0000
   4080.00      1625.14      0.00     1.00       0.0000    0.0000
   4100.00      1625.38      0.00     1.00       0.0000    0.0000
   4120.00      1625.62      0.00     1.00       0.0000    0.0000
   4140.00      1625.86      0.00     1.00       0.0000    0.0000
   4160.00      1626.10      0.00     1.00       0.0000    0.0000
   4180.00      1626.34      0.00     1.00       0.0000    0.0000
   4200.00      1626.58      0.00     1.00       0.0000    0.0000
   4220.00      1626.82      0.00     1.00       0.0000    0.0000
   4240.00      1627.06      0.00     1.00       0.0000    0.0000
   4260.00      1627.30      0.00     1.00       0.0000    0.0000
   4280.00      1627.54      0.00     1.00       0.0000    0.0000
   4300.00      1627.78      0.00     1.00       0.0000    0.0000
   4320.00      1628.02      0.00     1.00       0.0000    0.0000
   4340.00      1628.26      0.00     1.00       0.0000    0.0000
   4360.00      1628.50      0.00     1.00       0.0000    0.0000
   4380.00      1628.74      0.00     1.00       0.0000    0.0000
   4400.00      1628.98      0.00     1.00       0.0000    0.0000
   4420.00      1629.22      0.00     1.00       0.0000    0.0000
   4440.00      1629.46      0.00     1.00       0.0000    0.0000
   4460.00      1629.70      0.00     1.00       0.0000    0.0000
   4480.00      1629.94      0.00     1.00       0.0000    0.0000
   4500.00      1630.18      0.00     1.00       0.0000    0.0000
   4520.00      1630.42      0.00     1.00       0.0000    0.0000
   4540.00      1630.66      0.00     1.00       0.0000    0.0000
   4560.00      1630.90      0.00     1.00       0.0000    0.0000
   4580.00      1631.14      0.00     1.00       0.0000    0.0000
   4600.00      1631.38      0.00     1.00       0.0000    0.0000
   4620.00      1631.62      0.00     1.00       0.0000    0.0000
   4640.00      1631.86      0.00     1.00       0.0000    0.0000
   4660.00      1632.10      0.00     1.00       0.0000    0.0000
   4680.00      1632.34      0.00     1.00       0.0000    0.0000
   4700.00      1632.58      0.00     1.00       0.0000    0.0000
   4720.00      1632.82      0.00     1.00       0.0000    0.0000
   4740.00      1633.06      0.00     1.00       0.0000    0.0000
   4760.00      1633.30      0.00     1.00       0.0000    0.0000
   4780.00      1633.54      0.00     1.00       0.0000    0.0000
   4800.00      1633.78      0.00     1.00       0.0000    0.0000
   4820.00      1634.02      0.00     1.00       0.0000    0.0000
   4840.00      1634.26      0.00     1.00       0.0000    0.0000
   4860.00      1634.50      0.00     1.00       0.0000    0.0000
   4880.00      1634.74      0.00     1.00       0.0000    0.0000
   4900.00      1634.98      0.00     1.00       0.0000    0.0000
   4920.00      1635.22      0.00     1.00       0.0000    0.0000
   4940.00      1635.46      0.00     1.00       0.0000    0.0000
   4960.00      1635.70      0.00     1.00       0.0000    0.0000
   4980.00      1635.94      0.00     1.00       0.0000    0.0000
   5000.00      1636.18      0.00     1.00       0.0000    0.0000

                                 ( RMS rough =   0.00     )
     Perfectly RIGID

 cLow =   1500.0    m/s      cHigh =   1800.0    m/s
 RMax =    65.000000000000000      km

 __________________________________________________________________________


 Number of source   depths =            1
 Source depths (m)
   200.000    

 Number of receiver depths =           13
 Receiver depths (m)
   180.000       190.000       195.000       198.000       199.000    
   199.500       200.000       200.500       201.000       202.000    
   205.000       210.000       220.000    

 Mesh multiplier   CPU seconds
                --- Number of modes =          676
        1            0.547    s
                --- Number of modes =          676
        2            0.531    s
        4            0.344    s

    I    k (1/m)            alpha (1/m)   Phase Speed (m/s) Group Speed (m/s)
    1  0.8894583843     -0.9844749897E-06   1501.112251       1501.000921    
   23  0.8866088051     -0.9860254963E-06   1505.936857       1501.091168    
   45  0.8838586296     -0.9874765249E-06   1510.622664       1501.334440    
   67  0.8810250746     -0.9899050192E-06   1515.481132       1498.776356    
   89  0.8774151606     -0.9932937853E-06   1521.716216       1494.681188    
  111  0.8732096039     -0.9970000094E-06   1529.045113       1490.714116    
  133  0.8685173357     -0.1001076179E-05   1537.305961       1486.554858    
  155  0.8633945148     -0.1005521113E-05   1546.427334       1482.136616    
  177  0.8578772265     -0.1010328955E-05   1556.372913       1477.441723    
  199  0.8519904810     -0.1015506097E-05   1567.126520       1472.436962    
  221  0.8457530250     -0.1021037174E-05   1578.684129       1467.163615    
  243  0.8391786410     -0.1026943339E-05   1591.052027       1461.568117    
  265  0.8322780931     -0.1033234616E-05   1604.243688       1455.636691    
  287  0.8262526319     -0.1011749051E-05   1615.942662       1528.360207    
  309  0.8229717286     -0.1007745023E-05   1622.384866       1546.706221    
  331  0.8202395306     -0.1006539090E-05   1627.788991       1555.600269    
  353  0.8177867152     -0.1006535523E-05   1632.671274       1560.262994    
  375  0.8154838168     -0.1010047698E-05   1637.281881       1553.716601    
  397  0.8125306949     -0.1018637565E-05   1643.232540       1533.031546    
  419  0.8090533734     -0.1025848139E-05   1650.295174       1517.988579    
  441  0.8051525606     -0.1032741897E-05   1658.290544       1505.015049    
  463  0.8008708603     -0.1039939359E-05   1667.156272       1492.170042    
  485  0.7962313927     -0.1047327792E-05   1676.870430       1479.754751    
  507  0.7912488300     -0.1055037727E-05   1687.429829       1467.387572    
  529  0.7859311339     -0.1063040927E-05   1698.847164       1455.160179    
  551  0.7802826184     -0.1071622219E-05   1711.145226       1442.322567    
  573  0.7743045853     -0.1080638944E-05   1724.356155       1429.316726    
  595  0.7679963433     -0.1090139813E-05   1738.519837       1416.064164    
  617  0.7613549845     -0.1100199776E-05   1753.685081       1402.433414    
  639  0.7543761933     -0.1110931405E-05   1769.908554       1388.217055    
  661  0.7470543889     -0.1122249299E-05   1787.255249       1373.717356    
 _________________________________________________

 KRAKEN- R                                                                       
 End of environmental file
