 _________________________________________________

 KRAKEN- E2_ESTD                                                                 
 Frequency =   219.0    Hz
 NMedia    =   1


     C-Linear approximation to SSP
     Attenuation units: dB/wavelength
     THORP attenuation added
     VACUUM


   z (m)     alphaR (m/s)   betaR  rho (g/cm^3)  alphaI     betaI


       ( # mesh points = 20001  RMS rough =   0.00     )
      0.00      1512.55      0.00     1.00       0.0000    0.0000
     20.00      1512.26      0.00     1.00       0.0000    0.0000
     40.00      1511.97      0.00     1.00       0.0000    0.0000
     60.00      1511.68      0.00     1.00       0.0000    0.0000
     80.00      1511.39      0.00     1.00       0.0000    0.0000
    100.00      1511.10      0.00     1.00       0.0000    0.0000
    120.00      1510.81      0.00     1.00       0.0000    0.0000
    140.00      1510.53      0.00     1.00       0.0000    0.0000
    160.00      1510.25      0.00     1.00       0.0000    0.0000
    180.00      1509.97      0.00     1.00       0.0000    0.0000
    200.00      1509.69      0.00     1.00       0.0000    0.0000
    220.00      1509.41      0.00     1.00       0.0000    0.0000
    240.00      1509.14      0.00     1.00       0.0000    0.0000
    260.00      1508.87      0.00     1.00       0.0000    0.0000
    280.00      1508.59      0.00     1.00       0.0000    0.0000
    300.00      1508.33      0.00     1.00       0.0000    0.0000
    320.00      1508.06      0.00     1.00       0.0000    0.0000
    340.00      1507.80      0.00     1.00       0.0000    0.0000
    360.00      1507.54      0.00     1.00       0.0000    0.0000
    380.00      1507.28      0.00     1.00       0.0000    0.0000
    400.00      1507.02      0.00     1.00       0.0000    0.0000
    420.00      1506.77      0.00     1.00       0.0000    0.0000
    440.00      1506.52      0.00     1.00       0.0000    0.0000
    460.00      1506.27      0.00     1.00       0.0000    0.0000
    480.00      1506.02      0.00     1.00       0.0000    0.0000
    500.00      1505.78      0.00     1.00       0.0000    0.0000
    520.00      1505.54      0.00     1.00       0.0000    0.0000
    540.00      1505.30      0.00     1.00       0.0000    0.0000
    560.00      1505.07      0.00     1.00       0.0000    0.0000
    580.00      1504.84      0.00     1.00       0.0000    0.0000
    600.00      1504.62      0.00     1.00       0.0000    0.0000
    620.00      1504.39      0.00     1.00       0.0000    0.0000
    640.00      1504.17      0.00     1.00       0.0000    0.0000
    660.00      1503.96      0.00     1.00       0.0000    0.0000
    680.00      1503.75      0.00     1.00       0.0000    0.0000
    700.00      1503.54      0.00     1.00       0.0000    0.0000
    720.00      1503.34      0.00     1.00       0.0000    0.0000
    740.00      1503.14      0.00     1.00       0.0000    0.0000
    760.00      1502.95      0.00     1.00       0.0000    0.0000
    780.00      1502.76      0.00     1.00       0.0000    0.0000
    800.00      1502.57      0.00     1.00       0.0000    0.0000
    820.00      1502.39      0.00     1.00       0.0000    0.0000
    840.00      1502.22      0.00     1.00       0.0000    0.0000
    860.00      1502.05      0.00     1.00       0.0000    0.0000
    880.00      1501.88      0.00     1.00       0.0000    0.0000
    900.00      1501.72      0.00     1.00       0.0000    0.0000
    920.00      1501.57      0.00     1.00       0.0000    0.0000
    940.00      1501.42      0.00     1.00       0.0000    0.0000
    960.00      1501.28      0.00     1.00       0.0000    0.0000
    980.00      1501.14      0.00     1.00       0.0000    0.0000
   1000.00      1501.02      0.00     1.00       0.0000    0.0000
   1020.00      1500.89      0.00     1.00       0.0000    0.0000
   1040.00      1500.78      0.00     1.00       0.0000    0.0000
   1060.00      1500.67      0.00     1.00       0.0000    0.0000
   1080.00      1500.57      0.00     1.00       0.0000    0.0000
   1100.00      1500.47      0.00     1.00       0.0000    0.0000
   1120.00      1500.39      0.00     1.00       0.0000    0.0000
   1140.00      1500.31      0.00     1.00       0.0000    0.0000
   1160.00      1500.24      0.00     1.00       0.0000    0.0000
   1180.00      1500.18      0.00     1.00       0.0000    0.0000
   1200.00      1500.12      0.00     1.00       0.0000    0.0000
   1220.00      1500.08      0.00     1.00       0.0000    0.0000
   1240.00      1500.05      0.00     1.00       0.0000    0.0000
   1260.00      1500.02      0.00     1.00       0.0000    0.0000
   1280.00      1500.01      0.00     1.00       0.0000    0.0000
   1300.00      1500.00      0.00     1.00       0.0000    0.0000
   1320.00      1500.01      0.00     1.00       0.0000    0.0000
   1340.00      1500.02      0.00     1.00       0.0000    0.0000
   1360.00      1500.05      0.00     1.00       0.0000    0.0000
   1380.00      1500.09      0.00     1.00       0.0000    0.0000
   1400.00      1500.14      0.00     1.00       0.0000    0.0000
   1420.00      1500.20      0.00     1.00       0.0000    0.0000
   1440.00      1500.28      0.00     1.00       0.0000    0.0000
   1460.00      1500.36      0.00     1.00       0.0000    0.0000
   1480.00      1500.47      0.00     1.00       0.0000    0.0000
   1500.00      1500.58      0.00     1.00       0.0000    0.0000
   1520.00      1500.71      0.00     1.00       0.0000    0.0000
   1540.00      1500.86      0.00     1.00       0.0000    0.0000
   1560.00      1501.02      0.00     1.00       0.0000    0.0000
   1580.00      1501.19      0.00     1.00       0.0000    0.0000
   1600.00      1501.38      0.00     1.00       0.0000    0.0000
   1620.00      1501.59      0.00     1.00       0.0000    0.0000
   1640.00      1501.81      0.00     1.00       0.0000    0.0000
   1660.00      1502.06      0.00     1.00       0.0000    0.0000
   1680.00      1502.32      0.00     1.00       0.0000    0.0000
   1700.00      1502.60      0.00     1.00       0.0000    0.0000
   1720.00      1502.90      0.00     1.00       0.0000    0.0000
   1740.00      1503.22      0.00     1.00       0.0000    0.0000
   1760.00      1503.56      0.00     1.00       0.0000    0.0000
   1780.00      1503.92      0.00     1.00       0.0000    0.0000
   1800.00      1504.30      0.00     1.00       0.0000    0.0000
   1820.00      1504.70      0.00     1.00       0.0000    0.0000
   1840.00      1505.13      0.00     1.00       0.0000    0.0000
   1860.00      1505.59      0.00     1.00       0.0000    0.0000
   1880.00      1506.06      0.00     1.00       0.0000    0.0000
   1900.00      1506.57      0.00     1.00       0.0000    0.0000
   1920.00      1507.10      0.00     1.00       0.0000    0.0000
   1940.00      1507.65      0.00     1.00       0.0000    0.0000
   1960.00      1508.24      0.00     1.00       0.0000    0.0000
   1980.00      1508.85      0.00     1.00       0.0000    0.0000
   2000.00      1509.49      0.00     1.00       0.0000    0.0000
   2020.00      1510.17      0.00     1.00       0.0000    0.0000
   2040.00      1510.87      0.00     1.00       0.0000    0.0000
   2060.00      1511.61      0.00     1.00       0.0000    0.0000
   2080.00      1512.38      0.00     1.00       0.0000    0.0000
   2100.00      1513.19      0.00     1.00       0.0000    0.0000
   2120.00      1514.03      0.00     1.00       0.0000    0.0000
   2140.00      1514.91      0.00     1.00       0.0000    0.0000
   2160.00      1515.83      0.00     1.00       0.0000    0.0000
   2180.00      1516.79      0.00     1.00       0.0000    0.0000
   2200.00      1517.78      0.00     1.00       0.0000    0.0000
   2220.00      1518.82      0.00     1.00       0.0000    0.0000
   2240.00      1519.91      0.00     1.00       0.0000    0.0000
   2260.00      1521.03      0.00     1.00       0.0000    0.0000
   2280.00      1522.21      0.00     1.00       0.0000    0.0000
   2300.00      1523.43      0.00     1.00       0.0000    0.0000
   2320.00      1524.69      0.00     1.00       0.0000    0.0000
   2340.00      1526.01      0.00     1.00       0.0000    0.0000
   2360.00      1527.38      0.00     1.00       0.0000    0.0000
   2380.00      1528.81      0.00     1.00       0.0000    0.0000
   2400.00      1530.29      0.00     1.00       0.0000    0.0000
   2420.00      1531.82      0.00     1.00       0.0000    0.0000
   2440.00      1533.42      0.00     1.00       0.0000    0.0000
   2460.00      1535.07      0.00     1.00       0.0000    0.0000
   2480.00      1536.79      0.00     1.00       0.0000    0.0000
   2500.00      1538.57      0.00     1.00       0.0000    0.0000
   2520.00      1540.42      0.00     1.00       0.0000    0.0000
   2540.00      1542.34      0.00     1.00       0.0000    0.0000
   2560.00      1544.33      0.00     1.00       0.0000    0.0000
   2580.00      1546.39      0.00     1.00       0.0000    0.0000
   2600.00      1548.52      0.00     1.00       0.0000    0.0000
   2620.00      1550.73      0.00     1.00       0.0000    0.0000
   2640.00      1553.03      0.00     1.00       0.0000    0.0000
   2660.00      1555.40      0.00     1.00       0.0000    0.0000
   2680.00      1557.86      0.00     1.00       0.0000    0.0000
   2700.00      1560.41      0.00     1.00       0.0000    0.0000
   2720.00      1563.04      0.00     1.00       0.0000    0.0000
   2740.00      1565.77      0.00     1.00       0.0000    0.0000
   2760.00      1568.60      0.00     1.00       0.0000    0.0000
   2780.00      1571.52      0.00     1.00       0.0000    0.0000
   2800.00      1574.55      0.00     1.00       0.0000    0.0000
   2820.00      1577.68      0.00     1.00       0.0000    0.0000
   2840.00      1580.92      0.00     1.00       0.0000    0.0000
   2860.00      1584.27      0.00     1.00       0.0000    0.0000
   2880.00      1587.74      0.00     1.00       0.0000    0.0000
   2900.00      1591.33      0.00     1.00       0.0000    0.0000
   2920.00      1595.04      0.00     1.00       0.0000    0.0000
   2940.00      1598.87      0.00     1.00       0.0000    0.0000
   2960.00      1602.84      0.00     1.00       0.0000    0.0000
   2980.00      1606.94      0.00     1.00       0.0000    0.0000
   3000.00      1611.18      0.00     1.00       0.0000    0.0000
   3020.00      1611.42      0.00     1.00       0.0000    0.0000
   3040.00      1611.66      0.00     1.00       0.0000    0.0000
   3060.00      1611.90      0.00     1.00       0.0000    0.0000
   3080.00      1612.14      0.00     1.00       0.0000    0.0000
   3100.00      1612.38      0.00     1.00       0.0000    0.0000
   3120.00      1612.62      0.00     1.00       0.0000    0.0000
   3140.00      1612.86      0.00     1.00       0.0000    0.0000
   3160.00      1613.10      0.00     1.00       0.0000    0.0000
   3180.00      1613.34      0.00     1.00       0.0000    0.0000
   3200.00      1613.58      0.00     1.00       0.0000    0.0000
   3220.00      1613.82      0.00     1.00       0.0000    0.0000
   3240.00      1614.06      0.00     1.00       0.0000    0.0000
   3260.00      1614.30      0.00     1.00       0.0000    0.0000
   3280.00      1614.54      0.00     1.00       0.0000    0.0000
   3300.00      1614.78      0.00     1.00       0.0000    0.0000
   3320.00      1615.02      0.00     1.00       0.0000    0.0000
   3340.00      1615.26      0.00     1.00       0.0000    0.0000
   3360.00      1615.50      0.00     1.00       0.0000    0.0000
   3380.00      1615.74      0.00     1.00       0.0000    0.0000
   3400.00      1615.98      0.00     1.00       0.0000    0.0000
   3420.00      1616.22      0.00     1.00       0.0000    0.0000
   3440.00      1616.46      0.00     1.00       0.0000    0.0000
   3460.00      1616.70      0.00     1.00       0.0000    0.0000
   3480.00      1616.94      0.00     1.00       0.0000    0.0000
   3500.00      1617.18      0.00     1.00       0.0000    0.0000
   3520.00      1617.42      0.00     1.00       0.0000    0.0000
   3540.00      1617.66      0.00     1.00       0.0000    0.0000
   3560.00      1617.90      0.00     1.00       0.0000    0.0000
   3580.00      1618.14      0.00     1.00       0.0000    0.0000
   3600.00      1618.38      0.00     1.00       0.0000    0.0000
   3620.00      1618.62      0.00     1.00       0.0000    0.0000
   3640.00      1618.86      0.00     1.00       0.0000    0.0000
   3660.00      1619.10      0.00     1.00       0.0000    0.0000
   3680.00      1619.34      0.00     1.00       0.0000    0.0000
   3700.00      1619.58      0.00     1.00       0.0000    0.0000
   3720.00      1619.82      0.00     1.00       0.0000    0.0000
   3740.00      1620.06      0.00     1.00       0.0000    0.0000
   3760.00      1620.30      0.00     1.00       0.0000    0.0000
   3780.00      1620.54      0.00     1.00       0.0000    0.0000
   3800.00      1620.78      0.00     1.00       0.0000    0.0000
   3820.00      1621.02      0.00     1.00       0.0000    0.0000
   3840.00      1621.26      0.00     1.00       0.0000    0.0000
   3860.00      1621.50      0.00     1.00       0.0000    0.0000
   3880.00      1621.74      0.00     1.00       0.0000    0.0000
   3900.00      1621.98      0.00     1.00       0.0000    0.0000
   3920.00      1622.22      0.00     1.00       0.0000    0.0000
   3940.00      1622.46      0.00     1.00       0.0000    0.0000
   3960.00      1622.70      0.00     1.00       0.0000    0.0000
   3980.00      1622.94      0.00     1.00       0.0000    0.0000
   4000.00      1623.18      0.00     1.00       0.0000    0.0000
   4020.00      1623.42      0.00     1.00       0.0000    0.0000
   4040.00      1623.66      0.00     1.00       0.0000    0.0000
   4060.00      1623.90      0.00     1.00       0.0000    0.0000
   4080.00      1624.14      0.00     1.00       0.0000    0.0000
   4100.00      1624.38      0.00     1.00       0.0000    0.0000
   4120.00      1624.62      0.00     1.00       0.0000    0.0000
   4140.00      1624.86      0.00     1.00       0.0000    0.0000
   4160.00      1625.10      0.00     1.00       0.0000    0.0000
   4180.00      1625.34      0.00     1.00       0.0000    0.0000
   4200.00      1625.58      0.00     1.00       0.0000    0.0000
   4220.00      1625.82      0.00     1.00       0.0000    0.0000
   4240.00      1626.06      0.00     1.00       0.0000    0.0000
   4260.00      1626.30      0.00     1.00       0.0000    0.0000
   4280.00      1626.54      0.00     1.00       0.0000    0.0000
   4300.00      1626.78      0.00     1.00       0.0000    0.0000
   4320.00      1627.02      0.00     1.00       0.0000    0.0000
   4340.00      1627.26      0.00     1.00       0.0000    0.0000
   4360.00      1627.50      0.00     1.00       0.0000    0.0000
   4380.00      1627.74      0.00     1.00       0.0000    0.0000
   4400.00      1627.98      0.00     1.00       0.0000    0.0000
   4420.00      1628.22      0.00     1.00       0.0000    0.0000
   4440.00      1628.46      0.00     1.00       0.0000    0.0000
   4460.00      1628.70      0.00     1.00       0.0000    0.0000
   4480.00      1628.94      0.00     1.00       0.0000    0.0000
   4500.00      1629.18      0.00     1.00       0.0000    0.0000
   4520.00      1629.42      0.00     1.00       0.0000    0.0000
   4540.00      1629.66      0.00     1.00       0.0000    0.0000
   4560.00      1629.90      0.00     1.00       0.0000    0.0000
   4580.00      1630.14      0.00     1.00       0.0000    0.0000
   4600.00      1630.38      0.00     1.00       0.0000    0.0000
   4620.00      1630.62      0.00     1.00       0.0000    0.0000
   4640.00      1630.86      0.00     1.00       0.0000    0.0000
   4660.00      1631.10      0.00     1.00       0.0000    0.0000
   4680.00      1631.34      0.00     1.00       0.0000    0.0000
   4700.00      1631.58      0.00     1.00       0.0000    0.0000
   4720.00      1631.82      0.00     1.00       0.0000    0.0000
   4740.00      1632.06      0.00     1.00       0.0000    0.0000
   4760.00      1632.30      0.00     1.00       0.0000    0.0000
   4780.00      1632.54      0.00     1.00       0.0000    0.0000
   4800.00      1632.78      0.00     1.00       0.0000    0.0000
   4820.00      1633.02      0.00     1.00       0.0000    0.0000
   4840.00      1633.26      0.00     1.00       0.0000    0.0000
   4860.00      1633.50      0.00     1.00       0.0000    0.0000
   4880.00      1633.74      0.00     1.00       0.0000    0.0000
   4900.00      1633.98      0.00     1.00       0.0000    0.0000
   4920.00      1634.22      0.00     1.00       0.0000    0.0000
   4940.00      1634.46      0.00     1.00       0.0000    0.0000
   4960.00      1634.70      0.00     1.00       0.0000    0.0000
   4980.00      1634.94      0.00     1.00       0.0000    0.0000
   5000.00      1635.18      0.00     1.00       0.0000    0.0000

                                 ( RMS rough =   0.00     )
     Perfectly RIGID

 cLow =   1500.0    m/s      cHigh =   1800.0    m/s
 RMax =    65.000000000000000      km

 __________________________________________________________________________


 Number of source   depths =            1
 Source depths (m)
   200.000    

 Number of receiver depths =           13
 Receiver depths (m)
   180.000       190.000       195.000       198.000       199.000    
   199.500       200.000       200.500       201.000       202.000    
   205.000       210.000       220.000    

 Mesh multiplier   CPU seconds
                --- Number of modes =          699
        1            0.641    s
                --- Number of modes =          698
        2            0.562    s
        4            0.391    s

    I    k (1/m)            alpha (1/m)   Phase Speed (m/s) Group Speed (m/s)
    1  0.9172784978     -0.1020467290E-05   1500.108839       1500.000918    
   24  0.9142990419     -0.1022096483E-05   1504.997292       1500.093334    
   47  0.9114248235     -0.1023619860E-05   1509.743368       1500.342626    
   70  0.9084418876     -0.1026235944E-05   1514.700721       1497.598664    
   93  0.9046338436     -0.1029808771E-05   1521.076833       1493.474668    
  116  0.9002032854     -0.1033728083E-05   1528.563164       1489.444879    
  139  0.8952617120     -0.1038040907E-05   1537.000370       1485.213218    
  162  0.8898674310     -0.1042749972E-05   1546.317501       1480.702274    
  185  0.8840578682     -0.1047839925E-05   1556.479085       1475.921521    
  208  0.8778592263     -0.1053330092E-05   1567.469522       1470.802789    
  231  0.8712906334     -0.1059193441E-05   1579.286554       1465.420049    
  254  0.8643667332     -0.1065460371E-05   1591.937229       1459.697235    
  277  0.8570988574     -0.1072120427E-05   1605.436258       1453.677649    
  300  0.8513911673     -0.1049923815E-05   1616.199034       1525.123460    
  323  0.8481096261     -0.1045311604E-05   1622.452499       1544.601829    
  346  0.8453222104     -0.1043306490E-05   1627.802470       1555.708631    
  369  0.8428023589     -0.1043232364E-05   1632.669353       1560.572918    
  392  0.8403065387     -0.1049743144E-05   1637.518595       1545.696894    
  415  0.8370709559     -0.1057734346E-05   1643.848198       1528.214053    
  438  0.8333187077     -0.1065013179E-05   1651.250079       1514.133174    
  461  0.8291314140     -0.1072571559E-05   1659.589251       1500.374221    
  484  0.8245485378     -0.1080102724E-05   1668.813319       1487.732536    
  507  0.8195919889     -0.1087961122E-05   1678.905603       1475.180135    
  530  0.8142742229     -0.1096198460E-05   1689.870001       1462.583718    
  553  0.8086032446     -0.1104848308E-05   1701.721569       1449.876317    
  576  0.8025824639     -0.1113957848E-05   1714.487475       1436.970741    
  599  0.7962122389     -0.1123569348E-05   1728.204510       1423.806875    
  622  0.7894912012     -0.1133788816E-05   1742.916932       1410.177874    
  645  0.7824154932     -0.1144643017E-05   1758.678853       1396.095204    
  668  0.7749800124     -0.1156144363E-05   1775.552350       1381.612732    
  691  0.7671779753     -0.1168357844E-05   1793.609340       1366.667279    
 _________________________________________________

 KRAKEN- R                                                                       
 End of environmental file
