 _________________________________________________

 KRAKEN- E2_ESTD                                                                 
 Frequency =   224.0    Hz
 NMedia    =   1


     C-Linear approximation to SSP
     Attenuation units: dB/wavelength
     THORP attenuation added
     VACUUM


   z (m)     alphaR (m/s)   betaR  rho (g/cm^3)  alphaI     betaI


       ( # mesh points = 20001  RMS rough =   0.00     )
      0.00      1513.55      0.00     1.00       0.0000    0.0000
     20.00      1513.26      0.00     1.00       0.0000    0.0000
     40.00      1512.97      0.00     1.00       0.0000    0.0000
     60.00      1512.68      0.00     1.00       0.0000    0.0000
     80.00      1512.39      0.00     1.00       0.0000    0.0000
    100.00      1512.10      0.00     1.00       0.0000    0.0000
    120.00      1511.81      0.00     1.00       0.0000    0.0000
    140.00      1511.53      0.00     1.00       0.0000    0.0000
    160.00      1511.25      0.00     1.00       0.0000    0.0000
    180.00      1510.97      0.00     1.00       0.0000    0.0000
    200.00      1510.69      0.00     1.00       0.0000    0.0000
    220.00      1510.41      0.00     1.00       0.0000    0.0000
    240.00      1510.14      0.00     1.00       0.0000    0.0000
    260.00      1509.87      0.00     1.00       0.0000    0.0000
    280.00      1509.59      0.00     1.00       0.0000    0.0000
    300.00      1509.33      0.00     1.00       0.0000    0.0000
    320.00      1509.06      0.00     1.00       0.0000    0.0000
    340.00      1508.80      0.00     1.00       0.0000    0.0000
    360.00      1508.54      0.00     1.00       0.0000    0.0000
    380.00      1508.28      0.00     1.00       0.0000    0.0000
    400.00      1508.02      0.00     1.00       0.0000    0.0000
    420.00      1507.77      0.00     1.00       0.0000    0.0000
    440.00      1507.52      0.00     1.00       0.0000    0.0000
    460.00      1507.27      0.00     1.00       0.0000    0.0000
    480.00      1507.02      0.00     1.00       0.0000    0.0000
    500.00      1506.78      0.00     1.00       0.0000    0.0000
    520.00      1506.54      0.00     1.00       0.0000    0.0000
    540.00      1506.30      0.00     1.00       0.0000    0.0000
    560.00      1506.07      0.00     1.00       0.0000    0.0000
    580.00      1505.84      0.00     1.00       0.0000    0.0000
    600.00      1505.62      0.00     1.00       0.0000    0.0000
    620.00      1505.39      0.00     1.00       0.0000    0.0000
    640.00      1505.17      0.00     1.00       0.0000    0.0000
    660.00      1504.96      0.00     1.00       0.0000    0.0000
    680.00      1504.75      0.00     1.00       0.0000    0.0000
    700.00      1504.54      0.00     1.00       0.0000    0.0000
    720.00      1504.34      0.00     1.00       0.0000    0.0000
    740.00      1504.14      0.00     1.00       0.0000    0.0000
    760.00      1503.95      0.00     1.00       0.0000    0.0000
    780.00      1503.76      0.00     1.00       0.0000    0.0000
    800.00      1503.57      0.00     1.00       0.0000    0.0000
    820.00      1503.39      0.00     1.00       0.0000    0.0000
    840.00      1503.22      0.00     1.00       0.0000    0.0000
    860.00      1503.05      0.00     1.00       0.0000    0.0000
    880.00      1502.88      0.00     1.00       0.0000    0.0000
    900.00      1502.72      0.00     1.00       0.0000    0.0000
    920.00      1502.57      0.00     1.00       0.0000    0.0000
    940.00      1502.42      0.00     1.00       0.0000    0.0000
    960.00      1502.28      0.00     1.00       0.0000    0.0000
    980.00      1502.14      0.00     1.00       0.0000    0.0000
   1000.00      1502.02      0.00     1.00       0.0000    0.0000
   1020.00      1501.89      0.00     1.00       0.0000    0.0000
   1040.00      1501.78      0.00     1.00       0.0000    0.0000
   1060.00      1501.67      0.00     1.00       0.0000    0.0000
   1080.00      1501.57      0.00     1.00       0.0000    0.0000
   1100.00      1501.47      0.00     1.00       0.0000    0.0000
   1120.00      1501.39      0.00     1.00       0.0000    0.0000
   1140.00      1501.31      0.00     1.00       0.0000    0.0000
   1160.00      1501.24      0.00     1.00       0.0000    0.0000
   1180.00      1501.18      0.00     1.00       0.0000    0.0000
   1200.00      1501.12      0.00     1.00       0.0000    0.0000
   1220.00      1501.08      0.00     1.00       0.0000    0.0000
   1240.00      1501.05      0.00     1.00       0.0000    0.0000
   1260.00      1501.02      0.00     1.00       0.0000    0.0000
   1280.00      1501.01      0.00     1.00       0.0000    0.0000
   1300.00      1501.00      0.00     1.00       0.0000    0.0000
   1320.00      1501.01      0.00     1.00       0.0000    0.0000
   1340.00      1501.02      0.00     1.00       0.0000    0.0000
   1360.00      1501.05      0.00     1.00       0.0000    0.0000
   1380.00      1501.09      0.00     1.00       0.0000    0.0000
   1400.00      1501.14      0.00     1.00       0.0000    0.0000
   1420.00      1501.20      0.00     1.00       0.0000    0.0000
   1440.00      1501.28      0.00     1.00       0.0000    0.0000
   1460.00      1501.36      0.00     1.00       0.0000    0.0000
   1480.00      1501.47      0.00     1.00       0.0000    0.0000
   1500.00      1501.58      0.00     1.00       0.0000    0.0000
   1520.00      1501.71      0.00     1.00       0.0000    0.0000
   1540.00      1501.86      0.00     1.00       0.0000    0.0000
   1560.00      1502.02      0.00     1.00       0.0000    0.0000
   1580.00      1502.19      0.00     1.00       0.0000    0.0000
   1600.00      1502.38      0.00     1.00       0.0000    0.0000
   1620.00      1502.59      0.00     1.00       0.0000    0.0000
   1640.00      1502.81      0.00     1.00       0.0000    0.0000
   1660.00      1503.06      0.00     1.00       0.0000    0.0000
   1680.00      1503.32      0.00     1.00       0.0000    0.0000
   1700.00      1503.60      0.00     1.00       0.0000    0.0000
   1720.00      1503.90      0.00     1.00       0.0000    0.0000
   1740.00      1504.22      0.00     1.00       0.0000    0.0000
   1760.00      1504.56      0.00     1.00       0.0000    0.0000
   1780.00      1504.92      0.00     1.00       0.0000    0.0000
   1800.00      1505.30      0.00     1.00       0.0000    0.0000
   1820.00      1505.70      0.00     1.00       0.0000    0.0000
   1840.00      1506.13      0.00     1.00       0.0000    0.0000
   1860.00      1506.59      0.00     1.00       0.0000    0.0000
   1880.00      1507.06      0.00     1.00       0.0000    0.0000
   1900.00      1507.57      0.00     1.00       0.0000    0.0000
   1920.00      1508.10      0.00     1.00       0.0000    0.0000
   1940.00      1508.65      0.00     1.00       0.0000    0.0000
   1960.00      1509.24      0.00     1.00       0.0000    0.0000
   1980.00      1509.85      0.00     1.00       0.0000    0.0000
   2000.00      1510.49      0.00     1.00       0.0000    0.0000
   2020.00      1511.17      0.00     1.00       0.0000    0.0000
   2040.00      1511.87      0.00     1.00       0.0000    0.0000
   2060.00      1512.61      0.00     1.00       0.0000    0.0000
   2080.00      1513.38      0.00     1.00       0.0000    0.0000
   2100.00      1514.19      0.00     1.00       0.0000    0.0000
   2120.00      1515.03      0.00     1.00       0.0000    0.0000
   2140.00      1515.91      0.00     1.00       0.0000    0.0000
   2160.00      1516.83      0.00     1.00       0.0000    0.0000
   2180.00      1517.79      0.00     1.00       0.0000    0.0000
   2200.00      1518.78      0.00     1.00       0.0000    0.0000
   2220.00      1519.82      0.00     1.00       0.0000    0.0000
   2240.00      1520.91      0.00     1.00       0.0000    0.0000
   2260.00      1522.03      0.00     1.00       0.0000    0.0000
   2280.00      1523.21      0.00     1.00       0.0000    0.0000
   2300.00      1524.43      0.00     1.00       0.0000    0.0000
   2320.00      1525.69      0.00     1.00       0.0000    0.0000
   2340.00      1527.01      0.00     1.00       0.0000    0.0000
   2360.00      1528.38      0.00     1.00       0.0000    0.0000
   2380.00      1529.81      0.00     1.00       0.0000    0.0000
   2400.00      1531.29      0.00     1.00       0.0000    0.0000
   2420.00      1532.82      0.00     1.00       0.0000    0.0000
   2440.00      1534.42      0.00     1.00       0.0000    0.0000
   2460.00      1536.07      0.00     1.00       0.0000    0.0000
   2480.00      1537.79      0.00     1.00       0.0000    0.0000
   2500.00      1539.57      0.00     1.00       0.0000    0.0000
   2520.00      1541.42      0.00     1.00       0.0000    0.0000
   2540.00      1543.34      0.00     1.00       0.0000    0.0000
   2560.00      1545.33      0.00     1.00       0.0000    0.0000
   2580.00      1547.39      0.00     1.00       0.0000    0.0000
   2600.00      1549.52      0.00     1.00       0.0000    0.0000
   2620.00      1551.73      0.00     1.00       0.0000    0.0000
   2640.00      1554.03      0.00     1.00       0.0000    0.0000
   2660.00      1556.40      0.00     1.00       0.0000    0.0000
   2680.00      1558.86      0.00     1.00       0.0000    0.0000
   2700.00      1561.41      0.00     1.00       0.0000    0.0000
   2720.00      1564.04      0.00     1.00       0.0000    0.0000
   2740.00      1566.77      0.00     1.00       0.0000    0.0000
   2760.00      1569.60      0.00     1.00       0.0000    0.0000
   2780.00      1572.52      0.00     1.00       0.0000    0.0000
   2800.00      1575.55      0.00     1.00       0.0000    0.0000
   2820.00      1578.68      0.00     1.00       0.0000    0.0000
   2840.00      1581.92      0.00     1.00       0.0000    0.0000
   2860.00      1585.27      0.00     1.00       0.0000    0.0000
   2880.00      1588.74      0.00     1.00       0.0000    0.0000
   2900.00      1592.33      0.00     1.00       0.0000    0.0000
   2920.00      1596.04      0.00     1.00       0.0000    0.0000
   2940.00      1599.87      0.00     1.00       0.0000    0.0000
   2960.00      1603.84      0.00     1.00       0.0000    0.0000
   2980.00      1607.94      0.00     1.00       0.0000    0.0000
   3000.00      1612.18      0.00     1.00       0.0000    0.0000
   3020.00      1612.42      0.00     1.00       0.0000    0.0000
   3040.00      1612.66      0.00     1.00       0.0000    0.0000
   3060.00      1612.90      0.00     1.00       0.0000    0.0000
   3080.00      1613.14      0.00     1.00       0.0000    0.0000
   3100.00      1613.38      0.00     1.00       0.0000    0.0000
   3120.00      1613.62      0.00     1.00       0.0000    0.0000
   3140.00      1613.86      0.00     1.00       0.0000    0.0000
   3160.00      1614.10      0.00     1.00       0.0000    0.0000
   3180.00      1614.34      0.00     1.00       0.0000    0.0000
   3200.00      1614.58      0.00     1.00       0.0000    0.0000
   3220.00      1614.82      0.00     1.00       0.0000    0.0000
   3240.00      1615.06      0.00     1.00       0.0000    0.0000
   3260.00      1615.30      0.00     1.00       0.0000    0.0000
   3280.00      1615.54      0.00     1.00       0.0000    0.0000
   3300.00      1615.78      0.00     1.00       0.0000    0.0000
   3320.00      1616.02      0.00     1.00       0.0000    0.0000
   3340.00      1616.26      0.00     1.00       0.0000    0.0000
   3360.00      1616.50      0.00     1.00       0.0000    0.0000
   3380.00      1616.74      0.00     1.00       0.0000    0.0000
   3400.00      1616.98      0.00     1.00       0.0000    0.0000
   3420.00      1617.22      0.00     1.00       0.0000    0.0000
   3440.00      1617.46      0.00     1.00       0.0000    0.0000
   3460.00      1617.70      0.00     1.00       0.0000    0.0000
   3480.00      1617.94      0.00     1.00       0.0000    0.0000
   3500.00      1618.18      0.00     1.00       0.0000    0.0000
   3520.00      1618.42      0.00     1.00       0.0000    0.0000
   3540.00      1618.66      0.00     1.00       0.0000    0.0000
   3560.00      1618.90      0.00     1.00       0.0000    0.0000
   3580.00      1619.14      0.00     1.00       0.0000    0.0000
   3600.00      1619.38      0.00     1.00       0.0000    0.0000
   3620.00      1619.62      0.00     1.00       0.0000    0.0000
   3640.00      1619.86      0.00     1.00       0.0000    0.0000
   3660.00      1620.10      0.00     1.00       0.0000    0.0000
   3680.00      1620.34      0.00     1.00       0.0000    0.0000
   3700.00      1620.58      0.00     1.00       0.0000    0.0000
   3720.00      1620.82      0.00     1.00       0.0000    0.0000
   3740.00      1621.06      0.00     1.00       0.0000    0.0000
   3760.00      1621.30      0.00     1.00       0.0000    0.0000
   3780.00      1621.54      0.00     1.00       0.0000    0.0000
   3800.00      1621.78      0.00     1.00       0.0000    0.0000
   3820.00      1622.02      0.00     1.00       0.0000    0.0000
   3840.00      1622.26      0.00     1.00       0.0000    0.0000
   3860.00      1622.50      0.00     1.00       0.0000    0.0000
   3880.00      1622.74      0.00     1.00       0.0000    0.0000
   3900.00      1622.98      0.00     1.00       0.0000    0.0000
   3920.00      1623.22      0.00     1.00       0.0000    0.0000
   3940.00      1623.46      0.00     1.00       0.0000    0.0000
   3960.00      1623.70      0.00     1.00       0.0000    0.0000
   3980.00      1623.94      0.00     1.00       0.0000    0.0000
   4000.00      1624.18      0.00     1.00       0.0000    0.0000
   4020.00      1624.42      0.00     1.00       0.0000    0.0000
   4040.00      1624.66      0.00     1.00       0.0000    0.0000
   4060.00      1624.90      0.00     1.00       0.0000    0.0000
   4080.00      1625.14      0.00     1.00       0.0000    0.0000
   4100.00      1625.38      0.00     1.00       0.0000    0.0000
   4120.00      1625.62      0.00     1.00       0.0000    0.0000
   4140.00      1625.86      0.00     1.00       0.0000    0.0000
   4160.00      1626.10      0.00     1.00       0.0000    0.0000
   4180.00      1626.34      0.00     1.00       0.0000    0.0000
   4200.00      1626.58      0.00     1.00       0.0000    0.0000
   4220.00      1626.82      0.00     1.00       0.0000    0.0000
   4240.00      1627.06      0.00     1.00       0.0000    0.0000
   4260.00      1627.30      0.00     1.00       0.0000    0.0000
   4280.00      1627.54      0.00     1.00       0.0000    0.0000
   4300.00      1627.78      0.00     1.00       0.0000    0.0000
   4320.00      1628.02      0.00     1.00       0.0000    0.0000
   4340.00      1628.26      0.00     1.00       0.0000    0.0000
   4360.00      1628.50      0.00     1.00       0.0000    0.0000
   4380.00      1628.74      0.00     1.00       0.0000    0.0000
   4400.00      1628.98      0.00     1.00       0.0000    0.0000
   4420.00      1629.22      0.00     1.00       0.0000    0.0000
   4440.00      1629.46      0.00     1.00       0.0000    0.0000
   4460.00      1629.70      0.00     1.00       0.0000    0.0000
   4480.00      1629.94      0.00     1.00       0.0000    0.0000
   4500.00      1630.18      0.00     1.00       0.0000    0.0000
   4520.00      1630.42      0.00     1.00       0.0000    0.0000
   4540.00      1630.66      0.00     1.00       0.0000    0.0000
   4560.00      1630.90      0.00     1.00       0.0000    0.0000
   4580.00      1631.14      0.00     1.00       0.0000    0.0000
   4600.00      1631.38      0.00     1.00       0.0000    0.0000
   4620.00      1631.62      0.00     1.00       0.0000    0.0000
   4640.00      1631.86      0.00     1.00       0.0000    0.0000
   4660.00      1632.10      0.00     1.00       0.0000    0.0000
   4680.00      1632.34      0.00     1.00       0.0000    0.0000
   4700.00      1632.58      0.00     1.00       0.0000    0.0000
   4720.00      1632.82      0.00     1.00       0.0000    0.0000
   4740.00      1633.06      0.00     1.00       0.0000    0.0000
   4760.00      1633.30      0.00     1.00       0.0000    0.0000
   4780.00      1633.54      0.00     1.00       0.0000    0.0000
   4800.00      1633.78      0.00     1.00       0.0000    0.0000
   4820.00      1634.02      0.00     1.00       0.0000    0.0000
   4840.00      1634.26      0.00     1.00       0.0000    0.0000
   4860.00      1634.50      0.00     1.00       0.0000    0.0000
   4880.00      1634.74      0.00     1.00       0.0000    0.0000
   4900.00      1634.98      0.00     1.00       0.0000    0.0000
   4920.00      1635.22      0.00     1.00       0.0000    0.0000
   4940.00      1635.46      0.00     1.00       0.0000    0.0000
   4960.00      1635.70      0.00     1.00       0.0000    0.0000
   4980.00      1635.94      0.00     1.00       0.0000    0.0000
   5000.00      1636.18      0.00     1.00       0.0000    0.0000

                                 ( RMS rough =   0.00     )
     Perfectly RIGID

 cLow =   1500.0    m/s      cHigh =   1800.0    m/s
 RMax =    65.000000000000000      km

 __________________________________________________________________________


 Number of source   depths =            1
 Source depths (m)
   200.000    

 Number of receiver depths =           13
 Receiver depths (m)
   180.000       190.000       195.000       198.000       199.000    
   199.500       200.000       200.500       201.000       202.000    
   205.000       210.000       220.000    

 Mesh multiplier   CPU seconds
                --- Number of modes =          713
        1            0.594    s
                --- Number of modes =          712
        2            0.562    s
        4            0.359    s

    I    k (1/m)            alpha (1/m)   Phase Speed (m/s) Group Speed (m/s)
    1  0.9375973495     -0.1048769159E-05   1501.106535       1501.000917    
   24  0.9346176783     -0.1050407943E-05   1505.892240       1501.089554    
   47  0.9317411569     -0.1051942355E-05   1510.541311       1501.328986    
   70  0.9287937519     -0.1054461452E-05   1515.334816       1498.900100    
   93  0.9250420037     -0.1058035901E-05   1521.480650       1494.817735    
  116  0.9206666059     -0.1061938996E-05   1528.711370       1490.881898    
  139  0.9157834078     -0.1066230553E-05   1536.862862       1486.758996    
  162  0.9104514557     -0.1070900372E-05   1545.863319       1482.406491    
  185  0.9047086087     -0.1075958725E-05   1555.676043       1477.760655    
  208  0.8985811881     -0.1081396802E-05   1566.284191       1472.830391    
  231  0.8920888858     -0.1087211623E-05   1577.683044       1467.619964    
  254  0.8852461523     -0.1093418027E-05   1589.878143       1462.095927    
  277  0.8780643643     -0.1100032391E-05   1602.881937       1456.228613    
  300  0.8714160585     -0.1078198845E-05   1615.110825       1526.527549    
  323  0.8678731142     -0.1074664667E-05   1621.704240       1542.856299    
  346  0.8649694644     -0.1073078623E-05   1627.148202       1552.634792    
  369  0.8623755319     -0.1071942699E-05   1632.042488       1560.641361    
  392  0.8599890699     -0.1073755236E-05   1636.571391       1559.639328    
  415  0.8570065249     -0.1084029208E-05   1642.266970       1535.357490    
  438  0.8534455686     -0.1091622988E-05   1649.119242       1520.321300    
  461  0.8494351493     -0.1098914476E-05   1656.905192       1507.261364    
  484  0.8450238733     -0.1106535278E-05   1665.554730       1494.310035    
  507  0.8402389547     -0.1114229947E-05   1675.039584       1482.126630    
  530  0.8350955906     -0.1122298641E-05   1685.356173       1469.888121    
  553  0.8296038018     -0.1130740668E-05   1696.512848       1457.611971    
  576  0.8237683032     -0.1139682002E-05   1708.530789       1445.003610    
  599  0.8175912700     -0.1149107751E-05   1721.439013       1432.147288    
  622  0.8110719803     -0.1159016629E-05   1735.275713       1419.096646    
  645  0.8042083064     -0.1169515464E-05   1750.085765       1405.648405    
  668  0.7969959011     -0.1180667260E-05   1765.923146       1391.726201    
  691  0.7894292320     -0.1192484210E-05   1782.849496       1377.385450    
 _________________________________________________

 KRAKEN- R                                                                       
 End of environmental file
