 _________________________________________________

 KRAKEN- E2_ESTD                                                                 
 Frequency =   231.5    Hz
 NMedia    =   1


     C-Linear approximation to SSP
     Attenuation units: dB/wavelength
     THORP attenuation added
     VACUUM


   z (m)     alphaR (m/s)   betaR  rho (g/cm^3)  alphaI     betaI


       ( # mesh points = 20001  RMS rough =   0.00     )
      0.00      1513.55      0.00     1.00       0.0000    0.0000
     20.00      1513.26      0.00     1.00       0.0000    0.0000
     40.00      1512.97      0.00     1.00       0.0000    0.0000
     60.00      1512.68      0.00     1.00       0.0000    0.0000
     80.00      1512.39      0.00     1.00       0.0000    0.0000
    100.00      1512.10      0.00     1.00       0.0000    0.0000
    120.00      1511.81      0.00     1.00       0.0000    0.0000
    140.00      1511.53      0.00     1.00       0.0000    0.0000
    160.00      1511.25      0.00     1.00       0.0000    0.0000
    180.00      1510.97      0.00     1.00       0.0000    0.0000
    200.00      1510.69      0.00     1.00       0.0000    0.0000
    220.00      1510.41      0.00     1.00       0.0000    0.0000
    240.00      1510.14      0.00     1.00       0.0000    0.0000
    260.00      1509.87      0.00     1.00       0.0000    0.0000
    280.00      1509.59      0.00     1.00       0.0000    0.0000
    300.00      1509.33      0.00     1.00       0.0000    0.0000
    320.00      1509.06      0.00     1.00       0.0000    0.0000
    340.00      1508.80      0.00     1.00       0.0000    0.0000
    360.00      1508.54      0.00     1.00       0.0000    0.0000
    380.00      1508.28      0.00     1.00       0.0000    0.0000
    400.00      1508.02      0.00     1.00       0.0000    0.0000
    420.00      1507.77      0.00     1.00       0.0000    0.0000
    440.00      1507.52      0.00     1.00       0.0000    0.0000
    460.00      1507.27      0.00     1.00       0.0000    0.0000
    480.00      1507.02      0.00     1.00       0.0000    0.0000
    500.00      1506.78      0.00     1.00       0.0000    0.0000
    520.00      1506.54      0.00     1.00       0.0000    0.0000
    540.00      1506.30      0.00     1.00       0.0000    0.0000
    560.00      1506.07      0.00     1.00       0.0000    0.0000
    580.00      1505.84      0.00     1.00       0.0000    0.0000
    600.00      1505.62      0.00     1.00       0.0000    0.0000
    620.00      1505.39      0.00     1.00       0.0000    0.0000
    640.00      1505.17      0.00     1.00       0.0000    0.0000
    660.00      1504.96      0.00     1.00       0.0000    0.0000
    680.00      1504.75      0.00     1.00       0.0000    0.0000
    700.00      1504.54      0.00     1.00       0.0000    0.0000
    720.00      1504.34      0.00     1.00       0.0000    0.0000
    740.00      1504.14      0.00     1.00       0.0000    0.0000
    760.00      1503.95      0.00     1.00       0.0000    0.0000
    780.00      1503.76      0.00     1.00       0.0000    0.0000
    800.00      1503.57      0.00     1.00       0.0000    0.0000
    820.00      1503.39      0.00     1.00       0.0000    0.0000
    840.00      1503.22      0.00     1.00       0.0000    0.0000
    860.00      1503.05      0.00     1.00       0.0000    0.0000
    880.00      1502.88      0.00     1.00       0.0000    0.0000
    900.00      1502.72      0.00     1.00       0.0000    0.0000
    920.00      1502.57      0.00     1.00       0.0000    0.0000
    940.00      1502.42      0.00     1.00       0.0000    0.0000
    960.00      1502.28      0.00     1.00       0.0000    0.0000
    980.00      1502.14      0.00     1.00       0.0000    0.0000
   1000.00      1502.02      0.00     1.00       0.0000    0.0000
   1020.00      1501.89      0.00     1.00       0.0000    0.0000
   1040.00      1501.78      0.00     1.00       0.0000    0.0000
   1060.00      1501.67      0.00     1.00       0.0000    0.0000
   1080.00      1501.57      0.00     1.00       0.0000    0.0000
   1100.00      1501.47      0.00     1.00       0.0000    0.0000
   1120.00      1501.39      0.00     1.00       0.0000    0.0000
   1140.00      1501.31      0.00     1.00       0.0000    0.0000
   1160.00      1501.24      0.00     1.00       0.0000    0.0000
   1180.00      1501.18      0.00     1.00       0.0000    0.0000
   1200.00      1501.12      0.00     1.00       0.0000    0.0000
   1220.00      1501.08      0.00     1.00       0.0000    0.0000
   1240.00      1501.05      0.00     1.00       0.0000    0.0000
   1260.00      1501.02      0.00     1.00       0.0000    0.0000
   1280.00      1501.01      0.00     1.00       0.0000    0.0000
   1300.00      1501.00      0.00     1.00       0.0000    0.0000
   1320.00      1501.01      0.00     1.00       0.0000    0.0000
   1340.00      1501.02      0.00     1.00       0.0000    0.0000
   1360.00      1501.05      0.00     1.00       0.0000    0.0000
   1380.00      1501.09      0.00     1.00       0.0000    0.0000
   1400.00      1501.14      0.00     1.00       0.0000    0.0000
   1420.00      1501.20      0.00     1.00       0.0000    0.0000
   1440.00      1501.28      0.00     1.00       0.0000    0.0000
   1460.00      1501.36      0.00     1.00       0.0000    0.0000
   1480.00      1501.47      0.00     1.00       0.0000    0.0000
   1500.00      1501.58      0.00     1.00       0.0000    0.0000
   1520.00      1501.71      0.00     1.00       0.0000    0.0000
   1540.00      1501.86      0.00     1.00       0.0000    0.0000
   1560.00      1502.02      0.00     1.00       0.0000    0.0000
   1580.00      1502.19      0.00     1.00       0.0000    0.0000
   1600.00      1502.38      0.00     1.00       0.0000    0.0000
   1620.00      1502.59      0.00     1.00       0.0000    0.0000
   1640.00      1502.81      0.00     1.00       0.0000    0.0000
   1660.00      1503.06      0.00     1.00       0.0000    0.0000
   1680.00      1503.32      0.00     1.00       0.0000    0.0000
   1700.00      1503.60      0.00     1.00       0.0000    0.0000
   1720.00      1503.90      0.00     1.00       0.0000    0.0000
   1740.00      1504.22      0.00     1.00       0.0000    0.0000
   1760.00      1504.56      0.00     1.00       0.0000    0.0000
   1780.00      1504.92      0.00     1.00       0.0000    0.0000
   1800.00      1505.30      0.00     1.00       0.0000    0.0000
   1820.00      1505.70      0.00     1.00       0.0000    0.0000
   1840.00      1506.13      0.00     1.00       0.0000    0.0000
   1860.00      1506.59      0.00     1.00       0.0000    0.0000
   1880.00      1507.06      0.00     1.00       0.0000    0.0000
   1900.00      1507.57      0.00     1.00       0.0000    0.0000
   1920.00      1508.10      0.00     1.00       0.0000    0.0000
   1940.00      1508.65      0.00     1.00       0.0000    0.0000
   1960.00      1509.24      0.00     1.00       0.0000    0.0000
   1980.00      1509.85      0.00     1.00       0.0000    0.0000
   2000.00      1510.49      0.00     1.00       0.0000    0.0000
   2020.00      1511.17      0.00     1.00       0.0000    0.0000
   2040.00      1511.87      0.00     1.00       0.0000    0.0000
   2060.00      1512.61      0.00     1.00       0.0000    0.0000
   2080.00      1513.38      0.00     1.00       0.0000    0.0000
   2100.00      1514.19      0.00     1.00       0.0000    0.0000
   2120.00      1515.03      0.00     1.00       0.0000    0.0000
   2140.00      1515.91      0.00     1.00       0.0000    0.0000
   2160.00      1516.83      0.00     1.00       0.0000    0.0000
   2180.00      1517.79      0.00     1.00       0.0000    0.0000
   2200.00      1518.78      0.00     1.00       0.0000    0.0000
   2220.00      1519.82      0.00     1.00       0.0000    0.0000
   2240.00      1520.91      0.00     1.00       0.0000    0.0000
   2260.00      1522.03      0.00     1.00       0.0000    0.0000
   2280.00      1523.21      0.00     1.00       0.0000    0.0000
   2300.00      1524.43      0.00     1.00       0.0000    0.0000
   2320.00      1525.69      0.00     1.00       0.0000    0.0000
   2340.00      1527.01      0.00     1.00       0.0000    0.0000
   2360.00      1528.38      0.00     1.00       0.0000    0.0000
   2380.00      1529.81      0.00     1.00       0.0000    0.0000
   2400.00      1531.29      0.00     1.00       0.0000    0.0000
   2420.00      1532.82      0.00     1.00       0.0000    0.0000
   2440.00      1534.42      0.00     1.00       0.0000    0.0000
   2460.00      1536.07      0.00     1.00       0.0000    0.0000
   2480.00      1537.79      0.00     1.00       0.0000    0.0000
   2500.00      1539.57      0.00     1.00       0.0000    0.0000
   2520.00      1541.42      0.00     1.00       0.0000    0.0000
   2540.00      1543.34      0.00     1.00       0.0000    0.0000
   2560.00      1545.33      0.00     1.00       0.0000    0.0000
   2580.00      1547.39      0.00     1.00       0.0000    0.0000
   2600.00      1549.52      0.00     1.00       0.0000    0.0000
   2620.00      1551.73      0.00     1.00       0.0000    0.0000
   2640.00      1554.03      0.00     1.00       0.0000    0.0000
   2660.00      1556.40      0.00     1.00       0.0000    0.0000
   2680.00      1558.86      0.00     1.00       0.0000    0.0000
   2700.00      1561.41      0.00     1.00       0.0000    0.0000
   2720.00      1564.04      0.00     1.00       0.0000    0.0000
   2740.00      1566.77      0.00     1.00       0.0000    0.0000
   2760.00      1569.60      0.00     1.00       0.0000    0.0000
   2780.00      1572.52      0.00     1.00       0.0000    0.0000
   2800.00      1575.55      0.00     1.00       0.0000    0.0000
   2820.00      1578.68      0.00     1.00       0.0000    0.0000
   2840.00      1581.92      0.00     1.00       0.0000    0.0000
   2860.00      1585.27      0.00     1.00       0.0000    0.0000
   2880.00      1588.74      0.00     1.00       0.0000    0.0000
   2900.00      1592.33      0.00     1.00       0.0000    0.0000
   2920.00      1596.04      0.00     1.00       0.0000    0.0000
   2940.00      1599.87      0.00     1.00       0.0000    0.0000
   2960.00      1603.84      0.00     1.00       0.0000    0.0000
   2980.00      1607.94      0.00     1.00       0.0000    0.0000
   3000.00      1612.18      0.00     1.00       0.0000    0.0000
   3020.00      1612.42      0.00     1.00       0.0000    0.0000
   3040.00      1612.66      0.00     1.00       0.0000    0.0000
   3060.00      1612.90      0.00     1.00       0.0000    0.0000
   3080.00      1613.14      0.00     1.00       0.0000    0.0000
   3100.00      1613.38      0.00     1.00       0.0000    0.0000
   3120.00      1613.62      0.00     1.00       0.0000    0.0000
   3140.00      1613.86      0.00     1.00       0.0000    0.0000
   3160.00      1614.10      0.00     1.00       0.0000    0.0000
   3180.00      1614.34      0.00     1.00       0.0000    0.0000
   3200.00      1614.58      0.00     1.00       0.0000    0.0000
   3220.00      1614.82      0.00     1.00       0.0000    0.0000
   3240.00      1615.06      0.00     1.00       0.0000    0.0000
   3260.00      1615.30      0.00     1.00       0.0000    0.0000
   3280.00      1615.54      0.00     1.00       0.0000    0.0000
   3300.00      1615.78      0.00     1.00       0.0000    0.0000
   3320.00      1616.02      0.00     1.00       0.0000    0.0000
   3340.00      1616.26      0.00     1.00       0.0000    0.0000
   3360.00      1616.50      0.00     1.00       0.0000    0.0000
   3380.00      1616.74      0.00     1.00       0.0000    0.0000
   3400.00      1616.98      0.00     1.00       0.0000    0.0000
   3420.00      1617.22      0.00     1.00       0.0000    0.0000
   3440.00      1617.46      0.00     1.00       0.0000    0.0000
   3460.00      1617.70      0.00     1.00       0.0000    0.0000
   3480.00      1617.94      0.00     1.00       0.0000    0.0000
   3500.00      1618.18      0.00     1.00       0.0000    0.0000
   3520.00      1618.42      0.00     1.00       0.0000    0.0000
   3540.00      1618.66      0.00     1.00       0.0000    0.0000
   3560.00      1618.90      0.00     1.00       0.0000    0.0000
   3580.00      1619.14      0.00     1.00       0.0000    0.0000
   3600.00      1619.38      0.00     1.00       0.0000    0.0000
   3620.00      1619.62      0.00     1.00       0.0000    0.0000
   3640.00      1619.86      0.00     1.00       0.0000    0.0000
   3660.00      1620.10      0.00     1.00       0.0000    0.0000
   3680.00      1620.34      0.00     1.00       0.0000    0.0000
   3700.00      1620.58      0.00     1.00       0.0000    0.0000
   3720.00      1620.82      0.00     1.00       0.0000    0.0000
   3740.00      1621.06      0.00     1.00       0.0000    0.0000
   3760.00      1621.30      0.00     1.00       0.0000    0.0000
   3780.00      1621.54      0.00     1.00       0.0000    0.0000
   3800.00      1621.78      0.00     1.00       0.0000    0.0000
   3820.00      1622.02      0.00     1.00       0.0000    0.0000
   3840.00      1622.26      0.00     1.00       0.0000    0.0000
   3860.00      1622.50      0.00     1.00       0.0000    0.0000
   3880.00      1622.74      0.00     1.00       0.0000    0.0000
   3900.00      1622.98      0.00     1.00       0.0000    0.0000
   3920.00      1623.22      0.00     1.00       0.0000    0.0000
   3940.00      1623.46      0.00     1.00       0.0000    0.0000
   3960.00      1623.70      0.00     1.00       0.0000    0.0000
   3980.00      1623.94      0.00     1.00       0.0000    0.0000
   4000.00      1624.18      0.00     1.00       0.0000    0.0000
   4020.00      1624.42      0.00     1.00       0.0000    0.0000
   4040.00      1624.66      0.00     1.00       0.0000    0.0000
   4060.00      1624.90      0.00     1.00       0.0000    0.0000
   4080.00      1625.14      0.00     1.00       0.0000    0.0000
   4100.00      1625.38      0.00     1.00       0.0000    0.0000
   4120.00      1625.62      0.00     1.00       0.0000    0.0000
   4140.00      1625.86      0.00     1.00       0.0000    0.0000
   4160.00      1626.10      0.00     1.00       0.0000    0.0000
   4180.00      1626.34      0.00     1.00       0.0000    0.0000
   4200.00      1626.58      0.00     1.00       0.0000    0.0000
   4220.00      1626.82      0.00     1.00       0.0000    0.0000
   4240.00      1627.06      0.00     1.00       0.0000    0.0000
   4260.00      1627.30      0.00     1.00       0.0000    0.0000
   4280.00      1627.54      0.00     1.00       0.0000    0.0000
   4300.00      1627.78      0.00     1.00       0.0000    0.0000
   4320.00      1628.02      0.00     1.00       0.0000    0.0000
   4340.00      1628.26      0.00     1.00       0.0000    0.0000
   4360.00      1628.50      0.00     1.00       0.0000    0.0000
   4380.00      1628.74      0.00     1.00       0.0000    0.0000
   4400.00      1628.98      0.00     1.00       0.0000    0.0000
   4420.00      1629.22      0.00     1.00       0.0000    0.0000
   4440.00      1629.46      0.00     1.00       0.0000    0.0000
   4460.00      1629.70      0.00     1.00       0.0000    0.0000
   4480.00      1629.94      0.00     1.00       0.0000    0.0000
   4500.00      1630.18      0.00     1.00       0.0000    0.0000
   4520.00      1630.42      0.00     1.00       0.0000    0.0000
   4540.00      1630.66      0.00     1.00       0.0000    0.0000
   4560.00      1630.90      0.00     1.00       0.0000    0.0000
   4580.00      1631.14      0.00     1.00       0.0000    0.0000
   4600.00      1631.38      0.00     1.00       0.0000    0.0000
   4620.00      1631.62      0.00     1.00       0.0000    0.0000
   4640.00      1631.86      0.00     1.00       0.0000    0.0000
   4660.00      1632.10      0.00     1.00       0.0000    0.0000
   4680.00      1632.34      0.00     1.00       0.0000    0.0000
   4700.00      1632.58      0.00     1.00       0.0000    0.0000
   4720.00      1632.82      0.00     1.00       0.0000    0.0000
   4740.00      1633.06      0.00     1.00       0.0000    0.0000
   4760.00      1633.30      0.00     1.00       0.0000    0.0000
   4780.00      1633.54      0.00     1.00       0.0000    0.0000
   4800.00      1633.78      0.00     1.00       0.0000    0.0000
   4820.00      1634.02      0.00     1.00       0.0000    0.0000
   4840.00      1634.26      0.00     1.00       0.0000    0.0000
   4860.00      1634.50      0.00     1.00       0.0000    0.0000
   4880.00      1634.74      0.00     1.00       0.0000    0.0000
   4900.00      1634.98      0.00     1.00       0.0000    0.0000
   4920.00      1635.22      0.00     1.00       0.0000    0.0000
   4940.00      1635.46      0.00     1.00       0.0000    0.0000
   4960.00      1635.70      0.00     1.00       0.0000    0.0000
   4980.00      1635.94      0.00     1.00       0.0000    0.0000
   5000.00      1636.18      0.00     1.00       0.0000    0.0000

                                 ( RMS rough =   0.00     )
     Perfectly RIGID

 cLow =   1500.0    m/s      cHigh =   1800.0    m/s
 RMax =    65.000000000000000      km

 __________________________________________________________________________


 Number of source   depths =            1
 Source depths (m)
   200.000    

 Number of receiver depths =           13
 Receiver depths (m)
   180.000       190.000       195.000       198.000       199.000    
   199.500       200.000       200.500       201.000       202.000    
   205.000       210.000       220.000    

 Mesh multiplier   CPU seconds
                --- Number of modes =          737
        1            0.641    s
                --- Number of modes =          736
        2            0.562    s
        4            0.391    s

    I    k (1/m)            alpha (1/m)   Phase Speed (m/s) Group Speed (m/s)
    1  0.9689923269     -0.1092209716E-05   1501.103113       1501.000915    
   25  0.9658835605     -0.1093932424E-05   1505.934523       1501.091057    
   49  0.9628833888     -0.1095544439E-05   1510.626744       1501.334722    
   73  0.9597942717     -0.1098241544E-05   1515.488727       1498.772400    
   97  0.9558548147     -0.1102008741E-05   1521.734657       1494.667472    
  121  0.9512649850     -0.1106129940E-05   1529.076989       1490.688462    
  145  0.9461438484     -0.1110657826E-05   1537.353333       1486.529447    
  169  0.9405525348     -0.1115600086E-05   1546.492455       1482.099744    
  193  0.9345305113     -0.1120945124E-05   1556.457902       1477.395219    
  217  0.9281052808     -0.1126702679E-05   1567.233189       1472.375457    
  241  0.9212968068     -0.1132861147E-05   1578.815196       1467.068886    
  265  0.9141205879     -0.1139431065E-05   1591.209538       1461.454668    
  289  0.9065882918     -0.1146405262E-05   1604.429940       1455.564396    
  313  0.9000575532     -0.1124994501E-05   1616.071543       1521.611803    
  337  0.8965012247     -0.1118029953E-05   1622.482333       1546.801109    
  361  0.8935290865     -0.1116705406E-05   1627.879182       1555.651000    
  385  0.8908579747     -0.1116432069E-05   1632.760148       1561.078291    
  409  0.8883369233     -0.1120884877E-05   1637.393832       1552.987202    
  433  0.8851000153     -0.1130164713E-05   1643.381961       1533.041515    
  457  0.8812948218     -0.1138119486E-05   1650.477641       1518.151226    
  481  0.8770282910     -0.1146062152E-05   1658.506816       1504.428850    
  505  0.8723467931     -0.1153900183E-05   1667.407286       1492.009030    
  529  0.8672749711     -0.1162182256E-05   1677.158280       1479.413645    
  553  0.8618286769     -0.1170751450E-05   1687.757019       1467.049793    
  577  0.8560165705     -0.1179677756E-05   1699.216404       1454.749899    
  601  0.8498430118     -0.1189229841E-05   1711.560110       1441.884097    
  625  0.8433096256     -0.1199255414E-05   1724.820107       1428.877552    
  649  0.8364154104     -0.1209840451E-05   1739.037063       1415.576379    
  673  0.8291572068     -0.1221029164E-05   1754.260093       1401.941677    
  697  0.8215301305     -0.1232973006E-05   1770.546623       1387.704641    
  721  0.8135280544     -0.1245578755E-05   1787.962186       1373.165563    
 _________________________________________________

 KRAKEN- R                                                                       
 End of environmental file
