 _________________________________________________

 KRAKEN- E2_ESTD                                                                 
 Frequency =   233.5    Hz
 NMedia    =   1


     C-Linear approximation to SSP
     Attenuation units: dB/wavelength
     THORP attenuation added
     VACUUM


   z (m)     alphaR (m/s)   betaR  rho (g/cm^3)  alphaI     betaI


       ( # mesh points = 20001  RMS rough =   0.00     )
      0.00      1511.55      0.00     1.00       0.0000    0.0000
     20.00      1511.26      0.00     1.00       0.0000    0.0000
     40.00      1510.97      0.00     1.00       0.0000    0.0000
     60.00      1510.68      0.00     1.00       0.0000    0.0000
     80.00      1510.39      0.00     1.00       0.0000    0.0000
    100.00      1510.10      0.00     1.00       0.0000    0.0000
    120.00      1509.81      0.00     1.00       0.0000    0.0000
    140.00      1509.53      0.00     1.00       0.0000    0.0000
    160.00      1509.25      0.00     1.00       0.0000    0.0000
    180.00      1508.97      0.00     1.00       0.0000    0.0000
    200.00      1508.69      0.00     1.00       0.0000    0.0000
    220.00      1508.41      0.00     1.00       0.0000    0.0000
    240.00      1508.14      0.00     1.00       0.0000    0.0000
    260.00      1507.87      0.00     1.00       0.0000    0.0000
    280.00      1507.59      0.00     1.00       0.0000    0.0000
    300.00      1507.33      0.00     1.00       0.0000    0.0000
    320.00      1507.06      0.00     1.00       0.0000    0.0000
    340.00      1506.80      0.00     1.00       0.0000    0.0000
    360.00      1506.54      0.00     1.00       0.0000    0.0000
    380.00      1506.28      0.00     1.00       0.0000    0.0000
    400.00      1506.02      0.00     1.00       0.0000    0.0000
    420.00      1505.77      0.00     1.00       0.0000    0.0000
    440.00      1505.52      0.00     1.00       0.0000    0.0000
    460.00      1505.27      0.00     1.00       0.0000    0.0000
    480.00      1505.02      0.00     1.00       0.0000    0.0000
    500.00      1504.78      0.00     1.00       0.0000    0.0000
    520.00      1504.54      0.00     1.00       0.0000    0.0000
    540.00      1504.30      0.00     1.00       0.0000    0.0000
    560.00      1504.07      0.00     1.00       0.0000    0.0000
    580.00      1503.84      0.00     1.00       0.0000    0.0000
    600.00      1503.62      0.00     1.00       0.0000    0.0000
    620.00      1503.39      0.00     1.00       0.0000    0.0000
    640.00      1503.17      0.00     1.00       0.0000    0.0000
    660.00      1502.96      0.00     1.00       0.0000    0.0000
    680.00      1502.75      0.00     1.00       0.0000    0.0000
    700.00      1502.54      0.00     1.00       0.0000    0.0000
    720.00      1502.34      0.00     1.00       0.0000    0.0000
    740.00      1502.14      0.00     1.00       0.0000    0.0000
    760.00      1501.95      0.00     1.00       0.0000    0.0000
    780.00      1501.76      0.00     1.00       0.0000    0.0000
    800.00      1501.57      0.00     1.00       0.0000    0.0000
    820.00      1501.39      0.00     1.00       0.0000    0.0000
    840.00      1501.22      0.00     1.00       0.0000    0.0000
    860.00      1501.05      0.00     1.00       0.0000    0.0000
    880.00      1500.88      0.00     1.00       0.0000    0.0000
    900.00      1500.72      0.00     1.00       0.0000    0.0000
    920.00      1500.57      0.00     1.00       0.0000    0.0000
    940.00      1500.42      0.00     1.00       0.0000    0.0000
    960.00      1500.28      0.00     1.00       0.0000    0.0000
    980.00      1500.14      0.00     1.00       0.0000    0.0000
   1000.00      1500.02      0.00     1.00       0.0000    0.0000
   1020.00      1499.89      0.00     1.00       0.0000    0.0000
   1040.00      1499.78      0.00     1.00       0.0000    0.0000
   1060.00      1499.67      0.00     1.00       0.0000    0.0000
   1080.00      1499.57      0.00     1.00       0.0000    0.0000
   1100.00      1499.47      0.00     1.00       0.0000    0.0000
   1120.00      1499.39      0.00     1.00       0.0000    0.0000
   1140.00      1499.31      0.00     1.00       0.0000    0.0000
   1160.00      1499.24      0.00     1.00       0.0000    0.0000
   1180.00      1499.18      0.00     1.00       0.0000    0.0000
   1200.00      1499.12      0.00     1.00       0.0000    0.0000
   1220.00      1499.08      0.00     1.00       0.0000    0.0000
   1240.00      1499.05      0.00     1.00       0.0000    0.0000
   1260.00      1499.02      0.00     1.00       0.0000    0.0000
   1280.00      1499.01      0.00     1.00       0.0000    0.0000
   1300.00      1499.00      0.00     1.00       0.0000    0.0000
   1320.00      1499.01      0.00     1.00       0.0000    0.0000
   1340.00      1499.02      0.00     1.00       0.0000    0.0000
   1360.00      1499.05      0.00     1.00       0.0000    0.0000
   1380.00      1499.09      0.00     1.00       0.0000    0.0000
   1400.00      1499.14      0.00     1.00       0.0000    0.0000
   1420.00      1499.20      0.00     1.00       0.0000    0.0000
   1440.00      1499.28      0.00     1.00       0.0000    0.0000
   1460.00      1499.36      0.00     1.00       0.0000    0.0000
   1480.00      1499.47      0.00     1.00       0.0000    0.0000
   1500.00      1499.58      0.00     1.00       0.0000    0.0000
   1520.00      1499.71      0.00     1.00       0.0000    0.0000
   1540.00      1499.86      0.00     1.00       0.0000    0.0000
   1560.00      1500.02      0.00     1.00       0.0000    0.0000
   1580.00      1500.19      0.00     1.00       0.0000    0.0000
   1600.00      1500.38      0.00     1.00       0.0000    0.0000
   1620.00      1500.59      0.00     1.00       0.0000    0.0000
   1640.00      1500.81      0.00     1.00       0.0000    0.0000
   1660.00      1501.06      0.00     1.00       0.0000    0.0000
   1680.00      1501.32      0.00     1.00       0.0000    0.0000
   1700.00      1501.60      0.00     1.00       0.0000    0.0000
   1720.00      1501.90      0.00     1.00       0.0000    0.0000
   1740.00      1502.22      0.00     1.00       0.0000    0.0000
   1760.00      1502.56      0.00     1.00       0.0000    0.0000
   1780.00      1502.92      0.00     1.00       0.0000    0.0000
   1800.00      1503.30      0.00     1.00       0.0000    0.0000
   1820.00      1503.70      0.00     1.00       0.0000    0.0000
   1840.00      1504.13      0.00     1.00       0.0000    0.0000
   1860.00      1504.59      0.00     1.00       0.0000    0.0000
   1880.00      1505.06      0.00     1.00       0.0000    0.0000
   1900.00      1505.57      0.00     1.00       0.0000    0.0000
   1920.00      1506.10      0.00     1.00       0.0000    0.0000
   1940.00      1506.65      0.00     1.00       0.0000    0.0000
   1960.00      1507.24      0.00     1.00       0.0000    0.0000
   1980.00      1507.85      0.00     1.00       0.0000    0.0000
   2000.00      1508.49      0.00     1.00       0.0000    0.0000
   2020.00      1509.17      0.00     1.00       0.0000    0.0000
   2040.00      1509.87      0.00     1.00       0.0000    0.0000
   2060.00      1510.61      0.00     1.00       0.0000    0.0000
   2080.00      1511.38      0.00     1.00       0.0000    0.0000
   2100.00      1512.19      0.00     1.00       0.0000    0.0000
   2120.00      1513.03      0.00     1.00       0.0000    0.0000
   2140.00      1513.91      0.00     1.00       0.0000    0.0000
   2160.00      1514.83      0.00     1.00       0.0000    0.0000
   2180.00      1515.79      0.00     1.00       0.0000    0.0000
   2200.00      1516.78      0.00     1.00       0.0000    0.0000
   2220.00      1517.82      0.00     1.00       0.0000    0.0000
   2240.00      1518.91      0.00     1.00       0.0000    0.0000
   2260.00      1520.03      0.00     1.00       0.0000    0.0000
   2280.00      1521.21      0.00     1.00       0.0000    0.0000
   2300.00      1522.43      0.00     1.00       0.0000    0.0000
   2320.00      1523.69      0.00     1.00       0.0000    0.0000
   2340.00      1525.01      0.00     1.00       0.0000    0.0000
   2360.00      1526.38      0.00     1.00       0.0000    0.0000
   2380.00      1527.81      0.00     1.00       0.0000    0.0000
   2400.00      1529.29      0.00     1.00       0.0000    0.0000
   2420.00      1530.82      0.00     1.00       0.0000    0.0000
   2440.00      1532.42      0.00     1.00       0.0000    0.0000
   2460.00      1534.07      0.00     1.00       0.0000    0.0000
   2480.00      1535.79      0.00     1.00       0.0000    0.0000
   2500.00      1537.57      0.00     1.00       0.0000    0.0000
   2520.00      1539.42      0.00     1.00       0.0000    0.0000
   2540.00      1541.34      0.00     1.00       0.0000    0.0000
   2560.00      1543.33      0.00     1.00       0.0000    0.0000
   2580.00      1545.39      0.00     1.00       0.0000    0.0000
   2600.00      1547.52      0.00     1.00       0.0000    0.0000
   2620.00      1549.73      0.00     1.00       0.0000    0.0000
   2640.00      1552.03      0.00     1.00       0.0000    0.0000
   2660.00      1554.40      0.00     1.00       0.0000    0.0000
   2680.00      1556.86      0.00     1.00       0.0000    0.0000
   2700.00      1559.41      0.00     1.00       0.0000    0.0000
   2720.00      1562.04      0.00     1.00       0.0000    0.0000
   2740.00      1564.77      0.00     1.00       0.0000    0.0000
   2760.00      1567.60      0.00     1.00       0.0000    0.0000
   2780.00      1570.52      0.00     1.00       0.0000    0.0000
   2800.00      1573.55      0.00     1.00       0.0000    0.0000
   2820.00      1576.68      0.00     1.00       0.0000    0.0000
   2840.00      1579.92      0.00     1.00       0.0000    0.0000
   2860.00      1583.27      0.00     1.00       0.0000    0.0000
   2880.00      1586.74      0.00     1.00       0.0000    0.0000
   2900.00      1590.33      0.00     1.00       0.0000    0.0000
   2920.00      1594.04      0.00     1.00       0.0000    0.0000
   2940.00      1597.87      0.00     1.00       0.0000    0.0000
   2960.00      1601.84      0.00     1.00       0.0000    0.0000
   2980.00      1605.94      0.00     1.00       0.0000    0.0000
   3000.00      1610.18      0.00     1.00       0.0000    0.0000
   3020.00      1610.42      0.00     1.00       0.0000    0.0000
   3040.00      1610.66      0.00     1.00       0.0000    0.0000
   3060.00      1610.90      0.00     1.00       0.0000    0.0000
   3080.00      1611.14      0.00     1.00       0.0000    0.0000
   3100.00      1611.38      0.00     1.00       0.0000    0.0000
   3120.00      1611.62      0.00     1.00       0.0000    0.0000
   3140.00      1611.86      0.00     1.00       0.0000    0.0000
   3160.00      1612.10      0.00     1.00       0.0000    0.0000
   3180.00      1612.34      0.00     1.00       0.0000    0.0000
   3200.00      1612.58      0.00     1.00       0.0000    0.0000
   3220.00      1612.82      0.00     1.00       0.0000    0.0000
   3240.00      1613.06      0.00     1.00       0.0000    0.0000
   3260.00      1613.30      0.00     1.00       0.0000    0.0000
   3280.00      1613.54      0.00     1.00       0.0000    0.0000
   3300.00      1613.78      0.00     1.00       0.0000    0.0000
   3320.00      1614.02      0.00     1.00       0.0000    0.0000
   3340.00      1614.26      0.00     1.00       0.0000    0.0000
   3360.00      1614.50      0.00     1.00       0.0000    0.0000
   3380.00      1614.74      0.00     1.00       0.0000    0.0000
   3400.00      1614.98      0.00     1.00       0.0000    0.0000
   3420.00      1615.22      0.00     1.00       0.0000    0.0000
   3440.00      1615.46      0.00     1.00       0.0000    0.0000
   3460.00      1615.70      0.00     1.00       0.0000    0.0000
   3480.00      1615.94      0.00     1.00       0.0000    0.0000
   3500.00      1616.18      0.00     1.00       0.0000    0.0000
   3520.00      1616.42      0.00     1.00       0.0000    0.0000
   3540.00      1616.66      0.00     1.00       0.0000    0.0000
   3560.00      1616.90      0.00     1.00       0.0000    0.0000
   3580.00      1617.14      0.00     1.00       0.0000    0.0000
   3600.00      1617.38      0.00     1.00       0.0000    0.0000
   3620.00      1617.62      0.00     1.00       0.0000    0.0000
   3640.00      1617.86      0.00     1.00       0.0000    0.0000
   3660.00      1618.10      0.00     1.00       0.0000    0.0000
   3680.00      1618.34      0.00     1.00       0.0000    0.0000
   3700.00      1618.58      0.00     1.00       0.0000    0.0000
   3720.00      1618.82      0.00     1.00       0.0000    0.0000
   3740.00      1619.06      0.00     1.00       0.0000    0.0000
   3760.00      1619.30      0.00     1.00       0.0000    0.0000
   3780.00      1619.54      0.00     1.00       0.0000    0.0000
   3800.00      1619.78      0.00     1.00       0.0000    0.0000
   3820.00      1620.02      0.00     1.00       0.0000    0.0000
   3840.00      1620.26      0.00     1.00       0.0000    0.0000
   3860.00      1620.50      0.00     1.00       0.0000    0.0000
   3880.00      1620.74      0.00     1.00       0.0000    0.0000
   3900.00      1620.98      0.00     1.00       0.0000    0.0000
   3920.00      1621.22      0.00     1.00       0.0000    0.0000
   3940.00      1621.46      0.00     1.00       0.0000    0.0000
   3960.00      1621.70      0.00     1.00       0.0000    0.0000
   3980.00      1621.94      0.00     1.00       0.0000    0.0000
   4000.00      1622.18      0.00     1.00       0.0000    0.0000
   4020.00      1622.42      0.00     1.00       0.0000    0.0000
   4040.00      1622.66      0.00     1.00       0.0000    0.0000
   4060.00      1622.90      0.00     1.00       0.0000    0.0000
   4080.00      1623.14      0.00     1.00       0.0000    0.0000
   4100.00      1623.38      0.00     1.00       0.0000    0.0000
   4120.00      1623.62      0.00     1.00       0.0000    0.0000
   4140.00      1623.86      0.00     1.00       0.0000    0.0000
   4160.00      1624.10      0.00     1.00       0.0000    0.0000
   4180.00      1624.34      0.00     1.00       0.0000    0.0000
   4200.00      1624.58      0.00     1.00       0.0000    0.0000
   4220.00      1624.82      0.00     1.00       0.0000    0.0000
   4240.00      1625.06      0.00     1.00       0.0000    0.0000
   4260.00      1625.30      0.00     1.00       0.0000    0.0000
   4280.00      1625.54      0.00     1.00       0.0000    0.0000
   4300.00      1625.78      0.00     1.00       0.0000    0.0000
   4320.00      1626.02      0.00     1.00       0.0000    0.0000
   4340.00      1626.26      0.00     1.00       0.0000    0.0000
   4360.00      1626.50      0.00     1.00       0.0000    0.0000
   4380.00      1626.74      0.00     1.00       0.0000    0.0000
   4400.00      1626.98      0.00     1.00       0.0000    0.0000
   4420.00      1627.22      0.00     1.00       0.0000    0.0000
   4440.00      1627.46      0.00     1.00       0.0000    0.0000
   4460.00      1627.70      0.00     1.00       0.0000    0.0000
   4480.00      1627.94      0.00     1.00       0.0000    0.0000
   4500.00      1628.18      0.00     1.00       0.0000    0.0000
   4520.00      1628.42      0.00     1.00       0.0000    0.0000
   4540.00      1628.66      0.00     1.00       0.0000    0.0000
   4560.00      1628.90      0.00     1.00       0.0000    0.0000
   4580.00      1629.14      0.00     1.00       0.0000    0.0000
   4600.00      1629.38      0.00     1.00       0.0000    0.0000
   4620.00      1629.62      0.00     1.00       0.0000    0.0000
   4640.00      1629.86      0.00     1.00       0.0000    0.0000
   4660.00      1630.10      0.00     1.00       0.0000    0.0000
   4680.00      1630.34      0.00     1.00       0.0000    0.0000
   4700.00      1630.58      0.00     1.00       0.0000    0.0000
   4720.00      1630.82      0.00     1.00       0.0000    0.0000
   4740.00      1631.06      0.00     1.00       0.0000    0.0000
   4760.00      1631.30      0.00     1.00       0.0000    0.0000
   4780.00      1631.54      0.00     1.00       0.0000    0.0000
   4800.00      1631.78      0.00     1.00       0.0000    0.0000
   4820.00      1632.02      0.00     1.00       0.0000    0.0000
   4840.00      1632.26      0.00     1.00       0.0000    0.0000
   4860.00      1632.50      0.00     1.00       0.0000    0.0000
   4880.00      1632.74      0.00     1.00       0.0000    0.0000
   4900.00      1632.98      0.00     1.00       0.0000    0.0000
   4920.00      1633.22      0.00     1.00       0.0000    0.0000
   4940.00      1633.46      0.00     1.00       0.0000    0.0000
   4960.00      1633.70      0.00     1.00       0.0000    0.0000
   4980.00      1633.94      0.00     1.00       0.0000    0.0000
   5000.00      1634.18      0.00     1.00       0.0000    0.0000

                                 ( RMS rough =   0.00     )
     Perfectly RIGID

 cLow =   1500.0    m/s      cHigh =   1800.0    m/s
 RMax =    65.000000000000000      km

 __________________________________________________________________________


 Number of source   depths =            1
 Source depths (m)
   200.000    

 Number of receiver depths =           13
 Receiver depths (m)
   180.000       190.000       195.000       198.000       199.000    
   199.500       200.000       200.500       201.000       202.000    
   205.000       210.000       220.000    

 Mesh multiplier   CPU seconds
                --- Number of modes =          747
        1            0.641    s
                --- Number of modes =          747
        2            0.578    s
        4            0.391    s

    I    k (1/m)            alpha (1/m)   Phase Speed (m/s) Group Speed (m/s)
    1  0.9780108329     -0.1104360899E-05   1500.109937       1499.005530    
   25  0.9749225634     -0.1106062722E-05   1504.861847       1499.127396    
   49  0.9719400128     -0.1107657735E-05   1509.479752       1499.394091    
   73  0.9687288150     -0.1110747842E-05   1514.483462       1496.000274    
   97  0.9646623043     -0.1114563545E-05   1520.867730       1492.026230    
  121  0.9599794409     -0.1118753700E-05   1528.286656       1488.072790    
  145  0.9547820906     -0.1123351592E-05   1536.605874       1483.916516    
  169  0.9491257856     -0.1128362972E-05   1545.763261       1479.481553    
  193  0.9430471484     -0.1133770255E-05   1555.726850       1474.783514    
  217  0.9365718860     -0.1139565377E-05   1566.482820       1469.830161    
  241  0.9297192425     -0.1145774193E-05   1578.028831       1464.553808    
  265  0.9225035419     -0.1152392185E-05   1590.371963       1458.974291    
  289  0.9149362230     -0.1159437923E-05   1603.525724       1453.059351    
  313  0.9086728676     -0.1137063440E-05   1614.578603       1520.374617    
  337  0.9051728029     -0.1129798594E-05   1620.821753       1546.022024    
  361  0.9022190606     -0.1129023718E-05   1626.128103       1553.215332    
  385  0.8995562487     -0.1128792084E-05   1630.941669       1558.448149    
  409  0.8970251985     -0.1133379453E-05   1635.543541       1550.118313    
  433  0.8937696412     -0.1142694298E-05   1641.501011       1530.371949    
  457  0.8899554362     -0.1150650705E-05   1648.536218       1515.689634    
  481  0.8856850241     -0.1158430831E-05   1656.484788       1502.577468    
  505  0.8810035310     -0.1166395527E-05   1665.287048       1489.985858    
  529  0.8759353674     -0.1174559547E-05   1674.922402       1477.840693    
  553  0.8704959291     -0.1183170566E-05   1685.388432       1465.508994    
  577  0.8646940705     -0.1192155046E-05   1696.696924       1453.195391    
  601  0.8585339718     -0.1201657021E-05   1708.870956       1440.578248    
  625  0.8520175476     -0.1211647972E-05   1721.940790       1427.771577    
  649  0.8451437949     -0.1222234328E-05   1735.945739       1414.577422    
  673  0.8379098891     -0.1233410664E-05   1750.932634       1401.073630    
  697  0.8303110231     -0.1245254046E-05   1766.956873       1387.157104    
  721  0.8223412816     -0.1257858818E-05   1784.081381       1372.703294    
 _________________________________________________

 KRAKEN- R                                                                       
 End of environmental file
