 _________________________________________________

 KRAKEN- E2_ESTD                                                                 
 Frequency =   247.0    Hz
 NMedia    =   1


     C-Linear approximation to SSP
     Attenuation units: dB/wavelength
     THORP attenuation added
     VACUUM


   z (m)     alphaR (m/s)   betaR  rho (g/cm^3)  alphaI     betaI


       ( # mesh points = 20001  RMS rough =   0.00     )
      0.00      1511.55      0.00     1.00       0.0000    0.0000
     20.00      1511.26      0.00     1.00       0.0000    0.0000
     40.00      1510.97      0.00     1.00       0.0000    0.0000
     60.00      1510.68      0.00     1.00       0.0000    0.0000
     80.00      1510.39      0.00     1.00       0.0000    0.0000
    100.00      1510.10      0.00     1.00       0.0000    0.0000
    120.00      1509.81      0.00     1.00       0.0000    0.0000
    140.00      1509.53      0.00     1.00       0.0000    0.0000
    160.00      1509.25      0.00     1.00       0.0000    0.0000
    180.00      1508.97      0.00     1.00       0.0000    0.0000
    200.00      1508.69      0.00     1.00       0.0000    0.0000
    220.00      1508.41      0.00     1.00       0.0000    0.0000
    240.00      1508.14      0.00     1.00       0.0000    0.0000
    260.00      1507.87      0.00     1.00       0.0000    0.0000
    280.00      1507.59      0.00     1.00       0.0000    0.0000
    300.00      1507.33      0.00     1.00       0.0000    0.0000
    320.00      1507.06      0.00     1.00       0.0000    0.0000
    340.00      1506.80      0.00     1.00       0.0000    0.0000
    360.00      1506.54      0.00     1.00       0.0000    0.0000
    380.00      1506.28      0.00     1.00       0.0000    0.0000
    400.00      1506.02      0.00     1.00       0.0000    0.0000
    420.00      1505.77      0.00     1.00       0.0000    0.0000
    440.00      1505.52      0.00     1.00       0.0000    0.0000
    460.00      1505.27      0.00     1.00       0.0000    0.0000
    480.00      1505.02      0.00     1.00       0.0000    0.0000
    500.00      1504.78      0.00     1.00       0.0000    0.0000
    520.00      1504.54      0.00     1.00       0.0000    0.0000
    540.00      1504.30      0.00     1.00       0.0000    0.0000
    560.00      1504.07      0.00     1.00       0.0000    0.0000
    580.00      1503.84      0.00     1.00       0.0000    0.0000
    600.00      1503.62      0.00     1.00       0.0000    0.0000
    620.00      1503.39      0.00     1.00       0.0000    0.0000
    640.00      1503.17      0.00     1.00       0.0000    0.0000
    660.00      1502.96      0.00     1.00       0.0000    0.0000
    680.00      1502.75      0.00     1.00       0.0000    0.0000
    700.00      1502.54      0.00     1.00       0.0000    0.0000
    720.00      1502.34      0.00     1.00       0.0000    0.0000
    740.00      1502.14      0.00     1.00       0.0000    0.0000
    760.00      1501.95      0.00     1.00       0.0000    0.0000
    780.00      1501.76      0.00     1.00       0.0000    0.0000
    800.00      1501.57      0.00     1.00       0.0000    0.0000
    820.00      1501.39      0.00     1.00       0.0000    0.0000
    840.00      1501.22      0.00     1.00       0.0000    0.0000
    860.00      1501.05      0.00     1.00       0.0000    0.0000
    880.00      1500.88      0.00     1.00       0.0000    0.0000
    900.00      1500.72      0.00     1.00       0.0000    0.0000
    920.00      1500.57      0.00     1.00       0.0000    0.0000
    940.00      1500.42      0.00     1.00       0.0000    0.0000
    960.00      1500.28      0.00     1.00       0.0000    0.0000
    980.00      1500.14      0.00     1.00       0.0000    0.0000
   1000.00      1500.02      0.00     1.00       0.0000    0.0000
   1020.00      1499.89      0.00     1.00       0.0000    0.0000
   1040.00      1499.78      0.00     1.00       0.0000    0.0000
   1060.00      1499.67      0.00     1.00       0.0000    0.0000
   1080.00      1499.57      0.00     1.00       0.0000    0.0000
   1100.00      1499.47      0.00     1.00       0.0000    0.0000
   1120.00      1499.39      0.00     1.00       0.0000    0.0000
   1140.00      1499.31      0.00     1.00       0.0000    0.0000
   1160.00      1499.24      0.00     1.00       0.0000    0.0000
   1180.00      1499.18      0.00     1.00       0.0000    0.0000
   1200.00      1499.12      0.00     1.00       0.0000    0.0000
   1220.00      1499.08      0.00     1.00       0.0000    0.0000
   1240.00      1499.05      0.00     1.00       0.0000    0.0000
   1260.00      1499.02      0.00     1.00       0.0000    0.0000
   1280.00      1499.01      0.00     1.00       0.0000    0.0000
   1300.00      1499.00      0.00     1.00       0.0000    0.0000
   1320.00      1499.01      0.00     1.00       0.0000    0.0000
   1340.00      1499.02      0.00     1.00       0.0000    0.0000
   1360.00      1499.05      0.00     1.00       0.0000    0.0000
   1380.00      1499.09      0.00     1.00       0.0000    0.0000
   1400.00      1499.14      0.00     1.00       0.0000    0.0000
   1420.00      1499.20      0.00     1.00       0.0000    0.0000
   1440.00      1499.28      0.00     1.00       0.0000    0.0000
   1460.00      1499.36      0.00     1.00       0.0000    0.0000
   1480.00      1499.47      0.00     1.00       0.0000    0.0000
   1500.00      1499.58      0.00     1.00       0.0000    0.0000
   1520.00      1499.71      0.00     1.00       0.0000    0.0000
   1540.00      1499.86      0.00     1.00       0.0000    0.0000
   1560.00      1500.02      0.00     1.00       0.0000    0.0000
   1580.00      1500.19      0.00     1.00       0.0000    0.0000
   1600.00      1500.38      0.00     1.00       0.0000    0.0000
   1620.00      1500.59      0.00     1.00       0.0000    0.0000
   1640.00      1500.81      0.00     1.00       0.0000    0.0000
   1660.00      1501.06      0.00     1.00       0.0000    0.0000
   1680.00      1501.32      0.00     1.00       0.0000    0.0000
   1700.00      1501.60      0.00     1.00       0.0000    0.0000
   1720.00      1501.90      0.00     1.00       0.0000    0.0000
   1740.00      1502.22      0.00     1.00       0.0000    0.0000
   1760.00      1502.56      0.00     1.00       0.0000    0.0000
   1780.00      1502.92      0.00     1.00       0.0000    0.0000
   1800.00      1503.30      0.00     1.00       0.0000    0.0000
   1820.00      1503.70      0.00     1.00       0.0000    0.0000
   1840.00      1504.13      0.00     1.00       0.0000    0.0000
   1860.00      1504.59      0.00     1.00       0.0000    0.0000
   1880.00      1505.06      0.00     1.00       0.0000    0.0000
   1900.00      1505.57      0.00     1.00       0.0000    0.0000
   1920.00      1506.10      0.00     1.00       0.0000    0.0000
   1940.00      1506.65      0.00     1.00       0.0000    0.0000
   1960.00      1507.24      0.00     1.00       0.0000    0.0000
   1980.00      1507.85      0.00     1.00       0.0000    0.0000
   2000.00      1508.49      0.00     1.00       0.0000    0.0000
   2020.00      1509.17      0.00     1.00       0.0000    0.0000
   2040.00      1509.87      0.00     1.00       0.0000    0.0000
   2060.00      1510.61      0.00     1.00       0.0000    0.0000
   2080.00      1511.38      0.00     1.00       0.0000    0.0000
   2100.00      1512.19      0.00     1.00       0.0000    0.0000
   2120.00      1513.03      0.00     1.00       0.0000    0.0000
   2140.00      1513.91      0.00     1.00       0.0000    0.0000
   2160.00      1514.83      0.00     1.00       0.0000    0.0000
   2180.00      1515.79      0.00     1.00       0.0000    0.0000
   2200.00      1516.78      0.00     1.00       0.0000    0.0000
   2220.00      1517.82      0.00     1.00       0.0000    0.0000
   2240.00      1518.91      0.00     1.00       0.0000    0.0000
   2260.00      1520.03      0.00     1.00       0.0000    0.0000
   2280.00      1521.21      0.00     1.00       0.0000    0.0000
   2300.00      1522.43      0.00     1.00       0.0000    0.0000
   2320.00      1523.69      0.00     1.00       0.0000    0.0000
   2340.00      1525.01      0.00     1.00       0.0000    0.0000
   2360.00      1526.38      0.00     1.00       0.0000    0.0000
   2380.00      1527.81      0.00     1.00       0.0000    0.0000
   2400.00      1529.29      0.00     1.00       0.0000    0.0000
   2420.00      1530.82      0.00     1.00       0.0000    0.0000
   2440.00      1532.42      0.00     1.00       0.0000    0.0000
   2460.00      1534.07      0.00     1.00       0.0000    0.0000
   2480.00      1535.79      0.00     1.00       0.0000    0.0000
   2500.00      1537.57      0.00     1.00       0.0000    0.0000
   2520.00      1539.42      0.00     1.00       0.0000    0.0000
   2540.00      1541.34      0.00     1.00       0.0000    0.0000
   2560.00      1543.33      0.00     1.00       0.0000    0.0000
   2580.00      1545.39      0.00     1.00       0.0000    0.0000
   2600.00      1547.52      0.00     1.00       0.0000    0.0000
   2620.00      1549.73      0.00     1.00       0.0000    0.0000
   2640.00      1552.03      0.00     1.00       0.0000    0.0000
   2660.00      1554.40      0.00     1.00       0.0000    0.0000
   2680.00      1556.86      0.00     1.00       0.0000    0.0000
   2700.00      1559.41      0.00     1.00       0.0000    0.0000
   2720.00      1562.04      0.00     1.00       0.0000    0.0000
   2740.00      1564.77      0.00     1.00       0.0000    0.0000
   2760.00      1567.60      0.00     1.00       0.0000    0.0000
   2780.00      1570.52      0.00     1.00       0.0000    0.0000
   2800.00      1573.55      0.00     1.00       0.0000    0.0000
   2820.00      1576.68      0.00     1.00       0.0000    0.0000
   2840.00      1579.92      0.00     1.00       0.0000    0.0000
   2860.00      1583.27      0.00     1.00       0.0000    0.0000
   2880.00      1586.74      0.00     1.00       0.0000    0.0000
   2900.00      1590.33      0.00     1.00       0.0000    0.0000
   2920.00      1594.04      0.00     1.00       0.0000    0.0000
   2940.00      1597.87      0.00     1.00       0.0000    0.0000
   2960.00      1601.84      0.00     1.00       0.0000    0.0000
   2980.00      1605.94      0.00     1.00       0.0000    0.0000
   3000.00      1610.18      0.00     1.00       0.0000    0.0000
   3020.00      1610.42      0.00     1.00       0.0000    0.0000
   3040.00      1610.66      0.00     1.00       0.0000    0.0000
   3060.00      1610.90      0.00     1.00       0.0000    0.0000
   3080.00      1611.14      0.00     1.00       0.0000    0.0000
   3100.00      1611.38      0.00     1.00       0.0000    0.0000
   3120.00      1611.62      0.00     1.00       0.0000    0.0000
   3140.00      1611.86      0.00     1.00       0.0000    0.0000
   3160.00      1612.10      0.00     1.00       0.0000    0.0000
   3180.00      1612.34      0.00     1.00       0.0000    0.0000
   3200.00      1612.58      0.00     1.00       0.0000    0.0000
   3220.00      1612.82      0.00     1.00       0.0000    0.0000
   3240.00      1613.06      0.00     1.00       0.0000    0.0000
   3260.00      1613.30      0.00     1.00       0.0000    0.0000
   3280.00      1613.54      0.00     1.00       0.0000    0.0000
   3300.00      1613.78      0.00     1.00       0.0000    0.0000
   3320.00      1614.02      0.00     1.00       0.0000    0.0000
   3340.00      1614.26      0.00     1.00       0.0000    0.0000
   3360.00      1614.50      0.00     1.00       0.0000    0.0000
   3380.00      1614.74      0.00     1.00       0.0000    0.0000
   3400.00      1614.98      0.00     1.00       0.0000    0.0000
   3420.00      1615.22      0.00     1.00       0.0000    0.0000
   3440.00      1615.46      0.00     1.00       0.0000    0.0000
   3460.00      1615.70      0.00     1.00       0.0000    0.0000
   3480.00      1615.94      0.00     1.00       0.0000    0.0000
   3500.00      1616.18      0.00     1.00       0.0000    0.0000
   3520.00      1616.42      0.00     1.00       0.0000    0.0000
   3540.00      1616.66      0.00     1.00       0.0000    0.0000
   3560.00      1616.90      0.00     1.00       0.0000    0.0000
   3580.00      1617.14      0.00     1.00       0.0000    0.0000
   3600.00      1617.38      0.00     1.00       0.0000    0.0000
   3620.00      1617.62      0.00     1.00       0.0000    0.0000
   3640.00      1617.86      0.00     1.00       0.0000    0.0000
   3660.00      1618.10      0.00     1.00       0.0000    0.0000
   3680.00      1618.34      0.00     1.00       0.0000    0.0000
   3700.00      1618.58      0.00     1.00       0.0000    0.0000
   3720.00      1618.82      0.00     1.00       0.0000    0.0000
   3740.00      1619.06      0.00     1.00       0.0000    0.0000
   3760.00      1619.30      0.00     1.00       0.0000    0.0000
   3780.00      1619.54      0.00     1.00       0.0000    0.0000
   3800.00      1619.78      0.00     1.00       0.0000    0.0000
   3820.00      1620.02      0.00     1.00       0.0000    0.0000
   3840.00      1620.26      0.00     1.00       0.0000    0.0000
   3860.00      1620.50      0.00     1.00       0.0000    0.0000
   3880.00      1620.74      0.00     1.00       0.0000    0.0000
   3900.00      1620.98      0.00     1.00       0.0000    0.0000
   3920.00      1621.22      0.00     1.00       0.0000    0.0000
   3940.00      1621.46      0.00     1.00       0.0000    0.0000
   3960.00      1621.70      0.00     1.00       0.0000    0.0000
   3980.00      1621.94      0.00     1.00       0.0000    0.0000
   4000.00      1622.18      0.00     1.00       0.0000    0.0000
   4020.00      1622.42      0.00     1.00       0.0000    0.0000
   4040.00      1622.66      0.00     1.00       0.0000    0.0000
   4060.00      1622.90      0.00     1.00       0.0000    0.0000
   4080.00      1623.14      0.00     1.00       0.0000    0.0000
   4100.00      1623.38      0.00     1.00       0.0000    0.0000
   4120.00      1623.62      0.00     1.00       0.0000    0.0000
   4140.00      1623.86      0.00     1.00       0.0000    0.0000
   4160.00      1624.10      0.00     1.00       0.0000    0.0000
   4180.00      1624.34      0.00     1.00       0.0000    0.0000
   4200.00      1624.58      0.00     1.00       0.0000    0.0000
   4220.00      1624.82      0.00     1.00       0.0000    0.0000
   4240.00      1625.06      0.00     1.00       0.0000    0.0000
   4260.00      1625.30      0.00     1.00       0.0000    0.0000
   4280.00      1625.54      0.00     1.00       0.0000    0.0000
   4300.00      1625.78      0.00     1.00       0.0000    0.0000
   4320.00      1626.02      0.00     1.00       0.0000    0.0000
   4340.00      1626.26      0.00     1.00       0.0000    0.0000
   4360.00      1626.50      0.00     1.00       0.0000    0.0000
   4380.00      1626.74      0.00     1.00       0.0000    0.0000
   4400.00      1626.98      0.00     1.00       0.0000    0.0000
   4420.00      1627.22      0.00     1.00       0.0000    0.0000
   4440.00      1627.46      0.00     1.00       0.0000    0.0000
   4460.00      1627.70      0.00     1.00       0.0000    0.0000
   4480.00      1627.94      0.00     1.00       0.0000    0.0000
   4500.00      1628.18      0.00     1.00       0.0000    0.0000
   4520.00      1628.42      0.00     1.00       0.0000    0.0000
   4540.00      1628.66      0.00     1.00       0.0000    0.0000
   4560.00      1628.90      0.00     1.00       0.0000    0.0000
   4580.00      1629.14      0.00     1.00       0.0000    0.0000
   4600.00      1629.38      0.00     1.00       0.0000    0.0000
   4620.00      1629.62      0.00     1.00       0.0000    0.0000
   4640.00      1629.86      0.00     1.00       0.0000    0.0000
   4660.00      1630.10      0.00     1.00       0.0000    0.0000
   4680.00      1630.34      0.00     1.00       0.0000    0.0000
   4700.00      1630.58      0.00     1.00       0.0000    0.0000
   4720.00      1630.82      0.00     1.00       0.0000    0.0000
   4740.00      1631.06      0.00     1.00       0.0000    0.0000
   4760.00      1631.30      0.00     1.00       0.0000    0.0000
   4780.00      1631.54      0.00     1.00       0.0000    0.0000
   4800.00      1631.78      0.00     1.00       0.0000    0.0000
   4820.00      1632.02      0.00     1.00       0.0000    0.0000
   4840.00      1632.26      0.00     1.00       0.0000    0.0000
   4860.00      1632.50      0.00     1.00       0.0000    0.0000
   4880.00      1632.74      0.00     1.00       0.0000    0.0000
   4900.00      1632.98      0.00     1.00       0.0000    0.0000
   4920.00      1633.22      0.00     1.00       0.0000    0.0000
   4940.00      1633.46      0.00     1.00       0.0000    0.0000
   4960.00      1633.70      0.00     1.00       0.0000    0.0000
   4980.00      1633.94      0.00     1.00       0.0000    0.0000
   5000.00      1634.18      0.00     1.00       0.0000    0.0000

                                 ( RMS rough =   0.00     )
     Perfectly RIGID

 cLow =   1500.0    m/s      cHigh =   1800.0    m/s
 RMax =    65.000000000000000      km

 __________________________________________________________________________


 Number of source   depths =            1
 Source depths (m)
   200.000    

 Number of receiver depths =           13
 Receiver depths (m)
   180.000       190.000       195.000       198.000       199.000    
   199.500       200.000       200.500       201.000       202.000    
   205.000       210.000       220.000    

 Mesh multiplier   CPU seconds
                --- Number of modes =          790
        1            0.688    s
                --- Number of modes =          790
        2            0.609    s
        4            0.391    s

    I    k (1/m)            alpha (1/m)   Phase Speed (m/s) Group Speed (m/s)
    1   1.034597026     -0.1186028466E-05   1500.049519       1499.005034    
   27   1.031251324     -0.1187900369E-05   1504.916149       1499.129685    
   53   1.028022799     -0.1189652156E-05   1509.642366       1499.405891    
   79   1.024503409     -0.1193146552E-05   1514.828313       1495.751173    
  105   1.020044811     -0.1197366635E-05   1521.449601       1491.705607    
  131   1.014915218     -0.1202021483E-05   1529.139325       1487.632593    
  157   1.009222735     -0.1207136752E-05   1537.764378       1483.335464    
  183   1.003027265     -0.1212700465E-05   1547.262796       1478.782816    
  209  0.9963682802     -0.1218725268E-05   1557.603550       1473.914487    
  235  0.9892736533     -0.1225187762E-05   1568.773985       1468.775483    
  261  0.9817638229     -0.1232120195E-05   1580.774046       1463.290074    
  287  0.9738543481     -0.1239498523E-05   1593.612817       1457.524807    
  313  0.9655588929     -0.1247218153E-05   1607.304104       1451.730316    
  339  0.9600025342     -0.1215923892E-05   1616.606952       1535.507409    
  365  0.9564469705     -0.1214021716E-05   1622.616641       1546.048430    
  391  0.9533705605     -0.1212685263E-05   1627.852626       1554.479054    
  417  0.9505709882     -0.1212199944E-05   1632.646893       1560.314100    
  443  0.9476030413     -0.1221592756E-05   1637.760437       1541.055082    
  469  0.9438056720     -0.1230709108E-05   1644.349909       1524.329183    
  495  0.9394513700     -0.1239308154E-05   1651.971374       1510.170432    
  521  0.9346169458     -0.1248055324E-05   1660.516405       1496.752699    
  547  0.9293407840     -0.1256857025E-05   1669.943682       1484.232005    
  573  0.9236453209     -0.1266114519E-05   1680.241036       1471.624141    
  599  0.9175433737     -0.1275805481E-05   1691.415158       1458.996540    
  625  0.9110424757     -0.1286067403E-05   1703.484538       1446.062631    
  651  0.9041457099     -0.1296817718E-05   1716.478609       1433.051926    
  677  0.8968532371     -0.1308194323E-05   1730.435602       1419.707388    
  703  0.8891626301     -0.1320232259E-05   1745.402605       1406.017937    
  729  0.8810692257     -0.1332987304E-05   1761.435680       1391.938840    
  755  0.8725667173     -0.1346595615E-05   1778.599550       1377.273996    
  781  0.8636469878     -0.1361036268E-05   1796.968892       1362.167804    
 _________________________________________________

 KRAKEN- R                                                                       
 End of environmental file
