
 __________________________________________________________________________
 Running FIELD
 Sums modes, producing pressure

 Point source
 Range-independent calculation

 Number of profiles   =            1
   0.00000    

 Number of receiver ranges =            3
 Receiver ranges (km)
   54.9930       55.0000       55.0070    

 __________________________________________________________________________


 Number of source   depths =            1
 Source depths (m)
   220.000    

 Number of receiver depths =            1
 Receiver depths (m)
   200.000    

 Number of receiver range offsets =            1
 Receiver range offsets (km)
   0.00000    

 Field completed successfully
